
> deepthinking-mcp@3.0.0 test
> vitest


[7m[1m[34m DEV [39m[22m[27m [34mv1.6.1[39m [90mC:/mcp-servers/deepthinking-mcp[39m

[90mstdout[2m | tests/integration/multi-session.test.ts[2m > [22m[2mMulti-Session and Concurrent Scenarios[2m > [22m[2mMultiple Session Management[2m > [22m[2mshould create and manage multiple sessions independently[22m[39m
[2025-11-19T03:06:46.664Z] INFO: Session created
  Context: {
  "sessionId": "5be59929-4ed7-451a-adb7-9960feb27df6",
  "title": "Session 1",
  "mode": "sequential"
}
[2025-11-19T03:06:46.666Z] INFO: Session created
  Context: {
  "sessionId": "5fbbe960-1796-40f1-8355-8656bdc7d4d6",
  "title": "Session 2",
  "mode": "shannon"
}
[2025-11-19T03:06:46.666Z] INFO: Session created
  Context: {
  "sessionId": "0c58705d-1362-4731-a9d2-3ccb59727f04",
  "title": "Session 3",
  "mode": "mathematics"
}
[2025-11-19T03:06:46.666Z] INFO: Session created
  Context: {
  "sessionId": "61a4b63a-a04d-419d-b388-fe98d0edfe8b",
  "title": "Session 4",
  "mode": "physics"
}
[2025-11-19T03:06:46.666Z] INFO: Session created
  Context: {
  "sessionId": "a8446071-f007-4214-b169-0c6049484d83",
  "title": "Session 5",
  "mode": "hybrid"
}

[90mstdout[2m | tests/integration/multi-session.test.ts[2m > [22m[2mMulti-Session and Concurrent Scenarios[2m > [22m[2mMultiple Session Management[2m > [22m[2mshould maintain session isolation (changes in one do not affect others)[22m[39m
[2025-11-19T03:06:46.675Z] INFO: Session created
  Context: {
  "sessionId": "2d965d65-62f9-46bb-8fab-339146f42167",
  "title": "Isolated Session 1",
  "mode": "sequential"
}
[2025-11-19T03:06:46.675Z] INFO: Session created
  Context: {
  "sessionId": "48467473-871e-4491-8fc7-84822f7856ea",
  "title": "Isolated Session 2",
  "mode": "sequential"
}

[90mstdout[2m | tests/integration/multi-session.test.ts[2m > [22m[2mMulti-Session and Concurrent Scenarios[2m > [22m[2mMultiple Session Management[2m > [22m[2mshould handle mode switching independently across sessions[22m[39m
[2025-11-19T03:06:46.679Z] INFO: Session created
  Context: {
  "sessionId": "595ab969-5792-4f90-a6e8-3d717ab2e437",
  "title": "S1",
  "mode": "sequential"
}
[2025-11-19T03:06:46.679Z] INFO: Session created
  Context: {
  "sessionId": "c15f0139-e23f-44a6-bea0-c92d5ac68d9d",
  "title": "S2",
  "mode": "sequential"
}
[2025-11-19T03:06:46.680Z] INFO: Session created
  Context: {
  "sessionId": "01b9dff3-1a43-4b9b-87a7-ca713eb0e5fb",
  "title": "S3",
  "mode": "sequential"
}
[2025-11-19T03:06:46.680Z] INFO: Session mode switched
  Context: {
  "sessionId": "595ab969-5792-4f90-a6e8-3d717ab2e437",
  "oldMode": "sequential",
  "newMode": "mathematics",
  "reason": "Switch to math"
}
[2025-11-19T03:06:46.680Z] INFO: Session mode switched
  Context: {
  "sessionId": "c15f0139-e23f-44a6-bea0-c92d5ac68d9d",
  "oldMode": "sequential",
  "newMode": "physics",
  "reason": "Switch to physics"
}

[90mstdout[2m | tests/integration/multi-session.test.ts[2m > [22m[2mMulti-Session and Concurrent Scenarios[2m > [22m[2mMultiple Session Management[2m > [22m[2mshould handle completion status independently across sessions[22m[39m
[2025-11-19T03:06:46.682Z] INFO: Session created
  Context: {
  "sessionId": "ba6e7cc4-1a10-4634-8fae-7b54d0bf40cb",
  "title": "S1",
  "mode": "sequential"
}
[2025-11-19T03:06:46.682Z] INFO: Session created
  Context: {
  "sessionId": "8b711033-9f4c-4c8d-b081-e1ae422422c4",
  "title": "S2",
  "mode": "sequential"
}
[2025-11-19T03:06:46.682Z] INFO: Session completed
  Context: {
  "sessionId": "ba6e7cc4-1a10-4634-8fae-7b54d0bf40cb",
  "title": "S1",
  "totalThoughts": 1
}

[90mstdout[2m | tests/integration/multi-session.test.ts[2m > [22m[2mMulti-Session and Concurrent Scenarios[2m > [22m[2mConcurrent Operations on Same Session[2m > [22m[2mshould handle concurrent thought additions to same session[22m[39m
[2025-11-19T03:06:46.685Z] INFO: Session created
  Context: {
  "sessionId": "35ad9738-6ecd-45ae-b61c-fe2eea562054",
  "title": "Concurrent Test",
  "mode": "sequential"
}
[2025-11-19T03:06:46.686Z] INFO: Session completed
  Context: {
  "sessionId": "35ad9738-6ecd-45ae-b61c-fe2eea562054",
  "title": "Concurrent Test",
  "totalThoughts": 3
}

[90mstdout[2m | tests/integration/multi-session.test.ts[2m > [22m[2mMulti-Session and Concurrent Scenarios[2m > [22m[2mConcurrent Operations on Same Session[2m > [22m[2mshould handle concurrent retrieval of same session[22m[39m
[2025-11-19T03:06:46.687Z] INFO: Session created
  Context: {
  "sessionId": "2f98a90e-eb4b-4fbd-885a-4d1d27278fac",
  "title": "Concurrent Retrieval",
  "mode": "sequential"
}

[90mstdout[2m | tests/integration/multi-session.test.ts[2m > [22m[2mMulti-Session and Concurrent Scenarios[2m > [22m[2mConcurrent Operations on Same Session[2m > [22m[2mshould handle concurrent mode switches on same session[22m[39m
[2025-11-19T03:06:46.689Z] INFO: Session created
  Context: {
  "sessionId": "5e330e3d-6724-4220-8692-e4c32f683543",
  "title": "Mode Switch Race",
  "mode": "sequential"
}
[2025-11-19T03:06:46.689Z] INFO: Session mode switched
  Context: {
  "sessionId": "5e330e3d-6724-4220-8692-e4c32f683543",
  "oldMode": "sequential",
  "newMode": "mathematics",
  "reason": "Switch 1"
}
[2025-11-19T03:06:46.689Z] INFO: Session mode switched
  Context: {
  "sessionId": "5e330e3d-6724-4220-8692-e4c32f683543",
  "oldMode": "mathematics",
  "newMode": "physics",
  "reason": "Switch 2"
}
[2025-11-19T03:06:46.689Z] INFO: Session mode switched
  Context: {
  "sessionId": "5e330e3d-6724-4220-8692-e4c32f683543",
  "oldMode": "physics",
  "newMode": "hybrid",
  "reason": "Switch 3"
}

[90mstdout[2m | tests/integration/multi-session.test.ts[2m > [22m[2mMulti-Session and Concurrent Scenarios[2m > [22m[2mConcurrent Operations Across Different Sessions[2m > [22m[2mshould handle concurrent operations on different sessions[22m[39m
[2025-11-19T03:06:46.691Z] INFO: Session created
  Context: {
  "sessionId": "f43afe34-c7dc-44cc-91d1-64ca605017f4",
  "title": "S1",
  "mode": "sequential"
}
[2025-11-19T03:06:46.691Z] INFO: Session created
  Context: {
  "sessionId": "153d0cd6-e1c4-4808-a384-8346b815ceb4",
  "title": "S2",
  "mode": "shannon"
}
[2025-11-19T03:06:46.691Z] INFO: Session created
  Context: {
  "sessionId": "578d9cda-bc40-4110-b1bc-bedc1a6321ac",
  "title": "S3",
  "mode": "mathematics"
}
[2025-11-19T03:06:46.692Z] INFO: Session completed
  Context: {
  "sessionId": "f43afe34-c7dc-44cc-91d1-64ca605017f4",
  "title": "S1",
  "totalThoughts": 1
}
[2025-11-19T03:06:46.692Z] INFO: Session mode switched
  Context: {
  "sessionId": "153d0cd6-e1c4-4808-a384-8346b815ceb4",
  "oldMode": "shannon",
  "newMode": "physics",
  "reason": "Switch mode"
}

[90mstdout[2m | tests/integration/multi-session.test.ts[2m > [22m[2mMulti-Session and Concurrent Scenarios[2m > [22m[2mConcurrent Operations Across Different Sessions[2m > [22m[2mshould handle concurrent session creation[22m[39m
[2025-11-19T03:06:46.694Z] INFO: Session created
  Context: {
  "sessionId": "008cce08-c1c9-4c12-9415-8e604c39bc3f",
  "title": "Session 1",
  "mode": "sequential"
}
[2025-11-19T03:06:46.694Z] INFO: Session created
  Context: {
  "sessionId": "a99125c5-4446-4719-9094-fe2e8153c365",
  "title": "Session 2",
  "mode": "sequential"
}
[2025-11-19T03:06:46.694Z] INFO: Session created
  Context: {
  "sessionId": "93742cb4-ddbf-49da-bc7e-2406a28d95f2",
  "title": "Session 3",
  "mode": "sequential"
}
[2025-11-19T03:06:46.694Z] INFO: Session created
  Context: {
  "sessionId": "16302b07-64d9-44f2-9a33-076afd57bb91",
  "title": "Session 4",
  "mode": "sequential"
}
[2025-11-19T03:06:46.694Z] INFO: Session created
  Context: {
  "sessionId": "ab521897-85e6-4ca5-881d-7c784e0dc961",
  "title": "Session 5",
  "mode": "sequential"
}
[2025-11-19T03:06:46.694Z] INFO: Session created
  Context: {
  "sessionId": "038ffc17-621a-4ffb-932f-cdfd41fe0060",
  "title": "Session 6",
  "mode": "sequential"
}
[2025-11-19T03:06:46.694Z] INFO: Session created
  Context: {
  "sessionId": "72c5de66-d4ac-4b46-8291-a5333d57573b",
  "title": "Session 7",
  "mode": "sequential"
}
[2025-11-19T03:06:46.694Z] INFO: Session created
  Context: {
  "sessionId": "0e11d9f8-6e15-4bab-b416-6f58378432d2",
  "title": "Session 8",
  "mode": "sequential"
}
[2025-11-19T03:06:46.694Z] INFO: Session created
  Context: {
  "sessionId": "25b37bdd-d3cc-4a08-ae3f-a14456dc3a6f",
  "title": "Session 9",
  "mode": "sequential"
}
[2025-11-19T03:06:46.694Z] INFO: Session created
  Context: {
  "sessionId": "75bf3cc9-2925-4074-ba5f-ead43ddfb936",
  "title": "Session 10",
  "mode": "sequential"
}
[2025-11-19T03:06:46.695Z] INFO: Session created
  Context: {
  "sessionId": "d0afb345-d6ba-427f-b83b-bcd9c51c31ff",
  "title": "Session 11",
  "mode": "sequential"
}
[2025-11-19T03:06:46.695Z] INFO: Session created
  Context: {
  "sessionId": "06c36c29-d4fd-488d-b319-7e8f99ad5f5c",
  "title": "Session 12",
  "mode": "sequential"
}
[2025-11-19T03:06:46.695Z] INFO: Session created
  Context: {
  "sessionId": "023572d3-1c3f-46fe-87da-51b649a1c10b",
  "title": "Session 13",
  "mode": "sequential"
}
[2025-11-19T03:06:46.695Z] INFO: Session created
  Context: {
  "sessionId": "533e2454-fec2-47cc-87be-c28409da4fc1",
  "title": "Session 14",
  "mode": "sequential"
}
[2025-11-19T03:06:46.695Z] INFO: Session created
  Context: {
  "sessionId": "c6849083-01f2-4bd5-8236-0ea94f487ff3",
  "title": "Session 15",
  "mode": "sequential"
}
[2025-11-19T03:06:46.695Z] INFO: Session created
  Context: {
  "sessionId": "e6155c81-68ba-4c1a-afed-215adfa1bcd2",
  "title": "Session 16",
  "mode": "sequential"
}
[2025-11-19T03:06:46.695Z] INFO: Session created
  Context: {
  "sessionId": "34908748-d286-4c70-aad2-1d27a574b78c",
  "title": "Session 17",
  "mode": "sequential"
}
[2025-11-19T03:06:46.695Z] INFO: Session created
  Context: {
  "sessionId": "cdd1acb6-357e-4f03-82b3-185784d680d0",
  "title": "Session 18",
  "mode": "sequential"
}
[2025-11-19T03:06:46.695Z] INFO: Session created
  Context: {
  "sessionId": "f1402d7a-c875-488e-b7d9-6dc5b9f2853b",
  "title": "Session 19",
  "mode": "sequential"
}
[2025-11-19T03:06:46.695Z] INFO: Session created
  Context: {
  "sessionId": "f5f54bac-86b7-4ac6-a28e-ca6e5b93ce27",
  "title": "Session 20",
  "mode": "sequential"
}

[90mstdout[2m | tests/integration/multi-session.test.ts[2m > [22m[2mMulti-Session and Concurrent Scenarios[2m > [22m[2mConcurrent Operations Across Different Sessions[2m > [22m[2mshould handle concurrent summary generation for different sessions[22m[39m
[2025-11-19T03:06:46.696Z] INFO: Session created
  Context: {
  "sessionId": "021ee11a-9a46-421c-8b07-7b4b58cd3c12",
  "title": "S1",
  "mode": "sequential"
}
[2025-11-19T03:06:46.697Z] INFO: Session created
  Context: {
  "sessionId": "dcc052ae-2661-4641-bff9-8eba9880dd8d",
  "title": "S2",
  "mode": "sequential"
}
[2025-11-19T03:06:46.697Z] INFO: Session created
  Context: {
  "sessionId": "c36e9383-aae9-4c93-9ed0-a6d8ff434932",
  "title": "S3",
  "mode": "sequential"
}
[2025-11-19T03:06:46.697Z] INFO: Session completed
  Context: {
  "sessionId": "021ee11a-9a46-421c-8b07-7b4b58cd3c12",
  "title": "S1",
  "totalThoughts": 1
}
[2025-11-19T03:06:46.697Z] INFO: Session completed
  Context: {
  "sessionId": "dcc052ae-2661-4641-bff9-8eba9880dd8d",
  "title": "S2",
  "totalThoughts": 1
}
[2025-11-19T03:06:46.698Z] INFO: Session completed
  Context: {
  "sessionId": "c36e9383-aae9-4c93-9ed0-a6d8ff434932",
  "title": "S3",
  "totalThoughts": 1
}

[90mstdout[2m | tests/integration/multi-session.test.ts[2m > [22m[2mMulti-Session and Concurrent Scenarios[2m > [22m[2mResource Management with Many Sessions[2m > [22m[2mshould handle creation of many sessions[22m[39m
[2025-11-19T03:06:46.700Z] INFO: Session created
  Context: {
  "sessionId": "fe644ffd-70cf-4c2b-a71e-9eb422f92446",
  "title": "Session 1",
  "mode": "sequential"
}
[2025-11-19T03:06:46.700Z] INFO: Session created
  Context: {
  "sessionId": "d8ff2892-1249-4c8e-9a81-7963a8bcb447",
  "title": "Session 2",
  "mode": "sequential"
}
[2025-11-19T03:06:46.700Z] INFO: Session created
  Context: {
  "sessionId": "000b4d65-f51b-4d6a-b550-8c1a887f3356",
  "title": "Session 3",
  "mode": "sequential"
}
[2025-11-19T03:06:46.700Z] INFO: Session created
  Context: {
  "sessionId": "14ce2ffd-6173-449e-a259-bc5cb7d36251",
  "title": "Session 4",
  "mode": "sequential"
}
[2025-11-19T03:06:46.700Z] INFO: Session created
  Context: {
  "sessionId": "61e079f2-2f0d-4d0a-bc32-9acb5d4211c4",
  "title": "Session 5",
  "mode": "sequential"
}
[2025-11-19T03:06:46.700Z] INFO: Session created
  Context: {
  "sessionId": "d9555b35-67ae-4415-b37f-940a01154690",
  "title": "Session 6",
  "mode": "sequential"
}
[2025-11-19T03:06:46.700Z] INFO: Session created
  Context: {
  "sessionId": "9bb35254-aa55-451d-a42c-9e081389478b",
  "title": "Session 7",
  "mode": "sequential"
}
[2025-11-19T03:06:46.700Z] INFO: Session created
  Context: {
  "sessionId": "9a1defdd-41f7-40ec-b02e-c16577eccbc0",
  "title": "Session 8",
  "mode": "sequential"
}
[2025-11-19T03:06:46.700Z] INFO: Session created
  Context: {
  "sessionId": "f31bba39-6165-48e4-a44f-9bb9f1c3c058",
  "title": "Session 9",
  "mode": "sequential"
}
[2025-11-19T03:06:46.701Z] INFO: Session created
  Context: {
  "sessionId": "13109035-4807-4baa-aec1-b0a7ee7bb525",
  "title": "Session 10",
  "mode": "sequential"
}
[2025-11-19T03:06:46.701Z] INFO: Session created
  Context: {
  "sessionId": "9021b5b9-ee17-467a-86e5-d904212e1506",
  "title": "Session 11",
  "mode": "sequential"
}
[2025-11-19T03:06:46.701Z] INFO: Session created
  Context: {
  "sessionId": "4a63c557-88a5-4bcd-ac44-e2b32e1a3b98",
  "title": "Session 12",
  "mode": "sequential"
}
[2025-11-19T03:06:46.701Z] INFO: Session created
  Context: {
  "sessionId": "64eda8fd-6f1f-499d-ae80-09b86ac52d03",
  "title": "Session 13",
  "mode": "sequential"
}
[2025-11-19T03:06:46.701Z] INFO: Session created
  Context: {
  "sessionId": "af142f8f-ac19-4eb5-8584-b01c528dbb40",
  "title": "Session 14",
  "mode": "sequential"
}
[2025-11-19T03:06:46.701Z] INFO: Session created
  Context: {
  "sessionId": "cbfff860-ef3d-47bc-84ac-f8658be766e9",
  "title": "Session 15",
  "mode": "sequential"
}
[2025-11-19T03:06:46.701Z] INFO: Session created
  Context: {
  "sessionId": "7fccd490-d31c-49c3-938f-a51fbbb71a27",
  "title": "Session 16",
  "mode": "sequential"
}
[2025-11-19T03:06:46.701Z] INFO: Session created
  Context: {
  "sessionId": "4a4ffca6-14ad-4e8d-8f2f-bbfa22b50bf4",
  "title": "Session 17",
  "mode": "sequential"
}
[2025-11-19T03:06:46.701Z] INFO: Session created
  Context: {
  "sessionId": "00fb8117-302a-470b-b420-b51343f1fbd5",
  "title": "Session 18",
  "mode": "sequential"
}
[2025-11-19T03:06:46.701Z] INFO: Session created
  Context: {
  "sessionId": "6f619117-a8eb-4fb4-9509-ad2585d8abfe",
  "title": "Session 19",
  "mode": "sequential"
}
[2025-11-19T03:06:46.701Z] INFO: Session created
  Context: {
  "sessionId": "dae02b74-06e6-4784-aabe-3781859b8439",
  "title": "Session 20",
  "mode": "sequential"
}
[2025-11-19T03:06:46.701Z] INFO: Session created
  Context: {
  "sessionId": "a19925f9-1a62-493e-8356-6790256ad0ea",
  "title": "Session 21",
  "mode": "sequential"
}
[2025-11-19T03:06:46.701Z] INFO: Session created
  Context: {
  "sessionId": "d1c2e64e-3f64-4a61-a6bf-408c35a8cfcd",
  "title": "Session 22",
  "mode": "sequential"
}
[2025-11-19T03:06:46.701Z] INFO: Session created
  Context: {
  "sessionId": "168ca52a-7645-498a-b900-0839605431e7",
  "title": "Session 23",
  "mode": "sequential"
}
[2025-11-19T03:06:46.701Z] INFO: Session created
  Context: {
  "sessionId": "4291e497-6f78-4fd5-9272-dbffead831af",
  "title": "Session 24",
  "mode": "sequential"
}
[2025-11-19T03:06:46.701Z] INFO: Session created
  Context: {
  "sessionId": "18cbb161-963b-4577-9758-3b7505efefc3",
  "title": "Session 25",
  "mode": "sequential"
}
[2025-11-19T03:06:46.701Z] INFO: Session created
  Context: {
  "sessionId": "69ae6ed5-0ec5-46c5-b07e-5d25f1272db7",
  "title": "Session 26",
  "mode": "sequential"
}
[2025-11-19T03:06:46.702Z] INFO: Session created
  Context: {
  "sessionId": "05e9d6a6-f9fa-4da0-91cc-1520ddb15209",
  "title": "Session 27",
  "mode": "sequential"
}
[2025-11-19T03:06:46.702Z] INFO: Session created
  Context: {
  "sessionId": "1470776b-82bc-4c78-8028-5c639e2fd5e6",
  "title": "Session 28",
  "mode": "sequential"
}
[2025-11-19T03:06:46.702Z] INFO: Session created
  Context: {
  "sessionId": "3aebd85f-bf0d-4aae-a717-faa02c7a6c70",
  "title": "Session 29",
  "mode": "sequential"
}
[2025-11-19T03:06:46.702Z] INFO: Session created
  Context: {
  "sessionId": "ad422107-6cec-4852-8cb8-c42ce16df2bb",
  "title": "Session 30",
  "mode": "sequential"
}
[2025-11-19T03:06:46.702Z] INFO: Session created
  Context: {
  "sessionId": "7c4e6c34-0f19-40e0-b93c-2888f1967108",
  "title": "Session 31",
  "mode": "sequential"
}
[2025-11-19T03:06:46.702Z] INFO: Session created
  Context: {
  "sessionId": "ff9b8287-12dc-4ebf-a8eb-b5b7c143a7b3",
  "title": "Session 32",
  "mode": "sequential"
}
[2025-11-19T03:06:46.702Z] INFO: Session created
  Context: {
  "sessionId": "eb7f13ff-cc4d-42a8-9f3a-bc361f8b8b04",
  "title": "Session 33",
  "mode": "sequential"
}
[2025-11-19T03:06:46.702Z] INFO: Session created
  Context: {
  "sessionId": "822d1a41-af27-4854-91cf-61da47ee3253",
  "title": "Session 34",
  "mode": "sequential"
}
[2025-11-19T03:06:46.702Z] INFO: Session created
  Context: {
  "sessionId": "0d834713-3f65-47b3-ba4b-287d1808878e",
  "title": "Session 35",
  "mode": "sequential"
}
[2025-11-19T03:06:46.702Z] INFO: Session created
  Context: {
  "sessionId": "f65ab422-90bd-404a-9ebe-2791898dd19a",
  "title": "Session 36",
  "mode": "sequential"
}
[2025-11-19T03:06:46.702Z] INFO: Session created
  Context: {
  "sessionId": "be68ce92-5327-46dd-a6e7-d859355c651f",
  "title": "Session 37",
  "mode": "sequential"
}
[2025-11-19T03:06:46.702Z] INFO: Session created
  Context: {
  "sessionId": "a02bc964-428f-48ac-84d2-d13241be2f18",
  "title": "Session 38",
  "mode": "sequential"
}
[2025-11-19T03:06:46.702Z] INFO: Session created
  Context: {
  "sessionId": "7ec117b9-44cb-47ef-84a9-82b0d1ecdec6",
  "title": "Session 39",
  "mode": "sequential"
}
[2025-11-19T03:06:46.702Z] INFO: Session created
  Context: {
  "sessionId": "252648d1-93ae-45ff-8225-1511b6014e0f",
  "title": "Session 40",
  "mode": "sequential"
}
[2025-11-19T03:06:46.702Z] INFO: Session created
  Context: {
  "sessionId": "6be07043-a88d-4c10-8279-3d184610fa91",
  "title": "Session 41",
  "mode": "sequential"
}
[2025-11-19T03:06:46.702Z] INFO: Session created
  Context: {
  "sessionId": "5f2a427b-6b9f-45d9-b5a3-1088be06b8cc",
  "title": "Session 42",
  "mode": "sequential"
}
[2025-11-19T03:06:46.703Z] INFO: Session created
  Context: {
  "sessionId": "bf4328f0-5f9e-4175-a21a-d173f216b5ad",
  "title": "Session 43",
  "mode": "sequential"
}
[2025-11-19T03:06:46.703Z] INFO: Session created
  Context: {
  "sessionId": "f36c8ee4-c3a5-4ca1-aecc-06cf49c64d7c",
  "title": "Session 44",
  "mode": "sequential"
}
[2025-11-19T03:06:46.703Z] INFO: Session created
  Context: {
  "sessionId": "fd723f28-1712-461b-bd15-e97b681bfa3b",
  "title": "Session 45",
  "mode": "sequential"
}
[2025-11-19T03:06:46.703Z] INFO: Session created
  Context: {
  "sessionId": "8f031a3f-8f50-4f87-a2f4-8fa29380bf85",
  "title": "Session 46",
  "mode": "sequential"
}
[2025-11-19T03:06:46.703Z] INFO: Session created
  Context: {
  "sessionId": "7df246fc-2c96-4ba1-8663-d691949ce908",
  "title": "Session 47",
  "mode": "sequential"
}
[2025-11-19T03:06:46.703Z] INFO: Session created
  Context: {
  "sessionId": "02e40b48-15d9-47c9-91fc-58ba59661e92",
  "title": "Session 48",
  "mode": "sequential"
}
[2025-11-19T03:06:46.703Z] INFO: Session created
  Context: {
  "sessionId": "35b9d0eb-ca79-4351-ad10-05a6fbb1f0f3",
  "title": "Session 49",
  "mode": "sequential"
}
[2025-11-19T03:06:46.703Z] INFO: Session created
  Context: {
  "sessionId": "d237a206-5d12-4a21-9e34-00d718b46819",
  "title": "Session 50",
  "mode": "sequential"
}

[90mstdout[2m | tests/integration/multi-session.test.ts[2m > [22m[2mMulti-Session and Concurrent Scenarios[2m > [22m[2mResource Management with Many Sessions[2m > [22m[2mshould retrieve sessions efficiently with many active sessions[22m[39m
[2025-11-19T03:06:46.704Z] INFO: Session created
  Context: {
  "sessionId": "3c86a7b6-f77f-4b3d-8698-a2e10020d07a",
  "title": "Session 1",
  "mode": "sequential"
}
[2025-11-19T03:06:46.704Z] INFO: Session created
  Context: {
  "sessionId": "a4191e0e-2054-4349-96f0-3df16dcc4db6",
  "title": "Session 2",
  "mode": "sequential"
}
[2025-11-19T03:06:46.704Z] INFO: Session created
  Context: {
  "sessionId": "690acf9c-292f-406a-bdca-85cd8b555366",
  "title": "Session 3",
  "mode": "sequential"
}
[2025-11-19T03:06:46.704Z] INFO: Session created
  Context: {
  "sessionId": "3d84bc57-e126-4758-8697-4aaf0cf7d68d",
  "title": "Session 4",
  "mode": "sequential"
}
[2025-11-19T03:06:46.704Z] INFO: Session created
  Context: {
  "sessionId": "80b4e8a9-b2d1-4952-bccf-68f20918d2b8",
  "title": "Session 5",
  "mode": "sequential"
}
[2025-11-19T03:06:46.704Z] INFO: Session created
  Context: {
  "sessionId": "b8be1d7d-339d-40b6-809b-d886d9483474",
  "title": "Session 6",
  "mode": "sequential"
}
[2025-11-19T03:06:46.704Z] INFO: Session created
  Context: {
  "sessionId": "38853694-df44-4384-9804-106edb77684c",
  "title": "Session 7",
  "mode": "sequential"
}
[2025-11-19T03:06:46.704Z] INFO: Session created
  Context: {
  "sessionId": "bfef05f2-cc2e-430c-b647-871743c11a99",
  "title": "Session 8",
  "mode": "sequential"
}
[2025-11-19T03:06:46.705Z] INFO: Session created
  Context: {
  "sessionId": "a5cf7062-3880-4133-aacc-47e5ffd36092",
  "title": "Session 9",
  "mode": "sequential"
}
[2025-11-19T03:06:46.705Z] INFO: Session created
  Context: {
  "sessionId": "455cf80c-12d4-4382-9231-bbc80e107834",
  "title": "Session 10",
  "mode": "sequential"
}

[90mstdout[2m | tests/integration/multi-session.test.ts[2m > [22m[2mMulti-Session and Concurrent Scenarios[2m > [22m[2mResource Management with Many Sessions[2m > [22m[2mshould list all sessions when many exist[22m[39m
[2025-11-19T03:06:46.706Z] INFO: Session created
  Context: {
  "sessionId": "ab25957d-e998-4ac6-83a0-b37b1d445737",
  "title": "Session 1",
  "mode": "sequential"
}
[2025-11-19T03:06:46.706Z] INFO: Session created
  Context: {
  "sessionId": "16dc139c-e2ec-4e07-bd9d-df0b009df6fd",
  "title": "Session 2",
  "mode": "sequential"
}
[2025-11-19T03:06:46.706Z] INFO: Session created
  Context: {
  "sessionId": "9c7ef60a-55ef-4bbe-a86d-ce24187135e9",
  "title": "Session 3",
  "mode": "sequential"
}
[2025-11-19T03:06:46.706Z] INFO: Session created
  Context: {
  "sessionId": "5a4ce439-7ee3-4d3c-9ccb-47805b17567b",
  "title": "Session 4",
  "mode": "sequential"
}
[2025-11-19T03:06:46.706Z] INFO: Session created
  Context: {
  "sessionId": "aa253bb7-7d98-4d62-a56b-b3cab65a52e0",
  "title": "Session 5",
  "mode": "sequential"
}
[2025-11-19T03:06:46.706Z] INFO: Session created
  Context: {
  "sessionId": "808dbcd6-f683-4405-84cf-8bcd1a5d2099",
  "title": "Session 6",
  "mode": "sequential"
}
[2025-11-19T03:06:46.706Z] INFO: Session created
  Context: {
  "sessionId": "e203d9a4-c32c-48a3-b2be-5af1229e4cab",
  "title": "Session 7",
  "mode": "sequential"
}
[2025-11-19T03:06:46.706Z] INFO: Session created
  Context: {
  "sessionId": "df338ac5-190f-43b7-98cc-b15658a28fa1",
  "title": "Session 8",
  "mode": "sequential"
}
[2025-11-19T03:06:46.707Z] INFO: Session created
  Context: {
  "sessionId": "93f6684d-48b4-49d0-b870-d0e78a3b0042",
  "title": "Session 9",
  "mode": "sequential"
}
[2025-11-19T03:06:46.707Z] INFO: Session created
  Context: {
  "sessionId": "ac09dd86-9b34-4fff-ae81-46885a09e15c",
  "title": "Session 10",
  "mode": "sequential"
}
[2025-11-19T03:06:46.707Z] INFO: Session created
  Context: {
  "sessionId": "d883c482-948e-4aca-bb89-142d93ff1977",
  "title": "Session 11",
  "mode": "sequential"
}
[2025-11-19T03:06:46.707Z] INFO: Session created
  Context: {
  "sessionId": "5899ef70-8203-4f97-93f9-d710f1602046",
  "title": "Session 12",
  "mode": "sequential"
}
[2025-11-19T03:06:46.707Z] INFO: Session created
  Context: {
  "sessionId": "c0692fdb-b2bc-47d6-b73d-2eed91f8bda5",
  "title": "Session 13",
  "mode": "sequential"
}
[2025-11-19T03:06:46.707Z] INFO: Session created
  Context: {
  "sessionId": "cb99d822-48a3-47d7-b58a-d40a736ef20f",
  "title": "Session 14",
  "mode": "sequential"
}
[2025-11-19T03:06:46.707Z] INFO: Session created
  Context: {
  "sessionId": "65486877-0899-4e80-a88b-9c36bf052a6d",
  "title": "Session 15",
  "mode": "sequential"
}

[90mstdout[2m | tests/integration/multi-session.test.ts[2m > [22m[2mMulti-Session and Concurrent Scenarios[2m > [22m[2mSession State Consistency[2m > [22m[2mshould maintain consistent thought count across concurrent additions[22m[39m
[2025-11-19T03:06:46.708Z] INFO: Session created
  Context: {
  "sessionId": "b7e36ccc-64e8-440c-971c-a4eee1a0fea7",
  "title": "Consistency Test",
  "mode": "sequential"
}
[2025-11-19T03:06:46.709Z] INFO: Session completed
  Context: {
  "sessionId": "b7e36ccc-64e8-440c-971c-a4eee1a0fea7",
  "title": "Consistency Test",
  "totalThoughts": 10
}

[90mstdout[2m | tests/integration/multi-session.test.ts[2m > [22m[2mMulti-Session and Concurrent Scenarios[2m > [22m[2mSession State Consistency[2m > [22m[2mshould maintain correct status after concurrent operations[22m[39m
[2025-11-19T03:06:46.710Z] INFO: Session created
  Context: {
  "sessionId": "247dc423-5535-4c44-8524-8335f9b8380d",
  "title": "Status Test",
  "mode": "sequential"
}
[2025-11-19T03:06:46.710Z] INFO: Session completed
  Context: {
  "sessionId": "247dc423-5535-4c44-8524-8335f9b8380d",
  "title": "Status Test",
  "totalThoughts": 1
}

[90mstdout[2m | tests/integration/multi-session.test.ts[2m > [22m[2mMulti-Session and Concurrent Scenarios[2m > [22m[2mSession State Consistency[2m > [22m[2mshould handle concurrent thought additions with proper sequencing[22m[39m
[2025-11-19T03:06:46.711Z] INFO: Session created
  Context: {
  "sessionId": "256038ea-4e31-443a-a3c5-ebc15143440a",
  "title": "Sequence Test",
  "mode": "sequential"
}

[90mstdout[2m | tests/integration/multi-session.test.ts[2m > [22m[2mMulti-Session and Concurrent Scenarios[2m > [22m[2mError Handling in Concurrent Scenarios[2m > [22m[2mshould handle mixed success/failure scenarios gracefully[22m[39m
[2025-11-19T03:06:46.714Z] INFO: Session created
  Context: {
  "sessionId": "7458b061-dcbf-421f-9cc7-305923a48dff",
  "title": "Mixed Test",
  "mode": "sequential"
}

 [32m✓[39m tests/integration/multi-session.test.ts [2m ([22m[2m18 tests[22m[2m)[22m[90m 57[2mms[22m[39m
[90mstdout[2m | tests/integration/index-handlers.test.ts[2m > [22m[2mIndex.ts Handler Functions[2m > [22m[2mHandler Functions[2m > [22m[2mhandleAddThought()[2m > [22m[2mshould create new session if sessionId not provided[22m[39m
[2025-11-19T03:06:46.708Z] INFO: Session created
  Context: {
  "sessionId": "515cf88c-6a3e-40c3-b223-70b653afc765",
  "title": "Test Session",
  "mode": "sequential"
}

[90mstdout[2m | tests/integration/index-handlers.test.ts[2m > [22m[2mIndex.ts Handler Functions[2m > [22m[2mHandler Functions[2m > [22m[2mhandleAddThought()[2m > [22m[2mshould add thought to existing session[22m[39m
[2025-11-19T03:06:46.711Z] INFO: Session created
  Context: {
  "sessionId": "8066a767-d4f1-49e3-89f1-707ae8d595c6",
  "title": "Test Session",
  "mode": "sequential"
}

[90mstdout[2m | tests/integration/index-handlers.test.ts[2m > [22m[2mIndex.ts Handler Functions[2m > [22m[2mHandler Functions[2m > [22m[2mhandleAddThought()[2m > [22m[2mshould handle all 13 modes in add_thought[22m[39m
[2025-11-19T03:06:46.714Z] INFO: Session created
  Context: {
  "sessionId": "7bd9266b-b490-42f3-bcdb-0c72536d0940",
  "title": "Test sequential",
  "mode": "sequential"
}
[2025-11-19T03:06:46.714Z] INFO: Session completed
  Context: {
  "sessionId": "7bd9266b-b490-42f3-bcdb-0c72536d0940",
  "title": "Test sequential",
  "totalThoughts": 1
}
[2025-11-19T03:06:46.715Z] INFO: Session created
  Context: {
  "sessionId": "6a6f8d12-0383-4efa-847d-e58db46395ad",
  "title": "Test shannon",
  "mode": "shannon"
}
[2025-11-19T03:06:46.715Z] INFO: Session completed
  Context: {
  "sessionId": "6a6f8d12-0383-4efa-847d-e58db46395ad",
  "title": "Test shannon",
  "totalThoughts": 1
}
[2025-11-19T03:06:46.716Z] INFO: Session created
  Context: {
  "sessionId": "4a7783b7-a68d-4db0-b37d-2dcaaedf5507",
  "title": "Test mathematics",
  "mode": "mathematics"
}
[2025-11-19T03:06:46.716Z] INFO: Session completed
  Context: {
  "sessionId": "4a7783b7-a68d-4db0-b37d-2dcaaedf5507",
  "title": "Test mathematics",
  "totalThoughts": 1
}
[2025-11-19T03:06:46.717Z] INFO: Session created
  Context: {
  "sessionId": "1605cb86-8b7f-4ce3-adc8-56a050dda2f5",
  "title": "Test physics",
  "mode": "physics"
}
[2025-11-19T03:06:46.717Z] INFO: Session completed
  Context: {
  "sessionId": "1605cb86-8b7f-4ce3-adc8-56a050dda2f5",
  "title": "Test physics",
  "totalThoughts": 1
}
[2025-11-19T03:06:46.718Z] INFO: Session created
  Context: {
  "sessionId": "754147b6-5161-415c-aec7-2eb7f32a68bc",
  "title": "Test hybrid",
  "mode": "hybrid"
}
[2025-11-19T03:06:46.718Z] INFO: Session completed
  Context: {
  "sessionId": "754147b6-5161-415c-aec7-2eb7f32a68bc",
  "title": "Test hybrid",
  "totalThoughts": 1
}
[2025-11-19T03:06:46.719Z] INFO: Session created
  Context: {
  "sessionId": "d0eba488-2219-45e5-ae76-3211c9810459",
  "title": "Test abductive",
  "mode": "abductive"
}
[2025-11-19T03:06:46.719Z] INFO: Session completed
  Context: {
  "sessionId": "d0eba488-2219-45e5-ae76-3211c9810459",
  "title": "Test abductive",
  "totalThoughts": 1
}
[2025-11-19T03:06:46.720Z] INFO: Session created
  Context: {
  "sessionId": "0ae5a960-4886-419b-ade4-ba28f8c39c04",
  "title": "Test causal",
  "mode": "causal"
}
[2025-11-19T03:06:46.720Z] INFO: Session completed
  Context: {
  "sessionId": "0ae5a960-4886-419b-ade4-ba28f8c39c04",
  "title": "Test causal",
  "totalThoughts": 1
}
[2025-11-19T03:06:46.720Z] INFO: Session created
  Context: {
  "sessionId": "9dda4ea4-cc3b-40c9-bdd2-6ec46f005681",
  "title": "Test bayesian",
  "mode": "bayesian"
}
[2025-11-19T03:06:46.721Z] INFO: Session completed
  Context: {
  "sessionId": "9dda4ea4-cc3b-40c9-bdd2-6ec46f005681",
  "title": "Test bayesian",
  "totalThoughts": 1
}
[2025-11-19T03:06:46.721Z] INFO: Session created
  Context: {
  "sessionId": "e3bf1376-04b1-4719-8b5c-6951c0eb19d2",
  "title": "Test counterfactual",
  "mode": "counterfactual"
}
[2025-11-19T03:06:46.722Z] INFO: Session completed
  Context: {
  "sessionId": "e3bf1376-04b1-4719-8b5c-6951c0eb19d2",
  "title": "Test counterfactual",
  "totalThoughts": 1
}
[2025-11-19T03:06:46.722Z] INFO: Session created
  Context: {
  "sessionId": "5cf3d3cd-ffc6-479a-a1b2-484a31865504",
  "title": "Test analogical",
  "mode": "analogical"
}
[2025-11-19T03:06:46.722Z] INFO: Session completed
  Context: {
  "sessionId": "5cf3d3cd-ffc6-479a-a1b2-484a31865504",
  "title": "Test analogical",
  "totalThoughts": 1
}
[2025-11-19T03:06:46.722Z] INFO: Session created
  Context: {
  "sessionId": "bee77d90-3c9d-4110-b869-91dab5b9b486",
  "title": "Test temporal",
  "mode": "temporal"
}
[2025-11-19T03:06:46.722Z] INFO: Session completed
  Context: {
  "sessionId": "bee77d90-3c9d-4110-b869-91dab5b9b486",
  "title": "Test temporal",
  "totalThoughts": 1
}
[2025-11-19T03:06:46.723Z] INFO: Session created
  Context: {
  "sessionId": "02a23443-e1e5-44de-aa1f-ed42ea6ac0b8",
  "title": "Test gametheory",
  "mode": "gametheory"
}
[2025-11-19T03:06:46.723Z] INFO: Session completed
  Context: {
  "sessionId": "02a23443-e1e5-44de-aa1f-ed42ea6ac0b8",
  "title": "Test gametheory",
  "totalThoughts": 1
}
[2025-11-19T03:06:46.723Z] INFO: Session created
  Context: {
  "sessionId": "64f1fb4e-0028-44a3-bd01-edaef7bd3c52",
  "title": "Test evidential",
  "mode": "evidential"
}
[2025-11-19T03:06:46.724Z] INFO: Session completed
  Context: {
  "sessionId": "64f1fb4e-0028-44a3-bd01-edaef7bd3c52",
  "title": "Test evidential",
  "totalThoughts": 1
}

[90mstdout[2m | tests/integration/index-handlers.test.ts[2m > [22m[2mIndex.ts Handler Functions[2m > [22m[2mHandler Functions[2m > [22m[2mhandleSummarize()[2m > [22m[2mshould generate summary for session with thoughts[22m[39m
[2025-11-19T03:06:46.727Z] INFO: Session created
  Context: {
  "sessionId": "f72a4dcb-12b9-44a5-bdad-19716d9b8eec",
  "title": "Test Session",
  "mode": "sequential"
}

[90mstdout[2m | tests/integration/index-handlers.test.ts[2m > [22m[2mIndex.ts Handler Functions[2m > [22m[2mHandler Functions[2m > [22m[2mhandleSummarize()[2m > [22m[2mshould generate summary for empty session[22m[39m
[2025-11-19T03:06:46.729Z] INFO: Session created
  Context: {
  "sessionId": "2a6e9852-bb65-4612-ace4-2134f17e33c6",
  "title": "Empty Session",
  "mode": "sequential"
}

[90mstdout[2m | tests/integration/index-handlers.test.ts[2m > [22m[2mIndex.ts Handler Functions[2m > [22m[2mHandler Functions[2m > [22m[2mhandleSwitchMode()[2m > [22m[2mshould switch mode successfully[22m[39m
[2025-11-19T03:06:46.731Z] INFO: Session created
  Context: {
  "sessionId": "eae0278a-e80c-4142-b05e-82522cfcd83f",
  "title": "Test Session",
  "mode": "sequential"
}
[2025-11-19T03:06:46.732Z] INFO: Session mode switched
  Context: {
  "sessionId": "eae0278a-e80c-4142-b05e-82522cfcd83f",
  "oldMode": "sequential",
  "newMode": "shannon",
  "reason": "User requested mode switch"
}

[90mstdout[2m | tests/integration/index-handlers.test.ts[2m > [22m[2mIndex.ts Handler Functions[2m > [22m[2mHandler Functions[2m > [22m[2mhandleSwitchMode()[2m > [22m[2mshould switch between all 13 modes[22m[39m
[2025-11-19T03:06:46.732Z] INFO: Session created
  Context: {
  "sessionId": "c0802385-03f4-4632-9432-3e71ec5788f4",
  "title": "Multi-mode Session",
  "mode": "hybrid"
}
[2025-11-19T03:06:46.732Z] INFO: Session mode switched
  Context: {
  "sessionId": "c0802385-03f4-4632-9432-3e71ec5788f4",
  "oldMode": "hybrid",
  "newMode": "sequential",
  "reason": "Switching to sequential"
}
[2025-11-19T03:06:46.733Z] INFO: Session mode switched
  Context: {
  "sessionId": "c0802385-03f4-4632-9432-3e71ec5788f4",
  "oldMode": "sequential",
  "newMode": "shannon",
  "reason": "Switching to shannon"
}
[2025-11-19T03:06:46.733Z] INFO: Session mode switched
  Context: {
  "sessionId": "c0802385-03f4-4632-9432-3e71ec5788f4",
  "oldMode": "shannon",
  "newMode": "mathematics",
  "reason": "Switching to mathematics"
}
[2025-11-19T03:06:46.733Z] INFO: Session mode switched
  Context: {
  "sessionId": "c0802385-03f4-4632-9432-3e71ec5788f4",
  "oldMode": "mathematics",
  "newMode": "physics",
  "reason": "Switching to physics"
}
[2025-11-19T03:06:46.733Z] INFO: Session mode switched
  Context: {
  "sessionId": "c0802385-03f4-4632-9432-3e71ec5788f4",
  "oldMode": "physics",
  "newMode": "abductive",
  "reason": "Switching to abductive"
}
[2025-11-19T03:06:46.733Z] INFO: Session mode switched
  Context: {
  "sessionId": "c0802385-03f4-4632-9432-3e71ec5788f4",
  "oldMode": "abductive",
  "newMode": "causal",
  "reason": "Switching to causal"
}
[2025-11-19T03:06:46.733Z] INFO: Session mode switched
  Context: {
  "sessionId": "c0802385-03f4-4632-9432-3e71ec5788f4",
  "oldMode": "causal",
  "newMode": "bayesian",
  "reason": "Switching to bayesian"
}
[2025-11-19T03:06:46.733Z] INFO: Session mode switched
  Context: {
  "sessionId": "c0802385-03f4-4632-9432-3e71ec5788f4",
  "oldMode": "bayesian",
  "newMode": "counterfactual",
  "reason": "Switching to counterfactual"
}
[2025-11-19T03:06:46.733Z] INFO: Session mode switched
  Context: {
  "sessionId": "c0802385-03f4-4632-9432-3e71ec5788f4",
  "oldMode": "counterfactual",
  "newMode": "analogical",
  "reason": "Switching to analogical"
}
[2025-11-19T03:06:46.734Z] INFO: Session mode switched
  Context: {
  "sessionId": "c0802385-03f4-4632-9432-3e71ec5788f4",
  "oldMode": "analogical",
  "newMode": "temporal",
  "reason": "Switching to temporal"
}
[2025-11-19T03:06:46.734Z] INFO: Session mode switched
  Context: {
  "sessionId": "c0802385-03f4-4632-9432-3e71ec5788f4",
  "oldMode": "temporal",
  "newMode": "gametheory",
  "reason": "Switching to gametheory"
}
[2025-11-19T03:06:46.734Z] INFO: Session mode switched
  Context: {
  "sessionId": "c0802385-03f4-4632-9432-3e71ec5788f4",
  "oldMode": "gametheory",
  "newMode": "evidential",
  "reason": "Switching to evidential"
}
[2025-11-19T03:06:46.734Z] INFO: Session mode switched
  Context: {
  "sessionId": "c0802385-03f4-4632-9432-3e71ec5788f4",
  "oldMode": "evidential",
  "newMode": "hybrid",
  "reason": "Switching to hybrid"
}

[90mstdout[2m | tests/integration/index-handlers.test.ts[2m > [22m[2mIndex.ts Handler Functions[2m > [22m[2mHandler Functions[2m > [22m[2mhandleGetSession()[2m > [22m[2mshould retrieve session with all properties[22m[39m
[2025-11-19T03:06:46.736Z] INFO: Session created
  Context: {
  "sessionId": "e82f750f-7c4e-4dda-984b-40fe89f3c617",
  "title": "Test Session",
  "mode": "sequential"
}

[90mstdout[2m | tests/integration/index-handlers.test.ts[2m > [22m[2mIndex.ts Handler Functions[2m > [22m[2mHandler Functions[2m > [22m[2mhandleGetSession()[2m > [22m[2mshould retrieve session with thoughts[22m[39m
[2025-11-19T03:06:46.737Z] INFO: Session created
  Context: {
  "sessionId": "947abb63-e251-4407-b39e-832e46fc9ce3",
  "title": "Session with Thoughts",
  "mode": "sequential"
}
[2025-11-19T03:06:46.737Z] INFO: Session completed
  Context: {
  "sessionId": "947abb63-e251-4407-b39e-832e46fc9ce3",
  "title": "Session with Thoughts",
  "totalThoughts": 1
}

[90mstdout[2m | tests/integration/index-handlers.test.ts[2m > [22m[2mIndex.ts Handler Functions[2m > [22m[2mHandler Functions[2m > [22m[2mhandleExport()[2m > [22m[2mshould export session in JSON format[22m[39m
[2025-11-19T03:06:46.738Z] INFO: Session created
  Context: {
  "sessionId": "edf91e93-fd19-4f9b-97ea-2ffc8053c163",
  "title": "Export Test",
  "mode": "sequential"
}
[2025-11-19T03:06:46.738Z] INFO: Session completed
  Context: {
  "sessionId": "edf91e93-fd19-4f9b-97ea-2ffc8053c163",
  "title": "Export Test",
  "totalThoughts": 1
}

 [32m✓[39m tests/integration/index-handlers.test.ts [2m ([22m[2m33 tests[22m[2m)[22m[90m 75[2mms[22m[39m
 [32m✓[39m tests/unit/temporal.test.ts [2m ([22m[2m19 tests[22m[2m)[22m[90m 33[2mms[22m[39m
 [32m✓[39m tests/unit/evidential.test.ts [2m ([22m[2m16 tests[22m[2m)[22m[90m 34[2mms[22m[39m
 [32m✓[39m tests/unit/gametheory.test.ts [2m ([22m[2m17 tests[22m[2m)[22m[90m 36[2mms[22m[39m
 [32m✓[39m tests/integration/mcp-protocol.test.ts [2m ([22m[2m43 tests[22m[2m)[22m[90m 88[2mms[22m[39m
[90mstdout[2m | tests/integration/mcp-protocol.test.ts[2m > [22m[2mMCP Protocol Compliance[2m > [22m[2mMCP Response Format Compliance[2m > [22m[2mshould return MCP-compliant response for successful operation[22m[39m
[2025-11-19T03:06:46.911Z] INFO: Session created
  Context: {
  "sessionId": "9630ab91-11d5-4916-bd1f-3ed0ca5c9429",
  "title": "Test Session",
  "mode": "sequential"
}

 [32m✓[39m tests/unit/recommendations.test.ts [2m ([22m[2m15 tests[22m[2m)[22m[90m 29[2mms[22m[39m
 [32m✓[39m tests/unit/types.test.ts [2m ([22m[2m14 tests[22m[2m)[22m[90m 30[2mms[22m[39m
 [32m✓[39m tests/unit/analogical.test.ts [2m ([22m[2m9 tests[22m[2m)[22m[90m 24[2mms[22m[39m
 [32m✓[39m tests/integration/error-handling.test.ts [2m ([22m[2m36 tests[22m[2m)[22m[90m 69[2mms[22m[39m
[90mstderr[2m | tests/integration/error-handling.test.ts[2m > [22m[2mError Handling and Edge Cases[2m > [22m[2mInvalid Session Operations[2m > [22m[2mshould throw error for non-existent session ID[22m[39m
[2025-11-19T03:06:48.107Z] ERROR: Session not found
  Context: {
  "sessionId": "00000000-0000-4000-8000-000000000000"
}

[90mstdout[2m | tests/integration/error-handling.test.ts[2m > [22m[2mError Handling and Edge Cases[2m > [22m[2mInvalid Session Operations[2m > [22m[2mshould handle session deletion idempotently[22m[39m
[2025-11-19T03:06:48.118Z] INFO: Session created
  Context: {
  "sessionId": "a30b08fd-226b-45d9-8e48-b6194ffc80cc",
  "title": "Test",
  "mode": "hybrid"
}
[2025-11-19T03:06:48.119Z] INFO: Session deleted
  Context: {
  "sessionId": "a30b08fd-226b-45d9-8e48-b6194ffc80cc",
  "title": "Test",
  "thoughtCount": 0
}

[90mstderr[2m | tests/integration/error-handling.test.ts[2m > [22m[2mError Handling and Edge Cases[2m > [22m[2mInvalid Session Operations[2m > [22m[2mshould handle session deletion idempotently[22m[39m
[2025-11-19T03:06:48.119Z] WARN: Attempted to delete non-existent session from memory
  Context: {
  "sessionId": "a30b08fd-226b-45d9-8e48-b6194ffc80cc"
}

[90mstdout[2m | tests/integration/error-handling.test.ts[2m > [22m[2mError Handling and Edge Cases[2m > [22m[2mValidation Errors[2m > [22m[2mshould accept thoughts with missing fields (lenient validation)[22m[39m
[2025-11-19T03:06:48.122Z] INFO: Session created
  Context: {
  "sessionId": "10c87090-82b0-4a50-a875-1774dff56531",
  "title": "Untitled Session",
  "mode": "hybrid"
}
[2025-11-19T03:06:48.123Z] INFO: Session completed
  Context: {
  "sessionId": "10c87090-82b0-4a50-a875-1774dff56531",
  "title": "Untitled Session",
  "totalThoughts": 1
}

[90mstdout[2m | tests/integration/error-handling.test.ts[2m > [22m[2mError Handling and Edge Cases[2m > [22m[2mValidation Errors[2m > [22m[2mshould accept invalid uncertainty values (lenient validation)[22m[39m
[2025-11-19T03:06:48.125Z] INFO: Session created
  Context: {
  "sessionId": "99c33768-ce2e-46c6-b8c6-ef006c9697ba",
  "title": "Untitled Session",
  "mode": "hybrid"
}
[2025-11-19T03:06:48.125Z] INFO: Session completed
  Context: {
  "sessionId": "99c33768-ce2e-46c6-b8c6-ef006c9697ba",
  "title": "Untitled Session",
  "totalThoughts": 1
}

[90mstdout[2m | tests/integration/error-handling.test.ts[2m > [22m[2mError Handling and Edge Cases[2m > [22m[2mValidation Errors[2m > [22m[2mshould accept negative thought numbers (lenient validation)[22m[39m
[2025-11-19T03:06:48.126Z] INFO: Session created
  Context: {
  "sessionId": "0b956d0b-2289-44aa-9724-a56da3b7759b",
  "title": "Untitled Session",
  "mode": "hybrid"
}
[2025-11-19T03:06:48.127Z] INFO: Session completed
  Context: {
  "sessionId": "0b956d0b-2289-44aa-9724-a56da3b7759b",
  "title": "Untitled Session",
  "totalThoughts": 1
}

[90mstdout[2m | tests/integration/error-handling.test.ts[2m > [22m[2mError Handling and Edge Cases[2m > [22m[2mValidation Errors[2m > [22m[2mshould accept zero thought numbers (lenient validation)[22m[39m
[2025-11-19T03:06:48.128Z] INFO: Session created
  Context: {
  "sessionId": "93b42c2c-cada-4064-bce8-996a3e0ad7de",
  "title": "Untitled Session",
  "mode": "hybrid"
}
[2025-11-19T03:06:48.128Z] INFO: Session completed
  Context: {
  "sessionId": "93b42c2c-cada-4064-bce8-996a3e0ad7de",
  "title": "Untitled Session",
  "totalThoughts": 1
}

[90mstdout[2m | tests/integration/error-handling.test.ts[2m > [22m[2mError Handling and Edge Cases[2m > [22m[2mValidation Errors[2m > [22m[2mshould accept invalid mode values (lenient validation)[22m[39m
[2025-11-19T03:06:48.129Z] INFO: Session created
  Context: {
  "sessionId": "5ee56c35-86b7-4c3d-943c-a4b70b418c9f",
  "title": "Untitled Session",
  "mode": "invalid_mode"
}

[90mstdout[2m | tests/integration/error-handling.test.ts[2m > [22m[2mError Handling and Edge Cases[2m > [22m[2mValidation Errors[2m > [22m[2mshould accept invalid Shannon stage (lenient validation)[22m[39m
[2025-11-19T03:06:48.130Z] INFO: Session created
  Context: {
  "sessionId": "642fdcdf-b16e-4f77-8866-c0c6faf5f17b",
  "title": "Untitled Session",
  "mode": "shannon"
}
[2025-11-19T03:06:48.130Z] INFO: Session completed
  Context: {
  "sessionId": "642fdcdf-b16e-4f77-8866-c0c6faf5f17b",
  "title": "Untitled Session",
  "totalThoughts": 1
}

[90mstdout[2m | tests/integration/error-handling.test.ts[2m > [22m[2mError Handling and Edge Cases[2m > [22m[2mBoundary Conditions[2m > [22m[2mshould handle uncertainty = 0 (perfect certainty)[22m[39m
[2025-11-19T03:06:48.131Z] INFO: Session created
  Context: {
  "sessionId": "fc465389-6465-4140-b1d1-b30cbe5c22f4",
  "title": "Untitled Session",
  "mode": "hybrid"
}
[2025-11-19T03:06:48.131Z] INFO: Session completed
  Context: {
  "sessionId": "fc465389-6465-4140-b1d1-b30cbe5c22f4",
  "title": "Untitled Session",
  "totalThoughts": 1
}

[90mstdout[2m | tests/integration/error-handling.test.ts[2m > [22m[2mError Handling and Edge Cases[2m > [22m[2mBoundary Conditions[2m > [22m[2mshould handle uncertainty = 1 (complete uncertainty)[22m[39m
[2025-11-19T03:06:48.132Z] INFO: Session created
  Context: {
  "sessionId": "04c49d66-dc62-46d6-8da2-dc25490b9822",
  "title": "Untitled Session",
  "mode": "hybrid"
}
[2025-11-19T03:06:48.132Z] INFO: Session completed
  Context: {
  "sessionId": "04c49d66-dc62-46d6-8da2-dc25490b9822",
  "title": "Untitled Session",
  "totalThoughts": 1
}

[90mstdout[2m | tests/integration/error-handling.test.ts[2m > [22m[2mError Handling and Edge Cases[2m > [22m[2mBoundary Conditions[2m > [22m[2mshould handle very large thoughtNumber[22m[39m
[2025-11-19T03:06:48.133Z] INFO: Session created
  Context: {
  "sessionId": "635385f1-0d59-434d-8c83-c523d7dfdb90",
  "title": "Untitled Session",
  "mode": "hybrid"
}
[2025-11-19T03:06:48.133Z] INFO: Session completed
  Context: {
  "sessionId": "635385f1-0d59-434d-8c83-c523d7dfdb90",
  "title": "Untitled Session",
  "totalThoughts": 1
}

[90mstdout[2m | tests/integration/error-handling.test.ts[2m > [22m[2mError Handling and Edge Cases[2m > [22m[2mBoundary Conditions[2m > [22m[2mshould handle totalThoughts = thoughtNumber (single thought)[22m[39m
[2025-11-19T03:06:48.134Z] INFO: Session created
  Context: {
  "sessionId": "a411b1be-b403-4a88-ad98-de6ba045c880",
  "title": "Untitled Session",
  "mode": "hybrid"
}
[2025-11-19T03:06:48.134Z] INFO: Session completed
  Context: {
  "sessionId": "a411b1be-b403-4a88-ad98-de6ba045c880",
  "title": "Untitled Session",
  "totalThoughts": 1
}

[90mstdout[2m | tests/integration/error-handling.test.ts[2m > [22m[2mError Handling and Edge Cases[2m > [22m[2mEdge Cases - Empty Data[2m > [22m[2mshould handle empty thought content[22m[39m
[2025-11-19T03:06:48.139Z] INFO: Session created
  Context: {
  "sessionId": "0bc2c244-13f8-40b2-80b4-21bae1d79591",
  "title": "Untitled Session",
  "mode": "hybrid"
}
[2025-11-19T03:06:48.139Z] INFO: Session completed
  Context: {
  "sessionId": "0bc2c244-13f8-40b2-80b4-21bae1d79591",
  "title": "Untitled Session",
  "totalThoughts": 1
}

[90mstdout[2m | tests/integration/error-handling.test.ts[2m > [22m[2mError Handling and Edge Cases[2m > [22m[2mEdge Cases - Empty Data[2m > [22m[2mshould handle empty session title with default[22m[39m
[2025-11-19T03:06:48.140Z] INFO: Session created
  Context: {
  "sessionId": "1c94f0b6-4472-4c75-9c4e-9c8ae5ab5276",
  "title": "Untitled Session",
  "mode": "hybrid"
}

[90mstdout[2m | tests/integration/error-handling.test.ts[2m > [22m[2mError Handling and Edge Cases[2m > [22m[2mEdge Cases - Empty Data[2m > [22m[2mshould handle empty arrays for optional fields[22m[39m
[2025-11-19T03:06:48.140Z] INFO: Session created
  Context: {
  "sessionId": "561be2e8-478f-4443-9070-b37476b1ab20",
  "title": "Untitled Session",
  "mode": "hybrid"
}
[2025-11-19T03:06:48.140Z] INFO: Session completed
  Context: {
  "sessionId": "561be2e8-478f-4443-9070-b37476b1ab20",
  "title": "Untitled Session",
  "totalThoughts": 1
}

[90mstdout[2m | tests/integration/error-handling.test.ts[2m > [22m[2mError Handling and Edge Cases[2m > [22m[2mEdge Cases - Empty Data[2m > [22m[2mshould handle session with no thoughts[22m[39m
[2025-11-19T03:06:48.141Z] INFO: Session created
  Context: {
  "sessionId": "e0228cb4-fd8a-4de6-97eb-f7172a79f9f0",
  "title": "Untitled Session",
  "mode": "hybrid"
}

[90mstdout[2m | tests/integration/error-handling.test.ts[2m > [22m[2mError Handling and Edge Cases[2m > [22m[2mEdge Cases - Special Characters[2m > [22m[2mshould handle Unicode characters in thought content[22m[39m
[2025-11-19T03:06:48.142Z] INFO: Session created
  Context: {
  "sessionId": "3e5a1d63-f006-4dfe-be44-18629e1766bd",
  "title": "Untitled Session",
  "mode": "hybrid"
}
[2025-11-19T03:06:48.142Z] INFO: Session completed
  Context: {
  "sessionId": "3e5a1d63-f006-4dfe-be44-18629e1766bd",
  "title": "Untitled Session",
  "totalThoughts": 1
}

[90mstdout[2m | tests/integration/error-handling.test.ts[2m > [22m[2mError Handling and Edge Cases[2m > [22m[2mEdge Cases - Special Characters[2m > [22m[2mshould handle special characters in session title[22m[39m
[2025-11-19T03:06:48.142Z] INFO: Session created
  Context: {
  "sessionId": "86036543-2c87-4dbf-a144-a39f37025a6e",
  "title": "<script>alert(\"xss\")</script>",
  "mode": "hybrid"
}

[90mstdout[2m | tests/integration/error-handling.test.ts[2m > [22m[2mError Handling and Edge Cases[2m > [22m[2mEdge Cases - Special Characters[2m > [22m[2mshould handle LaTeX with special characters[22m[39m
[2025-11-19T03:06:48.144Z] INFO: Session created
  Context: {
  "sessionId": "f2b191ca-6c49-40fc-b02c-fcae619d18a5",
  "title": "Untitled Session",
  "mode": "mathematics"
}
[2025-11-19T03:06:48.144Z] INFO: Session completed
  Context: {
  "sessionId": "f2b191ca-6c49-40fc-b02c-fcae619d18a5",
  "title": "Untitled Session",
  "totalThoughts": 1
}

[90mstdout[2m | tests/integration/error-handling.test.ts[2m > [22m[2mError Handling and Edge Cases[2m > [22m[2mEdge Cases - Special Characters[2m > [22m[2mshould handle newlines and tabs in thought content[22m[39m
[2025-11-19T03:06:48.145Z] INFO: Session created
  Context: {
  "sessionId": "9115aec6-5181-4289-9e86-2b8b13c88c89",
  "title": "Untitled Session",
  "mode": "hybrid"
}
[2025-11-19T03:06:48.145Z] INFO: Session completed
  Context: {
  "sessionId": "9115aec6-5181-4289-9e86-2b8b13c88c89",
  "title": "Untitled Session",
  "totalThoughts": 1
}

[90mstdout[2m | tests/integration/error-handling.test.ts[2m > [22m[2mError Handling and Edge Cases[2m > [22m[2mEdge Cases - Large Data[2m > [22m[2mshould handle very long thought content[22m[39m
[2025-11-19T03:06:48.147Z] INFO: Session created
  Context: {
  "sessionId": "83db2a32-6a6d-4b83-8ff6-05b99cbfca07",
  "title": "Untitled Session",
  "mode": "hybrid"
}
[2025-11-19T03:06:48.147Z] INFO: Session completed
  Context: {
  "sessionId": "83db2a32-6a6d-4b83-8ff6-05b99cbfca07",
  "title": "Untitled Session",
  "totalThoughts": 1
}

[90mstdout[2m | tests/integration/error-handling.test.ts[2m > [22m[2mError Handling and Edge Cases[2m > [22m[2mEdge Cases - Large Data[2m > [22m[2mshould handle sessions with many thoughts[22m[39m
[2025-11-19T03:06:48.148Z] INFO: Session created
  Context: {
  "sessionId": "afb2586c-f1a9-4373-88ee-5b5321a6ee14",
  "title": "Untitled Session",
  "mode": "hybrid"
}
[2025-11-19T03:06:48.150Z] INFO: Session completed
  Context: {
  "sessionId": "afb2586c-f1a9-4373-88ee-5b5321a6ee14",
  "title": "Untitled Session",
  "totalThoughts": 100
}

[90mstdout[2m | tests/integration/error-handling.test.ts[2m > [22m[2mError Handling and Edge Cases[2m > [22m[2mEdge Cases - Large Data[2m > [22m[2mshould handle large dependency arrays[22m[39m
[2025-11-19T03:06:48.151Z] INFO: Session created
  Context: {
  "sessionId": "05391048-9f08-4353-8150-2b39c240b838",
  "title": "Untitled Session",
  "mode": "hybrid"
}
[2025-11-19T03:06:48.152Z] INFO: Session completed
  Context: {
  "sessionId": "05391048-9f08-4353-8150-2b39c240b838",
  "title": "Untitled Session",
  "totalThoughts": 1
}

[90mstdout[2m | tests/integration/error-handling.test.ts[2m > [22m[2mError Handling and Edge Cases[2m > [22m[2mError Recovery[2m > [22m[2mshould maintain session integrity even with lenient validation[22m[39m
[2025-11-19T03:06:48.153Z] INFO: Session created
  Context: {
  "sessionId": "036afef1-dee0-4b1c-acfc-83f1256b1f21",
  "title": "Untitled Session",
  "mode": "hybrid"
}
[2025-11-19T03:06:48.153Z] INFO: Session completed
  Context: {
  "sessionId": "036afef1-dee0-4b1c-acfc-83f1256b1f21",
  "title": "Untitled Session",
  "totalThoughts": 1
}
[2025-11-19T03:06:48.153Z] INFO: Session completed
  Context: {
  "sessionId": "036afef1-dee0-4b1c-acfc-83f1256b1f21",
  "title": "Untitled Session",
  "totalThoughts": 2
}

[90mstdout[2m | tests/integration/error-handling.test.ts[2m > [22m[2mError Handling and Edge Cases[2m > [22m[2mError Recovery[2m > [22m[2mshould allow mode switch even after adding invalid data[22m[39m
[2025-11-19T03:06:48.155Z] INFO: Session created
  Context: {
  "sessionId": "9ffad956-18e7-41a3-9039-103c4fe07e07",
  "title": "Untitled Session",
  "mode": "sequential"
}
[2025-11-19T03:06:48.155Z] INFO: Session completed
  Context: {
  "sessionId": "9ffad956-18e7-41a3-9039-103c4fe07e07",
  "title": "Untitled Session",
  "totalThoughts": 1
}
[2025-11-19T03:06:48.155Z] INFO: Session mode switched
  Context: {
  "sessionId": "9ffad956-18e7-41a3-9039-103c4fe07e07",
  "oldMode": "sequential",
  "newMode": "shannon"
}

[90mstdout[2m | tests/integration/error-handling.test.ts[2m > [22m[2mError Handling and Edge Cases[2m > [22m[2mSummary Generation Edge Cases[2m > [22m[2mshould generate summary for empty session[22m[39m
[2025-11-19T03:06:48.156Z] INFO: Session created
  Context: {
  "sessionId": "37cf1780-5e51-4882-bdfb-1d6b8ed8efdd",
  "title": "Empty Session",
  "mode": "hybrid"
}

[90mstdout[2m | tests/integration/error-handling.test.ts[2m > [22m[2mError Handling and Edge Cases[2m > [22m[2mSummary Generation Edge Cases[2m > [22m[2mshould generate summary for single thought session[22m[39m
[2025-11-19T03:06:48.157Z] INFO: Session created
  Context: {
  "sessionId": "f47ff9bd-f542-417c-911e-cf45204b9806",
  "title": "Single Thought",
  "mode": "hybrid"
}
[2025-11-19T03:06:48.157Z] INFO: Session completed
  Context: {
  "sessionId": "f47ff9bd-f542-417c-911e-cf45204b9806",
  "title": "Single Thought",
  "totalThoughts": 1
}

[90mstdout[2m | tests/integration/error-handling.test.ts[2m > [22m[2mError Handling and Edge Cases[2m > [22m[2mSummary Generation Edge Cases[2m > [22m[2mshould handle summary for session with very long thoughts[22m[39m
[2025-11-19T03:06:48.158Z] INFO: Session created
  Context: {
  "sessionId": "7513ea92-cad1-4aa5-bd11-b5a932735743",
  "title": "Untitled Session",
  "mode": "hybrid"
}
[2025-11-19T03:06:48.158Z] INFO: Session completed
  Context: {
  "sessionId": "7513ea92-cad1-4aa5-bd11-b5a932735743",
  "title": "Untitled Session",
  "totalThoughts": 1
}

[90mstdout[2m | tests/integration/error-handling.test.ts[2m > [22m[2mError Handling and Edge Cases[2m > [22m[2mConcurrent Session Management[2m > [22m[2mshould handle rapid session creation[22m[39m
[2025-11-19T03:06:48.160Z] INFO: Session created
  Context: {
  "sessionId": "c005ac96-6751-4db9-b62b-002983d9a032",
  "title": "Session 0",
  "mode": "hybrid"
}
[2025-11-19T03:06:48.160Z] INFO: Session created
  Context: {
  "sessionId": "70e5ca03-d3b9-4d8d-8136-8d9b49ad4bc0",
  "title": "Session 1",
  "mode": "hybrid"
}
[2025-11-19T03:06:48.160Z] INFO: Session created
  Context: {
  "sessionId": "ab94b224-2da5-4494-8ede-54f6abbfe91b",
  "title": "Session 2",
  "mode": "hybrid"
}
[2025-11-19T03:06:48.160Z] INFO: Session created
  Context: {
  "sessionId": "88eaba5b-9eac-4ff6-a528-5e2f150c6ade",
  "title": "Session 3",
  "mode": "hybrid"
}
[2025-11-19T03:06:48.160Z] INFO: Session created
  Context: {
  "sessionId": "2e942e14-b73b-41a7-a13e-8491acee33ae",
  "title": "Session 4",
  "mode": "hybrid"
}
[2025-11-19T03:06:48.160Z] INFO: Session created
  Context: {
  "sessionId": "efa12d37-126f-4adb-a12f-b549577ab542",
  "title": "Session 5",
  "mode": "hybrid"
}
[2025-11-19T03:06:48.160Z] INFO: Session created
  Context: {
  "sessionId": "c4c0a42c-aa01-401c-a39c-2dfbd2e3a3d0",
  "title": "Session 6",
  "mode": "hybrid"
}
[2025-11-19T03:06:48.160Z] INFO: Session created
  Context: {
  "sessionId": "9521c476-ff26-4db6-8999-19930cfb8c96",
  "title": "Session 7",
  "mode": "hybrid"
}
[2025-11-19T03:06:48.160Z] INFO: Session created
  Context: {
  "sessionId": "c2799f38-5f91-4352-b07d-be5c921394b2",
  "title": "Session 8",
  "mode": "hybrid"
}
[2025-11-19T03:06:48.161Z] INFO: Session created
  Context: {
  "sessionId": "ca0fd01f-7404-405d-a731-56fb76b47219",
  "title": "Session 9",
  "mode": "hybrid"
}

[90mstdout[2m | tests/integration/error-handling.test.ts[2m > [22m[2mError Handling and Edge Cases[2m > [22m[2mConcurrent Session Management[2m > [22m[2mshould handle concurrent thought additions to same session[22m[39m
[2025-11-19T03:06:48.162Z] INFO: Session created
  Context: {
  "sessionId": "89a27f06-42af-4db3-af68-a8282231edd8",
  "title": "Untitled Session",
  "mode": "hybrid"
}
[2025-11-19T03:06:48.162Z] INFO: Session completed
  Context: {
  "sessionId": "89a27f06-42af-4db3-af68-a8282231edd8",
  "title": "Untitled Session",
  "totalThoughts": 5
}

[90mstdout[2m | tests/integration/error-handling.test.ts[2m > [22m[2mError Handling and Edge Cases[2m > [22m[2mConcurrent Session Management[2m > [22m[2mshould maintain independence of multiple sessions[22m[39m
[2025-11-19T03:06:48.163Z] INFO: Session created
  Context: {
  "sessionId": "8526bac7-a39e-4c66-a062-cd8202b8d8b1",
  "title": "Session 1",
  "mode": "hybrid"
}
[2025-11-19T03:06:48.163Z] INFO: Session created
  Context: {
  "sessionId": "03903deb-e5b7-4d9e-8cff-f99c60a643f0",
  "title": "Session 2",
  "mode": "hybrid"
}
[2025-11-19T03:06:48.163Z] INFO: Session completed
  Context: {
  "sessionId": "8526bac7-a39e-4c66-a062-cd8202b8d8b1",
  "title": "Session 1",
  "totalThoughts": 1
}
[2025-11-19T03:06:48.163Z] INFO: Session completed
  Context: {
  "sessionId": "03903deb-e5b7-4d9e-8cff-f99c60a643f0",
  "title": "Session 2",
  "totalThoughts": 1
}

[90mstdout[2m | tests/integration/error-handling.test.ts[2m > [22m[2mError Handling and Edge Cases[2m > [22m[2mMode-Specific Edge Cases[2m > [22m[2mshould handle mathematics mode with missing optional fields[22m[39m
[2025-11-19T03:06:48.164Z] INFO: Session created
  Context: {
  "sessionId": "dd46781e-372d-4a4e-bb96-b3465113476b",
  "title": "Untitled Session",
  "mode": "mathematics"
}
[2025-11-19T03:06:48.164Z] INFO: Session completed
  Context: {
  "sessionId": "dd46781e-372d-4a4e-bb96-b3465113476b",
  "title": "Untitled Session",
  "totalThoughts": 1
}

[90mstdout[2m | tests/integration/error-handling.test.ts[2m > [22m[2mError Handling and Edge Cases[2m > [22m[2mMode-Specific Edge Cases[2m > [22m[2mshould handle Shannon mode without explicit stage[22m[39m
[2025-11-19T03:06:48.165Z] INFO: Session created
  Context: {
  "sessionId": "34869017-74d6-44bd-9811-a5c4041fe6c2",
  "title": "Untitled Session",
  "mode": "shannon"
}
[2025-11-19T03:06:48.165Z] INFO: Session completed
  Context: {
  "sessionId": "34869017-74d6-44bd-9811-a5c4041fe6c2",
  "title": "Untitled Session",
  "totalThoughts": 1
}

[90mstdout[2m | tests/integration/error-handling.test.ts[2m > [22m[2mError Handling and Edge Cases[2m > [22m[2mMode-Specific Edge Cases[2m > [22m[2mshould handle temporal mode with minimal event data[22m[39m
[2025-11-19T03:06:48.166Z] INFO: Session created
  Context: {
  "sessionId": "cbe0ce6f-a2ac-4c6c-8b75-3f6df160ede6",
  "title": "Untitled Session",
  "mode": "temporal"
}
[2025-11-19T03:06:48.166Z] INFO: Session completed
  Context: {
  "sessionId": "cbe0ce6f-a2ac-4c6c-8b75-3f6df160ede6",
  "title": "Untitled Session",
  "totalThoughts": 1
}

[90mstdout[2m | tests/unit/file-store.test.ts[2m > [22m[2mFileSessionStore[2m > [22m[2minitialization[2m > [22m[2mshould create necessary directories[22m[39m
[2025-11-19T03:06:48.188Z] INFO: FileSessionStore initialized
  Context: {
  "baseDir": "C:\\Users\\danie\\AppData\\Local\\Temp\\deepthinking-test-88f960f7-5249-44e3-a1cf-007f73317e1a",
  "config": {
    "autoSave": true,
    "autoSaveDelay": 1000,
    "enableCompression": false,
    "maxSessions": 1000,
    "maxSessionAge": 2592000000,
    "enableEncryption": false,
    "serialization": {
      "prettyPrint": false,
      "includeMetadata": true
    }
  }
}

[90mstdout[2m | tests/unit/file-store.test.ts[2m > [22m[2mFileSessionStore[2m > [22m[2minitialization[2m > [22m[2mshould create necessary directories[22m[39m
[2025-11-19T03:06:48.196Z] INFO: FileSessionStore closed

[90mstdout[2m | tests/unit/file-store.test.ts[2m > [22m[2mFileSessionStore[2m > [22m[2minitialization[2m > [22m[2mshould handle multiple initialization calls[22m[39m
[2025-11-19T03:06:48.206Z] INFO: FileSessionStore initialized
  Context: {
  "baseDir": "C:\\Users\\danie\\AppData\\Local\\Temp\\deepthinking-test-8df128c3-4c3e-4a9c-a0af-bca0b267d52b",
  "config": {
    "autoSave": true,
    "autoSaveDelay": 1000,
    "enableCompression": false,
    "maxSessions": 1000,
    "maxSessionAge": 2592000000,
    "enableEncryption": false,
    "serialization": {
      "prettyPrint": false,
      "includeMetadata": true
    }
  }
}
[2025-11-19T03:06:48.207Z] INFO: FileSessionStore closed

[90mstdout[2m | tests/unit/file-store.test.ts[2m > [22m[2mFileSessionStore[2m > [22m[2msaveSession[2m > [22m[2mshould save a session to disk[22m[39m
[2025-11-19T03:06:48.215Z] INFO: FileSessionStore initialized
  Context: {
  "baseDir": "C:\\Users\\danie\\AppData\\Local\\Temp\\deepthinking-test-b249831a-1ae8-4cec-b844-76239daf8ae8",
  "config": {
    "autoSave": true,
    "autoSaveDelay": 1000,
    "enableCompression": false,
    "maxSessions": 1000,
    "maxSessionAge": 2592000000,
    "enableEncryption": false,
    "serialization": {
      "prettyPrint": false,
      "includeMetadata": true
    }
  }
}

[90mstdout[2m | tests/unit/file-store.test.ts[2m > [22m[2mFileSessionStore[2m > [22m[2msaveSession[2m > [22m[2mshould save a session to disk[22m[39m
[2025-11-19T03:06:48.227Z] INFO: FileSessionStore closed

[90mstdout[2m | tests/unit/file-store.test.ts[2m > [22m[2mFileSessionStore[2m > [22m[2msaveSession[2m > [22m[2mshould save session with correct content[22m[39m
[2025-11-19T03:06:48.239Z] INFO: FileSessionStore initialized
  Context: {
  "baseDir": "C:\\Users\\danie\\AppData\\Local\\Temp\\deepthinking-test-00643f5a-5186-4899-8a5b-5656369a81d4",
  "config": {
    "autoSave": true,
    "autoSaveDelay": 1000,
    "enableCompression": false,
    "maxSessions": 1000,
    "maxSessionAge": 2592000000,
    "enableEncryption": false,
    "serialization": {
      "prettyPrint": false,
      "includeMetadata": true
    }
  }
}

[90mstdout[2m | tests/unit/file-store.test.ts[2m > [22m[2mFileSessionStore[2m > [22m[2msaveSession[2m > [22m[2mshould save session with correct content[22m[39m
[2025-11-19T03:06:48.249Z] INFO: FileSessionStore closed

[90mstdout[2m | tests/unit/file-store.test.ts[2m > [22m[2mFileSessionStore[2m > [22m[2msaveSession[2m > [22m[2mshould update metadata index[22m[39m
[2025-11-19T03:06:48.261Z] INFO: FileSessionStore initialized
  Context: {
  "baseDir": "C:\\Users\\danie\\AppData\\Local\\Temp\\deepthinking-test-996610be-664f-4934-9338-779176fe6f60",
  "config": {
    "autoSave": true,
    "autoSaveDelay": 1000,
    "enableCompression": false,
    "maxSessions": 1000,
    "maxSessionAge": 2592000000,
    "enableEncryption": false,
    "serialization": {
      "prettyPrint": false,
      "includeMetadata": true
    }
  }
}

[90mstdout[2m | tests/unit/file-store.test.ts[2m > [22m[2mFileSessionStore[2m > [22m[2msaveSession[2m > [22m[2mshould update metadata index[22m[39m
[2025-11-19T03:06:48.271Z] INFO: FileSessionStore closed

[90mstdout[2m | tests/unit/file-store.test.ts[2m > [22m[2mFileSessionStore[2m > [22m[2msaveSession[2m > [22m[2mshould overwrite existing session[22m[39m
[2025-11-19T03:06:48.283Z] INFO: FileSessionStore initialized
  Context: {
  "baseDir": "C:\\Users\\danie\\AppData\\Local\\Temp\\deepthinking-test-2f027d3c-6791-4b4b-9f44-29e9540025e8",
  "config": {
    "autoSave": true,
    "autoSaveDelay": 1000,
    "enableCompression": false,
    "maxSessions": 1000,
    "maxSessionAge": 2592000000,
    "enableEncryption": false,
    "serialization": {
      "prettyPrint": false,
      "includeMetadata": true
    }
  }
}

 [32m✓[39m tests/integration/session-workflow.test.ts [2m ([22m[2m7 tests[22m[2m)[22m[90m 39[2mms[22m[39m
[90mstdout[2m | tests/integration/session-workflow.test.ts[2m > [22m[2mSession Workflow Integration[2m > [22m[2mshould complete full sequential thinking workflow[22m[39m
[2025-11-19T03:06:48.255Z] INFO: Session created
  Context: {
  "sessionId": "1df42e2f-2721-4f0b-ae4d-46f468f5b0a1",
  "title": "Solve Prime Factorization Problem",
  "mode": "sequential"
}
[2025-11-19T03:06:48.266Z] INFO: Session completed
  Context: {
  "sessionId": "1df42e2f-2721-4f0b-ae4d-46f468f5b0a1",
  "title": "Solve Prime Factorization Problem",
  "totalThoughts": 5
}

[90mstdout[2m | tests/integration/session-workflow.test.ts[2m > [22m[2mSession Workflow Integration[2m > [22m[2mshould handle mathematics mode with validation[22m[39m
[2025-11-19T03:06:48.271Z] INFO: Session created
  Context: {
  "sessionId": "a12705ee-88fe-4a3d-8757-8695e40f7828",
  "title": "Prove Fundamental Theorem",
  "mode": "mathematics"
}
[2025-11-19T03:06:48.271Z] INFO: Session completed
  Context: {
  "sessionId": "a12705ee-88fe-4a3d-8757-8695e40f7828",
  "title": "Prove Fundamental Theorem",
  "totalThoughts": 3
}

[90mstdout[2m | tests/integration/session-workflow.test.ts[2m > [22m[2mSession Workflow Integration[2m > [22m[2mshould handle mode switching mid-session[22m[39m
[2025-11-19T03:06:48.273Z] INFO: Session created
  Context: {
  "sessionId": "1de3387b-a370-4a32-85a6-8d5ec236a11e",
  "title": "Problem Solving Session",
  "mode": "sequential"
}
[2025-11-19T03:06:48.274Z] INFO: Session mode switched
  Context: {
  "sessionId": "1de3387b-a370-4a32-85a6-8d5ec236a11e",
  "oldMode": "sequential",
  "newMode": "shannon",
  "reason": "Need more structure"
}
[2025-11-19T03:06:48.274Z] INFO: Session completed
  Context: {
  "sessionId": "1de3387b-a370-4a32-85a6-8d5ec236a11e",
  "title": "Problem Solving Session",
  "totalThoughts": 3
}

[90mstdout[2m | tests/integration/session-workflow.test.ts[2m > [22m[2mSession Workflow Integration[2m > [22m[2mshould track validation cache statistics[22m[39m
[2025-11-19T03:06:48.276Z] INFO: Session created
  Context: {
  "sessionId": "4fab3a43-b7b0-47be-b8ca-6504e241f435",
  "title": "Cache Test Session",
  "mode": "sequential"
}
[2025-11-19T03:06:48.277Z] INFO: Session completed
  Context: {
  "sessionId": "4fab3a43-b7b0-47be-b8ca-6504e241f435",
  "title": "Cache Test Session",
  "totalThoughts": 3
}

[90mstdout[2m | tests/integration/session-workflow.test.ts[2m > [22m[2mSession Workflow Integration[2m > [22m[2mshould handle multiple concurrent sessions[22m[39m
[2025-11-19T03:06:48.279Z] INFO: Session created
  Context: {
  "sessionId": "5a5f66f1-a646-4445-8e36-5401acd8e58b",
  "title": "Session 1",
  "mode": "sequential"
}
[2025-11-19T03:06:48.280Z] INFO: Session created
  Context: {
  "sessionId": "5ab05a18-435a-4b80-bc6d-eab85d4b4b1f",
  "title": "Session 2",
  "mode": "mathematics"
}
[2025-11-19T03:06:48.280Z] INFO: Session created
  Context: {
  "sessionId": "7d5f6825-5667-4d40-b31e-a219f22dfd15",
  "title": "Session 3",
  "mode": "shannon"
}
[2025-11-19T03:06:48.280Z] INFO: Session completed
  Context: {
  "sessionId": "5a5f66f1-a646-4445-8e36-5401acd8e58b",
  "title": "Session 1",
  "totalThoughts": 1
}
[2025-11-19T03:06:48.280Z] INFO: Session completed
  Context: {
  "sessionId": "5ab05a18-435a-4b80-bc6d-eab85d4b4b1f",
  "title": "Session 2",
  "totalThoughts": 1
}
[2025-11-19T03:06:48.280Z] INFO: Session completed
  Context: {
  "sessionId": "7d5f6825-5667-4d40-b31e-a219f22dfd15",
  "title": "Session 3",
  "totalThoughts": 1
}

[90mstdout[2m | tests/integration/session-workflow.test.ts[2m > [22m[2mSession Workflow Integration[2m > [22m[2mshould handle session deletion[22m[39m
[2025-11-19T03:06:48.282Z] INFO: Session created
  Context: {
  "sessionId": "ac0f0462-311c-4590-af03-0105cd0174a6",
  "title": "Temporary Session",
  "mode": "sequential"
}
[2025-11-19T03:06:48.283Z] INFO: Session completed
  Context: {
  "sessionId": "ac0f0462-311c-4590-af03-0105cd0174a6",
  "title": "Temporary Session",
  "totalThoughts": 1
}
[2025-11-19T03:06:48.283Z] INFO: Session deleted
  Context: {
  "sessionId": "ac0f0462-311c-4590-af03-0105cd0174a6",
  "title": "Temporary Session",
  "thoughtCount": 1
}

[90mstdout[2m | tests/integration/session-workflow.test.ts[2m > [22m[2mSession Workflow Integration[2m > [22m[2mshould maintain metrics accuracy across workflow[22m[39m
[2025-11-19T03:06:48.284Z] INFO: Session created
  Context: {
  "sessionId": "bbc022a5-5c2c-4110-bfa0-af85185f4449",
  "title": "Metrics Test",
  "mode": "sequential"
}
[2025-11-19T03:06:48.285Z] INFO: Session completed
  Context: {
  "sessionId": "bbc022a5-5c2c-4110-bfa0-af85185f4449",
  "title": "Metrics Test",
  "totalThoughts": 5
}

[90mstdout[2m | tests/unit/file-store.test.ts[2m > [22m[2mFileSessionStore[2m > [22m[2msaveSession[2m > [22m[2mshould overwrite existing session[22m[39m
[2025-11-19T03:06:48.301Z] INFO: FileSessionStore closed

[90mstdout[2m | tests/unit/file-store.test.ts[2m > [22m[2mFileSessionStore[2m > [22m[2mloadSession[2m > [22m[2mshould load an existing session[22m[39m
[2025-11-19T03:06:48.331Z] INFO: FileSessionStore initialized
  Context: {
  "baseDir": "C:\\Users\\danie\\AppData\\Local\\Temp\\deepthinking-test-c386571e-97f3-408c-af4b-bfaebd48200a",
  "config": {
    "autoSave": true,
    "autoSaveDelay": 1000,
    "enableCompression": false,
    "maxSessions": 1000,
    "maxSessionAge": 2592000000,
    "enableEncryption": false,
    "serialization": {
      "prettyPrint": false,
      "includeMetadata": true
    }
  }
}

[90mstdout[2m | tests/unit/file-store.test.ts[2m > [22m[2mFileSessionStore[2m > [22m[2mloadSession[2m > [22m[2mshould load an existing session[22m[39m
[2025-11-19T03:06:48.340Z] INFO: FileSessionStore closed

[90mstdout[2m | tests/unit/file-store.test.ts[2m > [22m[2mFileSessionStore[2m > [22m[2mloadSession[2m > [22m[2mshould return null for non-existent session[22m[39m
[2025-11-19T03:06:48.351Z] INFO: FileSessionStore initialized
  Context: {
  "baseDir": "C:\\Users\\danie\\AppData\\Local\\Temp\\deepthinking-test-57054f77-f132-4a06-a775-8d4f83692265",
  "config": {
    "autoSave": true,
    "autoSaveDelay": 1000,
    "enableCompression": false,
    "maxSessions": 1000,
    "maxSessionAge": 2592000000,
    "enableEncryption": false,
    "serialization": {
      "prettyPrint": false,
      "includeMetadata": true
    }
  }
}

[90mstdout[2m | tests/unit/file-store.test.ts[2m > [22m[2mFileSessionStore[2m > [22m[2mloadSession[2m > [22m[2mshould return null for non-existent session[22m[39m
[2025-11-19T03:06:48.352Z] INFO: FileSessionStore closed

[90mstdout[2m | tests/unit/file-store.test.ts[2m > [22m[2mFileSessionStore[2m > [22m[2mloadSession[2m > [22m[2mshould preserve Date objects[22m[39m
[2025-11-19T03:06:48.364Z] INFO: FileSessionStore initialized
  Context: {
  "baseDir": "C:\\Users\\danie\\AppData\\Local\\Temp\\deepthinking-test-a07d1c32-1ab4-4afa-92d7-33f21b5d0149",
  "config": {
    "autoSave": true,
    "autoSaveDelay": 1000,
    "enableCompression": false,
    "maxSessions": 1000,
    "maxSessionAge": 2592000000,
    "enableEncryption": false,
    "serialization": {
      "prettyPrint": false,
      "includeMetadata": true
    }
  }
}

[90mstdout[2m | tests/unit/file-store.test.ts[2m > [22m[2mFileSessionStore[2m > [22m[2mloadSession[2m > [22m[2mshould preserve Date objects[22m[39m
[2025-11-19T03:06:48.385Z] INFO: FileSessionStore closed

[90mstdout[2m | tests/unit/file-store.test.ts[2m > [22m[2mFileSessionStore[2m > [22m[2mloadSession[2m > [22m[2mshould preserve Map objects[22m[39m
[2025-11-19T03:06:48.395Z] INFO: FileSessionStore initialized
  Context: {
  "baseDir": "C:\\Users\\danie\\AppData\\Local\\Temp\\deepthinking-test-5a449e2c-e2da-4674-9ff4-302b477c5a7e",
  "config": {
    "autoSave": true,
    "autoSaveDelay": 1000,
    "enableCompression": false,
    "maxSessions": 1000,
    "maxSessionAge": 2592000000,
    "enableEncryption": false,
    "serialization": {
      "prettyPrint": false,
      "includeMetadata": true
    }
  }
}

[90mstdout[2m | tests/unit/file-store.test.ts[2m > [22m[2mFileSessionStore[2m > [22m[2mloadSession[2m > [22m[2mshould preserve Map objects[22m[39m
[2025-11-19T03:06:48.404Z] INFO: FileSessionStore closed

[90mstdout[2m | tests/unit/file-store.test.ts[2m > [22m[2mFileSessionStore[2m > [22m[2mdeleteSession[2m > [22m[2mshould delete an existing session[22m[39m
[2025-11-19T03:06:48.417Z] INFO: FileSessionStore initialized
  Context: {
  "baseDir": "C:\\Users\\danie\\AppData\\Local\\Temp\\deepthinking-test-dca162f7-0808-4883-a253-90454703a0d5",
  "config": {
    "autoSave": true,
    "autoSaveDelay": 1000,
    "enableCompression": false,
    "maxSessions": 1000,
    "maxSessionAge": 2592000000,
    "enableEncryption": false,
    "serialization": {
      "prettyPrint": false,
      "includeMetadata": true
    }
  }
}

[90mstdout[2m | tests/unit/file-store.test.ts[2m > [22m[2mFileSessionStore[2m > [22m[2mdeleteSession[2m > [22m[2mshould delete an existing session[22m[39m
[2025-11-19T03:06:48.440Z] INFO: Session deleted
  Context: {
  "sessionId": "fd3802be-c719-4a32-a5ed-b7a10aaf495d"
}

[90mstdout[2m | tests/unit/file-store.test.ts[2m > [22m[2mFileSessionStore[2m > [22m[2mdeleteSession[2m > [22m[2mshould delete an existing session[22m[39m
[2025-11-19T03:06:48.443Z] INFO: FileSessionStore closed

[90mstdout[2m | tests/unit/file-store.test.ts[2m > [22m[2mFileSessionStore[2m > [22m[2mdeleteSession[2m > [22m[2mshould return false for non-existent session[22m[39m
[2025-11-19T03:06:48.480Z] INFO: FileSessionStore initialized
  Context: {
  "baseDir": "C:\\Users\\danie\\AppData\\Local\\Temp\\deepthinking-test-f714f35f-8e37-4f57-ac02-e322ccb0f7a1",
  "config": {
    "autoSave": true,
    "autoSaveDelay": 1000,
    "enableCompression": false,
    "maxSessions": 1000,
    "maxSessionAge": 2592000000,
    "enableEncryption": false,
    "serialization": {
      "prettyPrint": false,
      "includeMetadata": true
    }
  }
}
[2025-11-19T03:06:48.482Z] INFO: FileSessionStore closed

[90mstdout[2m | tests/unit/file-store.test.ts[2m > [22m[2mFileSessionStore[2m > [22m[2mdeleteSession[2m > [22m[2mshould update metadata index after deletion[22m[39m
[2025-11-19T03:06:48.505Z] INFO: FileSessionStore initialized
  Context: {
  "baseDir": "C:\\Users\\danie\\AppData\\Local\\Temp\\deepthinking-test-41dd8a12-8fdc-47d6-92e0-a821e3e3679e",
  "config": {
    "autoSave": true,
    "autoSaveDelay": 1000,
    "enableCompression": false,
    "maxSessions": 1000,
    "maxSessionAge": 2592000000,
    "enableEncryption": false,
    "serialization": {
      "prettyPrint": false,
      "includeMetadata": true
    }
  }
}

[90mstdout[2m | tests/unit/file-store.test.ts[2m > [22m[2mFileSessionStore[2m > [22m[2mdeleteSession[2m > [22m[2mshould update metadata index after deletion[22m[39m
[2025-11-19T03:06:48.527Z] INFO: Session deleted
  Context: {
  "sessionId": "6267cd9f-3827-4d68-a004-f7c1bcaf6c9a"
}
[2025-11-19T03:06:48.528Z] INFO: FileSessionStore closed

[90mstdout[2m | tests/unit/file-store.test.ts[2m > [22m[2mFileSessionStore[2m > [22m[2mlistSessions[2m > [22m[2mshould list all sessions[22m[39m
[2025-11-19T03:06:48.590Z] INFO: FileSessionStore initialized
  Context: {
  "baseDir": "C:\\Users\\danie\\AppData\\Local\\Temp\\deepthinking-test-95d3be6c-b6cd-4bda-9fc2-d79fdbdd90c4",
  "config": {
    "autoSave": true,
    "autoSaveDelay": 1000,
    "enableCompression": false,
    "maxSessions": 1000,
    "maxSessionAge": 2592000000,
    "enableEncryption": false,
    "serialization": {
      "prettyPrint": false,
      "includeMetadata": true
    }
  }
}

[90mstdout[2m | tests/unit/file-store.test.ts[2m > [22m[2mFileSessionStore[2m > [22m[2mlistSessions[2m > [22m[2mshould list all sessions[22m[39m
[2025-11-19T03:06:48.644Z] INFO: FileSessionStore closed

[90mstdout[2m | tests/unit/file-store.test.ts[2m > [22m[2mFileSessionStore[2m > [22m[2mlistSessions[2m > [22m[2mshould return empty array when no sessions exist[22m[39m
[2025-11-19T03:06:48.679Z] INFO: FileSessionStore initialized
  Context: {
  "baseDir": "C:\\Users\\danie\\AppData\\Local\\Temp\\deepthinking-test-ee90b678-47cd-4eb1-b6cb-72d2bb2aee5d",
  "config": {
    "autoSave": true,
    "autoSaveDelay": 1000,
    "enableCompression": false,
    "maxSessions": 1000,
    "maxSessionAge": 2592000000,
    "enableEncryption": false,
    "serialization": {
      "prettyPrint": false,
      "includeMetadata": true
    }
  }
}
[2025-11-19T03:06:48.680Z] INFO: FileSessionStore closed

[90mstdout[2m | tests/unit/file-store.test.ts[2m > [22m[2mFileSessionStore[2m > [22m[2mlistSessions[2m > [22m[2mshould include correct metadata fields[22m[39m
[2025-11-19T03:06:48.690Z] INFO: FileSessionStore initialized
  Context: {
  "baseDir": "C:\\Users\\danie\\AppData\\Local\\Temp\\deepthinking-test-5c989845-fc29-40a7-b864-0959ba4ba5a7",
  "config": {
    "autoSave": true,
    "autoSaveDelay": 1000,
    "enableCompression": false,
    "maxSessions": 1000,
    "maxSessionAge": 2592000000,
    "enableEncryption": false,
    "serialization": {
      "prettyPrint": false,
      "includeMetadata": true
    }
  }
}

[90mstdout[2m | tests/unit/file-store.test.ts[2m > [22m[2mFileSessionStore[2m > [22m[2mlistSessions[2m > [22m[2mshould include correct metadata fields[22m[39m
[2025-11-19T03:06:48.705Z] INFO: FileSessionStore closed

[90mstdout[2m | tests/unit/file-store.test.ts[2m > [22m[2mFileSessionStore[2m > [22m[2mexists[2m > [22m[2mshould return true for existing session[22m[39m
[2025-11-19T03:06:48.780Z] INFO: FileSessionStore initialized
  Context: {
  "baseDir": "C:\\Users\\danie\\AppData\\Local\\Temp\\deepthinking-test-67f39ee8-7ace-4a14-9292-5688929e5aa5",
  "config": {
    "autoSave": true,
    "autoSaveDelay": 1000,
    "enableCompression": false,
    "maxSessions": 1000,
    "maxSessionAge": 2592000000,
    "enableEncryption": false,
    "serialization": {
      "prettyPrint": false,
      "includeMetadata": true
    }
  }
}

[90mstdout[2m | tests/unit/file-store.test.ts[2m > [22m[2mFileSessionStore[2m > [22m[2mexists[2m > [22m[2mshould return true for existing session[22m[39m
[2025-11-19T03:06:48.787Z] INFO: FileSessionStore closed

[90mstdout[2m | tests/unit/file-store.test.ts[2m > [22m[2mFileSessionStore[2m > [22m[2mexists[2m > [22m[2mshould return false for non-existent session[22m[39m
[2025-11-19T03:06:48.813Z] INFO: FileSessionStore initialized
  Context: {
  "baseDir": "C:\\Users\\danie\\AppData\\Local\\Temp\\deepthinking-test-bf0e1300-efaa-4f2f-a2b0-633badaab211",
  "config": {
    "autoSave": true,
    "autoSaveDelay": 1000,
    "enableCompression": false,
    "maxSessions": 1000,
    "maxSessionAge": 2592000000,
    "enableEncryption": false,
    "serialization": {
      "prettyPrint": false,
      "includeMetadata": true
    }
  }
}
[2025-11-19T03:06:48.814Z] INFO: FileSessionStore closed

[90mstdout[2m | tests/unit/file-store.test.ts[2m > [22m[2mFileSessionStore[2m > [22m[2mgetStats[2m > [22m[2mshould return storage statistics[22m[39m
[2025-11-19T03:06:48.848Z] INFO: FileSessionStore initialized
  Context: {
  "baseDir": "C:\\Users\\danie\\AppData\\Local\\Temp\\deepthinking-test-b3e5c143-9b8a-4cd4-a143-3a443ed8920f",
  "config": {
    "autoSave": true,
    "autoSaveDelay": 1000,
    "enableCompression": false,
    "maxSessions": 1000,
    "maxSessionAge": 2592000000,
    "enableEncryption": false,
    "serialization": {
      "prettyPrint": false,
      "includeMetadata": true
    }
  }
}

[90mstdout[2m | tests/unit/file-store.test.ts[2m > [22m[2mFileSessionStore[2m > [22m[2mgetStats[2m > [22m[2mshould return storage statistics[22m[39m
[2025-11-19T03:06:48.871Z] INFO: FileSessionStore closed

[90mstdout[2m | tests/unit/file-store.test.ts[2m > [22m[2mFileSessionStore[2m > [22m[2mgetStats[2m > [22m[2mshould calculate total thoughts correctly[22m[39m
[2025-11-19T03:06:48.883Z] INFO: FileSessionStore initialized
  Context: {
  "baseDir": "C:\\Users\\danie\\AppData\\Local\\Temp\\deepthinking-test-91d5edaa-f7fb-4231-9339-41e626881a04",
  "config": {
    "autoSave": true,
    "autoSaveDelay": 1000,
    "enableCompression": false,
    "maxSessions": 1000,
    "maxSessionAge": 2592000000,
    "enableEncryption": false,
    "serialization": {
      "prettyPrint": false,
      "includeMetadata": true
    }
  }
}

[90mstdout[2m | tests/unit/file-store.test.ts[2m > [22m[2mFileSessionStore[2m > [22m[2mgetStats[2m > [22m[2mshould calculate total thoughts correctly[22m[39m
[2025-11-19T03:06:48.896Z] INFO: FileSessionStore closed

[90mstdout[2m | tests/unit/file-store.test.ts[2m > [22m[2mFileSessionStore[2m > [22m[2mgetStats[2m > [22m[2mshould identify storage health status[22m[39m
[2025-11-19T03:06:48.906Z] INFO: FileSessionStore initialized
  Context: {
  "baseDir": "C:\\Users\\danie\\AppData\\Local\\Temp\\deepthinking-test-6a3f488d-e66c-4245-876b-018691ebed6a",
  "config": {
    "autoSave": true,
    "autoSaveDelay": 1000,
    "enableCompression": false,
    "maxSessions": 1000,
    "maxSessionAge": 2592000000,
    "enableEncryption": false,
    "serialization": {
      "prettyPrint": false,
      "includeMetadata": true
    }
  }
}

[90mstdout[2m | tests/unit/file-store.test.ts[2m > [22m[2mFileSessionStore[2m > [22m[2mgetStats[2m > [22m[2mshould identify storage health status[22m[39m
[2025-11-19T03:06:48.909Z] INFO: FileSessionStore initialized
  Context: {
  "baseDir": "C:\\Users\\danie\\AppData\\Local\\Temp\\deepthinking-test-6a3f488d-e66c-4245-876b-018691ebed6a",
  "config": {
    "autoSave": true,
    "autoSaveDelay": 1000,
    "enableCompression": false,
    "maxSessions": 10,
    "maxSessionAge": 2592000000,
    "enableEncryption": false,
    "serialization": {
      "prettyPrint": false,
      "includeMetadata": true
    }
  }
}

[90mstdout[2m | tests/unit/file-store.test.ts[2m > [22m[2mFileSessionStore[2m > [22m[2mgetStats[2m > [22m[2mshould identify storage health status[22m[39m
[2025-11-19T03:06:48.982Z] INFO: FileSessionStore closed
[2025-11-19T03:06:48.982Z] INFO: FileSessionStore closed

[90mstdout[2m | tests/unit/file-store.test.ts[2m > [22m[2mFileSessionStore[2m > [22m[2mcleanup[2m > [22m[2mshould clean up old sessions[22m[39m
[2025-11-19T03:06:48.995Z] INFO: FileSessionStore initialized
  Context: {
  "baseDir": "C:\\Users\\danie\\AppData\\Local\\Temp\\deepthinking-test-4f6dbd5a-6129-4346-b14f-aee86ac079d0",
  "config": {
    "autoSave": true,
    "autoSaveDelay": 1000,
    "enableCompression": false,
    "maxSessions": 1000,
    "maxSessionAge": 2592000000,
    "enableEncryption": false,
    "serialization": {
      "prettyPrint": false,
      "includeMetadata": true
    }
  }
}

[90mstdout[2m | tests/unit/file-store.test.ts[2m > [22m[2mFileSessionStore[2m > [22m[2mcleanup[2m > [22m[2mshould clean up old sessions[22m[39m
[2025-11-19T03:06:49.011Z] INFO: Session deleted
  Context: {
  "sessionId": "4adfba20-b363-4348-bb0b-88d7de620a2b"
}
[2025-11-19T03:06:49.011Z] INFO: Cleanup completed
  Context: {
  "cleanedCount": 1,
  "maxAgeMs": 604800000,
  "remaining": 1
}
[2025-11-19T03:06:49.012Z] INFO: FileSessionStore closed

[90mstdout[2m | tests/unit/file-store.test.ts[2m > [22m[2mFileSessionStore[2m > [22m[2mcleanup[2m > [22m[2mshould return 0 when no sessions need cleanup[22m[39m
[2025-11-19T03:06:49.027Z] INFO: FileSessionStore initialized
  Context: {
  "baseDir": "C:\\Users\\danie\\AppData\\Local\\Temp\\deepthinking-test-5b75af61-d141-4120-baff-c18c6fe842b0",
  "config": {
    "autoSave": true,
    "autoSaveDelay": 1000,
    "enableCompression": false,
    "maxSessions": 1000,
    "maxSessionAge": 2592000000,
    "enableEncryption": false,
    "serialization": {
      "prettyPrint": false,
      "includeMetadata": true
    }
  }
}

[90mstdout[2m | tests/unit/file-store.test.ts[2m > [22m[2mFileSessionStore[2m > [22m[2mcleanup[2m > [22m[2mshould return 0 when no sessions need cleanup[22m[39m
[2025-11-19T03:06:49.034Z] INFO: FileSessionStore closed

[90mstdout[2m | tests/unit/file-store.test.ts[2m > [22m[2mFileSessionStore[2m > [22m[2mconcurrent operations[2m > [22m[2mshould handle concurrent saves[22m[39m
[2025-11-19T03:06:49.044Z] INFO: FileSessionStore initialized
  Context: {
  "baseDir": "C:\\Users\\danie\\AppData\\Local\\Temp\\deepthinking-test-df1edf36-333e-4eeb-b088-c9911d9681e4",
  "config": {
    "autoSave": true,
    "autoSaveDelay": 1000,
    "enableCompression": false,
    "maxSessions": 1000,
    "maxSessionAge": 2592000000,
    "enableEncryption": false,
    "serialization": {
      "prettyPrint": false,
      "includeMetadata": true
    }
  }
}

[90mstdout[2m | tests/unit/file-store.test.ts[2m > [22m[2mFileSessionStore[2m > [22m[2mconcurrent operations[2m > [22m[2mshould handle concurrent saves[22m[39m
[2025-11-19T03:06:49.059Z] INFO: FileSessionStore closed

[90mstdout[2m | tests/unit/file-store.test.ts[2m > [22m[2mFileSessionStore[2m > [22m[2mconcurrent operations[2m > [22m[2mshould handle concurrent reads[22m[39m
[2025-11-19T03:06:49.071Z] INFO: FileSessionStore initialized
  Context: {
  "baseDir": "C:\\Users\\danie\\AppData\\Local\\Temp\\deepthinking-test-54b3d6f1-cb20-4dbd-b37d-dc02f0b3f1a0",
  "config": {
    "autoSave": true,
    "autoSaveDelay": 1000,
    "enableCompression": false,
    "maxSessions": 1000,
    "maxSessionAge": 2592000000,
    "enableEncryption": false,
    "serialization": {
      "prettyPrint": false,
      "includeMetadata": true
    }
  }
}

[90mstdout[2m | tests/unit/file-store.test.ts[2m > [22m[2mFileSessionStore[2m > [22m[2mconcurrent operations[2m > [22m[2mshould handle concurrent reads[22m[39m
[2025-11-19T03:06:49.083Z] INFO: FileSessionStore closed

[90mstdout[2m | tests/unit/file-store.test.ts[2m > [22m[2mFileSessionStore[2m > [22m[2merror handling[2m > [22m[2mshould handle invalid session data gracefully[22m[39m
[2025-11-19T03:06:49.097Z] INFO: FileSessionStore initialized
  Context: {
  "baseDir": "C:\\Users\\danie\\AppData\\Local\\Temp\\deepthinking-test-7630ba6b-a104-4c9b-8f53-8bacdbb64995",
  "config": {
    "autoSave": true,
    "autoSaveDelay": 1000,
    "enableCompression": false,
    "maxSessions": 1000,
    "maxSessionAge": 2592000000,
    "enableEncryption": false,
    "serialization": {
      "prettyPrint": false,
      "includeMetadata": true
    }
  }
}

[90mstderr[2m | tests/unit/file-store.test.ts[2m > [22m[2mFileSessionStore[2m > [22m[2merror handling[2m > [22m[2mshould handle invalid session data gracefully[22m[39m
[2025-11-19T03:06:49.114Z] ERROR: Failed to load session
  Error: undefined

[90mstdout[2m | tests/unit/file-store.test.ts[2m > [22m[2mFileSessionStore[2m > [22m[2merror handling[2m > [22m[2mshould handle invalid session data gracefully[22m[39m
[2025-11-19T03:06:49.115Z] INFO: FileSessionStore closed

[90mstdout[2m | tests/unit/file-store.test.ts[2m > [22m[2mFileSessionStore[2m > [22m[2merror handling[2m > [22m[2mshould handle operations before initialization[22m[39m
[2025-11-19T03:06:49.137Z] INFO: FileSessionStore initialized
  Context: {
  "baseDir": "C:\\Users\\danie\\AppData\\Local\\Temp\\deepthinking-test-a7fc8e10-b8ab-4b5e-92d6-6e2ad8ce2ed1",
  "config": {
    "autoSave": true,
    "autoSaveDelay": 1000,
    "enableCompression": false,
    "maxSessions": 1000,
    "maxSessionAge": 2592000000,
    "enableEncryption": false,
    "serialization": {
      "prettyPrint": false,
      "includeMetadata": true
    }
  }
}

[90mstdout[2m | tests/unit/file-store.test.ts[2m > [22m[2mFileSessionStore[2m > [22m[2merror handling[2m > [22m[2mshould handle operations before initialization[22m[39m
[2025-11-19T03:06:49.146Z] INFO: FileSessionStore initialized
  Context: {
  "baseDir": "C:\\Users\\danie\\AppData\\Local\\Temp\\deepthinking-test-a7fc8e10-b8ab-4b5e-92d6-6e2ad8ce2ed1",
  "config": {
    "autoSave": true,
    "autoSaveDelay": 1000,
    "enableCompression": false,
    "maxSessions": 1000,
    "maxSessionAge": 2592000000,
    "enableEncryption": false,
    "serialization": {
      "prettyPrint": false,
      "includeMetadata": true
    }
  }
}

[90mstdout[2m | tests/unit/file-store.test.ts[2m > [22m[2mFileSessionStore[2m > [22m[2merror handling[2m > [22m[2mshould handle operations before initialization[22m[39m
[2025-11-19T03:06:49.155Z] INFO: FileSessionStore closed
[2025-11-19T03:06:49.155Z] INFO: FileSessionStore closed

 [32m✓[39m tests/unit/file-store.test.ts [2m ([22m[2m27 tests[22m[2m)[22m[33m 985[2mms[22m[39m
 [32m✓[39m tests/integration/mcp-compliance.test.ts [2m ([22m[2m21 tests[22m[2m)[22m[90m 49[2mms[22m[39m
 [32m✓[39m tests/unit/visual.test.ts [2m ([22m[2m13 tests[22m[2m)[22m[90m 25[2mms[22m[39m
 [32m✓[39m tests/unit/abductive.test.ts [2m ([22m[2m10 tests[22m[2m)[22m[90m 17[2mms[22m[39m
 [32m✓[39m tests/unit/causal.test.ts [2m ([22m[2m10 tests[22m[2m)[22m[90m 24[2mms[22m[39m
 [32m✓[39m tests/unit/counterfactual.test.ts [2m ([22m[2m8 tests[22m[2m)[22m[90m 28[2mms[22m[39m
 [32m✓[39m tests/unit/bayesian.test.ts [2m ([22m[2m10 tests[22m[2m)[22m[90m 31[2mms[22m[39m
 [32m✓[39m tests/unit/sanitization.test.ts [2m ([22m[2m26 tests[22m[2m)[22m[90m 33[2mms[22m[39m
 [32m✓[39m tests/unit/session-manager.test.ts [2m ([22m[2m16 tests[22m[2m)[22m[90m 50[2mms[22m[39m
[90mstdout[2m | tests/unit/session-manager.test.ts[2m > [22m[2mSessionManager[2m > [22m[2mcreateSession[2m > [22m[2mshould create a new session with default values[22m[39m
[2025-11-19T03:06:50.870Z] INFO: Session created
  Context: {
  "sessionId": "751423c2-ed38-48fb-a9e5-dd3b461e34c5",
  "title": "Untitled Session",
  "mode": "hybrid"
}

[90mstdout[2m | tests/unit/session-manager.test.ts[2m > [22m[2mSessionManager[2m > [22m[2mcreateSession[2m > [22m[2mshould create a session with custom options[22m[39m
[2025-11-19T03:06:50.883Z] INFO: Session created
  Context: {
  "sessionId": "14691ac4-9b66-4107-a56a-acb50bb73460",
  "title": "My Problem",
  "mode": "mathematics",
  "domain": "number_theory",
  "author": "Test User"
}

[90mstdout[2m | tests/unit/session-manager.test.ts[2m > [22m[2mSessionManager[2m > [22m[2mcreateSession[2m > [22m[2mshould initialize metrics correctly[22m[39m
[2025-11-19T03:06:50.884Z] INFO: Session created
  Context: {
  "sessionId": "2b7cb726-89ce-4237-b6ab-693a382c3654",
  "title": "Untitled Session",
  "mode": "hybrid"
}

[90mstdout[2m | tests/unit/session-manager.test.ts[2m > [22m[2mSessionManager[2m > [22m[2mgetSession[2m > [22m[2mshould retrieve an existing session[22m[39m
[2025-11-19T03:06:50.887Z] INFO: Session created
  Context: {
  "sessionId": "dba31137-f9cb-4f36-a0a3-222553e3fc60",
  "title": "Test Session",
  "mode": "hybrid"
}

[90mstdout[2m | tests/unit/session-manager.test.ts[2m > [22m[2mSessionManager[2m > [22m[2maddThought[2m > [22m[2mshould add a sequential thought to session[22m[39m
[2025-11-19T03:06:50.889Z] INFO: Session created
  Context: {
  "sessionId": "26ef42fd-d975-499e-9edc-89e3c17eb440",
  "title": "Untitled Session",
  "mode": "sequential"
}

[90mstdout[2m | tests/unit/session-manager.test.ts[2m > [22m[2mSessionManager[2m > [22m[2maddThought[2m > [22m[2mshould mark session as complete when nextThoughtNeeded is false[22m[39m
[2025-11-19T03:06:50.893Z] INFO: Session created
  Context: {
  "sessionId": "23c65b90-80f0-41db-a6ec-669da751be3c",
  "title": "Untitled Session",
  "mode": "hybrid"
}
[2025-11-19T03:06:50.893Z] INFO: Session completed
  Context: {
  "sessionId": "23c65b90-80f0-41db-a6ec-669da751be3c",
  "title": "Untitled Session",
  "totalThoughts": 1
}

[90mstdout[2m | tests/unit/session-manager.test.ts[2m > [22m[2mSessionManager[2m > [22m[2maddThought[2m > [22m[2mshould track revisions in metrics[22m[39m
[2025-11-19T03:06:50.894Z] INFO: Session created
  Context: {
  "sessionId": "72c4bbd8-bf27-45d5-8932-9db3b5c70a8a",
  "title": "Untitled Session",
  "mode": "hybrid"
}

[90mstdout[2m | tests/unit/session-manager.test.ts[2m > [22m[2mSessionManager[2m > [22m[2maddThought[2m > [22m[2mshould calculate average uncertainty for Shannon thoughts[22m[39m
[2025-11-19T03:06:50.896Z] INFO: Session created
  Context: {
  "sessionId": "5f20256d-9ef6-4c46-af37-ab48a6420243",
  "title": "Untitled Session",
  "mode": "shannon"
}

[90mstderr[2m | tests/unit/session-manager.test.ts[2m > [22m[2mSessionManager[2m > [22m[2maddThought[2m > [22m[2mshould throw error for non-existent session[22m[39m
[2025-11-19T03:06:50.898Z] ERROR: Session not found
  Context: {
  "sessionId": "00000000-0000-4000-8000-000000000000"
}

[90mstdout[2m | tests/unit/session-manager.test.ts[2m > [22m[2mSessionManager[2m > [22m[2mswitchMode[2m > [22m[2mshould switch session mode[22m[39m
[2025-11-19T03:06:50.903Z] INFO: Session created
  Context: {
  "sessionId": "52bb1ffa-a6ac-44ef-88c1-54fc1a53524f",
  "title": "Untitled Session",
  "mode": "sequential"
}
[2025-11-19T03:06:50.904Z] INFO: Session mode switched
  Context: {
  "sessionId": "52bb1ffa-a6ac-44ef-88c1-54fc1a53524f",
  "oldMode": "sequential",
  "newMode": "shannon",
  "reason": "Need systematic approach"
}

[90mstderr[2m | tests/unit/session-manager.test.ts[2m > [22m[2mSessionManager[2m > [22m[2mswitchMode[2m > [22m[2mshould throw error for non-existent session[22m[39m
[2025-11-19T03:06:50.905Z] ERROR: Session not found
  Context: {
  "sessionId": "00000000-0000-4000-8000-000000000000"
}

[90mstdout[2m | tests/unit/session-manager.test.ts[2m > [22m[2mSessionManager[2m > [22m[2mlistSessions[2m > [22m[2mshould list all sessions[22m[39m
[2025-11-19T03:06:50.907Z] INFO: Session created
  Context: {
  "sessionId": "4c600857-73ba-479d-b45d-18138698f12a",
  "title": "Session 1",
  "mode": "hybrid"
}
[2025-11-19T03:06:50.907Z] INFO: Session created
  Context: {
  "sessionId": "000c2363-51ed-4ead-97e7-7766d4188df7",
  "title": "Session 2",
  "mode": "hybrid"
}
[2025-11-19T03:06:50.907Z] INFO: Session created
  Context: {
  "sessionId": "357fc026-2ab2-43b1-ad8e-455290485697",
  "title": "Session 3",
  "mode": "hybrid"
}

[90mstdout[2m | tests/unit/session-manager.test.ts[2m > [22m[2mSessionManager[2m > [22m[2mdeleteSession[2m > [22m[2mshould delete a session[22m[39m
[2025-11-19T03:06:50.911Z] INFO: Session created
  Context: {
  "sessionId": "75ffc919-cc92-4b97-8630-c01fa814e5b4",
  "title": "Untitled Session",
  "mode": "hybrid"
}
[2025-11-19T03:06:50.912Z] INFO: Session deleted
  Context: {
  "sessionId": "75ffc919-cc92-4b97-8630-c01fa814e5b4",
  "title": "Untitled Session",
  "thoughtCount": 0
}

[90mstdout[2m | tests/unit/session-manager.test.ts[2m > [22m[2mSessionManager[2m > [22m[2mgenerateSummary[2m > [22m[2mshould generate a summary of session[22m[39m
[2025-11-19T03:06:50.913Z] INFO: Session created
  Context: {
  "sessionId": "20cbf7cf-fe8b-4e85-8c73-08a8dff41d4d",
  "title": "Test Problem",
  "mode": "hybrid"
}
[2025-11-19T03:06:50.913Z] INFO: Session completed
  Context: {
  "sessionId": "20cbf7cf-fe8b-4e85-8c73-08a8dff41d4d",
  "title": "Test Problem",
  "totalThoughts": 1
}

 [32m✓[39m tests/benchmarks/metrics-performance.test.ts [2m ([22m[2m2 tests[22m[2m)[22m[90m 37[2mms[22m[39m
[90mstdout[2m | tests/benchmarks/metrics-performance.test.ts[2m > [22m[2mMetrics Performance Benchmark[2m > [22m[2mshould show performance improvement with incremental calculation[22m[39m
[2025-11-19T03:06:50.890Z] INFO: Session created
  Context: {
  "sessionId": "f242f85b-5d75-4dc7-91ca-750ddd391785",
  "title": "Performance Test",
  "mode": "sequential"
}

📊 Benchmark: Adding 1000 thoughts with uncertainty tracking
[2025-11-19T03:06:50.904Z] INFO: Session completed
  Context: {
  "sessionId": "f242f85b-5d75-4dc7-91ca-750ddd391785",
  "title": "Performance Test",
  "totalThoughts": 1000
}
✅ Total time: 11.57ms
✅ Average time per thought: 0.0116ms
✅ Expected average uncertainty: 0.488094
✅ Actual average uncertainty: 0.488094
✅ Accuracy verified: PASS

🎯 Performance: EXCELLENT

[90mstdout[2m | tests/benchmarks/metrics-performance.test.ts[2m > [22m[2mMetrics Performance Benchmark[2m > [22m[2mshould maintain O(1) complexity regardless of session size[22m[39m

📈 Complexity Analysis: Testing O(1) behavior
[2025-11-19T03:06:50.910Z] INFO: Session created
  Context: {
  "sessionId": "1db4e69c-e044-4fcb-b56e-3fda5959b18b",
  "title": "Test Session 100",
  "mode": "sequential"
}
[2025-11-19T03:06:50.912Z] INFO: Session completed
  Context: {
  "sessionId": "1db4e69c-e044-4fcb-b56e-3fda5959b18b",
  "title": "Test Session 100",
  "totalThoughts": 100
}
  Session size 100: 0.0185ms per thought
[2025-11-19T03:06:50.912Z] INFO: Session created
  Context: {
  "sessionId": "bf45bf7f-b259-4e20-bb2f-1b0b581a0d66",
  "title": "Test Session 500",
  "mode": "sequential"
}
[2025-11-19T03:06:50.914Z] INFO: Session completed
  Context: {
  "sessionId": "bf45bf7f-b259-4e20-bb2f-1b0b581a0d66",
  "title": "Test Session 500",
  "totalThoughts": 500
}
  Session size 500: 0.0053ms per thought
[2025-11-19T03:06:50.914Z] INFO: Session created
  Context: {
  "sessionId": "ed357933-33cc-493d-962f-a43f09bd0762",
  "title": "Test Session 1000",
  "mode": "sequential"
}
[2025-11-19T03:06:50.918Z] INFO: Session completed
  Context: {
  "sessionId": "ed357933-33cc-493d-962f-a43f09bd0762",
  "title": "Test Session 1000",
  "totalThoughts": 1000
}
  Session size 1000: 0.0068ms per thought

  Min: 0.0053ms, Max: 0.0185ms, Overall Ratio: 3.50x
  Ratio (500 vs 1000): 1.30x
  Complexity: O(1) ✅

 [32m✓[39m tests/benchmarks/validation-performance.test.ts [2m ([22m[2m3 tests[22m[2m)[22m[90m 58[2mms[22m[39m
[90mstdout[2m | tests/benchmarks/validation-performance.test.ts[2m > [22m[2mValidation Performance Benchmark[2m > [22m[2mshould show significant performance improvement for cache hits[22m[39m

📊 Validation Cache Benchmark: Testing cache performance

🔴 First validation (cache miss):
   Time: 3.4446ms
   Valid: true
   Confidence: 0.70

🟢 Second validation (cache hit):
   Time: 0.2276ms
   Valid: true
   Confidence: 0.70

📈 Performance Analysis:
   Cache miss time: 3.4446ms
   Cache hit time: 0.2276ms
   Speedup: 15.13x
   Hit rate: 50.0%

🎯 Result: EXCELLENT (≥10x)

[90mstdout[2m | tests/benchmarks/validation-performance.test.ts[2m > [22m[2mValidation Performance Benchmark[2m > [22m[2mshould maintain O(1) lookup complexity regardless of cache size[22m[39m

📈 Complexity Analysis: Testing O(1) cache lookup
   Cache size 10: 0.0299ms per lookup
   Cache size 50: 0.0415ms per lookup
   Cache size 100: 0.0243ms per lookup

   Min: 0.0243ms, Max: 0.0415ms, Ratio: 1.71x
   Complexity: O(1) ✅

[90mstdout[2m | tests/benchmarks/validation-performance.test.ts[2m > [22m[2mValidation Performance Benchmark[2m > [22m[2mshould handle high cache hit rates efficiently[22m[39m

📊 High-Volume Test: Simulating realistic usage patterns
   Running 100 validations (5 unique thoughts, repeated pattern)...

📈 Results:
   Total validations: 100
   Cache misses: 5 (avg 0.2411ms)
   Cache hits: 95 (avg 0.1400ms)
   Average speedup: 1.72x
   Hit rate: 95.0%
   Cache size: 5/1000

🎯 Overall Performance: ACCEPTABLE

 [32m✓[39m tests/unit/errors.test.ts [2m ([22m[2m13 tests[22m[2m)[22m[90m 39[2mms[22m[39m
 [32m✓[39m tests/unit/logger.test.ts [2m ([22m[2m11 tests[22m[2m)[22m[90m 19[2mms[22m[39m

[2m Test Files [22m [1m[32m24 passed[39m[22m[90m (24)[39m
[2m      Tests [22m [1m[32m397 passed[39m[22m[90m (397)[39m
[2m   Start at [22m 22:06:44
[2m   Duration [22m 7.24s[2m (transform 3.65s, setup 12ms, collect 9.96s, tests 1.91s, environment 19ms, prepare 14.57s)[22m


[1m[7m[32m PASS [39m[27m[22m[32m Waiting for file changes...[39m
       [2mpress [22m[1mh[22m[2m to show help[22m[2m, [22m[2mpress [22m[1mq[22m[2m to quit[22m
[3Jc
[7m[1m[34m RERUN [39m[22m[27m[2m package.json[22m

[90mstdout[2m | tests/integration/index-handlers.test.ts[2m > [22m[2mIndex.ts Handler Functions[2m > [22m[2mHandler Functions[2m > [22m[2mhandleAddThought()[2m > [22m[2mshould create new session if sessionId not provided[22m[39m
[2025-11-19T03:20:37.081Z] INFO: Session created
  Context: {
  "sessionId": "3dd2910c-0dc6-4f21-b617-57b13030e428",
  "title": "Test Session",
  "mode": "sequential"
}

[90mstdout[2m | tests/integration/index-handlers.test.ts[2m > [22m[2mIndex.ts Handler Functions[2m > [22m[2mHandler Functions[2m > [22m[2mhandleAddThought()[2m > [22m[2mshould add thought to existing session[22m[39m
[2025-11-19T03:20:37.085Z] INFO: Session created
  Context: {
  "sessionId": "13ba4e83-c192-4f7c-9324-8d7af5fdee0e",
  "title": "Test Session",
  "mode": "sequential"
}

[90mstdout[2m | tests/integration/index-handlers.test.ts[2m > [22m[2mIndex.ts Handler Functions[2m > [22m[2mHandler Functions[2m > [22m[2mhandleAddThought()[2m > [22m[2mshould handle all 13 modes in add_thought[22m[39m
[2025-11-19T03:20:37.089Z] INFO: Session created
  Context: {
  "sessionId": "d7c36902-a9bc-42d0-81e3-75ee65492546",
  "title": "Test sequential",
  "mode": "sequential"
}
[2025-11-19T03:20:37.090Z] INFO: Session completed
  Context: {
  "sessionId": "d7c36902-a9bc-42d0-81e3-75ee65492546",
  "title": "Test sequential",
  "totalThoughts": 1
}
[2025-11-19T03:20:37.091Z] INFO: Session created
  Context: {
  "sessionId": "1eb0cc11-7612-491d-8e0f-1766d566e981",
  "title": "Test shannon",
  "mode": "shannon"
}
[2025-11-19T03:20:37.091Z] INFO: Session completed
  Context: {
  "sessionId": "1eb0cc11-7612-491d-8e0f-1766d566e981",
  "title": "Test shannon",
  "totalThoughts": 1
}
[2025-11-19T03:20:37.092Z] INFO: Session created
  Context: {
  "sessionId": "beb717dc-adcb-44bc-8335-7340d92d4290",
  "title": "Test mathematics",
  "mode": "mathematics"
}
[2025-11-19T03:20:37.092Z] INFO: Session completed
  Context: {
  "sessionId": "beb717dc-adcb-44bc-8335-7340d92d4290",
  "title": "Test mathematics",
  "totalThoughts": 1
}
[2025-11-19T03:20:37.093Z] INFO: Session created
  Context: {
  "sessionId": "346cd2a0-ca43-4da0-95d8-00b74eadb3fd",
  "title": "Test physics",
  "mode": "physics"
}
[2025-11-19T03:20:37.093Z] INFO: Session completed
  Context: {
  "sessionId": "346cd2a0-ca43-4da0-95d8-00b74eadb3fd",
  "title": "Test physics",
  "totalThoughts": 1
}
[2025-11-19T03:20:37.094Z] INFO: Session created
  Context: {
  "sessionId": "df42330f-2041-4a5e-b4bf-156eb26ded0d",
  "title": "Test hybrid",
  "mode": "hybrid"
}
[2025-11-19T03:20:37.094Z] INFO: Session completed
  Context: {
  "sessionId": "df42330f-2041-4a5e-b4bf-156eb26ded0d",
  "title": "Test hybrid",
  "totalThoughts": 1
}
[2025-11-19T03:20:37.095Z] INFO: Session created
  Context: {
  "sessionId": "c23495c6-2b9c-4b35-98ca-6fe06965417d",
  "title": "Test abductive",
  "mode": "abductive"
}
[2025-11-19T03:20:37.095Z] INFO: Session completed
  Context: {
  "sessionId": "c23495c6-2b9c-4b35-98ca-6fe06965417d",
  "title": "Test abductive",
  "totalThoughts": 1
}
[2025-11-19T03:20:37.095Z] INFO: Session created
  Context: {
  "sessionId": "734d443b-3045-4b26-a581-eef1af3fe731",
  "title": "Test causal",
  "mode": "causal"
}
[2025-11-19T03:20:37.096Z] INFO: Session completed
  Context: {
  "sessionId": "734d443b-3045-4b26-a581-eef1af3fe731",
  "title": "Test causal",
  "totalThoughts": 1
}
[2025-11-19T03:20:37.096Z] INFO: Session created
  Context: {
  "sessionId": "35d7b17e-4232-482b-835b-4491d5faa6f6",
  "title": "Test bayesian",
  "mode": "bayesian"
}
[2025-11-19T03:20:37.097Z] INFO: Session completed
  Context: {
  "sessionId": "35d7b17e-4232-482b-835b-4491d5faa6f6",
  "title": "Test bayesian",
  "totalThoughts": 1
}
[2025-11-19T03:20:37.097Z] INFO: Session created
  Context: {
  "sessionId": "9e71993e-66db-4de2-a918-a19f97a10c79",
  "title": "Test counterfactual",
  "mode": "counterfactual"
}
[2025-11-19T03:20:37.098Z] INFO: Session completed
  Context: {
  "sessionId": "9e71993e-66db-4de2-a918-a19f97a10c79",
  "title": "Test counterfactual",
  "totalThoughts": 1
}
[2025-11-19T03:20:37.102Z] INFO: Session created
  Context: {
  "sessionId": "b2ab09a3-f4e6-4843-b620-273037d0896a",
  "title": "Test analogical",
  "mode": "analogical"
}
[2025-11-19T03:20:37.102Z] INFO: Session completed
  Context: {
  "sessionId": "b2ab09a3-f4e6-4843-b620-273037d0896a",
  "title": "Test analogical",
  "totalThoughts": 1
}
[2025-11-19T03:20:37.103Z] INFO: Session created
  Context: {
  "sessionId": "e938b60e-9f74-4935-8931-f5c4862b216a",
  "title": "Test temporal",
  "mode": "temporal"
}
[2025-11-19T03:20:37.103Z] INFO: Session completed
  Context: {
  "sessionId": "e938b60e-9f74-4935-8931-f5c4862b216a",
  "title": "Test temporal",
  "totalThoughts": 1
}
[2025-11-19T03:20:37.104Z] INFO: Session created
  Context: {
  "sessionId": "3de8c796-fb4c-4670-b74a-b1590e11612e",
  "title": "Test gametheory",
  "mode": "gametheory"
}
[2025-11-19T03:20:37.104Z] INFO: Session completed
  Context: {
  "sessionId": "3de8c796-fb4c-4670-b74a-b1590e11612e",
  "title": "Test gametheory",
  "totalThoughts": 1
}
[2025-11-19T03:20:37.105Z] INFO: Session created
  Context: {
  "sessionId": "45155264-948f-44e9-979b-a072c979351b",
  "title": "Test evidential",
  "mode": "evidential"
}
[2025-11-19T03:20:37.105Z] INFO: Session completed
  Context: {
  "sessionId": "45155264-948f-44e9-979b-a072c979351b",
  "title": "Test evidential",
  "totalThoughts": 1
}

[90mstdout[2m | tests/integration/index-handlers.test.ts[2m > [22m[2mIndex.ts Handler Functions[2m > [22m[2mHandler Functions[2m > [22m[2mhandleSummarize()[2m > [22m[2mshould generate summary for session with thoughts[22m[39m
[2025-11-19T03:20:37.111Z] INFO: Session created
  Context: {
  "sessionId": "912f0f7c-db72-464f-b4f2-3cc43bf3d9d0",
  "title": "Test Session",
  "mode": "sequential"
}

[90mstdout[2m | tests/integration/index-handlers.test.ts[2m > [22m[2mIndex.ts Handler Functions[2m > [22m[2mHandler Functions[2m > [22m[2mhandleSummarize()[2m > [22m[2mshould generate summary for empty session[22m[39m
[2025-11-19T03:20:37.118Z] INFO: Session created
  Context: {
  "sessionId": "99cd33da-63bc-4907-88be-ee0d6ae4ad30",
  "title": "Empty Session",
  "mode": "sequential"
}

[90mstdout[2m | tests/integration/index-handlers.test.ts[2m > [22m[2mIndex.ts Handler Functions[2m > [22m[2mHandler Functions[2m > [22m[2mhandleSwitchMode()[2m > [22m[2mshould switch mode successfully[22m[39m
[2025-11-19T03:20:37.121Z] INFO: Session created
  Context: {
  "sessionId": "e31f47cb-4259-4f8e-8ed4-7ce68c631e60",
  "title": "Test Session",
  "mode": "sequential"
}
[2025-11-19T03:20:37.121Z] INFO: Session mode switched
  Context: {
  "sessionId": "e31f47cb-4259-4f8e-8ed4-7ce68c631e60",
  "oldMode": "sequential",
  "newMode": "shannon",
  "reason": "User requested mode switch"
}

[90mstdout[2m | tests/integration/index-handlers.test.ts[2m > [22m[2mIndex.ts Handler Functions[2m > [22m[2mHandler Functions[2m > [22m[2mhandleSwitchMode()[2m > [22m[2mshould switch between all 13 modes[22m[39m
[2025-11-19T03:20:37.122Z] INFO: Session created
  Context: {
  "sessionId": "32cd79b5-7b34-4886-becd-dbdef80b8d27",
  "title": "Multi-mode Session",
  "mode": "hybrid"
}
[2025-11-19T03:20:37.122Z] INFO: Session mode switched
  Context: {
  "sessionId": "32cd79b5-7b34-4886-becd-dbdef80b8d27",
  "oldMode": "hybrid",
  "newMode": "sequential",
  "reason": "Switching to sequential"
}
[2025-11-19T03:20:37.123Z] INFO: Session mode switched
  Context: {
  "sessionId": "32cd79b5-7b34-4886-becd-dbdef80b8d27",
  "oldMode": "sequential",
  "newMode": "shannon",
  "reason": "Switching to shannon"
}
[2025-11-19T03:20:37.123Z] INFO: Session mode switched
  Context: {
  "sessionId": "32cd79b5-7b34-4886-becd-dbdef80b8d27",
  "oldMode": "shannon",
  "newMode": "mathematics",
  "reason": "Switching to mathematics"
}
[2025-11-19T03:20:37.123Z] INFO: Session mode switched
  Context: {
  "sessionId": "32cd79b5-7b34-4886-becd-dbdef80b8d27",
  "oldMode": "mathematics",
  "newMode": "physics",
  "reason": "Switching to physics"
}
[2025-11-19T03:20:37.124Z] INFO: Session mode switched
  Context: {
  "sessionId": "32cd79b5-7b34-4886-becd-dbdef80b8d27",
  "oldMode": "physics",
  "newMode": "abductive",
  "reason": "Switching to abductive"
}
[2025-11-19T03:20:37.127Z] INFO: Session mode switched
  Context: {
  "sessionId": "32cd79b5-7b34-4886-becd-dbdef80b8d27",
  "oldMode": "abductive",
  "newMode": "causal",
  "reason": "Switching to causal"
}
[2025-11-19T03:20:37.127Z] INFO: Session mode switched
  Context: {
  "sessionId": "32cd79b5-7b34-4886-becd-dbdef80b8d27",
  "oldMode": "causal",
  "newMode": "bayesian",
  "reason": "Switching to bayesian"
}
[2025-11-19T03:20:37.128Z] INFO: Session mode switched
  Context: {
  "sessionId": "32cd79b5-7b34-4886-becd-dbdef80b8d27",
  "oldMode": "bayesian",
  "newMode": "counterfactual",
  "reason": "Switching to counterfactual"
}
[2025-11-19T03:20:37.128Z] INFO: Session mode switched
  Context: {
  "sessionId": "32cd79b5-7b34-4886-becd-dbdef80b8d27",
  "oldMode": "counterfactual",
  "newMode": "analogical",
  "reason": "Switching to analogical"
}
[2025-11-19T03:20:37.128Z] INFO: Session mode switched
  Context: {
  "sessionId": "32cd79b5-7b34-4886-becd-dbdef80b8d27",
  "oldMode": "analogical",
  "newMode": "temporal",
  "reason": "Switching to temporal"
}
[2025-11-19T03:20:37.128Z] INFO: Session mode switched
  Context: {
  "sessionId": "32cd79b5-7b34-4886-becd-dbdef80b8d27",
  "oldMode": "temporal",
  "newMode": "gametheory",
  "reason": "Switching to gametheory"
}
[2025-11-19T03:20:37.129Z] INFO: Session mode switched
  Context: {
  "sessionId": "32cd79b5-7b34-4886-becd-dbdef80b8d27",
  "oldMode": "gametheory",
  "newMode": "evidential",
  "reason": "Switching to evidential"
}
[2025-11-19T03:20:37.129Z] INFO: Session mode switched
  Context: {
  "sessionId": "32cd79b5-7b34-4886-becd-dbdef80b8d27",
  "oldMode": "evidential",
  "newMode": "hybrid",
  "reason": "Switching to hybrid"
}

[90mstdout[2m | tests/integration/index-handlers.test.ts[2m > [22m[2mIndex.ts Handler Functions[2m > [22m[2mHandler Functions[2m > [22m[2mhandleGetSession()[2m > [22m[2mshould retrieve session with all properties[22m[39m
[2025-11-19T03:20:37.139Z] INFO: Session created
  Context: {
  "sessionId": "af6e9c63-95a1-400b-8e06-8e90172a3439",
  "title": "Test Session",
  "mode": "sequential"
}

[90mstdout[2m | tests/integration/index-handlers.test.ts[2m > [22m[2mIndex.ts Handler Functions[2m > [22m[2mHandler Functions[2m > [22m[2mhandleGetSession()[2m > [22m[2mshould retrieve session with thoughts[22m[39m
[2025-11-19T03:20:37.140Z] INFO: Session created
  Context: {
  "sessionId": "7c051a57-828d-427a-b0b7-d3624346bcfd",
  "title": "Session with Thoughts",
  "mode": "sequential"
}
[2025-11-19T03:20:37.140Z] INFO: Session completed
  Context: {
  "sessionId": "7c051a57-828d-427a-b0b7-d3624346bcfd",
  "title": "Session with Thoughts",
  "totalThoughts": 1
}

[90mstdout[2m | tests/integration/index-handlers.test.ts[2m > [22m[2mIndex.ts Handler Functions[2m > [22m[2mHandler Functions[2m > [22m[2mhandleExport()[2m > [22m[2mshould export session in JSON format[22m[39m
[2025-11-19T03:20:37.141Z] INFO: Session created
  Context: {
  "sessionId": "c0b619b3-756f-4acb-871a-9c74f7dea8f5",
  "title": "Export Test",
  "mode": "sequential"
}
[2025-11-19T03:20:37.141Z] INFO: Session completed
  Context: {
  "sessionId": "c0b619b3-756f-4acb-871a-9c74f7dea8f5",
  "title": "Export Test",
  "totalThoughts": 1
}

 [32m✓[39m tests/integration/index-handlers.test.ts [2m ([22m[2m33 tests[22m[2m)[22m[90m 124[2mms[22m[39m
[90mstderr[2m | tests/integration/error-handling.test.ts[2m > [22m[2mError Handling and Edge Cases[2m > [22m[2mInvalid Session Operations[2m > [22m[2mshould throw error for non-existent session ID[22m[39m
[2025-11-19T03:20:37.215Z] ERROR: Session not found
  Context: {
  "sessionId": "00000000-0000-4000-8000-000000000000"
}

[90mstdout[2m | tests/integration/error-handling.test.ts[2m > [22m[2mError Handling and Edge Cases[2m > [22m[2mInvalid Session Operations[2m > [22m[2mshould handle session deletion idempotently[22m[39m
[2025-11-19T03:20:37.230Z] INFO: Session created
  Context: {
  "sessionId": "96e562ce-ff6f-4c6d-978f-1790d0619f56",
  "title": "Test",
  "mode": "hybrid"
}
[2025-11-19T03:20:37.231Z] INFO: Session deleted
  Context: {
  "sessionId": "96e562ce-ff6f-4c6d-978f-1790d0619f56",
  "title": "Test",
  "thoughtCount": 0
}

[90mstderr[2m | tests/integration/error-handling.test.ts[2m > [22m[2mError Handling and Edge Cases[2m > [22m[2mInvalid Session Operations[2m > [22m[2mshould handle session deletion idempotently[22m[39m
[2025-11-19T03:20:37.232Z] WARN: Attempted to delete non-existent session from memory
  Context: {
  "sessionId": "96e562ce-ff6f-4c6d-978f-1790d0619f56"
}

[90mstdout[2m | tests/integration/error-handling.test.ts[2m > [22m[2mError Handling and Edge Cases[2m > [22m[2mValidation Errors[2m > [22m[2mshould accept thoughts with missing fields (lenient validation)[22m[39m
[2025-11-19T03:20:37.234Z] INFO: Session created
  Context: {
  "sessionId": "511ec544-dad0-41ac-8d65-8fa84836c1de",
  "title": "Untitled Session",
  "mode": "hybrid"
}
[2025-11-19T03:20:37.236Z] INFO: Session completed
  Context: {
  "sessionId": "511ec544-dad0-41ac-8d65-8fa84836c1de",
  "title": "Untitled Session",
  "totalThoughts": 1
}

[90mstdout[2m | tests/integration/error-handling.test.ts[2m > [22m[2mError Handling and Edge Cases[2m > [22m[2mValidation Errors[2m > [22m[2mshould accept invalid uncertainty values (lenient validation)[22m[39m
[2025-11-19T03:20:37.238Z] INFO: Session created
  Context: {
  "sessionId": "ed079a8e-ccb0-4772-9277-ce66c28a89fa",
  "title": "Untitled Session",
  "mode": "hybrid"
}
[2025-11-19T03:20:37.238Z] INFO: Session completed
  Context: {
  "sessionId": "ed079a8e-ccb0-4772-9277-ce66c28a89fa",
  "title": "Untitled Session",
  "totalThoughts": 1
}

[90mstdout[2m | tests/integration/error-handling.test.ts[2m > [22m[2mError Handling and Edge Cases[2m > [22m[2mValidation Errors[2m > [22m[2mshould accept negative thought numbers (lenient validation)[22m[39m
[2025-11-19T03:20:37.246Z] INFO: Session created
  Context: {
  "sessionId": "f3cfcb15-87d5-4abf-a3a1-3143cc044843",
  "title": "Untitled Session",
  "mode": "hybrid"
}
[2025-11-19T03:20:37.246Z] INFO: Session completed
  Context: {
  "sessionId": "f3cfcb15-87d5-4abf-a3a1-3143cc044843",
  "title": "Untitled Session",
  "totalThoughts": 1
}

[90mstdout[2m | tests/integration/error-handling.test.ts[2m > [22m[2mError Handling and Edge Cases[2m > [22m[2mValidation Errors[2m > [22m[2mshould accept zero thought numbers (lenient validation)[22m[39m
[2025-11-19T03:20:37.248Z] INFO: Session created
  Context: {
  "sessionId": "441e2434-86be-47f3-8ce4-f6109ed7ab4a",
  "title": "Untitled Session",
  "mode": "hybrid"
}
[2025-11-19T03:20:37.248Z] INFO: Session completed
  Context: {
  "sessionId": "441e2434-86be-47f3-8ce4-f6109ed7ab4a",
  "title": "Untitled Session",
  "totalThoughts": 1
}

[90mstdout[2m | tests/integration/error-handling.test.ts[2m > [22m[2mError Handling and Edge Cases[2m > [22m[2mValidation Errors[2m > [22m[2mshould accept invalid mode values (lenient validation)[22m[39m
[2025-11-19T03:20:37.250Z] INFO: Session created
  Context: {
  "sessionId": "2c9f053d-39d2-4dbd-9919-43f80cf6cdc7",
  "title": "Untitled Session",
  "mode": "invalid_mode"
}

[90mstdout[2m | tests/integration/error-handling.test.ts[2m > [22m[2mError Handling and Edge Cases[2m > [22m[2mValidation Errors[2m > [22m[2mshould accept invalid Shannon stage (lenient validation)[22m[39m
[2025-11-19T03:20:37.252Z] INFO: Session created
  Context: {
  "sessionId": "c30ef445-abc1-40a2-998f-5d11d3ca2fa0",
  "title": "Untitled Session",
  "mode": "shannon"
}
[2025-11-19T03:20:37.252Z] INFO: Session completed
  Context: {
  "sessionId": "c30ef445-abc1-40a2-998f-5d11d3ca2fa0",
  "title": "Untitled Session",
  "totalThoughts": 1
}

[90mstdout[2m | tests/integration/error-handling.test.ts[2m > [22m[2mError Handling and Edge Cases[2m > [22m[2mBoundary Conditions[2m > [22m[2mshould handle uncertainty = 0 (perfect certainty)[22m[39m
[2025-11-19T03:20:37.254Z] INFO: Session created
  Context: {
  "sessionId": "ff5f143e-cafa-4c46-9b73-691ff7c138bf",
  "title": "Untitled Session",
  "mode": "hybrid"
}
[2025-11-19T03:20:37.254Z] INFO: Session completed
  Context: {
  "sessionId": "ff5f143e-cafa-4c46-9b73-691ff7c138bf",
  "title": "Untitled Session",
  "totalThoughts": 1
}

[90mstdout[2m | tests/integration/error-handling.test.ts[2m > [22m[2mError Handling and Edge Cases[2m > [22m[2mBoundary Conditions[2m > [22m[2mshould handle uncertainty = 1 (complete uncertainty)[22m[39m
[2025-11-19T03:20:37.255Z] INFO: Session created
  Context: {
  "sessionId": "90f37d54-28a8-43e4-aa55-fade5775353b",
  "title": "Untitled Session",
  "mode": "hybrid"
}
[2025-11-19T03:20:37.256Z] INFO: Session completed
  Context: {
  "sessionId": "90f37d54-28a8-43e4-aa55-fade5775353b",
  "title": "Untitled Session",
  "totalThoughts": 1
}

[90mstdout[2m | tests/integration/error-handling.test.ts[2m > [22m[2mError Handling and Edge Cases[2m > [22m[2mBoundary Conditions[2m > [22m[2mshould handle very large thoughtNumber[22m[39m
[2025-11-19T03:20:37.256Z] INFO: Session created
  Context: {
  "sessionId": "58f8f69a-6097-4b1f-b4f6-4c58a3233084",
  "title": "Untitled Session",
  "mode": "hybrid"
}
[2025-11-19T03:20:37.257Z] INFO: Session completed
  Context: {
  "sessionId": "58f8f69a-6097-4b1f-b4f6-4c58a3233084",
  "title": "Untitled Session",
  "totalThoughts": 1
}

[90mstdout[2m | tests/integration/error-handling.test.ts[2m > [22m[2mError Handling and Edge Cases[2m > [22m[2mBoundary Conditions[2m > [22m[2mshould handle totalThoughts = thoughtNumber (single thought)[22m[39m
[2025-11-19T03:20:37.258Z] INFO: Session created
  Context: {
  "sessionId": "e49de5ac-4214-4c5b-b4d9-9f72aaaaa00c",
  "title": "Untitled Session",
  "mode": "hybrid"
}
[2025-11-19T03:20:37.258Z] INFO: Session completed
  Context: {
  "sessionId": "e49de5ac-4214-4c5b-b4d9-9f72aaaaa00c",
  "title": "Untitled Session",
  "totalThoughts": 1
}

[90mstdout[2m | tests/integration/error-handling.test.ts[2m > [22m[2mError Handling and Edge Cases[2m > [22m[2mEdge Cases - Empty Data[2m > [22m[2mshould handle empty thought content[22m[39m
[2025-11-19T03:20:37.263Z] INFO: Session created
  Context: {
  "sessionId": "b9e4bd83-a93f-4db1-a47c-1b83949d19c4",
  "title": "Untitled Session",
  "mode": "hybrid"
}
[2025-11-19T03:20:37.263Z] INFO: Session completed
  Context: {
  "sessionId": "b9e4bd83-a93f-4db1-a47c-1b83949d19c4",
  "title": "Untitled Session",
  "totalThoughts": 1
}

[90mstdout[2m | tests/integration/error-handling.test.ts[2m > [22m[2mError Handling and Edge Cases[2m > [22m[2mEdge Cases - Empty Data[2m > [22m[2mshould handle empty session title with default[22m[39m
[2025-11-19T03:20:37.264Z] INFO: Session created
  Context: {
  "sessionId": "ca80d9be-d61e-42a2-bdb7-f39db2755148",
  "title": "Untitled Session",
  "mode": "hybrid"
}

[90mstdout[2m | tests/integration/error-handling.test.ts[2m > [22m[2mError Handling and Edge Cases[2m > [22m[2mEdge Cases - Empty Data[2m > [22m[2mshould handle empty arrays for optional fields[22m[39m
[2025-11-19T03:20:37.265Z] INFO: Session created
  Context: {
  "sessionId": "de6aa9a3-258d-4d8e-8980-701c3435720b",
  "title": "Untitled Session",
  "mode": "hybrid"
}
[2025-11-19T03:20:37.265Z] INFO: Session completed
  Context: {
  "sessionId": "de6aa9a3-258d-4d8e-8980-701c3435720b",
  "title": "Untitled Session",
  "totalThoughts": 1
}

[90mstdout[2m | tests/integration/error-handling.test.ts[2m > [22m[2mError Handling and Edge Cases[2m > [22m[2mEdge Cases - Empty Data[2m > [22m[2mshould handle session with no thoughts[22m[39m
[2025-11-19T03:20:37.266Z] INFO: Session created
  Context: {
  "sessionId": "8ad10528-30c2-4f1f-9e20-4d2d950c1417",
  "title": "Untitled Session",
  "mode": "hybrid"
}

[90mstdout[2m | tests/integration/error-handling.test.ts[2m > [22m[2mError Handling and Edge Cases[2m > [22m[2mEdge Cases - Special Characters[2m > [22m[2mshould handle Unicode characters in thought content[22m[39m
[2025-11-19T03:20:37.268Z] INFO: Session created
  Context: {
  "sessionId": "237ade4d-ec16-44f2-aa7d-856496bfd0cf",
  "title": "Untitled Session",
  "mode": "hybrid"
}
[2025-11-19T03:20:37.268Z] INFO: Session completed
  Context: {
  "sessionId": "237ade4d-ec16-44f2-aa7d-856496bfd0cf",
  "title": "Untitled Session",
  "totalThoughts": 1
}

[90mstdout[2m | tests/integration/error-handling.test.ts[2m > [22m[2mError Handling and Edge Cases[2m > [22m[2mEdge Cases - Special Characters[2m > [22m[2mshould handle special characters in session title[22m[39m
[2025-11-19T03:20:37.269Z] INFO: Session created
  Context: {
  "sessionId": "89888ade-60de-46e1-8575-c7d94ab49ac4",
  "title": "<script>alert(\"xss\")</script>",
  "mode": "hybrid"
}

[90mstdout[2m | tests/integration/error-handling.test.ts[2m > [22m[2mError Handling and Edge Cases[2m > [22m[2mEdge Cases - Special Characters[2m > [22m[2mshould handle LaTeX with special characters[22m[39m
[2025-11-19T03:20:37.271Z] INFO: Session created
  Context: {
  "sessionId": "dadd544e-2a5c-44d2-9286-af74afdace67",
  "title": "Untitled Session",
  "mode": "mathematics"
}
[2025-11-19T03:20:37.271Z] INFO: Session completed
  Context: {
  "sessionId": "dadd544e-2a5c-44d2-9286-af74afdace67",
  "title": "Untitled Session",
  "totalThoughts": 1
}

[90mstdout[2m | tests/integration/error-handling.test.ts[2m > [22m[2mError Handling and Edge Cases[2m > [22m[2mEdge Cases - Special Characters[2m > [22m[2mshould handle newlines and tabs in thought content[22m[39m
[2025-11-19T03:20:37.273Z] INFO: Session created
  Context: {
  "sessionId": "c8b77ca8-72bc-4ec8-84d6-edc12e1bb995",
  "title": "Untitled Session",
  "mode": "hybrid"
}
[2025-11-19T03:20:37.273Z] INFO: Session completed
  Context: {
  "sessionId": "c8b77ca8-72bc-4ec8-84d6-edc12e1bb995",
  "title": "Untitled Session",
  "totalThoughts": 1
}

[90mstdout[2m | tests/integration/error-handling.test.ts[2m > [22m[2mError Handling and Edge Cases[2m > [22m[2mEdge Cases - Large Data[2m > [22m[2mshould handle very long thought content[22m[39m
[2025-11-19T03:20:37.275Z] INFO: Session created
  Context: {
  "sessionId": "d6b3971a-ac97-445d-a809-89e4b6a6f25c",
  "title": "Untitled Session",
  "mode": "hybrid"
}
[2025-11-19T03:20:37.276Z] INFO: Session completed
  Context: {
  "sessionId": "d6b3971a-ac97-445d-a809-89e4b6a6f25c",
  "title": "Untitled Session",
  "totalThoughts": 1
}

[90mstdout[2m | tests/integration/error-handling.test.ts[2m > [22m[2mError Handling and Edge Cases[2m > [22m[2mEdge Cases - Large Data[2m > [22m[2mshould handle sessions with many thoughts[22m[39m
[2025-11-19T03:20:37.277Z] INFO: Session created
  Context: {
  "sessionId": "14ac3bb6-d7a3-447b-8aa8-de169763fb51",
  "title": "Untitled Session",
  "mode": "hybrid"
}
[2025-11-19T03:20:37.280Z] INFO: Session completed
  Context: {
  "sessionId": "14ac3bb6-d7a3-447b-8aa8-de169763fb51",
  "title": "Untitled Session",
  "totalThoughts": 100
}

[90mstdout[2m | tests/integration/error-handling.test.ts[2m > [22m[2mError Handling and Edge Cases[2m > [22m[2mEdge Cases - Large Data[2m > [22m[2mshould handle large dependency arrays[22m[39m
[2025-11-19T03:20:37.283Z] INFO: Session created
  Context: {
  "sessionId": "c47048a2-b1c7-4e9d-b920-265d01830e4b",
  "title": "Untitled Session",
  "mode": "hybrid"
}
[2025-11-19T03:20:37.283Z] INFO: Session completed
  Context: {
  "sessionId": "c47048a2-b1c7-4e9d-b920-265d01830e4b",
  "title": "Untitled Session",
  "totalThoughts": 1
}

[90mstdout[2m | tests/integration/error-handling.test.ts[2m > [22m[2mError Handling and Edge Cases[2m > [22m[2mError Recovery[2m > [22m[2mshould maintain session integrity even with lenient validation[22m[39m
[2025-11-19T03:20:37.292Z] INFO: Session created
  Context: {
  "sessionId": "f358c168-4950-4bd8-8684-b12c6420410b",
  "title": "Untitled Session",
  "mode": "hybrid"
}
[2025-11-19T03:20:37.292Z] INFO: Session completed
  Context: {
  "sessionId": "f358c168-4950-4bd8-8684-b12c6420410b",
  "title": "Untitled Session",
  "totalThoughts": 1
}
[2025-11-19T03:20:37.293Z] INFO: Session completed
  Context: {
  "sessionId": "f358c168-4950-4bd8-8684-b12c6420410b",
  "title": "Untitled Session",
  "totalThoughts": 2
}

[90mstdout[2m | tests/integration/error-handling.test.ts[2m > [22m[2mError Handling and Edge Cases[2m > [22m[2mError Recovery[2m > [22m[2mshould allow mode switch even after adding invalid data[22m[39m
[2025-11-19T03:20:37.294Z] INFO: Session created
  Context: {
  "sessionId": "8b99b530-3fef-433f-8cf3-c90c0d1b226b",
  "title": "Untitled Session",
  "mode": "sequential"
}
[2025-11-19T03:20:37.294Z] INFO: Session completed
  Context: {
  "sessionId": "8b99b530-3fef-433f-8cf3-c90c0d1b226b",
  "title": "Untitled Session",
  "totalThoughts": 1
}
[2025-11-19T03:20:37.295Z] INFO: Session mode switched
  Context: {
  "sessionId": "8b99b530-3fef-433f-8cf3-c90c0d1b226b",
  "oldMode": "sequential",
  "newMode": "shannon"
}

[90mstdout[2m | tests/integration/error-handling.test.ts[2m > [22m[2mError Handling and Edge Cases[2m > [22m[2mSummary Generation Edge Cases[2m > [22m[2mshould generate summary for empty session[22m[39m
[2025-11-19T03:20:37.296Z] INFO: Session created
  Context: {
  "sessionId": "d334b5a3-e6f6-4e0a-88f4-fb35199fa934",
  "title": "Empty Session",
  "mode": "hybrid"
}

[90mstdout[2m | tests/integration/error-handling.test.ts[2m > [22m[2mError Handling and Edge Cases[2m > [22m[2mSummary Generation Edge Cases[2m > [22m[2mshould generate summary for single thought session[22m[39m
[2025-11-19T03:20:37.297Z] INFO: Session created
  Context: {
  "sessionId": "4de0ce58-34af-4b76-8c68-e306a04409ab",
  "title": "Single Thought",
  "mode": "hybrid"
}
[2025-11-19T03:20:37.299Z] INFO: Session completed
  Context: {
  "sessionId": "4de0ce58-34af-4b76-8c68-e306a04409ab",
  "title": "Single Thought",
  "totalThoughts": 1
}

[90mstdout[2m | tests/integration/error-handling.test.ts[2m > [22m[2mError Handling and Edge Cases[2m > [22m[2mSummary Generation Edge Cases[2m > [22m[2mshould handle summary for session with very long thoughts[22m[39m
[2025-11-19T03:20:37.300Z] INFO: Session created
  Context: {
  "sessionId": "fa075aee-86b8-47c6-808b-37aae5ddc2d9",
  "title": "Untitled Session",
  "mode": "hybrid"
}
[2025-11-19T03:20:37.300Z] INFO: Session completed
  Context: {
  "sessionId": "fa075aee-86b8-47c6-808b-37aae5ddc2d9",
  "title": "Untitled Session",
  "totalThoughts": 1
}

[90mstdout[2m | tests/integration/error-handling.test.ts[2m > [22m[2mError Handling and Edge Cases[2m > [22m[2mConcurrent Session Management[2m > [22m[2mshould handle rapid session creation[22m[39m
[2025-11-19T03:20:37.302Z] INFO: Session created
  Context: {
  "sessionId": "029814ae-fbe0-46b9-ae8a-db04920d1c17",
  "title": "Session 0",
  "mode": "hybrid"
}
[2025-11-19T03:20:37.302Z] INFO: Session created
  Context: {
  "sessionId": "d566b059-0542-4385-97d4-0785f2c91705",
  "title": "Session 1",
  "mode": "hybrid"
}
[2025-11-19T03:20:37.302Z] INFO: Session created
  Context: {
  "sessionId": "6e168b29-2e9d-4dab-963b-eaa059189463",
  "title": "Session 2",
  "mode": "hybrid"
}
[2025-11-19T03:20:37.302Z] INFO: Session created
  Context: {
  "sessionId": "a9ef23c3-e90a-4ae1-81ac-0f884a540b96",
  "title": "Session 3",
  "mode": "hybrid"
}
[2025-11-19T03:20:37.302Z] INFO: Session created
  Context: {
  "sessionId": "96c17285-e4e1-4981-9140-dda695bada55",
  "title": "Session 4",
  "mode": "hybrid"
}
[2025-11-19T03:20:37.302Z] INFO: Session created
  Context: {
  "sessionId": "cf571b5a-69ac-4862-ba80-df059b28df08",
  "title": "Session 5",
  "mode": "hybrid"
}
[2025-11-19T03:20:37.303Z] INFO: Session created
  Context: {
  "sessionId": "207fcb59-517b-4a44-9182-84d2a6265f48",
  "title": "Session 6",
  "mode": "hybrid"
}
[2025-11-19T03:20:37.303Z] INFO: Session created
  Context: {
  "sessionId": "5fee9d10-e29c-4f8a-a846-02cc15a66535",
  "title": "Session 7",
  "mode": "hybrid"
}
[2025-11-19T03:20:37.303Z] INFO: Session created
  Context: {
  "sessionId": "430b8a8c-c774-4352-92b4-93a403246fc0",
  "title": "Session 8",
  "mode": "hybrid"
}
[2025-11-19T03:20:37.303Z] INFO: Session created
  Context: {
  "sessionId": "9b253777-0346-466c-8440-4c3f44cc9d28",
  "title": "Session 9",
  "mode": "hybrid"
}

[90mstdout[2m | tests/integration/error-handling.test.ts[2m > [22m[2mError Handling and Edge Cases[2m > [22m[2mConcurrent Session Management[2m > [22m[2mshould handle concurrent thought additions to same session[22m[39m
[2025-11-19T03:20:37.304Z] INFO: Session created
  Context: {
  "sessionId": "a1ff7264-6a87-4f4e-85e1-2e0d4c920816",
  "title": "Untitled Session",
  "mode": "hybrid"
}
[2025-11-19T03:20:37.304Z] INFO: Session completed
  Context: {
  "sessionId": "a1ff7264-6a87-4f4e-85e1-2e0d4c920816",
  "title": "Untitled Session",
  "totalThoughts": 5
}

[90mstdout[2m | tests/integration/error-handling.test.ts[2m > [22m[2mError Handling and Edge Cases[2m > [22m[2mConcurrent Session Management[2m > [22m[2mshould maintain independence of multiple sessions[22m[39m
[2025-11-19T03:20:37.305Z] INFO: Session created
  Context: {
  "sessionId": "28ebba56-5c3d-44e2-9aee-d98e2459e930",
  "title": "Session 1",
  "mode": "hybrid"
}
[2025-11-19T03:20:37.306Z] INFO: Session created
  Context: {
  "sessionId": "d2005d55-487a-4f38-98f3-6f5c01304e7f",
  "title": "Session 2",
  "mode": "hybrid"
}
[2025-11-19T03:20:37.306Z] INFO: Session completed
  Context: {
  "sessionId": "28ebba56-5c3d-44e2-9aee-d98e2459e930",
  "title": "Session 1",
  "totalThoughts": 1
}
[2025-11-19T03:20:37.306Z] INFO: Session completed
  Context: {
  "sessionId": "d2005d55-487a-4f38-98f3-6f5c01304e7f",
  "title": "Session 2",
  "totalThoughts": 1
}

[90mstdout[2m | tests/integration/error-handling.test.ts[2m > [22m[2mError Handling and Edge Cases[2m > [22m[2mMode-Specific Edge Cases[2m > [22m[2mshould handle mathematics mode with missing optional fields[22m[39m
[2025-11-19T03:20:37.307Z] INFO: Session created
  Context: {
  "sessionId": "86ad0ea1-6e9b-41c3-85d0-c46ebae05e20",
  "title": "Untitled Session",
  "mode": "mathematics"
}
[2025-11-19T03:20:37.307Z] INFO: Session completed
  Context: {
  "sessionId": "86ad0ea1-6e9b-41c3-85d0-c46ebae05e20",
  "title": "Untitled Session",
  "totalThoughts": 1
}

[90mstdout[2m | tests/integration/error-handling.test.ts[2m > [22m[2mError Handling and Edge Cases[2m > [22m[2mMode-Specific Edge Cases[2m > [22m[2mshould handle Shannon mode without explicit stage[22m[39m
[2025-11-19T03:20:37.308Z] INFO: Session created
  Context: {
  "sessionId": "2ce9981c-fc30-4dfd-8a05-584f1c6caec1",
  "title": "Untitled Session",
  "mode": "shannon"
}
[2025-11-19T03:20:37.309Z] INFO: Session completed
  Context: {
  "sessionId": "2ce9981c-fc30-4dfd-8a05-584f1c6caec1",
  "title": "Untitled Session",
  "totalThoughts": 1
}

[90mstdout[2m | tests/integration/error-handling.test.ts[2m > [22m[2mError Handling and Edge Cases[2m > [22m[2mMode-Specific Edge Cases[2m > [22m[2mshould handle temporal mode with minimal event data[22m[39m
[2025-11-19T03:20:37.309Z] INFO: Session created
  Context: {
  "sessionId": "125b7be8-adf9-4db1-b873-cbdb3928b362",
  "title": "Untitled Session",
  "mode": "temporal"
}
[2025-11-19T03:20:37.310Z] INFO: Session completed
  Context: {
  "sessionId": "125b7be8-adf9-4db1-b873-cbdb3928b362",
  "title": "Untitled Session",
  "totalThoughts": 1
}

 [32m✓[39m tests/integration/error-handling.test.ts [2m ([22m[2m36 tests[22m[2m)[22m[90m 110[2mms[22m[39m
[90mstdout[2m | tests/integration/multi-session.test.ts[2m > [22m[2mMulti-Session and Concurrent Scenarios[2m > [22m[2mMultiple Session Management[2m > [22m[2mshould create and manage multiple sessions independently[22m[39m
[2025-11-19T03:20:39.467Z] INFO: Session created
  Context: {
  "sessionId": "286f6675-00c8-4eac-b8c9-1361af6042e9",
  "title": "Session 1",
  "mode": "sequential"
}
[2025-11-19T03:20:39.469Z] INFO: Session created
  Context: {
  "sessionId": "6fdd1226-99fa-497a-bd08-e3e66c490249",
  "title": "Session 2",
  "mode": "shannon"
}
[2025-11-19T03:20:39.469Z] INFO: Session created
  Context: {
  "sessionId": "b6137f1c-d9d6-4435-be6f-4d89a24d401f",
  "title": "Session 3",
  "mode": "mathematics"
}
[2025-11-19T03:20:39.469Z] INFO: Session created
  Context: {
  "sessionId": "398f1bb2-19ca-4f46-b0e6-dcba4a0f79ef",
  "title": "Session 4",
  "mode": "physics"
}
[2025-11-19T03:20:39.469Z] INFO: Session created
  Context: {
  "sessionId": "8fdf6858-a0d9-4ede-94ff-59da3e0e62b3",
  "title": "Session 5",
  "mode": "hybrid"
}

[90mstdout[2m | tests/integration/multi-session.test.ts[2m > [22m[2mMulti-Session and Concurrent Scenarios[2m > [22m[2mMultiple Session Management[2m > [22m[2mshould maintain session isolation (changes in one do not affect others)[22m[39m
[2025-11-19T03:20:39.478Z] INFO: Session created
  Context: {
  "sessionId": "6ad93a97-4c89-460b-af1b-6c40772e8748",
  "title": "Isolated Session 1",
  "mode": "sequential"
}
[2025-11-19T03:20:39.478Z] INFO: Session created
  Context: {
  "sessionId": "fe00e1f8-c597-4352-b153-2b1f562a5fdf",
  "title": "Isolated Session 2",
  "mode": "sequential"
}

[90mstdout[2m | tests/integration/multi-session.test.ts[2m > [22m[2mMulti-Session and Concurrent Scenarios[2m > [22m[2mMultiple Session Management[2m > [22m[2mshould handle mode switching independently across sessions[22m[39m
[2025-11-19T03:20:39.482Z] INFO: Session created
  Context: {
  "sessionId": "bb7d5cad-fef8-42df-8224-eee554ce84b6",
  "title": "S1",
  "mode": "sequential"
}
[2025-11-19T03:20:39.483Z] INFO: Session created
  Context: {
  "sessionId": "e41a5163-9f83-4588-9d15-91747f078daa",
  "title": "S2",
  "mode": "sequential"
}
[2025-11-19T03:20:39.483Z] INFO: Session created
  Context: {
  "sessionId": "39e48a1d-2585-481f-bed6-6ed69c1c977a",
  "title": "S3",
  "mode": "sequential"
}
[2025-11-19T03:20:39.484Z] INFO: Session mode switched
  Context: {
  "sessionId": "bb7d5cad-fef8-42df-8224-eee554ce84b6",
  "oldMode": "sequential",
  "newMode": "mathematics",
  "reason": "Switch to math"
}
[2025-11-19T03:20:39.484Z] INFO: Session mode switched
  Context: {
  "sessionId": "e41a5163-9f83-4588-9d15-91747f078daa",
  "oldMode": "sequential",
  "newMode": "physics",
  "reason": "Switch to physics"
}

[90mstdout[2m | tests/integration/multi-session.test.ts[2m > [22m[2mMulti-Session and Concurrent Scenarios[2m > [22m[2mMultiple Session Management[2m > [22m[2mshould handle completion status independently across sessions[22m[39m
[2025-11-19T03:20:39.485Z] INFO: Session created
  Context: {
  "sessionId": "c6ad6c0e-80ed-4ab3-864f-b50046cd1f1c",
  "title": "S1",
  "mode": "sequential"
}
[2025-11-19T03:20:39.485Z] INFO: Session created
  Context: {
  "sessionId": "032ec743-afc7-45d8-a0df-af76cdc79b22",
  "title": "S2",
  "mode": "sequential"
}
[2025-11-19T03:20:39.486Z] INFO: Session completed
  Context: {
  "sessionId": "c6ad6c0e-80ed-4ab3-864f-b50046cd1f1c",
  "title": "S1",
  "totalThoughts": 1
}

[90mstdout[2m | tests/integration/multi-session.test.ts[2m > [22m[2mMulti-Session and Concurrent Scenarios[2m > [22m[2mConcurrent Operations on Same Session[2m > [22m[2mshould handle concurrent thought additions to same session[22m[39m
[2025-11-19T03:20:39.488Z] INFO: Session created
  Context: {
  "sessionId": "6feb403f-c72a-411d-936d-e5510f39cab4",
  "title": "Concurrent Test",
  "mode": "sequential"
}
[2025-11-19T03:20:39.488Z] INFO: Session completed
  Context: {
  "sessionId": "6feb403f-c72a-411d-936d-e5510f39cab4",
  "title": "Concurrent Test",
  "totalThoughts": 3
}

[90mstdout[2m | tests/integration/multi-session.test.ts[2m > [22m[2mMulti-Session and Concurrent Scenarios[2m > [22m[2mConcurrent Operations on Same Session[2m > [22m[2mshould handle concurrent retrieval of same session[22m[39m
[2025-11-19T03:20:39.491Z] INFO: Session created
  Context: {
  "sessionId": "1061bcd3-faa9-4f76-91f0-32f45db4e272",
  "title": "Concurrent Retrieval",
  "mode": "sequential"
}

[90mstdout[2m | tests/integration/multi-session.test.ts[2m > [22m[2mMulti-Session and Concurrent Scenarios[2m > [22m[2mConcurrent Operations on Same Session[2m > [22m[2mshould handle concurrent mode switches on same session[22m[39m
[2025-11-19T03:20:39.492Z] INFO: Session created
  Context: {
  "sessionId": "e7841426-c905-4bf8-9b9d-3ddb32121767",
  "title": "Mode Switch Race",
  "mode": "sequential"
}
[2025-11-19T03:20:39.492Z] INFO: Session mode switched
  Context: {
  "sessionId": "e7841426-c905-4bf8-9b9d-3ddb32121767",
  "oldMode": "sequential",
  "newMode": "mathematics",
  "reason": "Switch 1"
}
[2025-11-19T03:20:39.492Z] INFO: Session mode switched
  Context: {
  "sessionId": "e7841426-c905-4bf8-9b9d-3ddb32121767",
  "oldMode": "mathematics",
  "newMode": "physics",
  "reason": "Switch 2"
}
[2025-11-19T03:20:39.492Z] INFO: Session mode switched
  Context: {
  "sessionId": "e7841426-c905-4bf8-9b9d-3ddb32121767",
  "oldMode": "physics",
  "newMode": "hybrid",
  "reason": "Switch 3"
}

[90mstdout[2m | tests/integration/multi-session.test.ts[2m > [22m[2mMulti-Session and Concurrent Scenarios[2m > [22m[2mConcurrent Operations Across Different Sessions[2m > [22m[2mshould handle concurrent operations on different sessions[22m[39m
[2025-11-19T03:20:39.494Z] INFO: Session created
  Context: {
  "sessionId": "b8391718-2094-4c8a-a8f4-db628476ec75",
  "title": "S1",
  "mode": "sequential"
}
[2025-11-19T03:20:39.495Z] INFO: Session created
  Context: {
  "sessionId": "8d022a9a-e290-4af3-b6ae-b7d37ec61260",
  "title": "S2",
  "mode": "shannon"
}
[2025-11-19T03:20:39.495Z] INFO: Session created
  Context: {
  "sessionId": "f18e1fe4-d6af-46cd-b7bf-5e91297564fb",
  "title": "S3",
  "mode": "mathematics"
}
[2025-11-19T03:20:39.495Z] INFO: Session completed
  Context: {
  "sessionId": "b8391718-2094-4c8a-a8f4-db628476ec75",
  "title": "S1",
  "totalThoughts": 1
}
[2025-11-19T03:20:39.495Z] INFO: Session mode switched
  Context: {
  "sessionId": "8d022a9a-e290-4af3-b6ae-b7d37ec61260",
  "oldMode": "shannon",
  "newMode": "physics",
  "reason": "Switch mode"
}

[90mstdout[2m | tests/integration/multi-session.test.ts[2m > [22m[2mMulti-Session and Concurrent Scenarios[2m > [22m[2mConcurrent Operations Across Different Sessions[2m > [22m[2mshould handle concurrent session creation[22m[39m
[2025-11-19T03:20:39.497Z] INFO: Session created
  Context: {
  "sessionId": "af7102ab-85ed-44ef-b028-e90cd8bccbea",
  "title": "Session 1",
  "mode": "sequential"
}
[2025-11-19T03:20:39.497Z] INFO: Session created
  Context: {
  "sessionId": "204f568d-2d78-4e00-8892-b1c2d2396bb9",
  "title": "Session 2",
  "mode": "sequential"
}
[2025-11-19T03:20:39.497Z] INFO: Session created
  Context: {
  "sessionId": "7393da9c-ff0b-4a92-8101-7b803ff64da3",
  "title": "Session 3",
  "mode": "sequential"
}
[2025-11-19T03:20:39.498Z] INFO: Session created
  Context: {
  "sessionId": "957f255b-d266-413b-8214-7cecfdb049b4",
  "title": "Session 4",
  "mode": "sequential"
}
[2025-11-19T03:20:39.498Z] INFO: Session created
  Context: {
  "sessionId": "a51d39be-588a-4b22-946f-e34c8a587a96",
  "title": "Session 5",
  "mode": "sequential"
}
[2025-11-19T03:20:39.498Z] INFO: Session created
  Context: {
  "sessionId": "03419e10-fc23-49fc-aad3-9ad6a842087f",
  "title": "Session 6",
  "mode": "sequential"
}
[2025-11-19T03:20:39.498Z] INFO: Session created
  Context: {
  "sessionId": "47789010-6a46-4494-8ad4-9d91900e85ab",
  "title": "Session 7",
  "mode": "sequential"
}
[2025-11-19T03:20:39.498Z] INFO: Session created
  Context: {
  "sessionId": "d98e0881-935f-41d3-be8d-7c520fdd7a33",
  "title": "Session 8",
  "mode": "sequential"
}
[2025-11-19T03:20:39.498Z] INFO: Session created
  Context: {
  "sessionId": "cb2b652d-0f4b-4d20-b1dd-7d5ddfd4474c",
  "title": "Session 9",
  "mode": "sequential"
}
[2025-11-19T03:20:39.498Z] INFO: Session created
  Context: {
  "sessionId": "7f2c6eeb-0a8c-4f0e-b7db-6629547b9e4b",
  "title": "Session 10",
  "mode": "sequential"
}
[2025-11-19T03:20:39.499Z] INFO: Session created
  Context: {
  "sessionId": "6c6edff3-144a-448d-947d-96beedf5a6d5",
  "title": "Session 11",
  "mode": "sequential"
}
[2025-11-19T03:20:39.499Z] INFO: Session created
  Context: {
  "sessionId": "c24f45d1-a953-4f0a-95e4-fad3020e4601",
  "title": "Session 12",
  "mode": "sequential"
}
[2025-11-19T03:20:39.499Z] INFO: Session created
  Context: {
  "sessionId": "adff2c0b-8f01-494b-a45c-bd40c0d1f0b9",
  "title": "Session 13",
  "mode": "sequential"
}
[2025-11-19T03:20:39.499Z] INFO: Session created
  Context: {
  "sessionId": "f482cbff-e212-49ff-bbed-9a706cd43769",
  "title": "Session 14",
  "mode": "sequential"
}
[2025-11-19T03:20:39.499Z] INFO: Session created
  Context: {
  "sessionId": "9167f2d3-fe1b-4dfe-ab95-730aed33ae1a",
  "title": "Session 15",
  "mode": "sequential"
}
[2025-11-19T03:20:39.499Z] INFO: Session created
  Context: {
  "sessionId": "f28b0501-477f-4312-acb9-81cafe566af4",
  "title": "Session 16",
  "mode": "sequential"
}
[2025-11-19T03:20:39.499Z] INFO: Session created
  Context: {
  "sessionId": "dc71d4b2-50aa-4fa5-b3e2-2bc136cdd1ea",
  "title": "Session 17",
  "mode": "sequential"
}
[2025-11-19T03:20:39.499Z] INFO: Session created
  Context: {
  "sessionId": "964090c8-1c7e-4c4f-8f04-6ccb10274f64",
  "title": "Session 18",
  "mode": "sequential"
}
[2025-11-19T03:20:39.499Z] INFO: Session created
  Context: {
  "sessionId": "661dd635-3f27-4362-b37d-e261a7576781",
  "title": "Session 19",
  "mode": "sequential"
}
[2025-11-19T03:20:39.499Z] INFO: Session created
  Context: {
  "sessionId": "5b3a6cd0-d24b-4693-b151-33f82d5c530d",
  "title": "Session 20",
  "mode": "sequential"
}

[90mstdout[2m | tests/integration/multi-session.test.ts[2m > [22m[2mMulti-Session and Concurrent Scenarios[2m > [22m[2mConcurrent Operations Across Different Sessions[2m > [22m[2mshould handle concurrent summary generation for different sessions[22m[39m
[2025-11-19T03:20:39.501Z] INFO: Session created
  Context: {
  "sessionId": "243452ce-1982-4a4a-9e2f-23efca1a5d93",
  "title": "S1",
  "mode": "sequential"
}
[2025-11-19T03:20:39.501Z] INFO: Session created
  Context: {
  "sessionId": "9c30cc0b-26bd-4940-8215-58f807a4ca54",
  "title": "S2",
  "mode": "sequential"
}
[2025-11-19T03:20:39.501Z] INFO: Session created
  Context: {
  "sessionId": "dac039a2-cdc2-42e2-ab3e-9087f824328a",
  "title": "S3",
  "mode": "sequential"
}
[2025-11-19T03:20:39.502Z] INFO: Session completed
  Context: {
  "sessionId": "243452ce-1982-4a4a-9e2f-23efca1a5d93",
  "title": "S1",
  "totalThoughts": 1
}
[2025-11-19T03:20:39.502Z] INFO: Session completed
  Context: {
  "sessionId": "9c30cc0b-26bd-4940-8215-58f807a4ca54",
  "title": "S2",
  "totalThoughts": 1
}
[2025-11-19T03:20:39.502Z] INFO: Session completed
  Context: {
  "sessionId": "dac039a2-cdc2-42e2-ab3e-9087f824328a",
  "title": "S3",
  "totalThoughts": 1
}

[90mstdout[2m | tests/integration/multi-session.test.ts[2m > [22m[2mMulti-Session and Concurrent Scenarios[2m > [22m[2mResource Management with Many Sessions[2m > [22m[2mshould handle creation of many sessions[22m[39m
[2025-11-19T03:20:39.504Z] INFO: Session created
  Context: {
  "sessionId": "a9b81b68-9e9c-46ae-be5e-d0d2688e13cf",
  "title": "Session 1",
  "mode": "sequential"
}
[2025-11-19T03:20:39.505Z] INFO: Session created
  Context: {
  "sessionId": "7c7e7768-1881-44af-8fd9-1764523f8b19",
  "title": "Session 2",
  "mode": "sequential"
}
[2025-11-19T03:20:39.505Z] INFO: Session created
  Context: {
  "sessionId": "2463e7e1-1687-4f82-be5c-c3c61f276fc5",
  "title": "Session 3",
  "mode": "sequential"
}
[2025-11-19T03:20:39.505Z] INFO: Session created
  Context: {
  "sessionId": "99ae1c78-8935-496d-89cd-777de3b268d5",
  "title": "Session 4",
  "mode": "sequential"
}
[2025-11-19T03:20:39.505Z] INFO: Session created
  Context: {
  "sessionId": "a7caad8b-566d-434c-8c5a-d8fdab5822f6",
  "title": "Session 5",
  "mode": "sequential"
}
[2025-11-19T03:20:39.505Z] INFO: Session created
  Context: {
  "sessionId": "ea65b421-8510-41d2-b07d-7735acf01b57",
  "title": "Session 6",
  "mode": "sequential"
}
[2025-11-19T03:20:39.505Z] INFO: Session created
  Context: {
  "sessionId": "41aaf870-a8a7-4935-bfec-70fef1898d3b",
  "title": "Session 7",
  "mode": "sequential"
}
[2025-11-19T03:20:39.505Z] INFO: Session created
  Context: {
  "sessionId": "0e325d14-dcc9-4f1e-bb95-17c8b059c123",
  "title": "Session 8",
  "mode": "sequential"
}
[2025-11-19T03:20:39.505Z] INFO: Session created
  Context: {
  "sessionId": "8c1ab727-1a42-49b5-8116-f5e50ce91519",
  "title": "Session 9",
  "mode": "sequential"
}
[2025-11-19T03:20:39.505Z] INFO: Session created
  Context: {
  "sessionId": "d92ea51e-5c81-4b95-a0a8-c27c06d931db",
  "title": "Session 10",
  "mode": "sequential"
}
[2025-11-19T03:20:39.505Z] INFO: Session created
  Context: {
  "sessionId": "14a2a2b7-1fd6-475a-b35a-14cff5cdbd99",
  "title": "Session 11",
  "mode": "sequential"
}
[2025-11-19T03:20:39.505Z] INFO: Session created
  Context: {
  "sessionId": "e30839e0-36a2-44b0-a1d3-5f694f0d9f6c",
  "title": "Session 12",
  "mode": "sequential"
}
[2025-11-19T03:20:39.506Z] INFO: Session created
  Context: {
  "sessionId": "c836ddb6-3783-4427-a14a-0107e947f756",
  "title": "Session 13",
  "mode": "sequential"
}
[2025-11-19T03:20:39.506Z] INFO: Session created
  Context: {
  "sessionId": "794c0fb6-3438-4286-bac6-2e5e2552cad0",
  "title": "Session 14",
  "mode": "sequential"
}
[2025-11-19T03:20:39.506Z] INFO: Session created
  Context: {
  "sessionId": "0b96ee3e-ce39-4bda-a43f-6f967c8269b5",
  "title": "Session 15",
  "mode": "sequential"
}
[2025-11-19T03:20:39.506Z] INFO: Session created
  Context: {
  "sessionId": "478a33f3-7924-4a66-a5b6-1dd286c30b4f",
  "title": "Session 16",
  "mode": "sequential"
}
[2025-11-19T03:20:39.506Z] INFO: Session created
  Context: {
  "sessionId": "c166f9e4-ad31-4231-881e-22bedca09d26",
  "title": "Session 17",
  "mode": "sequential"
}
[2025-11-19T03:20:39.506Z] INFO: Session created
  Context: {
  "sessionId": "b9c14fae-6900-4e08-863f-a36443198b35",
  "title": "Session 18",
  "mode": "sequential"
}
[2025-11-19T03:20:39.506Z] INFO: Session created
  Context: {
  "sessionId": "c5511fe2-84f7-45b0-9317-907eea1f3fc4",
  "title": "Session 19",
  "mode": "sequential"
}
[2025-11-19T03:20:39.506Z] INFO: Session created
  Context: {
  "sessionId": "6c9e61ca-510d-498f-bc42-ac572fc20a5a",
  "title": "Session 20",
  "mode": "sequential"
}
[2025-11-19T03:20:39.506Z] INFO: Session created
  Context: {
  "sessionId": "0daee527-5068-4615-aa59-63cb88a8492a",
  "title": "Session 21",
  "mode": "sequential"
}
[2025-11-19T03:20:39.506Z] INFO: Session created
  Context: {
  "sessionId": "cf969c1a-232b-49fb-a405-69d417b1effc",
  "title": "Session 22",
  "mode": "sequential"
}
[2025-11-19T03:20:39.506Z] INFO: Session created
  Context: {
  "sessionId": "42ff91a5-134c-4738-9ccf-795ef1546e02",
  "title": "Session 23",
  "mode": "sequential"
}
[2025-11-19T03:20:39.506Z] INFO: Session created
  Context: {
  "sessionId": "37749ba9-2af9-4c0c-ae00-a8a6f9c5a429",
  "title": "Session 24",
  "mode": "sequential"
}
[2025-11-19T03:20:39.506Z] INFO: Session created
  Context: {
  "sessionId": "b517e6e3-4d9e-43b5-b638-d51f0fe8a78f",
  "title": "Session 25",
  "mode": "sequential"
}
[2025-11-19T03:20:39.507Z] INFO: Session created
  Context: {
  "sessionId": "a5634a77-e85f-4036-8b82-83a0deaf8f67",
  "title": "Session 26",
  "mode": "sequential"
}
[2025-11-19T03:20:39.507Z] INFO: Session created
  Context: {
  "sessionId": "2194f6fd-6e85-4266-9d5f-69cecaf22f43",
  "title": "Session 27",
  "mode": "sequential"
}
[2025-11-19T03:20:39.507Z] INFO: Session created
  Context: {
  "sessionId": "c7b833f2-1b03-4fdb-a74b-c036bcdd1a44",
  "title": "Session 28",
  "mode": "sequential"
}
[2025-11-19T03:20:39.507Z] INFO: Session created
  Context: {
  "sessionId": "9095f35f-73ce-48fc-ae9d-e21b0b6d72a2",
  "title": "Session 29",
  "mode": "sequential"
}
[2025-11-19T03:20:39.507Z] INFO: Session created
  Context: {
  "sessionId": "813c7d7f-be76-49e2-a3dd-f9393b385a3e",
  "title": "Session 30",
  "mode": "sequential"
}
[2025-11-19T03:20:39.507Z] INFO: Session created
  Context: {
  "sessionId": "7d338597-4484-4438-b2b5-cc4ed18bea85",
  "title": "Session 31",
  "mode": "sequential"
}
[2025-11-19T03:20:39.507Z] INFO: Session created
  Context: {
  "sessionId": "e7ea9e15-911d-4c21-a498-76307e1784ba",
  "title": "Session 32",
  "mode": "sequential"
}
[2025-11-19T03:20:39.507Z] INFO: Session created
  Context: {
  "sessionId": "9629a365-3614-4614-a68c-8e981e032a3a",
  "title": "Session 33",
  "mode": "sequential"
}
[2025-11-19T03:20:39.507Z] INFO: Session created
  Context: {
  "sessionId": "1faf30c6-3cf3-4eca-b6d9-491f604db439",
  "title": "Session 34",
  "mode": "sequential"
}
[2025-11-19T03:20:39.508Z] INFO: Session created
  Context: {
  "sessionId": "27cf3170-45ee-4860-8406-8ec947ae8ce8",
  "title": "Session 35",
  "mode": "sequential"
}
[2025-11-19T03:20:39.508Z] INFO: Session created
  Context: {
  "sessionId": "8e13b062-1502-4f53-a577-76f49ca44348",
  "title": "Session 36",
  "mode": "sequential"
}
[2025-11-19T03:20:39.508Z] INFO: Session created
  Context: {
  "sessionId": "aa2084b7-9697-48fc-aacc-244a1aef5363",
  "title": "Session 37",
  "mode": "sequential"
}
[2025-11-19T03:20:39.508Z] INFO: Session created
  Context: {
  "sessionId": "8a8b7d6d-e71c-4073-8390-e4df69dcbb96",
  "title": "Session 38",
  "mode": "sequential"
}
[2025-11-19T03:20:39.508Z] INFO: Session created
  Context: {
  "sessionId": "b0dca426-f56b-4ed0-8985-c09376144afb",
  "title": "Session 39",
  "mode": "sequential"
}
[2025-11-19T03:20:39.508Z] INFO: Session created
  Context: {
  "sessionId": "a3c7ae92-07e8-480b-8f9d-3e5c6a043cda",
  "title": "Session 40",
  "mode": "sequential"
}
[2025-11-19T03:20:39.508Z] INFO: Session created
  Context: {
  "sessionId": "fd636a77-dfd5-454e-8b97-048b52cb73b1",
  "title": "Session 41",
  "mode": "sequential"
}
[2025-11-19T03:20:39.508Z] INFO: Session created
  Context: {
  "sessionId": "07bb6b0d-34ba-4dc2-8c43-c735c56760c8",
  "title": "Session 42",
  "mode": "sequential"
}
[2025-11-19T03:20:39.508Z] INFO: Session created
  Context: {
  "sessionId": "89ae9bec-122b-4d5a-a6de-dbaa79d9e895",
  "title": "Session 43",
  "mode": "sequential"
}
[2025-11-19T03:20:39.508Z] INFO: Session created
  Context: {
  "sessionId": "6f3bf73e-50ff-4f7f-aca0-61f74e4e3a89",
  "title": "Session 44",
  "mode": "sequential"
}
[2025-11-19T03:20:39.508Z] INFO: Session created
  Context: {
  "sessionId": "e5f1f0a1-bda3-4379-bd78-c13d8ede4287",
  "title": "Session 45",
  "mode": "sequential"
}
[2025-11-19T03:20:39.508Z] INFO: Session created
  Context: {
  "sessionId": "60e71791-8ef0-43b2-a3ab-e1f91d6d5a66",
  "title": "Session 46",
  "mode": "sequential"
}
[2025-11-19T03:20:39.509Z] INFO: Session created
  Context: {
  "sessionId": "3f680481-1e01-49ce-9bda-63d9ef448e0d",
  "title": "Session 47",
  "mode": "sequential"
}
[2025-11-19T03:20:39.509Z] INFO: Session created
  Context: {
  "sessionId": "8f926f34-de61-4f15-9380-f78f656e36e8",
  "title": "Session 48",
  "mode": "sequential"
}
[2025-11-19T03:20:39.509Z] INFO: Session created
  Context: {
  "sessionId": "20c6052d-0b39-4c7c-a885-5fa713092c12",
  "title": "Session 49",
  "mode": "sequential"
}
[2025-11-19T03:20:39.509Z] INFO: Session created
  Context: {
  "sessionId": "9dca3aa5-6b03-4679-97b9-419d00b2e91e",
  "title": "Session 50",
  "mode": "sequential"
}

[90mstdout[2m | tests/integration/multi-session.test.ts[2m > [22m[2mMulti-Session and Concurrent Scenarios[2m > [22m[2mResource Management with Many Sessions[2m > [22m[2mshould retrieve sessions efficiently with many active sessions[22m[39m
[2025-11-19T03:20:39.510Z] INFO: Session created
  Context: {
  "sessionId": "ddcce3a7-6816-4f79-89a2-c628c1235d71",
  "title": "Session 1",
  "mode": "sequential"
}
[2025-11-19T03:20:39.510Z] INFO: Session created
  Context: {
  "sessionId": "2b9f5905-02e4-4c5e-bce1-c809972f5d15",
  "title": "Session 2",
  "mode": "sequential"
}
[2025-11-19T03:20:39.510Z] INFO: Session created
  Context: {
  "sessionId": "8a6820d7-e221-46d5-b223-fba97a7298cf",
  "title": "Session 3",
  "mode": "sequential"
}
[2025-11-19T03:20:39.511Z] INFO: Session created
  Context: {
  "sessionId": "2459845e-c005-4687-a3a8-d115aecffccc",
  "title": "Session 4",
  "mode": "sequential"
}
[2025-11-19T03:20:39.511Z] INFO: Session created
  Context: {
  "sessionId": "f99f72d9-3f80-4de3-aadd-5971b5f00b30",
  "title": "Session 5",
  "mode": "sequential"
}
[2025-11-19T03:20:39.511Z] INFO: Session created
  Context: {
  "sessionId": "3e38c6f7-a3de-40ee-af08-14a3b7d1eba8",
  "title": "Session 6",
  "mode": "sequential"
}
[2025-11-19T03:20:39.511Z] INFO: Session created
  Context: {
  "sessionId": "3a04edaf-9d3b-4946-93a7-78082b8ce5aa",
  "title": "Session 7",
  "mode": "sequential"
}
[2025-11-19T03:20:39.511Z] INFO: Session created
  Context: {
  "sessionId": "3ef3be81-b7c0-42dc-8a53-de830e7bb52e",
  "title": "Session 8",
  "mode": "sequential"
}
[2025-11-19T03:20:39.511Z] INFO: Session created
  Context: {
  "sessionId": "4b62b537-1aab-44df-94ea-657118427be5",
  "title": "Session 9",
  "mode": "sequential"
}
[2025-11-19T03:20:39.511Z] INFO: Session created
  Context: {
  "sessionId": "33a43b9f-a48f-4c71-9290-9db28297c017",
  "title": "Session 10",
  "mode": "sequential"
}

[90mstdout[2m | tests/integration/multi-session.test.ts[2m > [22m[2mMulti-Session and Concurrent Scenarios[2m > [22m[2mResource Management with Many Sessions[2m > [22m[2mshould list all sessions when many exist[22m[39m
[2025-11-19T03:20:39.513Z] INFO: Session created
  Context: {
  "sessionId": "2a54433e-ca42-43a5-a6b8-ce57dbd9ea89",
  "title": "Session 1",
  "mode": "sequential"
}
[2025-11-19T03:20:39.513Z] INFO: Session created
  Context: {
  "sessionId": "f34bd3bb-4ee0-4b23-ab6d-832f39a73f92",
  "title": "Session 2",
  "mode": "sequential"
}
[2025-11-19T03:20:39.513Z] INFO: Session created
  Context: {
  "sessionId": "a2aa722c-8b18-401f-ae4a-47d9dc797bd7",
  "title": "Session 3",
  "mode": "sequential"
}
[2025-11-19T03:20:39.513Z] INFO: Session created
  Context: {
  "sessionId": "a8af54bf-6863-4ea2-9127-4aa26678bfe3",
  "title": "Session 4",
  "mode": "sequential"
}
[2025-11-19T03:20:39.513Z] INFO: Session created
  Context: {
  "sessionId": "78685b24-4f3b-44cb-a5ee-dd0fc49a2eda",
  "title": "Session 5",
  "mode": "sequential"
}
[2025-11-19T03:20:39.513Z] INFO: Session created
  Context: {
  "sessionId": "a870a483-ad5e-4a96-badb-0019d0de8741",
  "title": "Session 6",
  "mode": "sequential"
}
[2025-11-19T03:20:39.514Z] INFO: Session created
  Context: {
  "sessionId": "4c6b708c-90ea-4454-abea-f296305addc2",
  "title": "Session 7",
  "mode": "sequential"
}
[2025-11-19T03:20:39.514Z] INFO: Session created
  Context: {
  "sessionId": "ee1b6a26-27ff-44d5-bed1-92ee0efb2e37",
  "title": "Session 8",
  "mode": "sequential"
}
[2025-11-19T03:20:39.514Z] INFO: Session created
  Context: {
  "sessionId": "3fc7f74d-4d14-4fdc-9aed-6f5ee0e2d699",
  "title": "Session 9",
  "mode": "sequential"
}
[2025-11-19T03:20:39.514Z] INFO: Session created
  Context: {
  "sessionId": "7d1afd27-525e-46c2-a37d-56713ce1f25f",
  "title": "Session 10",
  "mode": "sequential"
}
[2025-11-19T03:20:39.514Z] INFO: Session created
  Context: {
  "sessionId": "1d62cc83-119f-4d8d-9a41-f29b28c60d64",
  "title": "Session 11",
  "mode": "sequential"
}
[2025-11-19T03:20:39.514Z] INFO: Session created
  Context: {
  "sessionId": "a638bd97-9b9c-4e7f-a85c-b6a1d343a259",
  "title": "Session 12",
  "mode": "sequential"
}
[2025-11-19T03:20:39.514Z] INFO: Session created
  Context: {
  "sessionId": "280ffe4d-8583-4442-8830-fb1aac4738dd",
  "title": "Session 13",
  "mode": "sequential"
}
[2025-11-19T03:20:39.535Z] INFO: Session created
  Context: {
  "sessionId": "8f7b61bd-8571-41ef-98ab-ecd91148af01",
  "title": "Session 14",
  "mode": "sequential"
}
[2025-11-19T03:20:39.535Z] INFO: Session created
  Context: {
  "sessionId": "19bda31b-a389-45a6-9ab1-e16496e7e851",
  "title": "Session 15",
  "mode": "sequential"
}

[90mstdout[2m | tests/integration/multi-session.test.ts[2m > [22m[2mMulti-Session and Concurrent Scenarios[2m > [22m[2mSession State Consistency[2m > [22m[2mshould maintain consistent thought count across concurrent additions[22m[39m
[2025-11-19T03:20:39.537Z] INFO: Session created
  Context: {
  "sessionId": "630e3dd9-339f-4f94-b614-2755c2a89a84",
  "title": "Consistency Test",
  "mode": "sequential"
}
[2025-11-19T03:20:39.538Z] INFO: Session completed
  Context: {
  "sessionId": "630e3dd9-339f-4f94-b614-2755c2a89a84",
  "title": "Consistency Test",
  "totalThoughts": 10
}

[90mstdout[2m | tests/integration/multi-session.test.ts[2m > [22m[2mMulti-Session and Concurrent Scenarios[2m > [22m[2mSession State Consistency[2m > [22m[2mshould maintain correct status after concurrent operations[22m[39m
[2025-11-19T03:20:39.539Z] INFO: Session created
  Context: {
  "sessionId": "360073a3-b6e7-4fec-aa82-e0a9094c13b5",
  "title": "Status Test",
  "mode": "sequential"
}
[2025-11-19T03:20:39.540Z] INFO: Session completed
  Context: {
  "sessionId": "360073a3-b6e7-4fec-aa82-e0a9094c13b5",
  "title": "Status Test",
  "totalThoughts": 1
}

[90mstdout[2m | tests/integration/multi-session.test.ts[2m > [22m[2mMulti-Session and Concurrent Scenarios[2m > [22m[2mSession State Consistency[2m > [22m[2mshould handle concurrent thought additions with proper sequencing[22m[39m
[2025-11-19T03:20:39.541Z] INFO: Session created
  Context: {
  "sessionId": "7e295012-37df-4a3b-8d77-9cf0cc9d790a",
  "title": "Sequence Test",
  "mode": "sequential"
}

[90mstdout[2m | tests/integration/multi-session.test.ts[2m > [22m[2mMulti-Session and Concurrent Scenarios[2m > [22m[2mError Handling in Concurrent Scenarios[2m > [22m[2mshould handle mixed success/failure scenarios gracefully[22m[39m
[2025-11-19T03:20:39.596Z] INFO: Session created
  Context: {
  "sessionId": "9fc7710f-af50-419a-86dc-31fe779c3596",
  "title": "Mixed Test",
  "mode": "sequential"
}

 [32m✓[39m tests/integration/multi-session.test.ts [2m ([22m[2m18 tests[22m[2m)[22m[90m 161[2mms[22m[39m
[90mstdout[2m | tests/unit/file-store.test.ts[2m > [22m[2mFileSessionStore[2m > [22m[2minitialization[2m > [22m[2mshould create necessary directories[22m[39m
[2025-11-19T03:20:39.831Z] INFO: FileSessionStore initialized
  Context: {
  "baseDir": "C:\\Users\\danie\\AppData\\Local\\Temp\\deepthinking-test-7ff823ba-b3b9-48a9-a3ee-87db95f91644",
  "config": {
    "autoSave": true,
    "autoSaveDelay": 1000,
    "enableCompression": false,
    "maxSessions": 1000,
    "maxSessionAge": 2592000000,
    "enableEncryption": false,
    "serialization": {
      "prettyPrint": false,
      "includeMetadata": true
    }
  }
}

[90mstdout[2m | tests/unit/file-store.test.ts[2m > [22m[2mFileSessionStore[2m > [22m[2minitialization[2m > [22m[2mshould create necessary directories[22m[39m
[2025-11-19T03:20:39.840Z] INFO: FileSessionStore closed

[90mstdout[2m | tests/integration/mcp-protocol.test.ts[2m > [22m[2mMCP Protocol Compliance[2m > [22m[2mMCP Response Format Compliance[2m > [22m[2mshould return MCP-compliant response for successful operation[22m[39m
[2025-11-19T03:20:40.378Z] INFO: Session created
  Context: {
  "sessionId": "d0021be7-224c-4bb8-a12f-8fa876496485",
  "title": "Test Session",
  "mode": "sequential"
}

 [32m✓[39m tests/integration/mcp-protocol.test.ts [2m ([22m[2m43 tests[22m[2m)[22m[33m 645[2mms[22m[39m
[90mstdout[2m | tests/unit/file-store.test.ts[2m > [22m[2mFileSessionStore[2m > [22m[2minitialization[2m > [22m[2mshould handle multiple initialization calls[22m[39m
[2025-11-19T03:20:41.048Z] INFO: FileSessionStore initialized
  Context: {
  "baseDir": "C:\\Users\\danie\\AppData\\Local\\Temp\\deepthinking-test-7e21d687-1e78-497f-85ea-b521c5d19e5d",
  "config": {
    "autoSave": true,
    "autoSaveDelay": 1000,
    "enableCompression": false,
    "maxSessions": 1000,
    "maxSessionAge": 2592000000,
    "enableEncryption": false,
    "serialization": {
      "prettyPrint": false,
      "includeMetadata": true
    }
  }
}
[2025-11-19T03:20:41.049Z] INFO: FileSessionStore closed

[90mstdout[2m | tests/benchmarks/validation-performance.test.ts[2m > [22m[2mValidation Performance Benchmark[2m > [22m[2mshould show significant performance improvement for cache hits[22m[39m

📊 Validation Cache Benchmark: Testing cache performance

🔴 First validation (cache miss):
   Time: 5.2083ms
   Valid: true
   Confidence: 0.70

🟢 Second validation (cache hit):
   Time: 0.2236ms
   Valid: true
   Confidence: 0.70

📈 Performance Analysis:
   Cache miss time: 5.2083ms
   Cache hit time: 0.2236ms
   Speedup: 23.29x
   Hit rate: 50.0%

🎯 Result: EXCELLENT (≥10x)

[90mstdout[2m | tests/benchmarks/validation-performance.test.ts[2m > [22m[2mValidation Performance Benchmark[2m > [22m[2mshould maintain O(1) lookup complexity regardless of cache size[22m[39m

📈 Complexity Analysis: Testing O(1) cache lookup
   Cache size 10: 0.0592ms per lookup
   Cache size 50: 0.0635ms per lookup
   Cache size 100: 0.2246ms per lookup

   Min: 0.0592ms, Max: 0.2246ms, Ratio: 3.79x
   Complexity: O(1) ✅

[90mstdout[2m | tests/benchmarks/validation-performance.test.ts[2m > [22m[2mValidation Performance Benchmark[2m > [22m[2mshould handle high cache hit rates efficiently[22m[39m

📊 High-Volume Test: Simulating realistic usage patterns
   Running 100 validations (5 unique thoughts, repeated pattern)...

📈 Results:
   Total validations: 100
   Cache misses: 5 (avg 0.2794ms)
   Cache hits: 95 (avg 0.0967ms)
   Average speedup: 2.89x
   Hit rate: 95.0%
   Cache size: 5/1000

🎯 Overall Performance: ACCEPTABLE

 [32m✓[39m tests/benchmarks/validation-performance.test.ts [2m ([22m[2m3 tests[22m[2m)[22m[90m 120[2mms[22m[39m
[90mstdout[2m | tests/unit/file-store.test.ts[2m > [22m[2mFileSessionStore[2m > [22m[2msaveSession[2m > [22m[2mshould save a session to disk[22m[39m
[2025-11-19T03:20:41.910Z] INFO: FileSessionStore initialized
  Context: {
  "baseDir": "C:\\Users\\danie\\AppData\\Local\\Temp\\deepthinking-test-e2e1d68a-773f-4f02-b2d1-8e82188da524",
  "config": {
    "autoSave": true,
    "autoSaveDelay": 1000,
    "enableCompression": false,
    "maxSessions": 1000,
    "maxSessionAge": 2592000000,
    "enableEncryption": false,
    "serialization": {
      "prettyPrint": false,
      "includeMetadata": true
    }
  }
}

[90mstdout[2m | tests/unit/file-store.test.ts[2m > [22m[2mFileSessionStore[2m > [22m[2msaveSession[2m > [22m[2mshould save a session to disk[22m[39m
[2025-11-19T03:20:42.201Z] INFO: FileSessionStore closed

[90mstdout[2m | tests/unit/session-manager.test.ts[2m > [22m[2mSessionManager[2m > [22m[2mcreateSession[2m > [22m[2mshould create a new session with default values[22m[39m
[2025-11-19T03:20:42.843Z] INFO: Session created
  Context: {
  "sessionId": "c6ce4ce7-e2c9-4f49-a1c9-0f9aa3c5d1c5",
  "title": "Untitled Session",
  "mode": "hybrid"
}

[90mstdout[2m | tests/unit/session-manager.test.ts[2m > [22m[2mSessionManager[2m > [22m[2mcreateSession[2m > [22m[2mshould create a session with custom options[22m[39m
[2025-11-19T03:20:42.856Z] INFO: Session created
  Context: {
  "sessionId": "91c29d8f-8800-4ce2-8e4a-ed64ab64302a",
  "title": "My Problem",
  "mode": "mathematics",
  "domain": "number_theory",
  "author": "Test User"
}

[90mstdout[2m | tests/unit/session-manager.test.ts[2m > [22m[2mSessionManager[2m > [22m[2mcreateSession[2m > [22m[2mshould initialize metrics correctly[22m[39m
[2025-11-19T03:20:42.858Z] INFO: Session created
  Context: {
  "sessionId": "cd6c61b4-619b-427a-9208-0c7a2f4dc3da",
  "title": "Untitled Session",
  "mode": "hybrid"
}

[90mstdout[2m | tests/unit/session-manager.test.ts[2m > [22m[2mSessionManager[2m > [22m[2mgetSession[2m > [22m[2mshould retrieve an existing session[22m[39m
[2025-11-19T03:20:42.860Z] INFO: Session created
  Context: {
  "sessionId": "f80e9443-12d1-4e78-b5af-5d0ed71a2331",
  "title": "Test Session",
  "mode": "hybrid"
}

[90mstdout[2m | tests/unit/session-manager.test.ts[2m > [22m[2mSessionManager[2m > [22m[2maddThought[2m > [22m[2mshould add a sequential thought to session[22m[39m
[2025-11-19T03:20:42.863Z] INFO: Session created
  Context: {
  "sessionId": "7357ffff-9cf0-4370-abd5-23ef359720f9",
  "title": "Untitled Session",
  "mode": "sequential"
}

[90mstdout[2m | tests/unit/session-manager.test.ts[2m > [22m[2mSessionManager[2m > [22m[2maddThought[2m > [22m[2mshould mark session as complete when nextThoughtNeeded is false[22m[39m
[2025-11-19T03:20:42.867Z] INFO: Session created
  Context: {
  "sessionId": "83775086-3d6c-409b-90ef-48c9b6a84471",
  "title": "Untitled Session",
  "mode": "hybrid"
}
[2025-11-19T03:20:42.867Z] INFO: Session completed
  Context: {
  "sessionId": "83775086-3d6c-409b-90ef-48c9b6a84471",
  "title": "Untitled Session",
  "totalThoughts": 1
}

[90mstdout[2m | tests/unit/session-manager.test.ts[2m > [22m[2mSessionManager[2m > [22m[2maddThought[2m > [22m[2mshould track revisions in metrics[22m[39m
[2025-11-19T03:20:42.892Z] INFO: Session created
  Context: {
  "sessionId": "9c390a6e-d20d-4c1a-a2fe-3e48ee0c5f6d",
  "title": "Untitled Session",
  "mode": "hybrid"
}

[90mstdout[2m | tests/unit/session-manager.test.ts[2m > [22m[2mSessionManager[2m > [22m[2maddThought[2m > [22m[2mshould calculate average uncertainty for Shannon thoughts[22m[39m
[2025-11-19T03:20:42.899Z] INFO: Session created
  Context: {
  "sessionId": "a9ce72b6-dbd0-42e1-a8c0-5685dbf866ef",
  "title": "Untitled Session",
  "mode": "shannon"
}

[90mstderr[2m | tests/unit/session-manager.test.ts[2m > [22m[2mSessionManager[2m > [22m[2maddThought[2m > [22m[2mshould throw error for non-existent session[22m[39m
[2025-11-19T03:20:42.910Z] ERROR: Session not found
  Context: {
  "sessionId": "00000000-0000-4000-8000-000000000000"
}

[90mstdout[2m | tests/unit/session-manager.test.ts[2m > [22m[2mSessionManager[2m > [22m[2mswitchMode[2m > [22m[2mshould switch session mode[22m[39m
[2025-11-19T03:20:42.917Z] INFO: Session created
  Context: {
  "sessionId": "0d14dae1-324b-46c2-a598-9bb11dc34a1b",
  "title": "Untitled Session",
  "mode": "sequential"
}
[2025-11-19T03:20:42.918Z] INFO: Session mode switched
  Context: {
  "sessionId": "0d14dae1-324b-46c2-a598-9bb11dc34a1b",
  "oldMode": "sequential",
  "newMode": "shannon",
  "reason": "Need systematic approach"
}

[90mstderr[2m | tests/unit/session-manager.test.ts[2m > [22m[2mSessionManager[2m > [22m[2mswitchMode[2m > [22m[2mshould throw error for non-existent session[22m[39m
[2025-11-19T03:20:42.918Z] ERROR: Session not found
  Context: {
  "sessionId": "00000000-0000-4000-8000-000000000000"
}

[90mstdout[2m | tests/unit/session-manager.test.ts[2m > [22m[2mSessionManager[2m > [22m[2mlistSessions[2m > [22m[2mshould list all sessions[22m[39m
[2025-11-19T03:20:42.920Z] INFO: Session created
  Context: {
  "sessionId": "0ef31619-108c-4b13-95a7-30370dc1faba",
  "title": "Session 1",
  "mode": "hybrid"
}
[2025-11-19T03:20:42.921Z] INFO: Session created
  Context: {
  "sessionId": "88a16f53-9aa7-43ee-8c2b-84552f34f535",
  "title": "Session 2",
  "mode": "hybrid"
}
[2025-11-19T03:20:42.921Z] INFO: Session created
  Context: {
  "sessionId": "ae6b4fe3-612b-45da-a099-fbea2f455294",
  "title": "Session 3",
  "mode": "hybrid"
}

[90mstdout[2m | tests/unit/session-manager.test.ts[2m > [22m[2mSessionManager[2m > [22m[2mdeleteSession[2m > [22m[2mshould delete a session[22m[39m
[2025-11-19T03:20:42.925Z] INFO: Session created
  Context: {
  "sessionId": "258b0f66-56b8-421a-962e-6e38a5a73343",
  "title": "Untitled Session",
  "mode": "hybrid"
}
[2025-11-19T03:20:42.926Z] INFO: Session deleted
  Context: {
  "sessionId": "258b0f66-56b8-421a-962e-6e38a5a73343",
  "title": "Untitled Session",
  "thoughtCount": 0
}

[90mstdout[2m | tests/unit/session-manager.test.ts[2m > [22m[2mSessionManager[2m > [22m[2mgenerateSummary[2m > [22m[2mshould generate a summary of session[22m[39m
[2025-11-19T03:20:42.927Z] INFO: Session created
  Context: {
  "sessionId": "12052818-e21a-4802-9bb5-7802317d460b",
  "title": "Test Problem",
  "mode": "hybrid"
}
[2025-11-19T03:20:42.927Z] INFO: Session completed
  Context: {
  "sessionId": "12052818-e21a-4802-9bb5-7802317d460b",
  "title": "Test Problem",
  "totalThoughts": 1
}

 [32m✓[39m tests/unit/session-manager.test.ts [2m ([22m[2m16 tests[22m[2m)[22m[90m 94[2mms[22m[39m
[90mstdout[2m | tests/unit/file-store.test.ts[2m > [22m[2mFileSessionStore[2m > [22m[2msaveSession[2m > [22m[2mshould save session with correct content[22m[39m
[2025-11-19T03:20:43.827Z] INFO: FileSessionStore initialized
  Context: {
  "baseDir": "C:\\Users\\danie\\AppData\\Local\\Temp\\deepthinking-test-5e36556c-62d1-4dab-9d07-820146b4fae3",
  "config": {
    "autoSave": true,
    "autoSaveDelay": 1000,
    "enableCompression": false,
    "maxSessions": 1000,
    "maxSessionAge": 2592000000,
    "enableEncryption": false,
    "serialization": {
      "prettyPrint": false,
      "includeMetadata": true
    }
  }
}

 [32m✓[39m tests/integration/session-workflow.test.ts [2m ([22m[2m7 tests[22m[2m)[22m[90m 39[2mms[22m[39m
[90mstdout[2m | tests/integration/session-workflow.test.ts[2m > [22m[2mSession Workflow Integration[2m > [22m[2mshould complete full sequential thinking workflow[22m[39m
[2025-11-19T03:20:44.164Z] INFO: Session created
  Context: {
  "sessionId": "be5cb324-9551-4cc1-81c3-8845f02fb356",
  "title": "Solve Prime Factorization Problem",
  "mode": "sequential"
}
[2025-11-19T03:20:44.177Z] INFO: Session completed
  Context: {
  "sessionId": "be5cb324-9551-4cc1-81c3-8845f02fb356",
  "title": "Solve Prime Factorization Problem",
  "totalThoughts": 5
}

[90mstdout[2m | tests/integration/session-workflow.test.ts[2m > [22m[2mSession Workflow Integration[2m > [22m[2mshould handle mathematics mode with validation[22m[39m
[2025-11-19T03:20:44.182Z] INFO: Session created
  Context: {
  "sessionId": "be2be5ea-fc07-4f52-a979-00555986305a",
  "title": "Prove Fundamental Theorem",
  "mode": "mathematics"
}
[2025-11-19T03:20:44.182Z] INFO: Session completed
  Context: {
  "sessionId": "be2be5ea-fc07-4f52-a979-00555986305a",
  "title": "Prove Fundamental Theorem",
  "totalThoughts": 3
}

[90mstdout[2m | tests/integration/session-workflow.test.ts[2m > [22m[2mSession Workflow Integration[2m > [22m[2mshould handle mode switching mid-session[22m[39m
[2025-11-19T03:20:44.184Z] INFO: Session created
  Context: {
  "sessionId": "0cd5aed0-7b74-4b7e-8e87-fbcdbde977a5",
  "title": "Problem Solving Session",
  "mode": "sequential"
}
[2025-11-19T03:20:44.185Z] INFO: Session mode switched
  Context: {
  "sessionId": "0cd5aed0-7b74-4b7e-8e87-fbcdbde977a5",
  "oldMode": "sequential",
  "newMode": "shannon",
  "reason": "Need more structure"
}
[2025-11-19T03:20:44.185Z] INFO: Session completed
  Context: {
  "sessionId": "0cd5aed0-7b74-4b7e-8e87-fbcdbde977a5",
  "title": "Problem Solving Session",
  "totalThoughts": 3
}

[90mstdout[2m | tests/integration/session-workflow.test.ts[2m > [22m[2mSession Workflow Integration[2m > [22m[2mshould track validation cache statistics[22m[39m
[2025-11-19T03:20:44.187Z] INFO: Session created
  Context: {
  "sessionId": "118070ce-2df8-4860-ab76-7db4231f5226",
  "title": "Cache Test Session",
  "mode": "sequential"
}
[2025-11-19T03:20:44.187Z] INFO: Session completed
  Context: {
  "sessionId": "118070ce-2df8-4860-ab76-7db4231f5226",
  "title": "Cache Test Session",
  "totalThoughts": 3
}

[90mstdout[2m | tests/integration/session-workflow.test.ts[2m > [22m[2mSession Workflow Integration[2m > [22m[2mshould handle multiple concurrent sessions[22m[39m
[2025-11-19T03:20:44.189Z] INFO: Session created
  Context: {
  "sessionId": "e008f275-98e2-4c0d-b4e7-958b532cb29c",
  "title": "Session 1",
  "mode": "sequential"
}
[2025-11-19T03:20:44.190Z] INFO: Session created
  Context: {
  "sessionId": "511df40f-88df-4e3d-a5c8-b6e50db4867d",
  "title": "Session 2",
  "mode": "mathematics"
}
[2025-11-19T03:20:44.190Z] INFO: Session created
  Context: {
  "sessionId": "1bf6323b-7ac1-46dc-b753-d7ff5b625b0d",
  "title": "Session 3",
  "mode": "shannon"
}
[2025-11-19T03:20:44.190Z] INFO: Session completed
  Context: {
  "sessionId": "e008f275-98e2-4c0d-b4e7-958b532cb29c",
  "title": "Session 1",
  "totalThoughts": 1
}
[2025-11-19T03:20:44.190Z] INFO: Session completed
  Context: {
  "sessionId": "511df40f-88df-4e3d-a5c8-b6e50db4867d",
  "title": "Session 2",
  "totalThoughts": 1
}
[2025-11-19T03:20:44.190Z] INFO: Session completed
  Context: {
  "sessionId": "1bf6323b-7ac1-46dc-b753-d7ff5b625b0d",
  "title": "Session 3",
  "totalThoughts": 1
}

[90mstdout[2m | tests/integration/session-workflow.test.ts[2m > [22m[2mSession Workflow Integration[2m > [22m[2mshould handle session deletion[22m[39m
[2025-11-19T03:20:44.192Z] INFO: Session created
  Context: {
  "sessionId": "a12351ff-be0d-46c7-9a27-81ee4a000208",
  "title": "Temporary Session",
  "mode": "sequential"
}
[2025-11-19T03:20:44.192Z] INFO: Session completed
  Context: {
  "sessionId": "a12351ff-be0d-46c7-9a27-81ee4a000208",
  "title": "Temporary Session",
  "totalThoughts": 1
}
[2025-11-19T03:20:44.193Z] INFO: Session deleted
  Context: {
  "sessionId": "a12351ff-be0d-46c7-9a27-81ee4a000208",
  "title": "Temporary Session",
  "thoughtCount": 1
}

[90mstdout[2m | tests/integration/session-workflow.test.ts[2m > [22m[2mSession Workflow Integration[2m > [22m[2mshould maintain metrics accuracy across workflow[22m[39m
[2025-11-19T03:20:44.194Z] INFO: Session created
  Context: {
  "sessionId": "8389f90c-4434-4893-91e3-63ccf36fa561",
  "title": "Metrics Test",
  "mode": "sequential"
}
[2025-11-19T03:20:44.194Z] INFO: Session completed
  Context: {
  "sessionId": "8389f90c-4434-4893-91e3-63ccf36fa561",
  "title": "Metrics Test",
  "totalThoughts": 5
}

 [32m✓[39m tests/benchmarks/metrics-performance.test.ts [2m ([22m[2m2 tests[22m[2m)[22m[90m 51[2mms[22m[39m
[90mstdout[2m | tests/benchmarks/metrics-performance.test.ts[2m > [22m[2mMetrics Performance Benchmark[2m > [22m[2mshould show performance improvement with incremental calculation[22m[39m
[2025-11-19T03:20:44.204Z] INFO: Session created
  Context: {
  "sessionId": "f4207ae0-c6ec-48bc-887e-6ea00ff9d20c",
  "title": "Performance Test",
  "mode": "sequential"
}

📊 Benchmark: Adding 1000 thoughts with uncertainty tracking
[2025-11-19T03:20:44.224Z] INFO: Session completed
  Context: {
  "sessionId": "f4207ae0-c6ec-48bc-887e-6ea00ff9d20c",
  "title": "Performance Test",
  "totalThoughts": 1000
}
✅ Total time: 18.44ms
✅ Average time per thought: 0.0184ms
✅ Expected average uncertainty: 0.501216
✅ Actual average uncertainty: 0.501216
✅ Accuracy verified: PASS

🎯 Performance: EXCELLENT

[90mstdout[2m | tests/benchmarks/metrics-performance.test.ts[2m > [22m[2mMetrics Performance Benchmark[2m > [22m[2mshould maintain O(1) complexity regardless of session size[22m[39m

📈 Complexity Analysis: Testing O(1) behavior
[2025-11-19T03:20:44.232Z] INFO: Session created
  Context: {
  "sessionId": "1a8430b9-c89c-4ac5-9b11-6b811763e9ba",
  "title": "Test Session 100",
  "mode": "sequential"
}
[2025-11-19T03:20:44.234Z] INFO: Session completed
  Context: {
  "sessionId": "1a8430b9-c89c-4ac5-9b11-6b811763e9ba",
  "title": "Test Session 100",
  "totalThoughts": 100
}
  Session size 100: 0.0196ms per thought
[2025-11-19T03:20:44.235Z] INFO: Session created
  Context: {
  "sessionId": "4ec0cd02-2de3-44c8-84d1-6245bd75f8bf",
  "title": "Test Session 500",
  "mode": "sequential"
}
[2025-11-19T03:20:44.239Z] INFO: Session completed
  Context: {
  "sessionId": "4ec0cd02-2de3-44c8-84d1-6245bd75f8bf",
  "title": "Test Session 500",
  "totalThoughts": 500
}
  Session size 500: 0.0077ms per thought
[2025-11-19T03:20:44.239Z] INFO: Session created
  Context: {
  "sessionId": "9b36fcdc-2b61-4e43-ba33-899ce3c15013",
  "title": "Test Session 1000",
  "mode": "sequential"
}
[2025-11-19T03:20:44.245Z] INFO: Session completed
  Context: {
  "sessionId": "9b36fcdc-2b61-4e43-ba33-899ce3c15013",
  "title": "Test Session 1000",
  "totalThoughts": 1000
}
  Session size 1000: 0.0105ms per thought

  Min: 0.0077ms, Max: 0.0196ms, Overall Ratio: 2.54x
  Ratio (500 vs 1000): 1.36x
  Complexity: O(1) ✅

 [32m✓[39m tests/integration/mcp-compliance.test.ts [2m ([22m[2m21 tests[22m[2m)[22m[90m 208[2mms[22m[39m
[90mstdout[2m | tests/unit/file-store.test.ts[2m > [22m[2mFileSessionStore[2m > [22m[2msaveSession[2m > [22m[2mshould save session with correct content[22m[39m
[2025-11-19T03:20:44.372Z] INFO: FileSessionStore closed

[90mstdout[2m | tests/unit/file-store.test.ts[2m > [22m[2mFileSessionStore[2m > [22m[2msaveSession[2m > [22m[2mshould update metadata index[22m[39m
[2025-11-19T03:20:45.661Z] INFO: FileSessionStore initialized
  Context: {
  "baseDir": "C:\\Users\\danie\\AppData\\Local\\Temp\\deepthinking-test-6ed47879-cc5b-4004-a86c-2d92ae8d5646",
  "config": {
    "autoSave": true,
    "autoSaveDelay": 1000,
    "enableCompression": false,
    "maxSessions": 1000,
    "maxSessionAge": 2592000000,
    "enableEncryption": false,
    "serialization": {
      "prettyPrint": false,
      "includeMetadata": true
    }
  }
}

[90mstdout[2m | tests/unit/file-store.test.ts[2m > [22m[2mFileSessionStore[2m > [22m[2msaveSession[2m > [22m[2mshould update metadata index[22m[39m
[2025-11-19T03:20:45.768Z] INFO: FileSessionStore closed

 [32m✓[39m tests/unit/errors.test.ts [2m ([22m[2m13 tests[22m[2m)[22m[90m 77[2mms[22m[39m
[90mstdout[2m | tests/unit/file-store.test.ts[2m > [22m[2mFileSessionStore[2m > [22m[2msaveSession[2m > [22m[2mshould overwrite existing session[22m[39m
[2025-11-19T03:20:46.350Z] INFO: FileSessionStore initialized
  Context: {
  "baseDir": "C:\\Users\\danie\\AppData\\Local\\Temp\\deepthinking-test-bf6b7f61-add2-4607-ad84-77abf2024b2d",
  "config": {
    "autoSave": true,
    "autoSaveDelay": 1000,
    "enableCompression": false,
    "maxSessions": 1000,
    "maxSessionAge": 2592000000,
    "enableEncryption": false,
    "serialization": {
      "prettyPrint": false,
      "includeMetadata": true
    }
  }
}

 [32m✓[39m tests/unit/gametheory.test.ts [2m ([22m[2m17 tests[22m[2m)[22m[90m 123[2mms[22m[39m
 [32m✓[39m tests/unit/evidential.test.ts [2m ([22m[2m16 tests[22m[2m)[22m[90m 46[2mms[22m[39m
[90mstdout[2m | tests/unit/file-store.test.ts[2m > [22m[2mFileSessionStore[2m > [22m[2msaveSession[2m > [22m[2mshould overwrite existing session[22m[39m
[2025-11-19T03:20:47.287Z] INFO: FileSessionStore closed

[90mstdout[2m | tests/unit/file-store.test.ts[2m > [22m[2mFileSessionStore[2m > [22m[2mloadSession[2m > [22m[2mshould load an existing session[22m[39m
[2025-11-19T03:20:47.838Z] INFO: FileSessionStore initialized
  Context: {
  "baseDir": "C:\\Users\\danie\\AppData\\Local\\Temp\\deepthinking-test-d241d9a0-8ecd-44e4-866b-f00fce703f85",
  "config": {
    "autoSave": true,
    "autoSaveDelay": 1000,
    "enableCompression": false,
    "maxSessions": 1000,
    "maxSessionAge": 2592000000,
    "enableEncryption": false,
    "serialization": {
      "prettyPrint": false,
      "includeMetadata": true
    }
  }
}

[90mstdout[2m | tests/unit/file-store.test.ts[2m > [22m[2mFileSessionStore[2m > [22m[2mloadSession[2m > [22m[2mshould load an existing session[22m[39m
[2025-11-19T03:20:48.160Z] INFO: FileSessionStore closed

 [32m✓[39m tests/unit/types.test.ts [2m ([22m[2m14 tests[22m[2m)[22m[90m 50[2mms[22m[39m
 [32m✓[39m tests/unit/bayesian.test.ts [2m ([22m[2m10 tests[22m[2m)[22m[90m 39[2mms[22m[39m
 [32m✓[39m tests/unit/sanitization.test.ts [2m ([22m[2m26 tests[22m[2m)[22m[90m 78[2mms[22m[39m
[90mstdout[2m | tests/unit/file-store.test.ts[2m > [22m[2mFileSessionStore[2m > [22m[2mloadSession[2m > [22m[2mshould return null for non-existent session[22m[39m
[2025-11-19T03:20:48.410Z] INFO: FileSessionStore initialized
  Context: {
  "baseDir": "C:\\Users\\danie\\AppData\\Local\\Temp\\deepthinking-test-887cb3b1-f3a3-450b-936a-aaa0e684c655",
  "config": {
    "autoSave": true,
    "autoSaveDelay": 1000,
    "enableCompression": false,
    "maxSessions": 1000,
    "maxSessionAge": 2592000000,
    "enableEncryption": false,
    "serialization": {
      "prettyPrint": false,
      "includeMetadata": true
    }
  }
}
[2025-11-19T03:20:48.439Z] INFO: FileSessionStore closed

 [32m✓[39m tests/unit/temporal.test.ts [2m ([22m[2m19 tests[22m[2m)[22m[90m 106[2mms[22m[39m
[90mstdout[2m | tests/unit/file-store.test.ts[2m > [22m[2mFileSessionStore[2m > [22m[2mloadSession[2m > [22m[2mshould preserve Date objects[22m[39m
[2025-11-19T03:20:49.117Z] INFO: FileSessionStore initialized
  Context: {
  "baseDir": "C:\\Users\\danie\\AppData\\Local\\Temp\\deepthinking-test-933cfc8b-6d18-4fbe-a478-56d15bf2ad30",
  "config": {
    "autoSave": true,
    "autoSaveDelay": 1000,
    "enableCompression": false,
    "maxSessions": 1000,
    "maxSessionAge": 2592000000,
    "enableEncryption": false,
    "serialization": {
      "prettyPrint": false,
      "includeMetadata": true
    }
  }
}

 [32m✓[39m tests/unit/recommendations.test.ts [2m ([22m[2m15 tests[22m[2m)[22m[90m 123[2mms[22m[39m
[90mstdout[2m | tests/unit/file-store.test.ts[2m > [22m[2mFileSessionStore[2m > [22m[2mloadSession[2m > [22m[2mshould preserve Date objects[22m[39m
[2025-11-19T03:20:49.546Z] INFO: FileSessionStore closed

[90mstdout[2m | tests/unit/file-store.test.ts[2m > [22m[2mFileSessionStore[2m > [22m[2mloadSession[2m > [22m[2mshould preserve Map objects[22m[39m
[2025-11-19T03:20:49.902Z] INFO: FileSessionStore initialized
  Context: {
  "baseDir": "C:\\Users\\danie\\AppData\\Local\\Temp\\deepthinking-test-b4a100a1-d44a-4c84-8372-c5c59f491b0d",
  "config": {
    "autoSave": true,
    "autoSaveDelay": 1000,
    "enableCompression": false,
    "maxSessions": 1000,
    "maxSessionAge": 2592000000,
    "enableEncryption": false,
    "serialization": {
      "prettyPrint": false,
      "includeMetadata": true
    }
  }
}

[90mstdout[2m | tests/unit/file-store.test.ts[2m > [22m[2mFileSessionStore[2m > [22m[2mloadSession[2m > [22m[2mshould preserve Map objects[22m[39m
[2025-11-19T03:20:49.909Z] INFO: FileSessionStore closed

[90mstdout[2m | tests/unit/file-store.test.ts[2m > [22m[2mFileSessionStore[2m > [22m[2mdeleteSession[2m > [22m[2mshould delete an existing session[22m[39m
[2025-11-19T03:20:49.918Z] INFO: FileSessionStore initialized
  Context: {
  "baseDir": "C:\\Users\\danie\\AppData\\Local\\Temp\\deepthinking-test-a3ef15f8-abf3-419e-b6ed-1218dff883d9",
  "config": {
    "autoSave": true,
    "autoSaveDelay": 1000,
    "enableCompression": false,
    "maxSessions": 1000,
    "maxSessionAge": 2592000000,
    "enableEncryption": false,
    "serialization": {
      "prettyPrint": false,
      "includeMetadata": true
    }
  }
}

[90mstdout[2m | tests/unit/file-store.test.ts[2m > [22m[2mFileSessionStore[2m > [22m[2mdeleteSession[2m > [22m[2mshould delete an existing session[22m[39m
[2025-11-19T03:20:50.028Z] INFO: Session deleted
  Context: {
  "sessionId": "610902ba-fff6-4a77-a08b-95cb42f5eaf2"
}

[90mstdout[2m | tests/unit/file-store.test.ts[2m > [22m[2mFileSessionStore[2m > [22m[2mdeleteSession[2m > [22m[2mshould delete an existing session[22m[39m
[2025-11-19T03:20:50.038Z] INFO: FileSessionStore closed

[90mstdout[2m | tests/unit/file-store.test.ts[2m > [22m[2mFileSessionStore[2m > [22m[2mdeleteSession[2m > [22m[2mshould return false for non-existent session[22m[39m
[2025-11-19T03:20:50.277Z] INFO: FileSessionStore initialized
  Context: {
  "baseDir": "C:\\Users\\danie\\AppData\\Local\\Temp\\deepthinking-test-46277bd7-38ba-45a2-89ff-801a1ee71904",
  "config": {
    "autoSave": true,
    "autoSaveDelay": 1000,
    "enableCompression": false,
    "maxSessions": 1000,
    "maxSessionAge": 2592000000,
    "enableEncryption": false,
    "serialization": {
      "prettyPrint": false,
      "includeMetadata": true
    }
  }
}
[2025-11-19T03:20:50.289Z] INFO: FileSessionStore closed

 [32m✓[39m tests/unit/counterfactual.test.ts [2m ([22m[2m8 tests[22m[2m)[22m[90m 37[2mms[22m[39m
[90mstdout[2m | tests/unit/file-store.test.ts[2m > [22m[2mFileSessionStore[2m > [22m[2mdeleteSession[2m > [22m[2mshould update metadata index after deletion[22m[39m
[2025-11-19T03:20:50.591Z] INFO: FileSessionStore initialized
  Context: {
  "baseDir": "C:\\Users\\danie\\AppData\\Local\\Temp\\deepthinking-test-338c56f0-26c0-4610-bf05-ef796eccaca4",
  "config": {
    "autoSave": true,
    "autoSaveDelay": 1000,
    "enableCompression": false,
    "maxSessions": 1000,
    "maxSessionAge": 2592000000,
    "enableEncryption": false,
    "serialization": {
      "prettyPrint": false,
      "includeMetadata": true
    }
  }
}

[90mstdout[2m | tests/unit/file-store.test.ts[2m > [22m[2mFileSessionStore[2m > [22m[2mdeleteSession[2m > [22m[2mshould update metadata index after deletion[22m[39m
[2025-11-19T03:20:50.995Z] INFO: Session deleted
  Context: {
  "sessionId": "7f2b7510-c5a0-4abf-ba2b-3540c921117c"
}
[2025-11-19T03:20:50.996Z] INFO: FileSessionStore closed

 [32m✓[39m tests/unit/logger.test.ts [2m ([22m[2m11 tests[22m[2m)[22m[90m 37[2mms[22m[39m
 [32m✓[39m tests/unit/visual.test.ts [2m ([22m[2m13 tests[22m[2m)[22m[90m 273[2mms[22m[39m
[90mstdout[2m | tests/unit/file-store.test.ts[2m > [22m[2mFileSessionStore[2m > [22m[2mlistSessions[2m > [22m[2mshould list all sessions[22m[39m
[2025-11-19T03:20:51.576Z] INFO: FileSessionStore initialized
  Context: {
  "baseDir": "C:\\Users\\danie\\AppData\\Local\\Temp\\deepthinking-test-058cfb5f-bcdc-41d3-bc95-2892f204c124",
  "config": {
    "autoSave": true,
    "autoSaveDelay": 1000,
    "enableCompression": false,
    "maxSessions": 1000,
    "maxSessionAge": 2592000000,
    "enableEncryption": false,
    "serialization": {
      "prettyPrint": false,
      "includeMetadata": true
    }
  }
}

 [32m✓[39m tests/unit/analogical.test.ts [2m ([22m[2m9 tests[22m[2m)[22m[90m 27[2mms[22m[39m
[90mstdout[2m | tests/unit/file-store.test.ts[2m > [22m[2mFileSessionStore[2m > [22m[2mlistSessions[2m > [22m[2mshould list all sessions[22m[39m
[2025-11-19T03:20:52.022Z] INFO: FileSessionStore closed

[90mstdout[2m | tests/unit/file-store.test.ts[2m > [22m[2mFileSessionStore[2m > [22m[2mlistSessions[2m > [22m[2mshould return empty array when no sessions exist[22m[39m
[2025-11-19T03:20:52.400Z] INFO: FileSessionStore initialized
  Context: {
  "baseDir": "C:\\Users\\danie\\AppData\\Local\\Temp\\deepthinking-test-195bcf59-bd6a-4271-98e3-3669c354a6c4",
  "config": {
    "autoSave": true,
    "autoSaveDelay": 1000,
    "enableCompression": false,
    "maxSessions": 1000,
    "maxSessionAge": 2592000000,
    "enableEncryption": false,
    "serialization": {
      "prettyPrint": false,
      "includeMetadata": true
    }
  }
}
[2025-11-19T03:20:52.402Z] INFO: FileSessionStore closed

 [32m✓[39m tests/unit/causal.test.ts [2m ([22m[2m10 tests[22m[2m)[22m[90m 40[2mms[22m[39m
[90mstdout[2m | tests/unit/file-store.test.ts[2m > [22m[2mFileSessionStore[2m > [22m[2mlistSessions[2m > [22m[2mshould include correct metadata fields[22m[39m
[2025-11-19T03:20:52.632Z] INFO: FileSessionStore initialized
  Context: {
  "baseDir": "C:\\Users\\danie\\AppData\\Local\\Temp\\deepthinking-test-370607ff-ed68-4c61-af1c-7601b3d215dd",
  "config": {
    "autoSave": true,
    "autoSaveDelay": 1000,
    "enableCompression": false,
    "maxSessions": 1000,
    "maxSessionAge": 2592000000,
    "enableEncryption": false,
    "serialization": {
      "prettyPrint": false,
      "includeMetadata": true
    }
  }
}

[90mstdout[2m | tests/unit/file-store.test.ts[2m > [22m[2mFileSessionStore[2m > [22m[2mlistSessions[2m > [22m[2mshould include correct metadata fields[22m[39m
[2025-11-19T03:20:52.689Z] INFO: FileSessionStore closed

[90mstdout[2m | tests/unit/file-store.test.ts[2m > [22m[2mFileSessionStore[2m > [22m[2mexists[2m > [22m[2mshould return true for existing session[22m[39m
[2025-11-19T03:20:52.955Z] INFO: FileSessionStore initialized
  Context: {
  "baseDir": "C:\\Users\\danie\\AppData\\Local\\Temp\\deepthinking-test-b377242a-fdc2-42a0-aed5-081dfa97a30d",
  "config": {
    "autoSave": true,
    "autoSaveDelay": 1000,
    "enableCompression": false,
    "maxSessions": 1000,
    "maxSessionAge": 2592000000,
    "enableEncryption": false,
    "serialization": {
      "prettyPrint": false,
      "includeMetadata": true
    }
  }
}

[90mstdout[2m | tests/unit/file-store.test.ts[2m > [22m[2mFileSessionStore[2m > [22m[2mexists[2m > [22m[2mshould return true for existing session[22m[39m
[2025-11-19T03:20:53.021Z] INFO: FileSessionStore closed

[90mstdout[2m | tests/unit/file-store.test.ts[2m > [22m[2mFileSessionStore[2m > [22m[2mexists[2m > [22m[2mshould return false for non-existent session[22m[39m
[2025-11-19T03:20:53.280Z] INFO: FileSessionStore initialized
  Context: {
  "baseDir": "C:\\Users\\danie\\AppData\\Local\\Temp\\deepthinking-test-33aa6ad7-4a34-444e-96f3-deedde7aca83",
  "config": {
    "autoSave": true,
    "autoSaveDelay": 1000,
    "enableCompression": false,
    "maxSessions": 1000,
    "maxSessionAge": 2592000000,
    "enableEncryption": false,
    "serialization": {
      "prettyPrint": false,
      "includeMetadata": true
    }
  }
}
[2025-11-19T03:20:53.281Z] INFO: FileSessionStore closed

 [32m✓[39m tests/unit/abductive.test.ts [2m ([22m[2m10 tests[22m[2m)[22m[90m 41[2mms[22m[39m
[90mstdout[2m | tests/unit/file-store.test.ts[2m > [22m[2mFileSessionStore[2m > [22m[2mgetStats[2m > [22m[2mshould return storage statistics[22m[39m
[2025-11-19T03:20:53.319Z] INFO: FileSessionStore initialized
  Context: {
  "baseDir": "C:\\Users\\danie\\AppData\\Local\\Temp\\deepthinking-test-4e1fe8ff-c389-4071-b6fa-686dc69430a2",
  "config": {
    "autoSave": true,
    "autoSaveDelay": 1000,
    "enableCompression": false,
    "maxSessions": 1000,
    "maxSessionAge": 2592000000,
    "enableEncryption": false,
    "serialization": {
      "prettyPrint": false,
      "includeMetadata": true
    }
  }
}

[90mstdout[2m | tests/unit/file-store.test.ts[2m > [22m[2mFileSessionStore[2m > [22m[2mgetStats[2m > [22m[2mshould return storage statistics[22m[39m
[2025-11-19T03:20:53.358Z] INFO: FileSessionStore closed

[90mstdout[2m | tests/unit/file-store.test.ts[2m > [22m[2mFileSessionStore[2m > [22m[2mgetStats[2m > [22m[2mshould calculate total thoughts correctly[22m[39m
[2025-11-19T03:20:53.398Z] INFO: FileSessionStore initialized
  Context: {
  "baseDir": "C:\\Users\\danie\\AppData\\Local\\Temp\\deepthinking-test-48b2b321-f73b-4ca7-913b-4b2284bc54f9",
  "config": {
    "autoSave": true,
    "autoSaveDelay": 1000,
    "enableCompression": false,
    "maxSessions": 1000,
    "maxSessionAge": 2592000000,
    "enableEncryption": false,
    "serialization": {
      "prettyPrint": false,
      "includeMetadata": true
    }
  }
}

[90mstdout[2m | tests/unit/file-store.test.ts[2m > [22m[2mFileSessionStore[2m > [22m[2mgetStats[2m > [22m[2mshould calculate total thoughts correctly[22m[39m
[2025-11-19T03:20:53.415Z] INFO: FileSessionStore closed

[90mstdout[2m | tests/unit/file-store.test.ts[2m > [22m[2mFileSessionStore[2m > [22m[2mgetStats[2m > [22m[2mshould identify storage health status[22m[39m
[2025-11-19T03:20:53.427Z] INFO: FileSessionStore initialized
  Context: {
  "baseDir": "C:\\Users\\danie\\AppData\\Local\\Temp\\deepthinking-test-1affeeab-7003-499a-bbee-a97c6b84d099",
  "config": {
    "autoSave": true,
    "autoSaveDelay": 1000,
    "enableCompression": false,
    "maxSessions": 1000,
    "maxSessionAge": 2592000000,
    "enableEncryption": false,
    "serialization": {
      "prettyPrint": false,
      "includeMetadata": true
    }
  }
}

[90mstdout[2m | tests/unit/file-store.test.ts[2m > [22m[2mFileSessionStore[2m > [22m[2mgetStats[2m > [22m[2mshould identify storage health status[22m[39m
[2025-11-19T03:20:53.430Z] INFO: FileSessionStore initialized
  Context: {
  "baseDir": "C:\\Users\\danie\\AppData\\Local\\Temp\\deepthinking-test-1affeeab-7003-499a-bbee-a97c6b84d099",
  "config": {
    "autoSave": true,
    "autoSaveDelay": 1000,
    "enableCompression": false,
    "maxSessions": 10,
    "maxSessionAge": 2592000000,
    "enableEncryption": false,
    "serialization": {
      "prettyPrint": false,
      "includeMetadata": true
    }
  }
}

[90mstdout[2m | tests/unit/file-store.test.ts[2m > [22m[2mFileSessionStore[2m > [22m[2mgetStats[2m > [22m[2mshould identify storage health status[22m[39m
[2025-11-19T03:20:53.487Z] INFO: FileSessionStore closed
[2025-11-19T03:20:53.488Z] INFO: FileSessionStore closed

[90mstdout[2m | tests/unit/file-store.test.ts[2m > [22m[2mFileSessionStore[2m > [22m[2mcleanup[2m > [22m[2mshould clean up old sessions[22m[39m
[2025-11-19T03:20:53.505Z] INFO: FileSessionStore initialized
  Context: {
  "baseDir": "C:\\Users\\danie\\AppData\\Local\\Temp\\deepthinking-test-f531014e-c652-4313-ae34-cb94f6f0a1b4",
  "config": {
    "autoSave": true,
    "autoSaveDelay": 1000,
    "enableCompression": false,
    "maxSessions": 1000,
    "maxSessionAge": 2592000000,
    "enableEncryption": false,
    "serialization": {
      "prettyPrint": false,
      "includeMetadata": true
    }
  }
}

[90mstdout[2m | tests/unit/file-store.test.ts[2m > [22m[2mFileSessionStore[2m > [22m[2mcleanup[2m > [22m[2mshould clean up old sessions[22m[39m
[2025-11-19T03:20:53.541Z] INFO: Session deleted
  Context: {
  "sessionId": "f7ebcda3-c469-4fa2-87cf-6477fabff133"
}
[2025-11-19T03:20:53.541Z] INFO: Cleanup completed
  Context: {
  "cleanedCount": 1,
  "maxAgeMs": 604800000,
  "remaining": 1
}
[2025-11-19T03:20:53.543Z] INFO: FileSessionStore closed

[90mstdout[2m | tests/unit/file-store.test.ts[2m > [22m[2mFileSessionStore[2m > [22m[2mcleanup[2m > [22m[2mshould return 0 when no sessions need cleanup[22m[39m
[2025-11-19T03:20:53.561Z] INFO: FileSessionStore initialized
  Context: {
  "baseDir": "C:\\Users\\danie\\AppData\\Local\\Temp\\deepthinking-test-c2d59843-99a5-4810-a5df-c730b7c7ec3b",
  "config": {
    "autoSave": true,
    "autoSaveDelay": 1000,
    "enableCompression": false,
    "maxSessions": 1000,
    "maxSessionAge": 2592000000,
    "enableEncryption": false,
    "serialization": {
      "prettyPrint": false,
      "includeMetadata": true
    }
  }
}

[90mstdout[2m | tests/unit/file-store.test.ts[2m > [22m[2mFileSessionStore[2m > [22m[2mcleanup[2m > [22m[2mshould return 0 when no sessions need cleanup[22m[39m
[2025-11-19T03:20:53.568Z] INFO: FileSessionStore closed

[90mstdout[2m | tests/unit/file-store.test.ts[2m > [22m[2mFileSessionStore[2m > [22m[2mconcurrent operations[2m > [22m[2mshould handle concurrent saves[22m[39m
[2025-11-19T03:20:53.588Z] INFO: FileSessionStore initialized
  Context: {
  "baseDir": "C:\\Users\\danie\\AppData\\Local\\Temp\\deepthinking-test-d9f89929-4679-446a-8261-48a9bfb8d4c4",
  "config": {
    "autoSave": true,
    "autoSaveDelay": 1000,
    "enableCompression": false,
    "maxSessions": 1000,
    "maxSessionAge": 2592000000,
    "enableEncryption": false,
    "serialization": {
      "prettyPrint": false,
      "includeMetadata": true
    }
  }
}

[90mstdout[2m | tests/unit/file-store.test.ts[2m > [22m[2mFileSessionStore[2m > [22m[2mconcurrent operations[2m > [22m[2mshould handle concurrent saves[22m[39m
[2025-11-19T03:20:53.613Z] INFO: FileSessionStore closed

[90mstdout[2m | tests/unit/file-store.test.ts[2m > [22m[2mFileSessionStore[2m > [22m[2mconcurrent operations[2m > [22m[2mshould handle concurrent reads[22m[39m
[2025-11-19T03:20:53.639Z] INFO: FileSessionStore initialized
  Context: {
  "baseDir": "C:\\Users\\danie\\AppData\\Local\\Temp\\deepthinking-test-9b66bfda-d81a-465a-be35-761b2a55f3a3",
  "config": {
    "autoSave": true,
    "autoSaveDelay": 1000,
    "enableCompression": false,
    "maxSessions": 1000,
    "maxSessionAge": 2592000000,
    "enableEncryption": false,
    "serialization": {
      "prettyPrint": false,
      "includeMetadata": true
    }
  }
}

[90mstdout[2m | tests/unit/file-store.test.ts[2m > [22m[2mFileSessionStore[2m > [22m[2mconcurrent operations[2m > [22m[2mshould handle concurrent reads[22m[39m
[2025-11-19T03:20:53.660Z] INFO: FileSessionStore closed

[90mstdout[2m | tests/unit/file-store.test.ts[2m > [22m[2mFileSessionStore[2m > [22m[2merror handling[2m > [22m[2mshould handle invalid session data gracefully[22m[39m
[2025-11-19T03:20:53.668Z] INFO: FileSessionStore initialized
  Context: {
  "baseDir": "C:\\Users\\danie\\AppData\\Local\\Temp\\deepthinking-test-4f86d8ee-72b7-404d-aee9-9b0ae773a220",
  "config": {
    "autoSave": true,
    "autoSaveDelay": 1000,
    "enableCompression": false,
    "maxSessions": 1000,
    "maxSessionAge": 2592000000,
    "enableEncryption": false,
    "serialization": {
      "prettyPrint": false,
      "includeMetadata": true
    }
  }
}

[90mstderr[2m | tests/unit/file-store.test.ts[2m > [22m[2mFileSessionStore[2m > [22m[2merror handling[2m > [22m[2mshould handle invalid session data gracefully[22m[39m
[2025-11-19T03:20:53.676Z] ERROR: Failed to load session
  Error: undefined

[90mstdout[2m | tests/unit/file-store.test.ts[2m > [22m[2mFileSessionStore[2m > [22m[2merror handling[2m > [22m[2mshould handle invalid session data gracefully[22m[39m
[2025-11-19T03:20:53.676Z] INFO: FileSessionStore closed

[90mstdout[2m | tests/unit/file-store.test.ts[2m > [22m[2mFileSessionStore[2m > [22m[2merror handling[2m > [22m[2mshould handle operations before initialization[22m[39m
[2025-11-19T03:20:53.685Z] INFO: FileSessionStore initialized
  Context: {
  "baseDir": "C:\\Users\\danie\\AppData\\Local\\Temp\\deepthinking-test-4946e8ef-19c8-46b7-870e-a805759a07b1",
  "config": {
    "autoSave": true,
    "autoSaveDelay": 1000,
    "enableCompression": false,
    "maxSessions": 1000,
    "maxSessionAge": 2592000000,
    "enableEncryption": false,
    "serialization": {
      "prettyPrint": false,
      "includeMetadata": true
    }
  }
}

[90mstdout[2m | tests/unit/file-store.test.ts[2m > [22m[2mFileSessionStore[2m > [22m[2merror handling[2m > [22m[2mshould handle operations before initialization[22m[39m
[2025-11-19T03:20:53.688Z] INFO: FileSessionStore initialized
  Context: {
  "baseDir": "C:\\Users\\danie\\AppData\\Local\\Temp\\deepthinking-test-4946e8ef-19c8-46b7-870e-a805759a07b1",
  "config": {
    "autoSave": true,
    "autoSaveDelay": 1000,
    "enableCompression": false,
    "maxSessions": 1000,
    "maxSessionAge": 2592000000,
    "enableEncryption": false,
    "serialization": {
      "prettyPrint": false,
      "includeMetadata": true
    }
  }
}

[90mstdout[2m | tests/unit/file-store.test.ts[2m > [22m[2mFileSessionStore[2m > [22m[2merror handling[2m > [22m[2mshould handle operations before initialization[22m[39m
[2025-11-19T03:20:53.692Z] INFO: FileSessionStore closed
[2025-11-19T03:20:53.692Z] INFO: FileSessionStore closed

 [32m✓[39m tests/unit/file-store.test.ts [2m ([22m[2m27 tests[22m[2m)[22m[33m 14200[2mms[22m[39m

[2m Test Files [22m [1m[32m24 passed[39m[22m[90m (24)[39m
[2m      Tests [22m [1m[32m397 passed[39m[22m[90m (397)[39m
[2m   Start at [22m 22:20:34
[2m   Duration [22m 37.65s


[1m[7m[32m PASS [39m[27m[22m[32m Waiting for file changes...[39m
       [2mpress [22m[1mh[22m[2m to show help[22m[2m, [22m[2mpress [22m[1mq[22m[2m to quit[22m
[3Jc
[7m[1m[34m RERUN [39m[22m[27m[2m src/types/core.ts[22m

 [32m✓[39m tests/unit/recommendations.test.ts [2m ([22m[2m15 tests[22m[2m)[22m[90m 54[2mms[22m[39m
 [32m✓[39m tests/integration/index-handlers.test.ts [2m ([22m[2m33 tests[22m[2m)[22m[90m 83[2mms[22m[39m
[90mstdout[2m | tests/integration/index-handlers.test.ts[2m > [22m[2mIndex.ts Handler Functions[2m > [22m[2mHandler Functions[2m > [22m[2mhandleAddThought()[2m > [22m[2mshould create new session if sessionId not provided[22m[39m
[2025-11-19T03:24:43.028Z] INFO: Session created
  Context: {
  "sessionId": "d27cce4d-eae9-4153-8c9b-9ebdd21f47b0",
  "title": "Test Session",
  "mode": "sequential"
}

[90mstdout[2m | tests/integration/index-handlers.test.ts[2m > [22m[2mIndex.ts Handler Functions[2m > [22m[2mHandler Functions[2m > [22m[2mhandleAddThought()[2m > [22m[2mshould add thought to existing session[22m[39m
[2025-11-19T03:24:43.032Z] INFO: Session created
  Context: {
  "sessionId": "7cb9b426-946e-4e69-b199-4e67f65c1273",
  "title": "Test Session",
  "mode": "sequential"
}

[90mstdout[2m | tests/integration/index-handlers.test.ts[2m > [22m[2mIndex.ts Handler Functions[2m > [22m[2mHandler Functions[2m > [22m[2mhandleAddThought()[2m > [22m[2mshould handle all 13 modes in add_thought[22m[39m
[2025-11-19T03:24:43.035Z] INFO: Session created
  Context: {
  "sessionId": "33b05c27-faa8-478b-b0c2-93464865bcd3",
  "title": "Test sequential",
  "mode": "sequential"
}
[2025-11-19T03:24:43.035Z] INFO: Session completed
  Context: {
  "sessionId": "33b05c27-faa8-478b-b0c2-93464865bcd3",
  "title": "Test sequential",
  "totalThoughts": 1
}
[2025-11-19T03:24:43.036Z] INFO: Session created
  Context: {
  "sessionId": "47d527f5-e677-401b-bd59-4651e31ccad6",
  "title": "Test shannon",
  "mode": "shannon"
}
[2025-11-19T03:24:43.036Z] INFO: Session completed
  Context: {
  "sessionId": "47d527f5-e677-401b-bd59-4651e31ccad6",
  "title": "Test shannon",
  "totalThoughts": 1
}
[2025-11-19T03:24:43.037Z] INFO: Session created
  Context: {
  "sessionId": "94b86a06-605d-4c77-9064-892cead665f1",
  "title": "Test mathematics",
  "mode": "mathematics"
}
[2025-11-19T03:24:43.037Z] INFO: Session completed
  Context: {
  "sessionId": "94b86a06-605d-4c77-9064-892cead665f1",
  "title": "Test mathematics",
  "totalThoughts": 1
}
[2025-11-19T03:24:43.037Z] INFO: Session created
  Context: {
  "sessionId": "e0e072cf-725f-4db0-9146-9f167cedfa09",
  "title": "Test physics",
  "mode": "physics"
}
[2025-11-19T03:24:43.038Z] INFO: Session completed
  Context: {
  "sessionId": "e0e072cf-725f-4db0-9146-9f167cedfa09",
  "title": "Test physics",
  "totalThoughts": 1
}
[2025-11-19T03:24:43.038Z] INFO: Session created
  Context: {
  "sessionId": "4a65c100-ede3-4356-bbad-587656aafa83",
  "title": "Test hybrid",
  "mode": "hybrid"
}
[2025-11-19T03:24:43.039Z] INFO: Session completed
  Context: {
  "sessionId": "4a65c100-ede3-4356-bbad-587656aafa83",
  "title": "Test hybrid",
  "totalThoughts": 1
}
[2025-11-19T03:24:43.039Z] INFO: Session created
  Context: {
  "sessionId": "76d72986-598a-4709-af88-aca50ec16c70",
  "title": "Test abductive",
  "mode": "abductive"
}
[2025-11-19T03:24:43.039Z] INFO: Session completed
  Context: {
  "sessionId": "76d72986-598a-4709-af88-aca50ec16c70",
  "title": "Test abductive",
  "totalThoughts": 1
}
[2025-11-19T03:24:43.040Z] INFO: Session created
  Context: {
  "sessionId": "c15ac4ad-9bca-4cdb-b38d-50d75a2501ba",
  "title": "Test causal",
  "mode": "causal"
}
[2025-11-19T03:24:43.040Z] INFO: Session completed
  Context: {
  "sessionId": "c15ac4ad-9bca-4cdb-b38d-50d75a2501ba",
  "title": "Test causal",
  "totalThoughts": 1
}
[2025-11-19T03:24:43.041Z] INFO: Session created
  Context: {
  "sessionId": "daf3738c-ee76-4e34-8555-ab8b754186bd",
  "title": "Test bayesian",
  "mode": "bayesian"
}
[2025-11-19T03:24:43.041Z] INFO: Session completed
  Context: {
  "sessionId": "daf3738c-ee76-4e34-8555-ab8b754186bd",
  "title": "Test bayesian",
  "totalThoughts": 1
}
[2025-11-19T03:24:43.042Z] INFO: Session created
  Context: {
  "sessionId": "76889d52-06c0-4723-ae85-aa01202c0625",
  "title": "Test counterfactual",
  "mode": "counterfactual"
}
[2025-11-19T03:24:43.042Z] INFO: Session completed
  Context: {
  "sessionId": "76889d52-06c0-4723-ae85-aa01202c0625",
  "title": "Test counterfactual",
  "totalThoughts": 1
}
[2025-11-19T03:24:43.043Z] INFO: Session created
  Context: {
  "sessionId": "59232da1-3d02-453a-afc6-727904f3af6e",
  "title": "Test analogical",
  "mode": "analogical"
}
[2025-11-19T03:24:43.043Z] INFO: Session completed
  Context: {
  "sessionId": "59232da1-3d02-453a-afc6-727904f3af6e",
  "title": "Test analogical",
  "totalThoughts": 1
}
[2025-11-19T03:24:43.043Z] INFO: Session created
  Context: {
  "sessionId": "ec8330d8-8980-420e-afb1-b45c8e3b666d",
  "title": "Test temporal",
  "mode": "temporal"
}
[2025-11-19T03:24:43.044Z] INFO: Session completed
  Context: {
  "sessionId": "ec8330d8-8980-420e-afb1-b45c8e3b666d",
  "title": "Test temporal",
  "totalThoughts": 1
}
[2025-11-19T03:24:43.044Z] INFO: Session created
  Context: {
  "sessionId": "2d57f801-a43a-448a-8bc2-89b73aa1dc6d",
  "title": "Test gametheory",
  "mode": "gametheory"
}
[2025-11-19T03:24:43.046Z] INFO: Session completed
  Context: {
  "sessionId": "2d57f801-a43a-448a-8bc2-89b73aa1dc6d",
  "title": "Test gametheory",
  "totalThoughts": 1
}
[2025-11-19T03:24:43.046Z] INFO: Session created
  Context: {
  "sessionId": "18ace3b3-2c3e-4459-adb6-6f88fb46e364",
  "title": "Test evidential",
  "mode": "evidential"
}
[2025-11-19T03:24:43.047Z] INFO: Session completed
  Context: {
  "sessionId": "18ace3b3-2c3e-4459-adb6-6f88fb46e364",
  "title": "Test evidential",
  "totalThoughts": 1
}

[90mstdout[2m | tests/integration/index-handlers.test.ts[2m > [22m[2mIndex.ts Handler Functions[2m > [22m[2mHandler Functions[2m > [22m[2mhandleSummarize()[2m > [22m[2mshould generate summary for session with thoughts[22m[39m
[2025-11-19T03:24:43.051Z] INFO: Session created
  Context: {
  "sessionId": "53b31757-1eaf-44bb-b2d5-ebd9967c2195",
  "title": "Test Session",
  "mode": "sequential"
}

[90mstdout[2m | tests/integration/index-handlers.test.ts[2m > [22m[2mIndex.ts Handler Functions[2m > [22m[2mHandler Functions[2m > [22m[2mhandleSummarize()[2m > [22m[2mshould generate summary for empty session[22m[39m
[2025-11-19T03:24:43.053Z] INFO: Session created
  Context: {
  "sessionId": "288a4be9-87bf-48b3-afd5-3d7bff1c3885",
  "title": "Empty Session",
  "mode": "sequential"
}

[90mstdout[2m | tests/integration/index-handlers.test.ts[2m > [22m[2mIndex.ts Handler Functions[2m > [22m[2mHandler Functions[2m > [22m[2mhandleSwitchMode()[2m > [22m[2mshould switch mode successfully[22m[39m
[2025-11-19T03:24:43.055Z] INFO: Session created
  Context: {
  "sessionId": "b6cd144f-aebe-40b2-862e-90fb90a6031d",
  "title": "Test Session",
  "mode": "sequential"
}
[2025-11-19T03:24:43.055Z] INFO: Session mode switched
  Context: {
  "sessionId": "b6cd144f-aebe-40b2-862e-90fb90a6031d",
  "oldMode": "sequential",
  "newMode": "shannon",
  "reason": "User requested mode switch"
}

[90mstdout[2m | tests/integration/index-handlers.test.ts[2m > [22m[2mIndex.ts Handler Functions[2m > [22m[2mHandler Functions[2m > [22m[2mhandleSwitchMode()[2m > [22m[2mshould switch between all 13 modes[22m[39m
[2025-11-19T03:24:43.055Z] INFO: Session created
  Context: {
  "sessionId": "38f781aa-6ead-43bb-bcaa-29c9027b36f3",
  "title": "Multi-mode Session",
  "mode": "hybrid"
}
[2025-11-19T03:24:43.056Z] INFO: Session mode switched
  Context: {
  "sessionId": "38f781aa-6ead-43bb-bcaa-29c9027b36f3",
  "oldMode": "hybrid",
  "newMode": "sequential",
  "reason": "Switching to sequential"
}
[2025-11-19T03:24:43.056Z] INFO: Session mode switched
  Context: {
  "sessionId": "38f781aa-6ead-43bb-bcaa-29c9027b36f3",
  "oldMode": "sequential",
  "newMode": "shannon",
  "reason": "Switching to shannon"
}
[2025-11-19T03:24:43.056Z] INFO: Session mode switched
  Context: {
  "sessionId": "38f781aa-6ead-43bb-bcaa-29c9027b36f3",
  "oldMode": "shannon",
  "newMode": "mathematics",
  "reason": "Switching to mathematics"
}
[2025-11-19T03:24:43.056Z] INFO: Session mode switched
  Context: {
  "sessionId": "38f781aa-6ead-43bb-bcaa-29c9027b36f3",
  "oldMode": "mathematics",
  "newMode": "physics",
  "reason": "Switching to physics"
}
[2025-11-19T03:24:43.056Z] INFO: Session mode switched
  Context: {
  "sessionId": "38f781aa-6ead-43bb-bcaa-29c9027b36f3",
  "oldMode": "physics",
  "newMode": "abductive",
  "reason": "Switching to abductive"
}
[2025-11-19T03:24:43.056Z] INFO: Session mode switched
  Context: {
  "sessionId": "38f781aa-6ead-43bb-bcaa-29c9027b36f3",
  "oldMode": "abductive",
  "newMode": "causal",
  "reason": "Switching to causal"
}
[2025-11-19T03:24:43.056Z] INFO: Session mode switched
  Context: {
  "sessionId": "38f781aa-6ead-43bb-bcaa-29c9027b36f3",
  "oldMode": "causal",
  "newMode": "bayesian",
  "reason": "Switching to bayesian"
}
[2025-11-19T03:24:43.056Z] INFO: Session mode switched
  Context: {
  "sessionId": "38f781aa-6ead-43bb-bcaa-29c9027b36f3",
  "oldMode": "bayesian",
  "newMode": "counterfactual",
  "reason": "Switching to counterfactual"
}
[2025-11-19T03:24:43.056Z] INFO: Session mode switched
  Context: {
  "sessionId": "38f781aa-6ead-43bb-bcaa-29c9027b36f3",
  "oldMode": "counterfactual",
  "newMode": "analogical",
  "reason": "Switching to analogical"
}
[2025-11-19T03:24:43.056Z] INFO: Session mode switched
  Context: {
  "sessionId": "38f781aa-6ead-43bb-bcaa-29c9027b36f3",
  "oldMode": "analogical",
  "newMode": "temporal",
  "reason": "Switching to temporal"
}
[2025-11-19T03:24:43.057Z] INFO: Session mode switched
  Context: {
  "sessionId": "38f781aa-6ead-43bb-bcaa-29c9027b36f3",
  "oldMode": "temporal",
  "newMode": "gametheory",
  "reason": "Switching to gametheory"
}
[2025-11-19T03:24:43.057Z] INFO: Session mode switched
  Context: {
  "sessionId": "38f781aa-6ead-43bb-bcaa-29c9027b36f3",
  "oldMode": "gametheory",
  "newMode": "evidential",
  "reason": "Switching to evidential"
}
[2025-11-19T03:24:43.057Z] INFO: Session mode switched
  Context: {
  "sessionId": "38f781aa-6ead-43bb-bcaa-29c9027b36f3",
  "oldMode": "evidential",
  "newMode": "hybrid",
  "reason": "Switching to hybrid"
}

[90mstdout[2m | tests/integration/index-handlers.test.ts[2m > [22m[2mIndex.ts Handler Functions[2m > [22m[2mHandler Functions[2m > [22m[2mhandleGetSession()[2m > [22m[2mshould retrieve session with all properties[22m[39m
[2025-11-19T03:24:43.058Z] INFO: Session created
  Context: {
  "sessionId": "f92910f3-d6fd-457e-adb9-ed37ca53d44b",
  "title": "Test Session",
  "mode": "sequential"
}

[90mstdout[2m | tests/integration/index-handlers.test.ts[2m > [22m[2mIndex.ts Handler Functions[2m > [22m[2mHandler Functions[2m > [22m[2mhandleGetSession()[2m > [22m[2mshould retrieve session with thoughts[22m[39m
[2025-11-19T03:24:43.059Z] INFO: Session created
  Context: {
  "sessionId": "e0d5b35c-d5d1-4419-90bc-aa6648c1dc57",
  "title": "Session with Thoughts",
  "mode": "sequential"
}
[2025-11-19T03:24:43.059Z] INFO: Session completed
  Context: {
  "sessionId": "e0d5b35c-d5d1-4419-90bc-aa6648c1dc57",
  "title": "Session with Thoughts",
  "totalThoughts": 1
}

[90mstdout[2m | tests/integration/index-handlers.test.ts[2m > [22m[2mIndex.ts Handler Functions[2m > [22m[2mHandler Functions[2m > [22m[2mhandleExport()[2m > [22m[2mshould export session in JSON format[22m[39m
[2025-11-19T03:24:43.060Z] INFO: Session created
  Context: {
  "sessionId": "ba530aad-f9fc-4995-bc03-c59fe270d68d",
  "title": "Export Test",
  "mode": "sequential"
}
[2025-11-19T03:24:43.060Z] INFO: Session completed
  Context: {
  "sessionId": "ba530aad-f9fc-4995-bc03-c59fe270d68d",
  "title": "Export Test",
  "totalThoughts": 1
}

[90mstdout[2m | tests/integration/multi-session.test.ts[2m > [22m[2mMulti-Session and Concurrent Scenarios[2m > [22m[2mMultiple Session Management[2m > [22m[2mshould create and manage multiple sessions independently[22m[39m
[2025-11-19T03:24:43.760Z] INFO: Session created
  Context: {
  "sessionId": "e3d64bce-6ef6-4e6a-b5bd-6ea85b4a7d8d",
  "title": "Session 1",
  "mode": "sequential"
}
[2025-11-19T03:24:43.763Z] INFO: Session created
  Context: {
  "sessionId": "0bffc65a-e69a-4c2c-a118-40d385a731d2",
  "title": "Session 2",
  "mode": "shannon"
}
[2025-11-19T03:24:43.763Z] INFO: Session created
  Context: {
  "sessionId": "a82e01fa-dbb7-4f10-a131-8f1f7b42dd53",
  "title": "Session 3",
  "mode": "mathematics"
}
[2025-11-19T03:24:43.763Z] INFO: Session created
  Context: {
  "sessionId": "0db84823-96bd-4984-b527-5943af966b31",
  "title": "Session 4",
  "mode": "physics"
}
[2025-11-19T03:24:43.764Z] INFO: Session created
  Context: {
  "sessionId": "c0dbe315-c7c5-4f51-9cf1-161dc7ae9b14",
  "title": "Session 5",
  "mode": "hybrid"
}

[90mstdout[2m | tests/integration/multi-session.test.ts[2m > [22m[2mMulti-Session and Concurrent Scenarios[2m > [22m[2mMultiple Session Management[2m > [22m[2mshould maintain session isolation (changes in one do not affect others)[22m[39m
[2025-11-19T03:24:43.841Z] INFO: Session created
  Context: {
  "sessionId": "d95a07ef-7b29-436b-a20d-b3865bb579e3",
  "title": "Isolated Session 1",
  "mode": "sequential"
}
[2025-11-19T03:24:43.842Z] INFO: Session created
  Context: {
  "sessionId": "03405591-5c9f-4f83-9bf7-dc3bcc243af5",
  "title": "Isolated Session 2",
  "mode": "sequential"
}

[90mstdout[2m | tests/integration/multi-session.test.ts[2m > [22m[2mMulti-Session and Concurrent Scenarios[2m > [22m[2mMultiple Session Management[2m > [22m[2mshould handle mode switching independently across sessions[22m[39m
[2025-11-19T03:24:43.874Z] INFO: Session created
  Context: {
  "sessionId": "ecf8bd08-1fa0-4feb-a495-f907b0ce82ce",
  "title": "S1",
  "mode": "sequential"
}
[2025-11-19T03:24:43.875Z] INFO: Session created
  Context: {
  "sessionId": "fe4a72ce-3478-4984-8bc1-bd298b71de7d",
  "title": "S2",
  "mode": "sequential"
}
[2025-11-19T03:24:43.875Z] INFO: Session created
  Context: {
  "sessionId": "3838cc68-770b-48ff-8144-1b4efc1ca18c",
  "title": "S3",
  "mode": "sequential"
}
[2025-11-19T03:24:43.876Z] INFO: Session mode switched
  Context: {
  "sessionId": "ecf8bd08-1fa0-4feb-a495-f907b0ce82ce",
  "oldMode": "sequential",
  "newMode": "mathematics",
  "reason": "Switch to math"
}
[2025-11-19T03:24:43.876Z] INFO: Session mode switched
  Context: {
  "sessionId": "fe4a72ce-3478-4984-8bc1-bd298b71de7d",
  "oldMode": "sequential",
  "newMode": "physics",
  "reason": "Switch to physics"
}

[90mstdout[2m | tests/integration/multi-session.test.ts[2m > [22m[2mMulti-Session and Concurrent Scenarios[2m > [22m[2mMultiple Session Management[2m > [22m[2mshould handle completion status independently across sessions[22m[39m
[2025-11-19T03:24:43.889Z] INFO: Session created
  Context: {
  "sessionId": "abfb5c9a-81f5-4848-8a9b-e42ef10c613d",
  "title": "S1",
  "mode": "sequential"
}
[2025-11-19T03:24:43.889Z] INFO: Session created
  Context: {
  "sessionId": "4182cefa-e14d-4a82-980f-0770b244d99d",
  "title": "S2",
  "mode": "sequential"
}
[2025-11-19T03:24:43.889Z] INFO: Session completed
  Context: {
  "sessionId": "abfb5c9a-81f5-4848-8a9b-e42ef10c613d",
  "title": "S1",
  "totalThoughts": 1
}

[90mstdout[2m | tests/integration/multi-session.test.ts[2m > [22m[2mMulti-Session and Concurrent Scenarios[2m > [22m[2mConcurrent Operations on Same Session[2m > [22m[2mshould handle concurrent thought additions to same session[22m[39m
[2025-11-19T03:24:43.891Z] INFO: Session created
  Context: {
  "sessionId": "3e61c393-f9dd-449b-b1b4-5042a1b68cf4",
  "title": "Concurrent Test",
  "mode": "sequential"
}
[2025-11-19T03:24:43.892Z] INFO: Session completed
  Context: {
  "sessionId": "3e61c393-f9dd-449b-b1b4-5042a1b68cf4",
  "title": "Concurrent Test",
  "totalThoughts": 3
}

[90mstdout[2m | tests/integration/multi-session.test.ts[2m > [22m[2mMulti-Session and Concurrent Scenarios[2m > [22m[2mConcurrent Operations on Same Session[2m > [22m[2mshould handle concurrent retrieval of same session[22m[39m
[2025-11-19T03:24:43.926Z] INFO: Session created
  Context: {
  "sessionId": "d3208223-8a0f-43fe-825b-52869d72f212",
  "title": "Concurrent Retrieval",
  "mode": "sequential"
}

[90mstdout[2m | tests/integration/multi-session.test.ts[2m > [22m[2mMulti-Session and Concurrent Scenarios[2m > [22m[2mConcurrent Operations on Same Session[2m > [22m[2mshould handle concurrent mode switches on same session[22m[39m
[2025-11-19T03:24:43.927Z] INFO: Session created
  Context: {
  "sessionId": "9c3f9290-7deb-4e16-bf87-cd8eedc3703a",
  "title": "Mode Switch Race",
  "mode": "sequential"
}
[2025-11-19T03:24:43.927Z] INFO: Session mode switched
  Context: {
  "sessionId": "9c3f9290-7deb-4e16-bf87-cd8eedc3703a",
  "oldMode": "sequential",
  "newMode": "mathematics",
  "reason": "Switch 1"
}
[2025-11-19T03:24:43.928Z] INFO: Session mode switched
  Context: {
  "sessionId": "9c3f9290-7deb-4e16-bf87-cd8eedc3703a",
  "oldMode": "mathematics",
  "newMode": "physics",
  "reason": "Switch 2"
}
[2025-11-19T03:24:43.928Z] INFO: Session mode switched
  Context: {
  "sessionId": "9c3f9290-7deb-4e16-bf87-cd8eedc3703a",
  "oldMode": "physics",
  "newMode": "hybrid",
  "reason": "Switch 3"
}

[90mstdout[2m | tests/integration/multi-session.test.ts[2m > [22m[2mMulti-Session and Concurrent Scenarios[2m > [22m[2mConcurrent Operations Across Different Sessions[2m > [22m[2mshould handle concurrent operations on different sessions[22m[39m
[2025-11-19T03:24:43.930Z] INFO: Session created
  Context: {
  "sessionId": "eda914a5-d696-431e-9ad4-c55ce3985fef",
  "title": "S1",
  "mode": "sequential"
}
[2025-11-19T03:24:43.930Z] INFO: Session created
  Context: {
  "sessionId": "4dcce1a4-db6f-4c1a-9834-3055e2e82dda",
  "title": "S2",
  "mode": "shannon"
}
[2025-11-19T03:24:43.930Z] INFO: Session created
  Context: {
  "sessionId": "27fb3233-782d-45a9-9561-e6defdcdd241",
  "title": "S3",
  "mode": "mathematics"
}
[2025-11-19T03:24:43.930Z] INFO: Session completed
  Context: {
  "sessionId": "eda914a5-d696-431e-9ad4-c55ce3985fef",
  "title": "S1",
  "totalThoughts": 1
}
[2025-11-19T03:24:43.930Z] INFO: Session mode switched
  Context: {
  "sessionId": "4dcce1a4-db6f-4c1a-9834-3055e2e82dda",
  "oldMode": "shannon",
  "newMode": "physics",
  "reason": "Switch mode"
}

[90mstdout[2m | tests/integration/multi-session.test.ts[2m > [22m[2mMulti-Session and Concurrent Scenarios[2m > [22m[2mConcurrent Operations Across Different Sessions[2m > [22m[2mshould handle concurrent session creation[22m[39m
[2025-11-19T03:24:43.932Z] INFO: Session created
  Context: {
  "sessionId": "f0285d81-95c8-4b51-a1a3-a1c9f31b3bf4",
  "title": "Session 1",
  "mode": "sequential"
}
[2025-11-19T03:24:43.932Z] INFO: Session created
  Context: {
  "sessionId": "71c8bcd1-5239-43a4-a29e-0a7e4078746c",
  "title": "Session 2",
  "mode": "sequential"
}
[2025-11-19T03:24:43.932Z] INFO: Session created
  Context: {
  "sessionId": "51fc5e92-1297-4d0c-a6a7-8f514f5547b5",
  "title": "Session 3",
  "mode": "sequential"
}
[2025-11-19T03:24:43.932Z] INFO: Session created
  Context: {
  "sessionId": "a8cf8bad-5951-46cd-a05f-80b296ffe5bd",
  "title": "Session 4",
  "mode": "sequential"
}
[2025-11-19T03:24:43.932Z] INFO: Session created
  Context: {
  "sessionId": "69da44e5-c985-40d5-9a14-62251266f52c",
  "title": "Session 5",
  "mode": "sequential"
}
[2025-11-19T03:24:43.932Z] INFO: Session created
  Context: {
  "sessionId": "52b3c198-e9c8-41cd-bd63-ed90e6086276",
  "title": "Session 6",
  "mode": "sequential"
}
[2025-11-19T03:24:43.932Z] INFO: Session created
  Context: {
  "sessionId": "8d99de57-cfc9-4647-abe8-f331d2d5e07e",
  "title": "Session 7",
  "mode": "sequential"
}
[2025-11-19T03:24:43.932Z] INFO: Session created
  Context: {
  "sessionId": "652bf574-f87c-41dc-ba03-c8cec3d1acbf",
  "title": "Session 8",
  "mode": "sequential"
}
[2025-11-19T03:24:43.932Z] INFO: Session created
  Context: {
  "sessionId": "772fbfdf-f7d6-4955-b500-9fcfed1c223c",
  "title": "Session 9",
  "mode": "sequential"
}
[2025-11-19T03:24:43.933Z] INFO: Session created
  Context: {
  "sessionId": "b85e1ec6-d4ea-43cd-8989-2854ee858a7b",
  "title": "Session 10",
  "mode": "sequential"
}
[2025-11-19T03:24:43.933Z] INFO: Session created
  Context: {
  "sessionId": "0e5a1e59-6b05-47d0-9965-78eca30d37fa",
  "title": "Session 11",
  "mode": "sequential"
}
[2025-11-19T03:24:43.933Z] INFO: Session created
  Context: {
  "sessionId": "eaa74a4e-1a64-4f7e-8148-860b99b89bc2",
  "title": "Session 12",
  "mode": "sequential"
}
[2025-11-19T03:24:43.933Z] INFO: Session created
  Context: {
  "sessionId": "949b22e2-a9cf-4953-b688-f169373a8465",
  "title": "Session 13",
  "mode": "sequential"
}
[2025-11-19T03:24:43.933Z] INFO: Session created
  Context: {
  "sessionId": "a898e105-eb8a-401a-96ed-a035388ff5fb",
  "title": "Session 14",
  "mode": "sequential"
}
[2025-11-19T03:24:43.933Z] INFO: Session created
  Context: {
  "sessionId": "fa125353-6eb0-4563-b467-44a207a19b51",
  "title": "Session 15",
  "mode": "sequential"
}
[2025-11-19T03:24:43.933Z] INFO: Session created
  Context: {
  "sessionId": "f06f6793-9fbc-40b0-b307-1524837a2575",
  "title": "Session 16",
  "mode": "sequential"
}
[2025-11-19T03:24:43.933Z] INFO: Session created
  Context: {
  "sessionId": "6ccd3511-1a2c-402c-a581-2a61fac4089b",
  "title": "Session 17",
  "mode": "sequential"
}
[2025-11-19T03:24:43.933Z] INFO: Session created
  Context: {
  "sessionId": "bb7b11a2-9930-4b60-8467-86f9fdc1788b",
  "title": "Session 18",
  "mode": "sequential"
}
[2025-11-19T03:24:43.933Z] INFO: Session created
  Context: {
  "sessionId": "bb47b480-9a87-44c2-833a-6c578e62b066",
  "title": "Session 19",
  "mode": "sequential"
}
[2025-11-19T03:24:43.933Z] INFO: Session created
  Context: {
  "sessionId": "728af30f-9925-4701-9dff-f28973b5e74d",
  "title": "Session 20",
  "mode": "sequential"
}

[90mstdout[2m | tests/integration/multi-session.test.ts[2m > [22m[2mMulti-Session and Concurrent Scenarios[2m > [22m[2mConcurrent Operations Across Different Sessions[2m > [22m[2mshould handle concurrent summary generation for different sessions[22m[39m
[2025-11-19T03:24:43.934Z] INFO: Session created
  Context: {
  "sessionId": "a55c8640-48fb-4fdc-8e2d-3ffbe69d988a",
  "title": "S1",
  "mode": "sequential"
}
[2025-11-19T03:24:43.935Z] INFO: Session created
  Context: {
  "sessionId": "bf897998-e1a3-4cf9-8b4d-30cbe8cb8ac5",
  "title": "S2",
  "mode": "sequential"
}
[2025-11-19T03:24:43.935Z] INFO: Session created
  Context: {
  "sessionId": "7eaba8af-c0d4-4c5a-bd3e-46bf9ab9860b",
  "title": "S3",
  "mode": "sequential"
}
[2025-11-19T03:24:43.935Z] INFO: Session completed
  Context: {
  "sessionId": "a55c8640-48fb-4fdc-8e2d-3ffbe69d988a",
  "title": "S1",
  "totalThoughts": 1
}
[2025-11-19T03:24:43.935Z] INFO: Session completed
  Context: {
  "sessionId": "bf897998-e1a3-4cf9-8b4d-30cbe8cb8ac5",
  "title": "S2",
  "totalThoughts": 1
}
[2025-11-19T03:24:43.936Z] INFO: Session completed
  Context: {
  "sessionId": "7eaba8af-c0d4-4c5a-bd3e-46bf9ab9860b",
  "title": "S3",
  "totalThoughts": 1
}

[90mstdout[2m | tests/integration/multi-session.test.ts[2m > [22m[2mMulti-Session and Concurrent Scenarios[2m > [22m[2mResource Management with Many Sessions[2m > [22m[2mshould handle creation of many sessions[22m[39m
[2025-11-19T03:24:43.938Z] INFO: Session created
  Context: {
  "sessionId": "c2581013-87ec-412f-948a-aa4810713d2b",
  "title": "Session 1",
  "mode": "sequential"
}
[2025-11-19T03:24:43.938Z] INFO: Session created
  Context: {
  "sessionId": "0746dc48-d4c8-4d74-bcf0-0a4c31aefa96",
  "title": "Session 2",
  "mode": "sequential"
}
[2025-11-19T03:24:43.938Z] INFO: Session created
  Context: {
  "sessionId": "6a426ced-a614-423f-befb-2e4247ad96ed",
  "title": "Session 3",
  "mode": "sequential"
}
[2025-11-19T03:24:43.938Z] INFO: Session created
  Context: {
  "sessionId": "6475cb17-86be-47d6-9f5e-6f1e15d7d1a7",
  "title": "Session 4",
  "mode": "sequential"
}
[2025-11-19T03:24:43.938Z] INFO: Session created
  Context: {
  "sessionId": "d40cd373-55ee-4823-a98a-3eccadbb2b71",
  "title": "Session 5",
  "mode": "sequential"
}
[2025-11-19T03:24:43.938Z] INFO: Session created
  Context: {
  "sessionId": "f9e11053-de52-4cb4-93ce-f181fa933f77",
  "title": "Session 6",
  "mode": "sequential"
}
[2025-11-19T03:24:43.938Z] INFO: Session created
  Context: {
  "sessionId": "62c0dae3-f24c-4a56-8683-46bd901c783d",
  "title": "Session 7",
  "mode": "sequential"
}
[2025-11-19T03:24:43.938Z] INFO: Session created
  Context: {
  "sessionId": "752981dd-8a94-48dd-bbc9-95e1b7b8e302",
  "title": "Session 8",
  "mode": "sequential"
}
[2025-11-19T03:24:43.938Z] INFO: Session created
  Context: {
  "sessionId": "4acb5887-6a7f-4d06-a083-d9ef956a9579",
  "title": "Session 9",
  "mode": "sequential"
}
[2025-11-19T03:24:43.938Z] INFO: Session created
  Context: {
  "sessionId": "fc2385c5-95be-4cc5-9e50-9b881aaf15f4",
  "title": "Session 10",
  "mode": "sequential"
}
[2025-11-19T03:24:43.938Z] INFO: Session created
  Context: {
  "sessionId": "e891617a-a94f-4c71-a6b5-a72a66b9bfc9",
  "title": "Session 11",
  "mode": "sequential"
}
[2025-11-19T03:24:43.938Z] INFO: Session created
  Context: {
  "sessionId": "9929044c-4292-4bf9-9de2-5e7aa13420d8",
  "title": "Session 12",
  "mode": "sequential"
}
[2025-11-19T03:24:43.938Z] INFO: Session created
  Context: {
  "sessionId": "3f6e6b83-fbf0-42f9-b15f-d7663148764a",
  "title": "Session 13",
  "mode": "sequential"
}
[2025-11-19T03:24:43.938Z] INFO: Session created
  Context: {
  "sessionId": "c738f6e3-12a2-4132-b05f-630e40fb80fd",
  "title": "Session 14",
  "mode": "sequential"
}
[2025-11-19T03:24:43.939Z] INFO: Session created
  Context: {
  "sessionId": "a943d023-d075-468e-a3a8-023aae781687",
  "title": "Session 15",
  "mode": "sequential"
}
[2025-11-19T03:24:43.939Z] INFO: Session created
  Context: {
  "sessionId": "9c707c79-4b40-4a32-af32-040e424f42d8",
  "title": "Session 16",
  "mode": "sequential"
}
[2025-11-19T03:24:43.939Z] INFO: Session created
  Context: {
  "sessionId": "f76d5106-8c49-4d0d-a37f-e3bd32601b40",
  "title": "Session 17",
  "mode": "sequential"
}
[2025-11-19T03:24:43.939Z] INFO: Session created
  Context: {
  "sessionId": "0763efdd-b9e4-4cb0-bb8f-f98433ae7ebe",
  "title": "Session 18",
  "mode": "sequential"
}
[2025-11-19T03:24:43.939Z] INFO: Session created
  Context: {
  "sessionId": "54f57a83-2f0a-4654-b962-c9669fd0f918",
  "title": "Session 19",
  "mode": "sequential"
}
[2025-11-19T03:24:43.939Z] INFO: Session created
  Context: {
  "sessionId": "1a3d6b9c-9d3d-4380-a73f-bf1b110b8f65",
  "title": "Session 20",
  "mode": "sequential"
}
[2025-11-19T03:24:43.939Z] INFO: Session created
  Context: {
  "sessionId": "56bca7f1-bfaa-42e5-b418-4ef625cb7164",
  "title": "Session 21",
  "mode": "sequential"
}
[2025-11-19T03:24:43.939Z] INFO: Session created
  Context: {
  "sessionId": "406ed671-930d-4bef-8627-25bc519a276c",
  "title": "Session 22",
  "mode": "sequential"
}
[2025-11-19T03:24:43.939Z] INFO: Session created
  Context: {
  "sessionId": "964e93ff-c744-428b-ba87-93f02e677fc1",
  "title": "Session 23",
  "mode": "sequential"
}
[2025-11-19T03:24:43.939Z] INFO: Session created
  Context: {
  "sessionId": "6a879b1c-f9e5-4de9-b977-0cd64a4725e8",
  "title": "Session 24",
  "mode": "sequential"
}
[2025-11-19T03:24:43.939Z] INFO: Session created
  Context: {
  "sessionId": "849684b0-ff69-416e-b2a2-17126334c64f",
  "title": "Session 25",
  "mode": "sequential"
}
[2025-11-19T03:24:43.939Z] INFO: Session created
  Context: {
  "sessionId": "fe0ebe37-7a96-4489-a0fc-02adee18de01",
  "title": "Session 26",
  "mode": "sequential"
}
[2025-11-19T03:24:43.939Z] INFO: Session created
  Context: {
  "sessionId": "ef8dec8c-c755-4e72-9687-671c99e6f03a",
  "title": "Session 27",
  "mode": "sequential"
}
[2025-11-19T03:24:43.939Z] INFO: Session created
  Context: {
  "sessionId": "daa13f0e-654f-43ba-a22b-07b9040327ce",
  "title": "Session 28",
  "mode": "sequential"
}
[2025-11-19T03:24:43.939Z] INFO: Session created
  Context: {
  "sessionId": "bbed89b6-691e-412e-a6f2-78c118316fe7",
  "title": "Session 29",
  "mode": "sequential"
}
[2025-11-19T03:24:43.939Z] INFO: Session created
  Context: {
  "sessionId": "ae606483-4b25-49d6-8e71-24bbb88bb69f",
  "title": "Session 30",
  "mode": "sequential"
}
[2025-11-19T03:24:43.939Z] INFO: Session created
  Context: {
  "sessionId": "5d5769d1-cf73-47ca-8a76-1042d8fedae6",
  "title": "Session 31",
  "mode": "sequential"
}
[2025-11-19T03:24:43.939Z] INFO: Session created
  Context: {
  "sessionId": "9bcfe8f0-e16a-4bed-b87c-132a5184fca1",
  "title": "Session 32",
  "mode": "sequential"
}
[2025-11-19T03:24:43.940Z] INFO: Session created
  Context: {
  "sessionId": "611d26e3-528f-4e8d-8db4-f4848f255eba",
  "title": "Session 33",
  "mode": "sequential"
}
[2025-11-19T03:24:43.940Z] INFO: Session created
  Context: {
  "sessionId": "03013636-786f-49a6-9537-0653fc80426f",
  "title": "Session 34",
  "mode": "sequential"
}
[2025-11-19T03:24:43.940Z] INFO: Session created
  Context: {
  "sessionId": "ba5878dc-7fc0-487c-b755-e3e3cdb1c479",
  "title": "Session 35",
  "mode": "sequential"
}
[2025-11-19T03:24:43.940Z] INFO: Session created
  Context: {
  "sessionId": "eaaf236a-8cf9-48ba-94f4-a687f88366d5",
  "title": "Session 36",
  "mode": "sequential"
}
[2025-11-19T03:24:43.940Z] INFO: Session created
  Context: {
  "sessionId": "a98a706e-1f6a-4f2f-8784-4e67dba302ae",
  "title": "Session 37",
  "mode": "sequential"
}
[2025-11-19T03:24:43.940Z] INFO: Session created
  Context: {
  "sessionId": "ad2b175e-61f0-4a63-95fa-1605b15b8acf",
  "title": "Session 38",
  "mode": "sequential"
}
[2025-11-19T03:24:43.940Z] INFO: Session created
  Context: {
  "sessionId": "b6e02d50-7fdc-4844-850e-d60001343ffd",
  "title": "Session 39",
  "mode": "sequential"
}
[2025-11-19T03:24:43.940Z] INFO: Session created
  Context: {
  "sessionId": "d234615a-7ed0-43a3-ad02-36daebb45817",
  "title": "Session 40",
  "mode": "sequential"
}
[2025-11-19T03:24:43.940Z] INFO: Session created
  Context: {
  "sessionId": "af1948b5-ae0a-40a9-9b04-199d4e894028",
  "title": "Session 41",
  "mode": "sequential"
}
[2025-11-19T03:24:43.940Z] INFO: Session created
  Context: {
  "sessionId": "ada15d3a-950b-45bb-997a-51631d5f67cd",
  "title": "Session 42",
  "mode": "sequential"
}
[2025-11-19T03:24:43.940Z] INFO: Session created
  Context: {
  "sessionId": "37c87461-8bae-45c4-9c3b-74745cba160b",
  "title": "Session 43",
  "mode": "sequential"
}
[2025-11-19T03:24:43.940Z] INFO: Session created
  Context: {
  "sessionId": "48f336d2-7fd9-4203-a0b1-59951131c672",
  "title": "Session 44",
  "mode": "sequential"
}
[2025-11-19T03:24:43.940Z] INFO: Session created
  Context: {
  "sessionId": "f40aa46f-acdd-4a0a-b4db-2f1d678a7977",
  "title": "Session 45",
  "mode": "sequential"
}
[2025-11-19T03:24:43.940Z] INFO: Session created
  Context: {
  "sessionId": "120909f1-1fe3-44ba-ba51-2d4da8e97567",
  "title": "Session 46",
  "mode": "sequential"
}
[2025-11-19T03:24:43.940Z] INFO: Session created
  Context: {
  "sessionId": "705bbccf-2412-4961-a964-9915cb7f61bb",
  "title": "Session 47",
  "mode": "sequential"
}
[2025-11-19T03:24:43.940Z] INFO: Session created
  Context: {
  "sessionId": "cb4147d6-feab-42ec-908d-4f02fe7753bc",
  "title": "Session 48",
  "mode": "sequential"
}
[2025-11-19T03:24:43.940Z] INFO: Session created
  Context: {
  "sessionId": "be9fbc75-0fea-4d72-9f0e-1fe9513039ed",
  "title": "Session 49",
  "mode": "sequential"
}
[2025-11-19T03:24:43.940Z] INFO: Session created
  Context: {
  "sessionId": "051b0a44-9020-495f-8ecf-9704aa95e032",
  "title": "Session 50",
  "mode": "sequential"
}

[90mstdout[2m | tests/integration/multi-session.test.ts[2m > [22m[2mMulti-Session and Concurrent Scenarios[2m > [22m[2mResource Management with Many Sessions[2m > [22m[2mshould retrieve sessions efficiently with many active sessions[22m[39m
[2025-11-19T03:24:43.942Z] INFO: Session created
  Context: {
  "sessionId": "79f46bbc-a05d-4477-8491-ca230325292e",
  "title": "Session 1",
  "mode": "sequential"
}
[2025-11-19T03:24:43.942Z] INFO: Session created
  Context: {
  "sessionId": "7540a25c-3e17-4786-8f5e-6a65c009de34",
  "title": "Session 2",
  "mode": "sequential"
}
[2025-11-19T03:24:43.942Z] INFO: Session created
  Context: {
  "sessionId": "6042d71e-dc64-4554-b286-adca8b32f708",
  "title": "Session 3",
  "mode": "sequential"
}
[2025-11-19T03:24:43.942Z] INFO: Session created
  Context: {
  "sessionId": "6747a41c-35f5-42e0-beff-a4faf239e14d",
  "title": "Session 4",
  "mode": "sequential"
}
[2025-11-19T03:24:43.942Z] INFO: Session created
  Context: {
  "sessionId": "975e2c46-9404-443d-838c-24b3b40d2cd7",
  "title": "Session 5",
  "mode": "sequential"
}
[2025-11-19T03:24:43.942Z] INFO: Session created
  Context: {
  "sessionId": "605f2a2a-fcbc-452e-aac3-24c2338bfaae",
  "title": "Session 6",
  "mode": "sequential"
}
[2025-11-19T03:24:43.942Z] INFO: Session created
  Context: {
  "sessionId": "5e5021df-ab36-4ab4-b787-9d9d75693431",
  "title": "Session 7",
  "mode": "sequential"
}
[2025-11-19T03:24:43.942Z] INFO: Session created
  Context: {
  "sessionId": "b99decab-7740-43ca-90df-e53b34c5870a",
  "title": "Session 8",
  "mode": "sequential"
}
[2025-11-19T03:24:43.942Z] INFO: Session created
  Context: {
  "sessionId": "a0671049-d841-415c-a2fe-2adfd8d483a2",
  "title": "Session 9",
  "mode": "sequential"
}
[2025-11-19T03:24:43.942Z] INFO: Session created
  Context: {
  "sessionId": "e8a9a2e7-9b19-4ce0-8224-ef6d60a85d3b",
  "title": "Session 10",
  "mode": "sequential"
}

[90mstdout[2m | tests/integration/multi-session.test.ts[2m > [22m[2mMulti-Session and Concurrent Scenarios[2m > [22m[2mResource Management with Many Sessions[2m > [22m[2mshould list all sessions when many exist[22m[39m
[2025-11-19T03:24:43.943Z] INFO: Session created
  Context: {
  "sessionId": "f5432561-6496-4735-933c-743284d9a008",
  "title": "Session 1",
  "mode": "sequential"
}
[2025-11-19T03:24:43.943Z] INFO: Session created
  Context: {
  "sessionId": "623eacbd-e85d-4f04-859a-ec75a5dbe9b3",
  "title": "Session 2",
  "mode": "sequential"
}
[2025-11-19T03:24:43.943Z] INFO: Session created
  Context: {
  "sessionId": "a08fec84-d779-4ace-8d9f-cebe991e5849",
  "title": "Session 3",
  "mode": "sequential"
}
[2025-11-19T03:24:43.944Z] INFO: Session created
  Context: {
  "sessionId": "ab382b1a-9809-4d85-8378-0d76e2071844",
  "title": "Session 4",
  "mode": "sequential"
}
[2025-11-19T03:24:43.944Z] INFO: Session created
  Context: {
  "sessionId": "0c2a735c-4a6d-4850-a5b7-ff7021cf0897",
  "title": "Session 5",
  "mode": "sequential"
}
[2025-11-19T03:24:43.944Z] INFO: Session created
  Context: {
  "sessionId": "4ff2fc7e-a272-42cd-bdbc-c1dae25c8845",
  "title": "Session 6",
  "mode": "sequential"
}
[2025-11-19T03:24:43.944Z] INFO: Session created
  Context: {
  "sessionId": "a39d4feb-ac9c-48ba-9e36-e7516321faeb",
  "title": "Session 7",
  "mode": "sequential"
}
[2025-11-19T03:24:43.944Z] INFO: Session created
  Context: {
  "sessionId": "d1fc1104-bf81-4331-887c-75b518a0ba30",
  "title": "Session 8",
  "mode": "sequential"
}
[2025-11-19T03:24:43.944Z] INFO: Session created
  Context: {
  "sessionId": "949400dd-6bf0-44fe-8020-fac9d8bcf952",
  "title": "Session 9",
  "mode": "sequential"
}
[2025-11-19T03:24:43.944Z] INFO: Session created
  Context: {
  "sessionId": "43e2719a-4214-4c79-b6f6-c6e41419d6e5",
  "title": "Session 10",
  "mode": "sequential"
}
[2025-11-19T03:24:43.944Z] INFO: Session created
  Context: {
  "sessionId": "4fad68d5-3cc3-4ed0-bf7c-d6a308f8f0bb",
  "title": "Session 11",
  "mode": "sequential"
}
[2025-11-19T03:24:43.944Z] INFO: Session created
  Context: {
  "sessionId": "192f9bd3-a9d5-40b6-ae38-87091e99c002",
  "title": "Session 12",
  "mode": "sequential"
}
[2025-11-19T03:24:43.944Z] INFO: Session created
  Context: {
  "sessionId": "3dcd6a3b-159e-4718-9f46-a0a1f8033e53",
  "title": "Session 13",
  "mode": "sequential"
}
[2025-11-19T03:24:43.945Z] INFO: Session created
  Context: {
  "sessionId": "3702e86e-3bad-4374-8672-50b79d73a9b5",
  "title": "Session 14",
  "mode": "sequential"
}
[2025-11-19T03:24:43.945Z] INFO: Session created
  Context: {
  "sessionId": "ca6ea950-52c3-46c8-9aa5-104a0c7b6c16",
  "title": "Session 15",
  "mode": "sequential"
}

[90mstdout[2m | tests/integration/multi-session.test.ts[2m > [22m[2mMulti-Session and Concurrent Scenarios[2m > [22m[2mSession State Consistency[2m > [22m[2mshould maintain consistent thought count across concurrent additions[22m[39m
[2025-11-19T03:24:43.946Z] INFO: Session created
  Context: {
  "sessionId": "0671b318-a737-4847-b098-c3034f3f4251",
  "title": "Consistency Test",
  "mode": "sequential"
}
[2025-11-19T03:24:43.947Z] INFO: Session completed
  Context: {
  "sessionId": "0671b318-a737-4847-b098-c3034f3f4251",
  "title": "Consistency Test",
  "totalThoughts": 10
}

[90mstdout[2m | tests/integration/multi-session.test.ts[2m > [22m[2mMulti-Session and Concurrent Scenarios[2m > [22m[2mSession State Consistency[2m > [22m[2mshould maintain correct status after concurrent operations[22m[39m
[2025-11-19T03:24:43.947Z] INFO: Session created
  Context: {
  "sessionId": "50284656-1732-40de-a1c8-e5368542e877",
  "title": "Status Test",
  "mode": "sequential"
}
[2025-11-19T03:24:43.948Z] INFO: Session completed
  Context: {
  "sessionId": "50284656-1732-40de-a1c8-e5368542e877",
  "title": "Status Test",
  "totalThoughts": 1
}

[90mstdout[2m | tests/integration/multi-session.test.ts[2m > [22m[2mMulti-Session and Concurrent Scenarios[2m > [22m[2mSession State Consistency[2m > [22m[2mshould handle concurrent thought additions with proper sequencing[22m[39m
[2025-11-19T03:24:43.948Z] INFO: Session created
  Context: {
  "sessionId": "87bdc3f0-c9da-4543-8f1a-c773b8d0ae61",
  "title": "Sequence Test",
  "mode": "sequential"
}

[90mstdout[2m | tests/integration/multi-session.test.ts[2m > [22m[2mMulti-Session and Concurrent Scenarios[2m > [22m[2mError Handling in Concurrent Scenarios[2m > [22m[2mshould handle mixed success/failure scenarios gracefully[22m[39m
[2025-11-19T03:24:43.951Z] INFO: Session created
  Context: {
  "sessionId": "18afa082-101c-4465-8089-97dca566c117",
  "title": "Mixed Test",
  "mode": "sequential"
}

 [32m✓[39m tests/integration/multi-session.test.ts [2m ([22m[2m18 tests[22m[2m)[22m[90m 243[2mms[22m[39m
[90mstdout[2m | tests/unit/file-store.test.ts[2m > [22m[2mFileSessionStore[2m > [22m[2minitialization[2m > [22m[2mshould create necessary directories[22m[39m
[2025-11-19T03:24:44.728Z] INFO: FileSessionStore initialized
  Context: {
  "baseDir": "C:\\Users\\danie\\AppData\\Local\\Temp\\deepthinking-test-cb725e47-bfa0-4a22-9cad-850c3bd9224b",
  "config": {
    "autoSave": true,
    "autoSaveDelay": 1000,
    "enableCompression": false,
    "maxSessions": 1000,
    "maxSessionAge": 2592000000,
    "enableEncryption": false,
    "serialization": {
      "prettyPrint": false,
      "includeMetadata": true
    }
  }
}

[90mstdout[2m | tests/unit/file-store.test.ts[2m > [22m[2mFileSessionStore[2m > [22m[2minitialization[2m > [22m[2mshould create necessary directories[22m[39m
[2025-11-19T03:24:44.736Z] INFO: FileSessionStore closed

[90mstdout[2m | tests/unit/file-store.test.ts[2m > [22m[2mFileSessionStore[2m > [22m[2minitialization[2m > [22m[2mshould handle multiple initialization calls[22m[39m
[2025-11-19T03:24:44.896Z] INFO: FileSessionStore initialized
  Context: {
  "baseDir": "C:\\Users\\danie\\AppData\\Local\\Temp\\deepthinking-test-25075d94-2914-43de-8e70-5236792b9fea",
  "config": {
    "autoSave": true,
    "autoSaveDelay": 1000,
    "enableCompression": false,
    "maxSessions": 1000,
    "maxSessionAge": 2592000000,
    "enableEncryption": false,
    "serialization": {
      "prettyPrint": false,
      "includeMetadata": true
    }
  }
}
[2025-11-19T03:24:44.897Z] INFO: FileSessionStore closed

[90mstdout[2m | tests/integration/mcp-protocol.test.ts[2m > [22m[2mMCP Protocol Compliance[2m > [22m[2mMCP Response Format Compliance[2m > [22m[2mshould return MCP-compliant response for successful operation[22m[39m
[2025-11-19T03:24:45.052Z] INFO: Session created
  Context: {
  "sessionId": "35f6312a-f665-49b1-9006-9497717cad74",
  "title": "Test Session",
  "mode": "sequential"
}

 [32m✓[39m tests/integration/mcp-protocol.test.ts [2m ([22m[2m43 tests[22m[2m)[22m[90m 199[2mms[22m[39m
[90mstdout[2m | tests/unit/file-store.test.ts[2m > [22m[2mFileSessionStore[2m > [22m[2msaveSession[2m > [22m[2mshould save a session to disk[22m[39m
[2025-11-19T03:24:45.293Z] INFO: FileSessionStore initialized
  Context: {
  "baseDir": "C:\\Users\\danie\\AppData\\Local\\Temp\\deepthinking-test-e050efa5-99ff-48ff-833c-d15ce306e6c6",
  "config": {
    "autoSave": true,
    "autoSaveDelay": 1000,
    "enableCompression": false,
    "maxSessions": 1000,
    "maxSessionAge": 2592000000,
    "enableEncryption": false,
    "serialization": {
      "prettyPrint": false,
      "includeMetadata": true
    }
  }
}

[90mstdout[2m | tests/unit/file-store.test.ts[2m > [22m[2mFileSessionStore[2m > [22m[2msaveSession[2m > [22m[2mshould save a session to disk[22m[39m
[2025-11-19T03:24:45.548Z] INFO: FileSessionStore closed

[90mstdout[2m | tests/unit/file-store.test.ts[2m > [22m[2mFileSessionStore[2m > [22m[2msaveSession[2m > [22m[2mshould save session with correct content[22m[39m
[2025-11-19T03:24:45.657Z] INFO: FileSessionStore initialized
  Context: {
  "baseDir": "C:\\Users\\danie\\AppData\\Local\\Temp\\deepthinking-test-56d43662-3e5b-4c81-b09e-5f4c09579f4f",
  "config": {
    "autoSave": true,
    "autoSaveDelay": 1000,
    "enableCompression": false,
    "maxSessions": 1000,
    "maxSessionAge": 2592000000,
    "enableEncryption": false,
    "serialization": {
      "prettyPrint": false,
      "includeMetadata": true
    }
  }
}

[90mstdout[2m | tests/unit/file-store.test.ts[2m > [22m[2mFileSessionStore[2m > [22m[2msaveSession[2m > [22m[2mshould save session with correct content[22m[39m
[2025-11-19T03:24:45.672Z] INFO: FileSessionStore closed

[90mstdout[2m | tests/unit/file-store.test.ts[2m > [22m[2mFileSessionStore[2m > [22m[2msaveSession[2m > [22m[2mshould update metadata index[22m[39m
[2025-11-19T03:24:46.178Z] INFO: FileSessionStore initialized
  Context: {
  "baseDir": "C:\\Users\\danie\\AppData\\Local\\Temp\\deepthinking-test-1feeabfb-3696-4e54-9afa-d761efa71d16",
  "config": {
    "autoSave": true,
    "autoSaveDelay": 1000,
    "enableCompression": false,
    "maxSessions": 1000,
    "maxSessionAge": 2592000000,
    "enableEncryption": false,
    "serialization": {
      "prettyPrint": false,
      "includeMetadata": true
    }
  }
}

[90mstdout[2m | tests/unit/file-store.test.ts[2m > [22m[2mFileSessionStore[2m > [22m[2msaveSession[2m > [22m[2mshould update metadata index[22m[39m
[2025-11-19T03:24:46.315Z] INFO: FileSessionStore closed

[90mstdout[2m | tests/benchmarks/validation-performance.test.ts[2m > [22m[2mValidation Performance Benchmark[2m > [22m[2mshould show significant performance improvement for cache hits[22m[39m

📊 Validation Cache Benchmark: Testing cache performance

🔴 First validation (cache miss):
   Time: 3.1053ms
   Valid: true
   Confidence: 0.70

🟢 Second validation (cache hit):
   Time: 0.2124ms
   Valid: true
   Confidence: 0.70

📈 Performance Analysis:
   Cache miss time: 3.1053ms
   Cache hit time: 0.2124ms
   Speedup: 14.62x
   Hit rate: 50.0%

🎯 Result: EXCELLENT (≥10x)

[90mstdout[2m | tests/benchmarks/validation-performance.test.ts[2m > [22m[2mValidation Performance Benchmark[2m > [22m[2mshould maintain O(1) lookup complexity regardless of cache size[22m[39m

📈 Complexity Analysis: Testing O(1) cache lookup
   Cache size 10: 0.0418ms per lookup
   Cache size 50: 0.0510ms per lookup
   Cache size 100: 0.0410ms per lookup

   Min: 0.0410ms, Max: 0.0510ms, Ratio: 1.24x
   Complexity: O(1) ✅

[90mstdout[2m | tests/benchmarks/validation-performance.test.ts[2m > [22m[2mValidation Performance Benchmark[2m > [22m[2mshould handle high cache hit rates efficiently[22m[39m

📊 High-Volume Test: Simulating realistic usage patterns
   Running 100 validations (5 unique thoughts, repeated pattern)...

📈 Results:
   Total validations: 100
   Cache misses: 5 (avg 0.2639ms)
   Cache hits: 95 (avg 0.8692ms)
   Average speedup: 0.30x
   Hit rate: 95.0%
   Cache size: 5/1000

 [33m❯[39m tests/benchmarks/validation-performance.test.ts [2m ([22m[2m3 tests[22m [2m|[22m [31m1 failed[39m[2m)[22m[90m 263[2mms[22m[39m
[31m   [33m❯[31m tests/benchmarks/validation-performance.test.ts[2m > [22mValidation Performance Benchmark[2m > [22mshould handle high cache hit rates efficiently[39m
[31m     → expected 0.3035745860164342 to be greater than 1.4[39m
[90mstdout[2m | tests/unit/file-store.test.ts[2m > [22m[2mFileSessionStore[2m > [22m[2msaveSession[2m > [22m[2mshould overwrite existing session[22m[39m
[2025-11-19T03:24:46.624Z] INFO: FileSessionStore initialized
  Context: {
  "baseDir": "C:\\Users\\danie\\AppData\\Local\\Temp\\deepthinking-test-d45f814c-b6fb-4804-ada3-205b43ee34ac",
  "config": {
    "autoSave": true,
    "autoSaveDelay": 1000,
    "enableCompression": false,
    "maxSessions": 1000,
    "maxSessionAge": 2592000000,
    "enableEncryption": false,
    "serialization": {
      "prettyPrint": false,
      "includeMetadata": true
    }
  }
}

[90mstdout[2m | tests/unit/file-store.test.ts[2m > [22m[2mFileSessionStore[2m > [22m[2msaveSession[2m > [22m[2mshould overwrite existing session[22m[39m
[2025-11-19T03:24:46.777Z] INFO: FileSessionStore closed

[90mstdout[2m | tests/unit/file-store.test.ts[2m > [22m[2mFileSessionStore[2m > [22m[2mloadSession[2m > [22m[2mshould load an existing session[22m[39m
[2025-11-19T03:24:46.915Z] INFO: FileSessionStore initialized
  Context: {
  "baseDir": "C:\\Users\\danie\\AppData\\Local\\Temp\\deepthinking-test-f43b05bb-1362-4af3-87d4-3b07e16a1d2e",
  "config": {
    "autoSave": true,
    "autoSaveDelay": 1000,
    "enableCompression": false,
    "maxSessions": 1000,
    "maxSessionAge": 2592000000,
    "enableEncryption": false,
    "serialization": {
      "prettyPrint": false,
      "includeMetadata": true
    }
  }
}

[90mstdout[2m | tests/unit/file-store.test.ts[2m > [22m[2mFileSessionStore[2m > [22m[2mloadSession[2m > [22m[2mshould load an existing session[22m[39m
[2025-11-19T03:24:47.029Z] INFO: FileSessionStore closed

[90mstdout[2m | tests/unit/file-store.test.ts[2m > [22m[2mFileSessionStore[2m > [22m[2mloadSession[2m > [22m[2mshould return null for non-existent session[22m[39m
[2025-11-19T03:24:47.131Z] INFO: FileSessionStore initialized
  Context: {
  "baseDir": "C:\\Users\\danie\\AppData\\Local\\Temp\\deepthinking-test-55cec360-e70b-4ba2-a365-c0af8cedb04b",
  "config": {
    "autoSave": true,
    "autoSaveDelay": 1000,
    "enableCompression": false,
    "maxSessions": 1000,
    "maxSessionAge": 2592000000,
    "enableEncryption": false,
    "serialization": {
      "prettyPrint": false,
      "includeMetadata": true
    }
  }
}

[90mstdout[2m | tests/unit/file-store.test.ts[2m > [22m[2mFileSessionStore[2m > [22m[2mloadSession[2m > [22m[2mshould return null for non-existent session[22m[39m
[2025-11-19T03:24:47.132Z] INFO: FileSessionStore closed

[90mstdout[2m | tests/unit/file-store.test.ts[2m > [22m[2mFileSessionStore[2m > [22m[2mloadSession[2m > [22m[2mshould preserve Date objects[22m[39m
[2025-11-19T03:24:47.180Z] INFO: FileSessionStore initialized
  Context: {
  "baseDir": "C:\\Users\\danie\\AppData\\Local\\Temp\\deepthinking-test-c7a315d2-0c27-4636-b6d9-da22a8e87501",
  "config": {
    "autoSave": true,
    "autoSaveDelay": 1000,
    "enableCompression": false,
    "maxSessions": 1000,
    "maxSessionAge": 2592000000,
    "enableEncryption": false,
    "serialization": {
      "prettyPrint": false,
      "includeMetadata": true
    }
  }
}

[90mstdout[2m | tests/unit/file-store.test.ts[2m > [22m[2mFileSessionStore[2m > [22m[2mloadSession[2m > [22m[2mshould preserve Date objects[22m[39m
[2025-11-19T03:24:47.294Z] INFO: FileSessionStore closed

[90mstderr[2m | tests/integration/error-handling.test.ts[2m > [22m[2mError Handling and Edge Cases[2m > [22m[2mInvalid Session Operations[2m > [22m[2mshould throw error for non-existent session ID[22m[39m
[2025-11-19T03:24:47.217Z] ERROR: Session not found
  Context: {
  "sessionId": "00000000-0000-4000-8000-000000000000"
}

[90mstdout[2m | tests/integration/error-handling.test.ts[2m > [22m[2mError Handling and Edge Cases[2m > [22m[2mInvalid Session Operations[2m > [22m[2mshould handle session deletion idempotently[22m[39m
[2025-11-19T03:24:47.232Z] INFO: Session created
  Context: {
  "sessionId": "df42a45e-f715-4940-ae46-2b28c3d5db77",
  "title": "Test",
  "mode": "hybrid"
}
[2025-11-19T03:24:47.233Z] INFO: Session deleted
  Context: {
  "sessionId": "df42a45e-f715-4940-ae46-2b28c3d5db77",
  "title": "Test",
  "thoughtCount": 0
}

[90mstderr[2m | tests/integration/error-handling.test.ts[2m > [22m[2mError Handling and Edge Cases[2m > [22m[2mInvalid Session Operations[2m > [22m[2mshould handle session deletion idempotently[22m[39m
[2025-11-19T03:24:47.233Z] WARN: Attempted to delete non-existent session from memory
  Context: {
  "sessionId": "df42a45e-f715-4940-ae46-2b28c3d5db77"
}

[90mstdout[2m | tests/integration/error-handling.test.ts[2m > [22m[2mError Handling and Edge Cases[2m > [22m[2mValidation Errors[2m > [22m[2mshould accept thoughts with missing fields (lenient validation)[22m[39m
[2025-11-19T03:24:47.235Z] INFO: Session created
  Context: {
  "sessionId": "5c46b7c9-8bc0-4f10-afec-89d9280b11cf",
  "title": "Untitled Session",
  "mode": "hybrid"
}
[2025-11-19T03:24:47.237Z] INFO: Session completed
  Context: {
  "sessionId": "5c46b7c9-8bc0-4f10-afec-89d9280b11cf",
  "title": "Untitled Session",
  "totalThoughts": 1
}

[90mstdout[2m | tests/integration/error-handling.test.ts[2m > [22m[2mError Handling and Edge Cases[2m > [22m[2mValidation Errors[2m > [22m[2mshould accept invalid uncertainty values (lenient validation)[22m[39m
[2025-11-19T03:24:47.238Z] INFO: Session created
  Context: {
  "sessionId": "80d47b8f-c846-44d1-b7b9-65d9f9dd175a",
  "title": "Untitled Session",
  "mode": "hybrid"
}
[2025-11-19T03:24:47.238Z] INFO: Session completed
  Context: {
  "sessionId": "80d47b8f-c846-44d1-b7b9-65d9f9dd175a",
  "title": "Untitled Session",
  "totalThoughts": 1
}

[90mstdout[2m | tests/integration/error-handling.test.ts[2m > [22m[2mError Handling and Edge Cases[2m > [22m[2mValidation Errors[2m > [22m[2mshould accept negative thought numbers (lenient validation)[22m[39m
[2025-11-19T03:24:47.240Z] INFO: Session created
  Context: {
  "sessionId": "9b6cd6e6-110e-447c-99cd-983f4365e846",
  "title": "Untitled Session",
  "mode": "hybrid"
}
[2025-11-19T03:24:47.241Z] INFO: Session completed
  Context: {
  "sessionId": "9b6cd6e6-110e-447c-99cd-983f4365e846",
  "title": "Untitled Session",
  "totalThoughts": 1
}

[90mstdout[2m | tests/integration/error-handling.test.ts[2m > [22m[2mError Handling and Edge Cases[2m > [22m[2mValidation Errors[2m > [22m[2mshould accept zero thought numbers (lenient validation)[22m[39m
[2025-11-19T03:24:47.242Z] INFO: Session created
  Context: {
  "sessionId": "e7edfcab-708d-4f83-a29a-0851ad235878",
  "title": "Untitled Session",
  "mode": "hybrid"
}
[2025-11-19T03:24:47.242Z] INFO: Session completed
  Context: {
  "sessionId": "e7edfcab-708d-4f83-a29a-0851ad235878",
  "title": "Untitled Session",
  "totalThoughts": 1
}

[90mstdout[2m | tests/integration/error-handling.test.ts[2m > [22m[2mError Handling and Edge Cases[2m > [22m[2mValidation Errors[2m > [22m[2mshould accept invalid mode values (lenient validation)[22m[39m
[2025-11-19T03:24:47.243Z] INFO: Session created
  Context: {
  "sessionId": "f001901f-c5c0-42f4-9731-98d1dccd75e8",
  "title": "Untitled Session",
  "mode": "invalid_mode"
}

[90mstdout[2m | tests/integration/error-handling.test.ts[2m > [22m[2mError Handling and Edge Cases[2m > [22m[2mValidation Errors[2m > [22m[2mshould accept invalid Shannon stage (lenient validation)[22m[39m
[2025-11-19T03:24:47.268Z] INFO: Session created
  Context: {
  "sessionId": "72d8760d-8d97-42b9-936f-008d903f886f",
  "title": "Untitled Session",
  "mode": "shannon"
}
[2025-11-19T03:24:47.268Z] INFO: Session completed
  Context: {
  "sessionId": "72d8760d-8d97-42b9-936f-008d903f886f",
  "title": "Untitled Session",
  "totalThoughts": 1
}

[90mstdout[2m | tests/integration/error-handling.test.ts[2m > [22m[2mError Handling and Edge Cases[2m > [22m[2mBoundary Conditions[2m > [22m[2mshould handle uncertainty = 0 (perfect certainty)[22m[39m
[2025-11-19T03:24:47.289Z] INFO: Session created
  Context: {
  "sessionId": "b647d390-9ae6-46ac-ab55-e4253ae106d0",
  "title": "Untitled Session",
  "mode": "hybrid"
}
[2025-11-19T03:24:47.290Z] INFO: Session completed
  Context: {
  "sessionId": "b647d390-9ae6-46ac-ab55-e4253ae106d0",
  "title": "Untitled Session",
  "totalThoughts": 1
}

[90mstdout[2m | tests/integration/error-handling.test.ts[2m > [22m[2mError Handling and Edge Cases[2m > [22m[2mBoundary Conditions[2m > [22m[2mshould handle uncertainty = 1 (complete uncertainty)[22m[39m
[2025-11-19T03:24:47.291Z] INFO: Session created
  Context: {
  "sessionId": "7c59635e-b71e-4cf7-b509-950b495added",
  "title": "Untitled Session",
  "mode": "hybrid"
}
[2025-11-19T03:24:47.306Z] INFO: Session completed
  Context: {
  "sessionId": "7c59635e-b71e-4cf7-b509-950b495added",
  "title": "Untitled Session",
  "totalThoughts": 1
}

[90mstdout[2m | tests/integration/error-handling.test.ts[2m > [22m[2mError Handling and Edge Cases[2m > [22m[2mBoundary Conditions[2m > [22m[2mshould handle very large thoughtNumber[22m[39m
[2025-11-19T03:24:47.307Z] INFO: Session created
  Context: {
  "sessionId": "87680dbb-7f38-4387-8ca2-d799a838d19c",
  "title": "Untitled Session",
  "mode": "hybrid"
}
[2025-11-19T03:24:47.309Z] INFO: Session completed
  Context: {
  "sessionId": "87680dbb-7f38-4387-8ca2-d799a838d19c",
  "title": "Untitled Session",
  "totalThoughts": 1
}

[90mstdout[2m | tests/integration/error-handling.test.ts[2m > [22m[2mError Handling and Edge Cases[2m > [22m[2mBoundary Conditions[2m > [22m[2mshould handle totalThoughts = thoughtNumber (single thought)[22m[39m
[2025-11-19T03:24:47.310Z] INFO: Session created
  Context: {
  "sessionId": "0a7f7df5-41aa-4462-9afd-aa24b793594e",
  "title": "Untitled Session",
  "mode": "hybrid"
}
[2025-11-19T03:24:47.310Z] INFO: Session completed
  Context: {
  "sessionId": "0a7f7df5-41aa-4462-9afd-aa24b793594e",
  "title": "Untitled Session",
  "totalThoughts": 1
}

[90mstdout[2m | tests/integration/error-handling.test.ts[2m > [22m[2mError Handling and Edge Cases[2m > [22m[2mEdge Cases - Empty Data[2m > [22m[2mshould handle empty thought content[22m[39m
[2025-11-19T03:24:47.328Z] INFO: Session created
  Context: {
  "sessionId": "9759a84e-e917-4f10-a680-4bf49f18c14d",
  "title": "Untitled Session",
  "mode": "hybrid"
}
[2025-11-19T03:24:47.328Z] INFO: Session completed
  Context: {
  "sessionId": "9759a84e-e917-4f10-a680-4bf49f18c14d",
  "title": "Untitled Session",
  "totalThoughts": 1
}

[90mstdout[2m | tests/integration/error-handling.test.ts[2m > [22m[2mError Handling and Edge Cases[2m > [22m[2mEdge Cases - Empty Data[2m > [22m[2mshould handle empty session title with default[22m[39m
[2025-11-19T03:24:47.330Z] INFO: Session created
  Context: {
  "sessionId": "751aa5da-146f-45d7-b5b4-af48d7d9b4be",
  "title": "Untitled Session",
  "mode": "hybrid"
}

[90mstdout[2m | tests/integration/error-handling.test.ts[2m > [22m[2mError Handling and Edge Cases[2m > [22m[2mEdge Cases - Empty Data[2m > [22m[2mshould handle empty arrays for optional fields[22m[39m
[2025-11-19T03:24:47.331Z] INFO: Session created
  Context: {
  "sessionId": "649b15b8-838f-4fec-b73f-ad302770e3b4",
  "title": "Untitled Session",
  "mode": "hybrid"
}
[2025-11-19T03:24:47.332Z] INFO: Session completed
  Context: {
  "sessionId": "649b15b8-838f-4fec-b73f-ad302770e3b4",
  "title": "Untitled Session",
  "totalThoughts": 1
}

[90mstdout[2m | tests/integration/error-handling.test.ts[2m > [22m[2mError Handling and Edge Cases[2m > [22m[2mEdge Cases - Empty Data[2m > [22m[2mshould handle session with no thoughts[22m[39m
[2025-11-19T03:24:47.333Z] INFO: Session created
  Context: {
  "sessionId": "eb7a656b-6f7e-4dab-ade8-739e81d8bf45",
  "title": "Untitled Session",
  "mode": "hybrid"
}

[90mstdout[2m | tests/integration/error-handling.test.ts[2m > [22m[2mError Handling and Edge Cases[2m > [22m[2mEdge Cases - Special Characters[2m > [22m[2mshould handle Unicode characters in thought content[22m[39m
[2025-11-19T03:24:47.335Z] INFO: Session created
  Context: {
  "sessionId": "53300ad9-35ca-4bfc-912c-0963d8adcfac",
  "title": "Untitled Session",
  "mode": "hybrid"
}
[2025-11-19T03:24:47.335Z] INFO: Session completed
  Context: {
  "sessionId": "53300ad9-35ca-4bfc-912c-0963d8adcfac",
  "title": "Untitled Session",
  "totalThoughts": 1
}

[90mstdout[2m | tests/integration/error-handling.test.ts[2m > [22m[2mError Handling and Edge Cases[2m > [22m[2mEdge Cases - Special Characters[2m > [22m[2mshould handle special characters in session title[22m[39m
[2025-11-19T03:24:47.336Z] INFO: Session created
  Context: {
  "sessionId": "2243eacb-1207-47df-983e-9f47dab8b71f",
  "title": "<script>alert(\"xss\")</script>",
  "mode": "hybrid"
}

[90mstdout[2m | tests/integration/error-handling.test.ts[2m > [22m[2mError Handling and Edge Cases[2m > [22m[2mEdge Cases - Special Characters[2m > [22m[2mshould handle LaTeX with special characters[22m[39m
[2025-11-19T03:24:47.337Z] INFO: Session created
  Context: {
  "sessionId": "ea210ad1-6063-4efe-a0fb-f10db92d1be0",
  "title": "Untitled Session",
  "mode": "mathematics"
}
[2025-11-19T03:24:47.337Z] INFO: Session completed
  Context: {
  "sessionId": "ea210ad1-6063-4efe-a0fb-f10db92d1be0",
  "title": "Untitled Session",
  "totalThoughts": 1
}

[90mstdout[2m | tests/integration/error-handling.test.ts[2m > [22m[2mError Handling and Edge Cases[2m > [22m[2mEdge Cases - Special Characters[2m > [22m[2mshould handle newlines and tabs in thought content[22m[39m
[2025-11-19T03:24:47.338Z] INFO: Session created
  Context: {
  "sessionId": "5a056e07-16fb-49c1-b1b3-f763a590dc81",
  "title": "Untitled Session",
  "mode": "hybrid"
}
[2025-11-19T03:24:47.338Z] INFO: Session completed
  Context: {
  "sessionId": "5a056e07-16fb-49c1-b1b3-f763a590dc81",
  "title": "Untitled Session",
  "totalThoughts": 1
}

[90mstdout[2m | tests/integration/error-handling.test.ts[2m > [22m[2mError Handling and Edge Cases[2m > [22m[2mEdge Cases - Large Data[2m > [22m[2mshould handle very long thought content[22m[39m
[2025-11-19T03:24:47.339Z] INFO: Session created
  Context: {
  "sessionId": "e9f89424-8f08-4cb0-8b70-79922c69a576",
  "title": "Untitled Session",
  "mode": "hybrid"
}
[2025-11-19T03:24:47.339Z] INFO: Session completed
  Context: {
  "sessionId": "e9f89424-8f08-4cb0-8b70-79922c69a576",
  "title": "Untitled Session",
  "totalThoughts": 1
}

[90mstdout[2m | tests/integration/error-handling.test.ts[2m > [22m[2mError Handling and Edge Cases[2m > [22m[2mEdge Cases - Large Data[2m > [22m[2mshould handle sessions with many thoughts[22m[39m
[2025-11-19T03:24:47.344Z] INFO: Session created
  Context: {
  "sessionId": "64886be5-78f1-4f92-b99a-7fa8da3f46fe",
  "title": "Untitled Session",
  "mode": "hybrid"
}
[2025-11-19T03:24:47.346Z] INFO: Session completed
  Context: {
  "sessionId": "64886be5-78f1-4f92-b99a-7fa8da3f46fe",
  "title": "Untitled Session",
  "totalThoughts": 100
}

[90mstdout[2m | tests/integration/error-handling.test.ts[2m > [22m[2mError Handling and Edge Cases[2m > [22m[2mEdge Cases - Large Data[2m > [22m[2mshould handle large dependency arrays[22m[39m
[2025-11-19T03:24:47.347Z] INFO: Session created
  Context: {
  "sessionId": "4a48f610-35be-4e45-9230-2331fd6de425",
  "title": "Untitled Session",
  "mode": "hybrid"
}
[2025-11-19T03:24:47.347Z] INFO: Session completed
  Context: {
  "sessionId": "4a48f610-35be-4e45-9230-2331fd6de425",
  "title": "Untitled Session",
  "totalThoughts": 1
}

[90mstdout[2m | tests/integration/error-handling.test.ts[2m > [22m[2mError Handling and Edge Cases[2m > [22m[2mError Recovery[2m > [22m[2mshould maintain session integrity even with lenient validation[22m[39m
[2025-11-19T03:24:47.350Z] INFO: Session created
  Context: {
  "sessionId": "0f9f043f-e2c2-46ef-8685-7e2451c5dd13",
  "title": "Untitled Session",
  "mode": "hybrid"
}
[2025-11-19T03:24:47.350Z] INFO: Session completed
  Context: {
  "sessionId": "0f9f043f-e2c2-46ef-8685-7e2451c5dd13",
  "title": "Untitled Session",
  "totalThoughts": 1
}
[2025-11-19T03:24:47.350Z] INFO: Session completed
  Context: {
  "sessionId": "0f9f043f-e2c2-46ef-8685-7e2451c5dd13",
  "title": "Untitled Session",
  "totalThoughts": 2
}

[90mstdout[2m | tests/integration/error-handling.test.ts[2m > [22m[2mError Handling and Edge Cases[2m > [22m[2mError Recovery[2m > [22m[2mshould allow mode switch even after adding invalid data[22m[39m
[2025-11-19T03:24:47.352Z] INFO: Session created
  Context: {
  "sessionId": "dbdb34aa-3783-48dc-b689-74266fb5cafe",
  "title": "Untitled Session",
  "mode": "sequential"
}
[2025-11-19T03:24:47.352Z] INFO: Session completed
  Context: {
  "sessionId": "dbdb34aa-3783-48dc-b689-74266fb5cafe",
  "title": "Untitled Session",
  "totalThoughts": 1
}
[2025-11-19T03:24:47.352Z] INFO: Session mode switched
  Context: {
  "sessionId": "dbdb34aa-3783-48dc-b689-74266fb5cafe",
  "oldMode": "sequential",
  "newMode": "shannon"
}

[90mstdout[2m | tests/integration/error-handling.test.ts[2m > [22m[2mError Handling and Edge Cases[2m > [22m[2mSummary Generation Edge Cases[2m > [22m[2mshould generate summary for empty session[22m[39m
[2025-11-19T03:24:47.354Z] INFO: Session created
  Context: {
  "sessionId": "469c4792-8642-456b-8119-43b60a807942",
  "title": "Empty Session",
  "mode": "hybrid"
}

[90mstdout[2m | tests/integration/error-handling.test.ts[2m > [22m[2mError Handling and Edge Cases[2m > [22m[2mSummary Generation Edge Cases[2m > [22m[2mshould generate summary for single thought session[22m[39m
[2025-11-19T03:24:47.356Z] INFO: Session created
  Context: {
  "sessionId": "5ab1b1c6-ed47-4e80-b7b9-02e1dc18d9d9",
  "title": "Single Thought",
  "mode": "hybrid"
}
[2025-11-19T03:24:47.356Z] INFO: Session completed
  Context: {
  "sessionId": "5ab1b1c6-ed47-4e80-b7b9-02e1dc18d9d9",
  "title": "Single Thought",
  "totalThoughts": 1
}

[90mstdout[2m | tests/integration/error-handling.test.ts[2m > [22m[2mError Handling and Edge Cases[2m > [22m[2mSummary Generation Edge Cases[2m > [22m[2mshould handle summary for session with very long thoughts[22m[39m
[2025-11-19T03:24:47.357Z] INFO: Session created
  Context: {
  "sessionId": "a59521db-0dba-409a-aec2-a113db31fcc9",
  "title": "Untitled Session",
  "mode": "hybrid"
}
[2025-11-19T03:24:47.357Z] INFO: Session completed
  Context: {
  "sessionId": "a59521db-0dba-409a-aec2-a113db31fcc9",
  "title": "Untitled Session",
  "totalThoughts": 1
}

[90mstdout[2m | tests/integration/error-handling.test.ts[2m > [22m[2mError Handling and Edge Cases[2m > [22m[2mConcurrent Session Management[2m > [22m[2mshould handle rapid session creation[22m[39m
[2025-11-19T03:24:47.359Z] INFO: Session created
  Context: {
  "sessionId": "6449607d-6c0c-48ed-98b3-015bb3be0f19",
  "title": "Session 0",
  "mode": "hybrid"
}
[2025-11-19T03:24:47.359Z] INFO: Session created
  Context: {
  "sessionId": "07714c18-0fd6-4a53-9184-1b33ef781e79",
  "title": "Session 1",
  "mode": "hybrid"
}
[2025-11-19T03:24:47.359Z] INFO: Session created
  Context: {
  "sessionId": "86c1dcc8-68a9-4a86-9d9d-af14d1602d69",
  "title": "Session 2",
  "mode": "hybrid"
}
[2025-11-19T03:24:47.359Z] INFO: Session created
  Context: {
  "sessionId": "a00323d3-3468-4cd4-9c29-8251fef2072c",
  "title": "Session 3",
  "mode": "hybrid"
}
[2025-11-19T03:24:47.359Z] INFO: Session created
  Context: {
  "sessionId": "68fb732f-4cc3-4821-9391-f72fadc52c0c",
  "title": "Session 4",
  "mode": "hybrid"
}
[2025-11-19T03:24:47.359Z] INFO: Session created
  Context: {
  "sessionId": "81c652f4-3d3c-4c60-b562-e70a0481812b",
  "title": "Session 5",
  "mode": "hybrid"
}
[2025-11-19T03:24:47.359Z] INFO: Session created
  Context: {
  "sessionId": "1f292192-fe61-4f49-a187-897a4bfe8854",
  "title": "Session 6",
  "mode": "hybrid"
}
[2025-11-19T03:24:47.359Z] INFO: Session created
  Context: {
  "sessionId": "62f490a8-318f-4679-a624-3d97beb2804d",
  "title": "Session 7",
  "mode": "hybrid"
}
[2025-11-19T03:24:47.360Z] INFO: Session created
  Context: {
  "sessionId": "6790a070-0877-40b2-9925-7eb6f3d75f9e",
  "title": "Session 8",
  "mode": "hybrid"
}
[2025-11-19T03:24:47.360Z] INFO: Session created
  Context: {
  "sessionId": "9ef7aae2-686b-4c74-9a11-f92b9b6fd4f9",
  "title": "Session 9",
  "mode": "hybrid"
}

[90mstdout[2m | tests/integration/error-handling.test.ts[2m > [22m[2mError Handling and Edge Cases[2m > [22m[2mConcurrent Session Management[2m > [22m[2mshould handle concurrent thought additions to same session[22m[39m
[2025-11-19T03:24:47.361Z] INFO: Session created
  Context: {
  "sessionId": "9dbecabf-84f9-4c58-9e44-f4ff30a7e525",
  "title": "Untitled Session",
  "mode": "hybrid"
}
[2025-11-19T03:24:47.362Z] INFO: Session completed
  Context: {
  "sessionId": "9dbecabf-84f9-4c58-9e44-f4ff30a7e525",
  "title": "Untitled Session",
  "totalThoughts": 5
}

[90mstdout[2m | tests/integration/error-handling.test.ts[2m > [22m[2mError Handling and Edge Cases[2m > [22m[2mConcurrent Session Management[2m > [22m[2mshould maintain independence of multiple sessions[22m[39m
[2025-11-19T03:24:47.367Z] INFO: Session created
  Context: {
  "sessionId": "68982b06-3be8-4d7e-8237-aa917e27e276",
  "title": "Session 1",
  "mode": "hybrid"
}
[2025-11-19T03:24:47.368Z] INFO: Session created
  Context: {
  "sessionId": "f8ff0928-ce48-45bf-a3b9-84cd272deb40",
  "title": "Session 2",
  "mode": "hybrid"
}
[2025-11-19T03:24:47.368Z] INFO: Session completed
  Context: {
  "sessionId": "68982b06-3be8-4d7e-8237-aa917e27e276",
  "title": "Session 1",
  "totalThoughts": 1
}
[2025-11-19T03:24:47.368Z] INFO: Session completed
  Context: {
  "sessionId": "f8ff0928-ce48-45bf-a3b9-84cd272deb40",
  "title": "Session 2",
  "totalThoughts": 1
}

[90mstdout[2m | tests/integration/error-handling.test.ts[2m > [22m[2mError Handling and Edge Cases[2m > [22m[2mMode-Specific Edge Cases[2m > [22m[2mshould handle mathematics mode with missing optional fields[22m[39m
[2025-11-19T03:24:47.369Z] INFO: Session created
  Context: {
  "sessionId": "a36848aa-0a14-451f-9174-69dc1f3347b6",
  "title": "Untitled Session",
  "mode": "mathematics"
}
[2025-11-19T03:24:47.370Z] INFO: Session completed
  Context: {
  "sessionId": "a36848aa-0a14-451f-9174-69dc1f3347b6",
  "title": "Untitled Session",
  "totalThoughts": 1
}

[90mstdout[2m | tests/integration/error-handling.test.ts[2m > [22m[2mError Handling and Edge Cases[2m > [22m[2mMode-Specific Edge Cases[2m > [22m[2mshould handle Shannon mode without explicit stage[22m[39m
[2025-11-19T03:24:47.372Z] INFO: Session created
  Context: {
  "sessionId": "5ce655c0-c538-4652-bbc2-9dab1b86aaf3",
  "title": "Untitled Session",
  "mode": "shannon"
}
[2025-11-19T03:24:47.372Z] INFO: Session completed
  Context: {
  "sessionId": "5ce655c0-c538-4652-bbc2-9dab1b86aaf3",
  "title": "Untitled Session",
  "totalThoughts": 1
}

[90mstdout[2m | tests/integration/error-handling.test.ts[2m > [22m[2mError Handling and Edge Cases[2m > [22m[2mMode-Specific Edge Cases[2m > [22m[2mshould handle temporal mode with minimal event data[22m[39m
[2025-11-19T03:24:47.373Z] INFO: Session created
  Context: {
  "sessionId": "9c5a5e8e-bca6-4115-bfd9-982f58003964",
  "title": "Untitled Session",
  "mode": "temporal"
}
[2025-11-19T03:24:47.374Z] INFO: Session completed
  Context: {
  "sessionId": "9c5a5e8e-bca6-4115-bfd9-982f58003964",
  "title": "Untitled Session",
  "totalThoughts": 1
}

 [32m✓[39m tests/integration/error-handling.test.ts [2m ([22m[2m36 tests[22m[2m)[22m[90m 168[2mms[22m[39m
[90mstdout[2m | tests/unit/file-store.test.ts[2m > [22m[2mFileSessionStore[2m > [22m[2mloadSession[2m > [22m[2mshould preserve Map objects[22m[39m
[2025-11-19T03:24:47.376Z] INFO: FileSessionStore initialized
  Context: {
  "baseDir": "C:\\Users\\danie\\AppData\\Local\\Temp\\deepthinking-test-d6765c2a-af9d-48d7-af33-754626a7816a",
  "config": {
    "autoSave": true,
    "autoSaveDelay": 1000,
    "enableCompression": false,
    "maxSessions": 1000,
    "maxSessionAge": 2592000000,
    "enableEncryption": false,
    "serialization": {
      "prettyPrint": false,
      "includeMetadata": true
    }
  }
}

[90mstdout[2m | tests/unit/file-store.test.ts[2m > [22m[2mFileSessionStore[2m > [22m[2mloadSession[2m > [22m[2mshould preserve Map objects[22m[39m
[2025-11-19T03:24:47.390Z] INFO: FileSessionStore closed

[90mstdout[2m | tests/unit/file-store.test.ts[2m > [22m[2mFileSessionStore[2m > [22m[2mdeleteSession[2m > [22m[2mshould delete an existing session[22m[39m
[2025-11-19T03:24:47.416Z] INFO: FileSessionStore initialized
  Context: {
  "baseDir": "C:\\Users\\danie\\AppData\\Local\\Temp\\deepthinking-test-813e47a4-c31d-49d2-83d9-f3c690c10b61",
  "config": {
    "autoSave": true,
    "autoSaveDelay": 1000,
    "enableCompression": false,
    "maxSessions": 1000,
    "maxSessionAge": 2592000000,
    "enableEncryption": false,
    "serialization": {
      "prettyPrint": false,
      "includeMetadata": true
    }
  }
}

[90mstdout[2m | tests/unit/file-store.test.ts[2m > [22m[2mFileSessionStore[2m > [22m[2mdeleteSession[2m > [22m[2mshould delete an existing session[22m[39m
[2025-11-19T03:24:47.421Z] INFO: Session deleted
  Context: {
  "sessionId": "96b0db0e-82c1-4bdc-8244-5577e34b328d"
}

[90mstdout[2m | tests/unit/file-store.test.ts[2m > [22m[2mFileSessionStore[2m > [22m[2mdeleteSession[2m > [22m[2mshould delete an existing session[22m[39m
[2025-11-19T03:24:47.424Z] INFO: FileSessionStore closed

[90mstdout[2m | tests/unit/file-store.test.ts[2m > [22m[2mFileSessionStore[2m > [22m[2mdeleteSession[2m > [22m[2mshould return false for non-existent session[22m[39m
[2025-11-19T03:24:47.478Z] INFO: FileSessionStore initialized
  Context: {
  "baseDir": "C:\\Users\\danie\\AppData\\Local\\Temp\\deepthinking-test-f446446c-8e35-4ffa-ac2a-f46e6f964ee9",
  "config": {
    "autoSave": true,
    "autoSaveDelay": 1000,
    "enableCompression": false,
    "maxSessions": 1000,
    "maxSessionAge": 2592000000,
    "enableEncryption": false,
    "serialization": {
      "prettyPrint": false,
      "includeMetadata": true
    }
  }
}

[90mstdout[2m | tests/unit/file-store.test.ts[2m > [22m[2mFileSessionStore[2m > [22m[2mdeleteSession[2m > [22m[2mshould return false for non-existent session[22m[39m
[2025-11-19T03:24:47.479Z] INFO: FileSessionStore closed

[90mstdout[2m | tests/unit/file-store.test.ts[2m > [22m[2mFileSessionStore[2m > [22m[2mdeleteSession[2m > [22m[2mshould update metadata index after deletion[22m[39m
[2025-11-19T03:24:47.489Z] INFO: FileSessionStore initialized
  Context: {
  "baseDir": "C:\\Users\\danie\\AppData\\Local\\Temp\\deepthinking-test-54ce9de0-7aff-4c9d-8b22-b40e6af7a39e",
  "config": {
    "autoSave": true,
    "autoSaveDelay": 1000,
    "enableCompression": false,
    "maxSessions": 1000,
    "maxSessionAge": 2592000000,
    "enableEncryption": false,
    "serialization": {
      "prettyPrint": false,
      "includeMetadata": true
    }
  }
}

[90mstdout[2m | tests/unit/file-store.test.ts[2m > [22m[2mFileSessionStore[2m > [22m[2mdeleteSession[2m > [22m[2mshould update metadata index after deletion[22m[39m
[2025-11-19T03:24:47.495Z] INFO: Session deleted
  Context: {
  "sessionId": "22786987-82b8-463e-a4dc-1387844d8064"
}
[2025-11-19T03:24:47.496Z] INFO: FileSessionStore closed

[90mstdout[2m | tests/unit/file-store.test.ts[2m > [22m[2mFileSessionStore[2m > [22m[2mlistSessions[2m > [22m[2mshould list all sessions[22m[39m
[2025-11-19T03:24:47.504Z] INFO: FileSessionStore initialized
  Context: {
  "baseDir": "C:\\Users\\danie\\AppData\\Local\\Temp\\deepthinking-test-926ee408-df79-4c7a-b88a-6506c6e51270",
  "config": {
    "autoSave": true,
    "autoSaveDelay": 1000,
    "enableCompression": false,
    "maxSessions": 1000,
    "maxSessionAge": 2592000000,
    "enableEncryption": false,
    "serialization": {
      "prettyPrint": false,
      "includeMetadata": true
    }
  }
}

[90mstdout[2m | tests/unit/file-store.test.ts[2m > [22m[2mFileSessionStore[2m > [22m[2mlistSessions[2m > [22m[2mshould list all sessions[22m[39m
[2025-11-19T03:24:47.516Z] INFO: FileSessionStore closed

[90mstdout[2m | tests/unit/file-store.test.ts[2m > [22m[2mFileSessionStore[2m > [22m[2mlistSessions[2m > [22m[2mshould return empty array when no sessions exist[22m[39m
[2025-11-19T03:24:47.524Z] INFO: FileSessionStore initialized
  Context: {
  "baseDir": "C:\\Users\\danie\\AppData\\Local\\Temp\\deepthinking-test-12699005-878d-4698-97f7-3cbd3511a57c",
  "config": {
    "autoSave": true,
    "autoSaveDelay": 1000,
    "enableCompression": false,
    "maxSessions": 1000,
    "maxSessionAge": 2592000000,
    "enableEncryption": false,
    "serialization": {
      "prettyPrint": false,
      "includeMetadata": true
    }
  }
}
[2025-11-19T03:24:47.524Z] INFO: FileSessionStore closed

[90mstdout[2m | tests/unit/file-store.test.ts[2m > [22m[2mFileSessionStore[2m > [22m[2mlistSessions[2m > [22m[2mshould include correct metadata fields[22m[39m
[2025-11-19T03:24:47.531Z] INFO: FileSessionStore initialized
  Context: {
  "baseDir": "C:\\Users\\danie\\AppData\\Local\\Temp\\deepthinking-test-0971e153-cf29-42dc-bfe3-dd577e8e8010",
  "config": {
    "autoSave": true,
    "autoSaveDelay": 1000,
    "enableCompression": false,
    "maxSessions": 1000,
    "maxSessionAge": 2592000000,
    "enableEncryption": false,
    "serialization": {
      "prettyPrint": false,
      "includeMetadata": true
    }
  }
}

[90mstdout[2m | tests/unit/file-store.test.ts[2m > [22m[2mFileSessionStore[2m > [22m[2mlistSessions[2m > [22m[2mshould include correct metadata fields[22m[39m
[2025-11-19T03:24:47.536Z] INFO: FileSessionStore closed

[90mstdout[2m | tests/unit/file-store.test.ts[2m > [22m[2mFileSessionStore[2m > [22m[2mexists[2m > [22m[2mshould return true for existing session[22m[39m
[2025-11-19T03:24:47.571Z] INFO: FileSessionStore initialized
  Context: {
  "baseDir": "C:\\Users\\danie\\AppData\\Local\\Temp\\deepthinking-test-5a740baf-cb57-4e48-b94d-0fe10d4426ec",
  "config": {
    "autoSave": true,
    "autoSaveDelay": 1000,
    "enableCompression": false,
    "maxSessions": 1000,
    "maxSessionAge": 2592000000,
    "enableEncryption": false,
    "serialization": {
      "prettyPrint": false,
      "includeMetadata": true
    }
  }
}

[90mstdout[2m | tests/unit/file-store.test.ts[2m > [22m[2mFileSessionStore[2m > [22m[2mexists[2m > [22m[2mshould return true for existing session[22m[39m
[2025-11-19T03:24:47.581Z] INFO: FileSessionStore closed

[90mstdout[2m | tests/unit/file-store.test.ts[2m > [22m[2mFileSessionStore[2m > [22m[2mexists[2m > [22m[2mshould return false for non-existent session[22m[39m
[2025-11-19T03:24:47.606Z] INFO: FileSessionStore initialized
  Context: {
  "baseDir": "C:\\Users\\danie\\AppData\\Local\\Temp\\deepthinking-test-863b65e2-0fb6-44b4-8712-e4d2f6f77d24",
  "config": {
    "autoSave": true,
    "autoSaveDelay": 1000,
    "enableCompression": false,
    "maxSessions": 1000,
    "maxSessionAge": 2592000000,
    "enableEncryption": false,
    "serialization": {
      "prettyPrint": false,
      "includeMetadata": true
    }
  }
}
[2025-11-19T03:24:47.606Z] INFO: FileSessionStore closed

 [32m✓[39m tests/unit/temporal.test.ts [2m ([22m[2m19 tests[22m[2m)[22m[90m 93[2mms[22m[39m
[90mstdout[2m | tests/unit/file-store.test.ts[2m > [22m[2mFileSessionStore[2m > [22m[2mgetStats[2m > [22m[2mshould return storage statistics[22m[39m
[2025-11-19T03:24:47.660Z] INFO: FileSessionStore initialized
  Context: {
  "baseDir": "C:\\Users\\danie\\AppData\\Local\\Temp\\deepthinking-test-2b0f625f-de52-49bb-b021-e367450268f5",
  "config": {
    "autoSave": true,
    "autoSaveDelay": 1000,
    "enableCompression": false,
    "maxSessions": 1000,
    "maxSessionAge": 2592000000,
    "enableEncryption": false,
    "serialization": {
      "prettyPrint": false,
      "includeMetadata": true
    }
  }
}

[90mstdout[2m | tests/unit/file-store.test.ts[2m > [22m[2mFileSessionStore[2m > [22m[2mgetStats[2m > [22m[2mshould return storage statistics[22m[39m
[2025-11-19T03:24:47.731Z] INFO: FileSessionStore closed

[90mstdout[2m | tests/unit/file-store.test.ts[2m > [22m[2mFileSessionStore[2m > [22m[2mgetStats[2m > [22m[2mshould calculate total thoughts correctly[22m[39m
[2025-11-19T03:24:47.746Z] INFO: FileSessionStore initialized
  Context: {
  "baseDir": "C:\\Users\\danie\\AppData\\Local\\Temp\\deepthinking-test-8ab5b50d-94b1-40a5-a2bb-f07f0ad9ca90",
  "config": {
    "autoSave": true,
    "autoSaveDelay": 1000,
    "enableCompression": false,
    "maxSessions": 1000,
    "maxSessionAge": 2592000000,
    "enableEncryption": false,
    "serialization": {
      "prettyPrint": false,
      "includeMetadata": true
    }
  }
}

[90mstdout[2m | tests/unit/file-store.test.ts[2m > [22m[2mFileSessionStore[2m > [22m[2mgetStats[2m > [22m[2mshould calculate total thoughts correctly[22m[39m
[2025-11-19T03:24:47.790Z] INFO: FileSessionStore closed

[90mstdout[2m | tests/benchmarks/metrics-performance.test.ts[2m > [22m[2mMetrics Performance Benchmark[2m > [22m[2mshould show performance improvement with incremental calculation[22m[39m
[2025-11-19T03:24:47.760Z] INFO: Session created
  Context: {
  "sessionId": "c430918a-8ad0-4cd6-b594-c5a048c03b7d",
  "title": "Performance Test",
  "mode": "sequential"
}

📊 Benchmark: Adding 1000 thoughts with uncertainty tracking
[2025-11-19T03:24:47.780Z] INFO: Session completed
  Context: {
  "sessionId": "c430918a-8ad0-4cd6-b594-c5a048c03b7d",
  "title": "Performance Test",
  "totalThoughts": 1000
}
✅ Total time: 17.68ms
✅ Average time per thought: 0.0177ms
✅ Expected average uncertainty: 0.502493
✅ Actual average uncertainty: 0.502493
✅ Accuracy verified: PASS

🎯 Performance: EXCELLENT

[90mstdout[2m | tests/benchmarks/metrics-performance.test.ts[2m > [22m[2mMetrics Performance Benchmark[2m > [22m[2mshould maintain O(1) complexity regardless of session size[22m[39m

📈 Complexity Analysis: Testing O(1) behavior
[2025-11-19T03:24:47.788Z] INFO: Session created
  Context: {
  "sessionId": "8e964166-9c5e-4944-a6f1-4a8bde2db04b",
  "title": "Test Session 100",
  "mode": "sequential"
}
[2025-11-19T03:24:47.789Z] INFO: Session completed
  Context: {
  "sessionId": "8e964166-9c5e-4944-a6f1-4a8bde2db04b",
  "title": "Test Session 100",
  "totalThoughts": 100
}
  Session size 100: 0.0145ms per thought
[2025-11-19T03:24:47.789Z] INFO: Session created
  Context: {
  "sessionId": "2499ec12-b402-4548-8078-2f1fbb6a3dc6",
  "title": "Test Session 500",
  "mode": "sequential"
}
[2025-11-19T03:24:47.792Z] INFO: Session completed
  Context: {
  "sessionId": "2499ec12-b402-4548-8078-2f1fbb6a3dc6",
  "title": "Test Session 500",
  "totalThoughts": 500
}
  Session size 500: 0.0054ms per thought
[2025-11-19T03:24:47.792Z] INFO: Session created
  Context: {
  "sessionId": "3d3a2e2d-9f94-45c5-bb10-15f4b43fed91",
  "title": "Test Session 1000",
  "mode": "sequential"
}
[2025-11-19T03:24:47.798Z] INFO: Session completed
  Context: {
  "sessionId": "3d3a2e2d-9f94-45c5-bb10-15f4b43fed91",
  "title": "Test Session 1000",
  "totalThoughts": 1000
}
  Session size 1000: 0.0135ms per thought

  Min: 0.0054ms, Max: 0.0145ms, Overall Ratio: 2.69x
  Ratio (500 vs 1000): 2.49x
  Complexity: O(1) ✅

[90mstdout[2m | tests/unit/file-store.test.ts[2m > [22m[2mFileSessionStore[2m > [22m[2mgetStats[2m > [22m[2mshould identify storage health status[22m[39m
[2025-11-19T03:24:47.819Z] INFO: FileSessionStore initialized
  Context: {
  "baseDir": "C:\\Users\\danie\\AppData\\Local\\Temp\\deepthinking-test-b1df7850-780c-4bd1-b87d-048b417ab2ce",
  "config": {
    "autoSave": true,
    "autoSaveDelay": 1000,
    "enableCompression": false,
    "maxSessions": 1000,
    "maxSessionAge": 2592000000,
    "enableEncryption": false,
    "serialization": {
      "prettyPrint": false,
      "includeMetadata": true
    }
  }
}

 [32m✓[39m tests/benchmarks/metrics-performance.test.ts [2m ([22m[2m2 tests[22m[2m)[22m[90m 46[2mms[22m[39m
 [32m✓[39m tests/unit/types.test.ts [2m ([22m[2m14 tests[22m[2m)[22m[90m 27[2mms[22m[39m
[90mstdout[2m | tests/unit/file-store.test.ts[2m > [22m[2mFileSessionStore[2m > [22m[2mgetStats[2m > [22m[2mshould identify storage health status[22m[39m
[2025-11-19T03:24:47.938Z] INFO: FileSessionStore initialized
  Context: {
  "baseDir": "C:\\Users\\danie\\AppData\\Local\\Temp\\deepthinking-test-b1df7850-780c-4bd1-b87d-048b417ab2ce",
  "config": {
    "autoSave": true,
    "autoSaveDelay": 1000,
    "enableCompression": false,
    "maxSessions": 10,
    "maxSessionAge": 2592000000,
    "enableEncryption": false,
    "serialization": {
      "prettyPrint": false,
      "includeMetadata": true
    }
  }
}

[90mstdout[2m | tests/unit/file-store.test.ts[2m > [22m[2mFileSessionStore[2m > [22m[2mgetStats[2m > [22m[2mshould identify storage health status[22m[39m
[2025-11-19T03:24:48.099Z] INFO: FileSessionStore closed
[2025-11-19T03:24:48.099Z] INFO: FileSessionStore closed

[90mstdout[2m | tests/unit/file-store.test.ts[2m > [22m[2mFileSessionStore[2m > [22m[2mcleanup[2m > [22m[2mshould clean up old sessions[22m[39m
[2025-11-19T03:24:48.134Z] INFO: FileSessionStore initialized
  Context: {
  "baseDir": "C:\\Users\\danie\\AppData\\Local\\Temp\\deepthinking-test-be1a8942-c454-4775-8d38-db96ea06dbe7",
  "config": {
    "autoSave": true,
    "autoSaveDelay": 1000,
    "enableCompression": false,
    "maxSessions": 1000,
    "maxSessionAge": 2592000000,
    "enableEncryption": false,
    "serialization": {
      "prettyPrint": false,
      "includeMetadata": true
    }
  }
}

[90mstdout[2m | tests/unit/file-store.test.ts[2m > [22m[2mFileSessionStore[2m > [22m[2mcleanup[2m > [22m[2mshould clean up old sessions[22m[39m
[2025-11-19T03:24:48.170Z] INFO: Session deleted
  Context: {
  "sessionId": "b0c4a9d5-42ab-4473-93b3-7e00686910c6"
}
[2025-11-19T03:24:48.170Z] INFO: Cleanup completed
  Context: {
  "cleanedCount": 1,
  "maxAgeMs": 604800000,
  "remaining": 1
}
[2025-11-19T03:24:48.171Z] INFO: FileSessionStore closed

[90mstdout[2m | tests/unit/file-store.test.ts[2m > [22m[2mFileSessionStore[2m > [22m[2mcleanup[2m > [22m[2mshould return 0 when no sessions need cleanup[22m[39m
[2025-11-19T03:24:48.189Z] INFO: FileSessionStore initialized
  Context: {
  "baseDir": "C:\\Users\\danie\\AppData\\Local\\Temp\\deepthinking-test-1a2f7c68-953c-49e1-84d3-b858375025b2",
  "config": {
    "autoSave": true,
    "autoSaveDelay": 1000,
    "enableCompression": false,
    "maxSessions": 1000,
    "maxSessionAge": 2592000000,
    "enableEncryption": false,
    "serialization": {
      "prettyPrint": false,
      "includeMetadata": true
    }
  }
}

[90mstdout[2m | tests/unit/file-store.test.ts[2m > [22m[2mFileSessionStore[2m > [22m[2mcleanup[2m > [22m[2mshould return 0 when no sessions need cleanup[22m[39m
[2025-11-19T03:24:48.196Z] INFO: FileSessionStore closed

[90mstdout[2m | tests/unit/file-store.test.ts[2m > [22m[2mFileSessionStore[2m > [22m[2mconcurrent operations[2m > [22m[2mshould handle concurrent saves[22m[39m
[2025-11-19T03:24:48.215Z] INFO: FileSessionStore initialized
  Context: {
  "baseDir": "C:\\Users\\danie\\AppData\\Local\\Temp\\deepthinking-test-c0ddd516-e39b-4956-86b6-7a802d8a13cd",
  "config": {
    "autoSave": true,
    "autoSaveDelay": 1000,
    "enableCompression": false,
    "maxSessions": 1000,
    "maxSessionAge": 2592000000,
    "enableEncryption": false,
    "serialization": {
      "prettyPrint": false,
      "includeMetadata": true
    }
  }
}

[90mstdout[2m | tests/unit/file-store.test.ts[2m > [22m[2mFileSessionStore[2m > [22m[2mconcurrent operations[2m > [22m[2mshould handle concurrent saves[22m[39m
[2025-11-19T03:24:48.226Z] INFO: FileSessionStore closed

[90mstdout[2m | tests/unit/file-store.test.ts[2m > [22m[2mFileSessionStore[2m > [22m[2mconcurrent operations[2m > [22m[2mshould handle concurrent reads[22m[39m
[2025-11-19T03:24:48.234Z] INFO: FileSessionStore initialized
  Context: {
  "baseDir": "C:\\Users\\danie\\AppData\\Local\\Temp\\deepthinking-test-d818ea17-30bd-41df-91d5-b6c585e6ccdd",
  "config": {
    "autoSave": true,
    "autoSaveDelay": 1000,
    "enableCompression": false,
    "maxSessions": 1000,
    "maxSessionAge": 2592000000,
    "enableEncryption": false,
    "serialization": {
      "prettyPrint": false,
      "includeMetadata": true
    }
  }
}

[90mstdout[2m | tests/unit/file-store.test.ts[2m > [22m[2mFileSessionStore[2m > [22m[2mconcurrent operations[2m > [22m[2mshould handle concurrent reads[22m[39m
[2025-11-19T03:24:48.241Z] INFO: FileSessionStore closed

[90mstdout[2m | tests/unit/file-store.test.ts[2m > [22m[2mFileSessionStore[2m > [22m[2merror handling[2m > [22m[2mshould handle invalid session data gracefully[22m[39m
[2025-11-19T03:24:48.248Z] INFO: FileSessionStore initialized
  Context: {
  "baseDir": "C:\\Users\\danie\\AppData\\Local\\Temp\\deepthinking-test-ddb234e4-5969-43ca-b6d0-479ee75cbc58",
  "config": {
    "autoSave": true,
    "autoSaveDelay": 1000,
    "enableCompression": false,
    "maxSessions": 1000,
    "maxSessionAge": 2592000000,
    "enableEncryption": false,
    "serialization": {
      "prettyPrint": false,
      "includeMetadata": true
    }
  }
}

[90mstderr[2m | tests/unit/file-store.test.ts[2m > [22m[2mFileSessionStore[2m > [22m[2merror handling[2m > [22m[2mshould handle invalid session data gracefully[22m[39m
[2025-11-19T03:24:48.254Z] ERROR: Failed to load session
  Error: undefined

[90mstdout[2m | tests/unit/file-store.test.ts[2m > [22m[2mFileSessionStore[2m > [22m[2merror handling[2m > [22m[2mshould handle invalid session data gracefully[22m[39m
[2025-11-19T03:24:48.255Z] INFO: FileSessionStore closed

[90mstdout[2m | tests/unit/file-store.test.ts[2m > [22m[2mFileSessionStore[2m > [22m[2merror handling[2m > [22m[2mshould handle operations before initialization[22m[39m
[2025-11-19T03:24:48.262Z] INFO: FileSessionStore initialized
  Context: {
  "baseDir": "C:\\Users\\danie\\AppData\\Local\\Temp\\deepthinking-test-767e640f-a1c6-4e02-81cf-f9849f9de303",
  "config": {
    "autoSave": true,
    "autoSaveDelay": 1000,
    "enableCompression": false,
    "maxSessions": 1000,
    "maxSessionAge": 2592000000,
    "enableEncryption": false,
    "serialization": {
      "prettyPrint": false,
      "includeMetadata": true
    }
  }
}

[90mstdout[2m | tests/unit/file-store.test.ts[2m > [22m[2mFileSessionStore[2m > [22m[2merror handling[2m > [22m[2mshould handle operations before initialization[22m[39m
[2025-11-19T03:24:48.264Z] INFO: FileSessionStore initialized
  Context: {
  "baseDir": "C:\\Users\\danie\\AppData\\Local\\Temp\\deepthinking-test-767e640f-a1c6-4e02-81cf-f9849f9de303",
  "config": {
    "autoSave": true,
    "autoSaveDelay": 1000,
    "enableCompression": false,
    "maxSessions": 1000,
    "maxSessionAge": 2592000000,
    "enableEncryption": false,
    "serialization": {
      "prettyPrint": false,
      "includeMetadata": true
    }
  }
}

[90mstdout[2m | tests/unit/file-store.test.ts[2m > [22m[2mFileSessionStore[2m > [22m[2merror handling[2m > [22m[2mshould handle operations before initialization[22m[39m
[2025-11-19T03:24:48.267Z] INFO: FileSessionStore closed
[2025-11-19T03:24:48.267Z] INFO: FileSessionStore closed

 [32m✓[39m tests/unit/file-store.test.ts [2m ([22m[2m27 tests[22m[2m)[22m[33m 3555[2mms[22m[39m
[90mstdout[2m | tests/unit/session-manager.test.ts[2m > [22m[2mSessionManager[2m > [22m[2mcreateSession[2m > [22m[2mshould create a new session with default values[22m[39m
[2025-11-19T03:24:48.145Z] INFO: Session created
  Context: {
  "sessionId": "e9bf727d-c79f-43ec-b68c-03ca4ab3231e",
  "title": "Untitled Session",
  "mode": "hybrid"
}

[90mstdout[2m | tests/unit/session-manager.test.ts[2m > [22m[2mSessionManager[2m > [22m[2mcreateSession[2m > [22m[2mshould create a session with custom options[22m[39m
[2025-11-19T03:24:48.154Z] INFO: Session created
  Context: {
  "sessionId": "8af45107-7a69-4f44-b227-1a91a128e5e3",
  "title": "My Problem",
  "mode": "mathematics",
  "domain": "number_theory",
  "author": "Test User"
}

[90mstdout[2m | tests/unit/session-manager.test.ts[2m > [22m[2mSessionManager[2m > [22m[2mcreateSession[2m > [22m[2mshould initialize metrics correctly[22m[39m
[2025-11-19T03:24:48.156Z] INFO: Session created
  Context: {
  "sessionId": "e7d5b021-9138-4cd1-868c-97cf823ae75c",
  "title": "Untitled Session",
  "mode": "hybrid"
}

[90mstdout[2m | tests/unit/session-manager.test.ts[2m > [22m[2mSessionManager[2m > [22m[2mgetSession[2m > [22m[2mshould retrieve an existing session[22m[39m
[2025-11-19T03:24:48.157Z] INFO: Session created
  Context: {
  "sessionId": "fce27768-f25c-4480-99a0-e18216100544",
  "title": "Test Session",
  "mode": "hybrid"
}

[90mstdout[2m | tests/unit/session-manager.test.ts[2m > [22m[2mSessionManager[2m > [22m[2maddThought[2m > [22m[2mshould add a sequential thought to session[22m[39m
[2025-11-19T03:24:48.159Z] INFO: Session created
  Context: {
  "sessionId": "6420c9db-d187-479c-9cfd-4218c4f3aa08",
  "title": "Untitled Session",
  "mode": "sequential"
}

[90mstdout[2m | tests/unit/session-manager.test.ts[2m > [22m[2mSessionManager[2m > [22m[2maddThought[2m > [22m[2mshould mark session as complete when nextThoughtNeeded is false[22m[39m
[2025-11-19T03:24:48.162Z] INFO: Session created
  Context: {
  "sessionId": "321acd94-da84-42cc-b6c7-6624e283fca3",
  "title": "Untitled Session",
  "mode": "hybrid"
}
[2025-11-19T03:24:48.162Z] INFO: Session completed
  Context: {
  "sessionId": "321acd94-da84-42cc-b6c7-6624e283fca3",
  "title": "Untitled Session",
  "totalThoughts": 1
}

[90mstdout[2m | tests/unit/session-manager.test.ts[2m > [22m[2mSessionManager[2m > [22m[2maddThought[2m > [22m[2mshould track revisions in metrics[22m[39m
[2025-11-19T03:24:48.163Z] INFO: Session created
  Context: {
  "sessionId": "c45c2ec8-7f6d-4c66-a829-90d0c9cdbb0f",
  "title": "Untitled Session",
  "mode": "hybrid"
}

[90mstdout[2m | tests/unit/session-manager.test.ts[2m > [22m[2mSessionManager[2m > [22m[2maddThought[2m > [22m[2mshould calculate average uncertainty for Shannon thoughts[22m[39m
[2025-11-19T03:24:48.164Z] INFO: Session created
  Context: {
  "sessionId": "57cfc770-3e55-4e54-afd7-c397c479e797",
  "title": "Untitled Session",
  "mode": "shannon"
}

[90mstderr[2m | tests/unit/session-manager.test.ts[2m > [22m[2mSessionManager[2m > [22m[2maddThought[2m > [22m[2mshould throw error for non-existent session[22m[39m
[2025-11-19T03:24:48.166Z] ERROR: Session not found
  Context: {
  "sessionId": "00000000-0000-4000-8000-000000000000"
}

[90mstdout[2m | tests/unit/session-manager.test.ts[2m > [22m[2mSessionManager[2m > [22m[2mswitchMode[2m > [22m[2mshould switch session mode[22m[39m
[2025-11-19T03:24:48.171Z] INFO: Session created
  Context: {
  "sessionId": "d81b8f75-808a-461a-b17c-1477dcce4f21",
  "title": "Untitled Session",
  "mode": "sequential"
}
[2025-11-19T03:24:48.171Z] INFO: Session mode switched
  Context: {
  "sessionId": "d81b8f75-808a-461a-b17c-1477dcce4f21",
  "oldMode": "sequential",
  "newMode": "shannon",
  "reason": "Need systematic approach"
}

[90mstderr[2m | tests/unit/session-manager.test.ts[2m > [22m[2mSessionManager[2m > [22m[2mswitchMode[2m > [22m[2mshould throw error for non-existent session[22m[39m
[2025-11-19T03:24:48.172Z] ERROR: Session not found
  Context: {
  "sessionId": "00000000-0000-4000-8000-000000000000"
}

[90mstdout[2m | tests/unit/session-manager.test.ts[2m > [22m[2mSessionManager[2m > [22m[2mlistSessions[2m > [22m[2mshould list all sessions[22m[39m
[2025-11-19T03:24:48.173Z] INFO: Session created
  Context: {
  "sessionId": "0123e166-fd84-4552-a7b3-4cc560cd97a2",
  "title": "Session 1",
  "mode": "hybrid"
}
[2025-11-19T03:24:48.227Z] INFO: Session created
  Context: {
  "sessionId": "b1bbe6d2-108d-457a-a2a9-593a2c35a012",
  "title": "Session 2",
  "mode": "hybrid"
}
[2025-11-19T03:24:48.227Z] INFO: Session created
  Context: {
  "sessionId": "bb2dda9b-1d84-4904-b54d-4129ea238ce4",
  "title": "Session 3",
  "mode": "hybrid"
}

[90mstdout[2m | tests/unit/session-manager.test.ts[2m > [22m[2mSessionManager[2m > [22m[2mdeleteSession[2m > [22m[2mshould delete a session[22m[39m
[2025-11-19T03:24:48.245Z] INFO: Session created
  Context: {
  "sessionId": "690fe1d5-44db-4b9d-a4a2-561fd3c2007b",
  "title": "Untitled Session",
  "mode": "hybrid"
}
[2025-11-19T03:24:48.245Z] INFO: Session deleted
  Context: {
  "sessionId": "690fe1d5-44db-4b9d-a4a2-561fd3c2007b",
  "title": "Untitled Session",
  "thoughtCount": 0
}

[90mstdout[2m | tests/unit/session-manager.test.ts[2m > [22m[2mSessionManager[2m > [22m[2mgenerateSummary[2m > [22m[2mshould generate a summary of session[22m[39m
[2025-11-19T03:24:48.246Z] INFO: Session created
  Context: {
  "sessionId": "a22446ea-bcca-4974-9521-8b05da783fcb",
  "title": "Test Problem",
  "mode": "hybrid"
}
[2025-11-19T03:24:48.246Z] INFO: Session completed
  Context: {
  "sessionId": "a22446ea-bcca-4974-9521-8b05da783fcb",
  "title": "Test Problem",
  "totalThoughts": 1
}

 [32m✓[39m tests/unit/session-manager.test.ts [2m ([22m[2m16 tests[22m[2m)[22m[90m 109[2mms[22m[39m
 [32m✓[39m tests/unit/abductive.test.ts [2m ([22m[2m10 tests[22m[2m)[22m[90m 29[2mms[22m[39m
 [32m✓[39m tests/unit/causal.test.ts [2m ([22m[2m10 tests[22m[2m)[22m[90m 41[2mms[22m[39m
[90mstdout[2m | tests/integration/session-workflow.test.ts[2m > [22m[2mSession Workflow Integration[2m > [22m[2mshould complete full sequential thinking workflow[22m[39m
[2025-11-19T03:24:50.346Z] INFO: Session created
  Context: {
  "sessionId": "6404c39e-95b5-4515-b21b-b69b0df75842",
  "title": "Solve Prime Factorization Problem",
  "mode": "sequential"
}
[2025-11-19T03:24:50.355Z] INFO: Session completed
  Context: {
  "sessionId": "6404c39e-95b5-4515-b21b-b69b0df75842",
  "title": "Solve Prime Factorization Problem",
  "totalThoughts": 5
}

[90mstdout[2m | tests/integration/session-workflow.test.ts[2m > [22m[2mSession Workflow Integration[2m > [22m[2mshould handle mathematics mode with validation[22m[39m
[2025-11-19T03:24:50.359Z] INFO: Session created
  Context: {
  "sessionId": "d0b131f4-df42-4a84-9ca8-aa2fcf2c5a20",
  "title": "Prove Fundamental Theorem",
  "mode": "mathematics"
}
[2025-11-19T03:24:50.359Z] INFO: Session completed
  Context: {
  "sessionId": "d0b131f4-df42-4a84-9ca8-aa2fcf2c5a20",
  "title": "Prove Fundamental Theorem",
  "totalThoughts": 3
}

[90mstdout[2m | tests/integration/session-workflow.test.ts[2m > [22m[2mSession Workflow Integration[2m > [22m[2mshould handle mode switching mid-session[22m[39m
[2025-11-19T03:24:50.362Z] INFO: Session created
  Context: {
  "sessionId": "01b45336-14d7-4ddb-88c4-835f36ddb6ea",
  "title": "Problem Solving Session",
  "mode": "sequential"
}
[2025-11-19T03:24:50.363Z] INFO: Session mode switched
  Context: {
  "sessionId": "01b45336-14d7-4ddb-88c4-835f36ddb6ea",
  "oldMode": "sequential",
  "newMode": "shannon",
  "reason": "Need more structure"
}
[2025-11-19T03:24:50.364Z] INFO: Session completed
  Context: {
  "sessionId": "01b45336-14d7-4ddb-88c4-835f36ddb6ea",
  "title": "Problem Solving Session",
  "totalThoughts": 3
}

[90mstdout[2m | tests/integration/session-workflow.test.ts[2m > [22m[2mSession Workflow Integration[2m > [22m[2mshould track validation cache statistics[22m[39m
[2025-11-19T03:24:50.365Z] INFO: Session created
  Context: {
  "sessionId": "94dbd203-765f-462a-bf49-a37c434fcb2f",
  "title": "Cache Test Session",
  "mode": "sequential"
}
[2025-11-19T03:24:50.365Z] INFO: Session completed
  Context: {
  "sessionId": "94dbd203-765f-462a-bf49-a37c434fcb2f",
  "title": "Cache Test Session",
  "totalThoughts": 3
}

[90mstdout[2m | tests/integration/session-workflow.test.ts[2m > [22m[2mSession Workflow Integration[2m > [22m[2mshould handle multiple concurrent sessions[22m[39m
[2025-11-19T03:24:50.367Z] INFO: Session created
  Context: {
  "sessionId": "a27d95a5-e41a-4dd1-8926-bac567bb9cb1",
  "title": "Session 1",
  "mode": "sequential"
}
[2025-11-19T03:24:50.368Z] INFO: Session created
  Context: {
  "sessionId": "5bce343e-0476-49bc-9751-eb4712676f9e",
  "title": "Session 2",
  "mode": "mathematics"
}
[2025-11-19T03:24:50.368Z] INFO: Session created
  Context: {
  "sessionId": "f33b8eb8-ba61-43c8-9738-dd64b4481dd3",
  "title": "Session 3",
  "mode": "shannon"
}
[2025-11-19T03:24:50.368Z] INFO: Session completed
  Context: {
  "sessionId": "a27d95a5-e41a-4dd1-8926-bac567bb9cb1",
  "title": "Session 1",
  "totalThoughts": 1
}
[2025-11-19T03:24:50.368Z] INFO: Session completed
  Context: {
  "sessionId": "5bce343e-0476-49bc-9751-eb4712676f9e",
  "title": "Session 2",
  "totalThoughts": 1
}
[2025-11-19T03:24:50.368Z] INFO: Session completed
  Context: {
  "sessionId": "f33b8eb8-ba61-43c8-9738-dd64b4481dd3",
  "title": "Session 3",
  "totalThoughts": 1
}

[90mstdout[2m | tests/integration/session-workflow.test.ts[2m > [22m[2mSession Workflow Integration[2m > [22m[2mshould handle session deletion[22m[39m
[2025-11-19T03:24:50.370Z] INFO: Session created
  Context: {
  "sessionId": "2bf6ebc0-5f05-439d-b863-06f16ef35f1c",
  "title": "Temporary Session",
  "mode": "sequential"
}
[2025-11-19T03:24:50.370Z] INFO: Session completed
  Context: {
  "sessionId": "2bf6ebc0-5f05-439d-b863-06f16ef35f1c",
  "title": "Temporary Session",
  "totalThoughts": 1
}
[2025-11-19T03:24:50.370Z] INFO: Session deleted
  Context: {
  "sessionId": "2bf6ebc0-5f05-439d-b863-06f16ef35f1c",
  "title": "Temporary Session",
  "thoughtCount": 1
}

[90mstdout[2m | tests/integration/session-workflow.test.ts[2m > [22m[2mSession Workflow Integration[2m > [22m[2mshould maintain metrics accuracy across workflow[22m[39m
[2025-11-19T03:24:50.372Z] INFO: Session created
  Context: {
  "sessionId": "535c86a0-cb1a-4dbb-b2ea-0cad10f8f9c2",
  "title": "Metrics Test",
  "mode": "sequential"
}
[2025-11-19T03:24:50.373Z] INFO: Session completed
  Context: {
  "sessionId": "535c86a0-cb1a-4dbb-b2ea-0cad10f8f9c2",
  "title": "Metrics Test",
  "totalThoughts": 5
}

 [32m✓[39m tests/unit/analogical.test.ts [2m ([22m[2m9 tests[22m[2m)[22m[90m 28[2mms[22m[39m
 [32m✓[39m tests/integration/session-workflow.test.ts [2m ([22m[2m7 tests[22m[2m)[22m[90m 41[2mms[22m[39m
 [32m✓[39m tests/unit/counterfactual.test.ts [2m ([22m[2m8 tests[22m[2m)[22m[90m 26[2mms[22m[39m
 [32m✓[39m tests/unit/bayesian.test.ts [2m ([22m[2m10 tests[22m[2m)[22m[90m 25[2mms[22m[39m

[31m⎯⎯⎯⎯⎯⎯⎯[1m[7m Failed Tests 1 [27m[22m⎯⎯⎯⎯⎯⎯⎯[39m

[31m[1m[7m FAIL [27m[22m[39m tests/benchmarks/validation-performance.test.ts[2m > [22mValidation Performance Benchmark[2m > [22mshould handle high cache hit rates efficiently
[31m[1mAssertionError[22m: expected 0.3035745860164342 to be greater than 1.4[39m
[36m [2m❯[22m tests/benchmarks/validation-performance.test.ts:[2m235:21[22m[39m
    [90m233| [39m
    [90m234| [39m    [90m// Verify speedup (adjusted to 1.4x for modular architecture in v3[39m…
    [90m235| [39m    [34mexpect[39m(speedup)[33m.[39m[34mtoBeGreaterThan[39m([34m1.4[39m)[33m;[39m
    [90m   | [39m                    [31m^[39m
    [90m236| [39m
    [90m237| [39m    console[33m.[39m[34mlog[39m([32m`\n🎯 Overall Performance: [39m[36m${[39mspeedup [33m>=[39m [34m5[39m [33m?[39m [32m'EXCELLENT'[0m…

[31m[2m⎯⎯⎯⎯⎯⎯⎯⎯⎯⎯⎯⎯⎯⎯⎯⎯⎯⎯⎯⎯⎯⎯⎯⎯[1/1]⎯[22m[39m

[2m Test Files [22m [1m[31m1 failed[39m[22m[2m | [22m[1m[32m16 passed[39m[22m[90m (17)[39m
[2m      Tests [22m [1m[31m1 failed[39m[22m[2m | [22m[1m[32m279 passed[39m[22m[90m (280)[39m
[2m   Start at [22m 22:24:40
[2m   Duration [22m 23.10s


[1m[7m[31m FAIL [39m[27m[22m[31m Tests failed. Watching for file changes...[39m
       [2mpress [22m[1mh[22m[2m to show help[22m[2m, [22m[2mpress [22m[1mq[22m[2m to quit[22m
[3Jc
[7m[1m[34m RERUN [39m[22m[27m[2m src/types/core.ts[22m

[90mstdout[2m | tests/integration/multi-session.test.ts[2m > [22m[2mMulti-Session and Concurrent Scenarios[2m > [22m[2mMultiple Session Management[2m > [22m[2mshould create and manage multiple sessions independently[22m[39m
[2025-11-19T03:25:12.433Z] INFO: Session created
  Context: {
  "sessionId": "5d79e66b-ca45-4346-b33c-641e66c69349",
  "title": "Session 1",
  "mode": "sequential"
}
[2025-11-19T03:25:12.435Z] INFO: Session created
  Context: {
  "sessionId": "ae304560-2338-43d5-9049-fcfc867e04ac",
  "title": "Session 2",
  "mode": "shannon"
}
[2025-11-19T03:25:12.435Z] INFO: Session created
  Context: {
  "sessionId": "a6908336-a6a0-4a08-9f63-0883858dc1da",
  "title": "Session 3",
  "mode": "mathematics"
}
[2025-11-19T03:25:12.436Z] INFO: Session created
  Context: {
  "sessionId": "8305fd40-b0c3-4326-a383-c5e23028f26c",
  "title": "Session 4",
  "mode": "physics"
}
[2025-11-19T03:25:12.436Z] INFO: Session created
  Context: {
  "sessionId": "1703b2a0-da52-47fa-8108-1efc1f0dc39d",
  "title": "Session 5",
  "mode": "hybrid"
}

[90mstdout[2m | tests/integration/multi-session.test.ts[2m > [22m[2mMulti-Session and Concurrent Scenarios[2m > [22m[2mMultiple Session Management[2m > [22m[2mshould maintain session isolation (changes in one do not affect others)[22m[39m
[2025-11-19T03:25:12.445Z] INFO: Session created
  Context: {
  "sessionId": "62d4034e-8eac-405f-9a26-98624100a23f",
  "title": "Isolated Session 1",
  "mode": "sequential"
}
[2025-11-19T03:25:12.445Z] INFO: Session created
  Context: {
  "sessionId": "f6b87ba2-86a7-4d5f-8c88-efc40303d4a8",
  "title": "Isolated Session 2",
  "mode": "sequential"
}

[90mstdout[2m | tests/integration/multi-session.test.ts[2m > [22m[2mMulti-Session and Concurrent Scenarios[2m > [22m[2mMultiple Session Management[2m > [22m[2mshould handle mode switching independently across sessions[22m[39m
[2025-11-19T03:25:12.449Z] INFO: Session created
  Context: {
  "sessionId": "fb5c4840-ab5e-47d2-9a8c-8401a3247a77",
  "title": "S1",
  "mode": "sequential"
}
[2025-11-19T03:25:12.449Z] INFO: Session created
  Context: {
  "sessionId": "2fce349c-b5fc-48f8-9174-31ee14c724f1",
  "title": "S2",
  "mode": "sequential"
}
[2025-11-19T03:25:12.449Z] INFO: Session created
  Context: {
  "sessionId": "8dfe734f-dc94-405c-83ec-e70dcb049f71",
  "title": "S3",
  "mode": "sequential"
}
[2025-11-19T03:25:12.450Z] INFO: Session mode switched
  Context: {
  "sessionId": "fb5c4840-ab5e-47d2-9a8c-8401a3247a77",
  "oldMode": "sequential",
  "newMode": "mathematics",
  "reason": "Switch to math"
}
[2025-11-19T03:25:12.450Z] INFO: Session mode switched
  Context: {
  "sessionId": "2fce349c-b5fc-48f8-9174-31ee14c724f1",
  "oldMode": "sequential",
  "newMode": "physics",
  "reason": "Switch to physics"
}

[90mstdout[2m | tests/integration/multi-session.test.ts[2m > [22m[2mMulti-Session and Concurrent Scenarios[2m > [22m[2mMultiple Session Management[2m > [22m[2mshould handle completion status independently across sessions[22m[39m
[2025-11-19T03:25:12.451Z] INFO: Session created
  Context: {
  "sessionId": "e4c5063d-91e5-44ff-a6ac-f34ee1b8c55a",
  "title": "S1",
  "mode": "sequential"
}
[2025-11-19T03:25:12.451Z] INFO: Session created
  Context: {
  "sessionId": "4e7619e0-4337-4f5b-96bc-e2fe8d339746",
  "title": "S2",
  "mode": "sequential"
}
[2025-11-19T03:25:12.452Z] INFO: Session completed
  Context: {
  "sessionId": "e4c5063d-91e5-44ff-a6ac-f34ee1b8c55a",
  "title": "S1",
  "totalThoughts": 1
}

[90mstdout[2m | tests/integration/multi-session.test.ts[2m > [22m[2mMulti-Session and Concurrent Scenarios[2m > [22m[2mConcurrent Operations on Same Session[2m > [22m[2mshould handle concurrent thought additions to same session[22m[39m
[2025-11-19T03:25:12.454Z] INFO: Session created
  Context: {
  "sessionId": "87bed285-f4cf-4d27-87e0-e67052386899",
  "title": "Concurrent Test",
  "mode": "sequential"
}
[2025-11-19T03:25:12.454Z] INFO: Session completed
  Context: {
  "sessionId": "87bed285-f4cf-4d27-87e0-e67052386899",
  "title": "Concurrent Test",
  "totalThoughts": 3
}

[90mstdout[2m | tests/integration/multi-session.test.ts[2m > [22m[2mMulti-Session and Concurrent Scenarios[2m > [22m[2mConcurrent Operations on Same Session[2m > [22m[2mshould handle concurrent retrieval of same session[22m[39m
[2025-11-19T03:25:12.456Z] INFO: Session created
  Context: {
  "sessionId": "821a8162-791e-4cf3-ad25-917a68834894",
  "title": "Concurrent Retrieval",
  "mode": "sequential"
}

[90mstdout[2m | tests/integration/multi-session.test.ts[2m > [22m[2mMulti-Session and Concurrent Scenarios[2m > [22m[2mConcurrent Operations on Same Session[2m > [22m[2mshould handle concurrent mode switches on same session[22m[39m
[2025-11-19T03:25:12.457Z] INFO: Session created
  Context: {
  "sessionId": "0c866606-4ca9-4000-b5f5-edec2f80d9e3",
  "title": "Mode Switch Race",
  "mode": "sequential"
}
[2025-11-19T03:25:12.457Z] INFO: Session mode switched
  Context: {
  "sessionId": "0c866606-4ca9-4000-b5f5-edec2f80d9e3",
  "oldMode": "sequential",
  "newMode": "mathematics",
  "reason": "Switch 1"
}
[2025-11-19T03:25:12.458Z] INFO: Session mode switched
  Context: {
  "sessionId": "0c866606-4ca9-4000-b5f5-edec2f80d9e3",
  "oldMode": "mathematics",
  "newMode": "physics",
  "reason": "Switch 2"
}
[2025-11-19T03:25:12.458Z] INFO: Session mode switched
  Context: {
  "sessionId": "0c866606-4ca9-4000-b5f5-edec2f80d9e3",
  "oldMode": "physics",
  "newMode": "hybrid",
  "reason": "Switch 3"
}

[90mstdout[2m | tests/integration/multi-session.test.ts[2m > [22m[2mMulti-Session and Concurrent Scenarios[2m > [22m[2mConcurrent Operations Across Different Sessions[2m > [22m[2mshould handle concurrent operations on different sessions[22m[39m
[2025-11-19T03:25:12.460Z] INFO: Session created
  Context: {
  "sessionId": "a73fb2d0-4826-447b-8ad1-99cf47747f06",
  "title": "S1",
  "mode": "sequential"
}
[2025-11-19T03:25:12.460Z] INFO: Session created
  Context: {
  "sessionId": "a02bca73-96ee-427d-bb16-1751a235bfee",
  "title": "S2",
  "mode": "shannon"
}
[2025-11-19T03:25:12.460Z] INFO: Session created
  Context: {
  "sessionId": "8b4b0913-ef54-4332-87b9-dd44832b202f",
  "title": "S3",
  "mode": "mathematics"
}
[2025-11-19T03:25:12.460Z] INFO: Session completed
  Context: {
  "sessionId": "a73fb2d0-4826-447b-8ad1-99cf47747f06",
  "title": "S1",
  "totalThoughts": 1
}
[2025-11-19T03:25:12.460Z] INFO: Session mode switched
  Context: {
  "sessionId": "a02bca73-96ee-427d-bb16-1751a235bfee",
  "oldMode": "shannon",
  "newMode": "physics",
  "reason": "Switch mode"
}

[90mstdout[2m | tests/integration/multi-session.test.ts[2m > [22m[2mMulti-Session and Concurrent Scenarios[2m > [22m[2mConcurrent Operations Across Different Sessions[2m > [22m[2mshould handle concurrent session creation[22m[39m
[2025-11-19T03:25:12.462Z] INFO: Session created
  Context: {
  "sessionId": "9f1f3b4e-27c9-4681-a452-9ce97e281ca7",
  "title": "Session 1",
  "mode": "sequential"
}
[2025-11-19T03:25:12.462Z] INFO: Session created
  Context: {
  "sessionId": "0d4851ba-7118-48f6-89f3-29dc48852374",
  "title": "Session 2",
  "mode": "sequential"
}
[2025-11-19T03:25:12.462Z] INFO: Session created
  Context: {
  "sessionId": "7ae97cca-7003-4e50-b65c-fe957e2895b7",
  "title": "Session 3",
  "mode": "sequential"
}
[2025-11-19T03:25:12.462Z] INFO: Session created
  Context: {
  "sessionId": "70fd815e-2c4c-4d89-9a12-8317e56979b3",
  "title": "Session 4",
  "mode": "sequential"
}
[2025-11-19T03:25:12.462Z] INFO: Session created
  Context: {
  "sessionId": "05abf1ce-dc52-4dc6-8c91-a49b6b13d16e",
  "title": "Session 5",
  "mode": "sequential"
}
[2025-11-19T03:25:12.462Z] INFO: Session created
  Context: {
  "sessionId": "48d77737-057e-4560-b06c-9661be763c9f",
  "title": "Session 6",
  "mode": "sequential"
}
[2025-11-19T03:25:12.462Z] INFO: Session created
  Context: {
  "sessionId": "6fd55529-d4b4-4b43-b679-2b7b1b186929",
  "title": "Session 7",
  "mode": "sequential"
}
[2025-11-19T03:25:12.463Z] INFO: Session created
  Context: {
  "sessionId": "43b13430-9db2-41b1-9c60-a5c770408b0a",
  "title": "Session 8",
  "mode": "sequential"
}
[2025-11-19T03:25:12.463Z] INFO: Session created
  Context: {
  "sessionId": "30e48f71-cda8-4061-82ed-76c64c0861e5",
  "title": "Session 9",
  "mode": "sequential"
}
[2025-11-19T03:25:12.463Z] INFO: Session created
  Context: {
  "sessionId": "78acd287-8489-43c3-bfa1-228846843597",
  "title": "Session 10",
  "mode": "sequential"
}
[2025-11-19T03:25:12.463Z] INFO: Session created
  Context: {
  "sessionId": "8e5255c8-8dd5-4ebf-aab2-da2e5958e129",
  "title": "Session 11",
  "mode": "sequential"
}
[2025-11-19T03:25:12.463Z] INFO: Session created
  Context: {
  "sessionId": "c27430ec-226a-4cb7-a6b4-bd56a1c7b20f",
  "title": "Session 12",
  "mode": "sequential"
}
[2025-11-19T03:25:12.463Z] INFO: Session created
  Context: {
  "sessionId": "800c98e2-676a-4523-a38d-e45da0dfc8f0",
  "title": "Session 13",
  "mode": "sequential"
}
[2025-11-19T03:25:12.463Z] INFO: Session created
  Context: {
  "sessionId": "67e4f745-b385-402a-8710-f0d9fad87c9c",
  "title": "Session 14",
  "mode": "sequential"
}
[2025-11-19T03:25:12.463Z] INFO: Session created
  Context: {
  "sessionId": "fe80d5f7-36fd-428f-b6f4-a3c4d775ce5b",
  "title": "Session 15",
  "mode": "sequential"
}
[2025-11-19T03:25:12.463Z] INFO: Session created
  Context: {
  "sessionId": "52dd839b-34b3-453e-b420-01ca297e97f4",
  "title": "Session 16",
  "mode": "sequential"
}
[2025-11-19T03:25:12.463Z] INFO: Session created
  Context: {
  "sessionId": "0fb32597-649c-4728-96e1-98d94a0e25a2",
  "title": "Session 17",
  "mode": "sequential"
}
[2025-11-19T03:25:12.463Z] INFO: Session created
  Context: {
  "sessionId": "e28da082-1844-4e54-b179-04afc40d1a6e",
  "title": "Session 18",
  "mode": "sequential"
}
[2025-11-19T03:25:12.463Z] INFO: Session created
  Context: {
  "sessionId": "b4c8ed24-64fc-49dc-8aeb-3cda378d118b",
  "title": "Session 19",
  "mode": "sequential"
}
[2025-11-19T03:25:12.463Z] INFO: Session created
  Context: {
  "sessionId": "e9a13183-f7de-468a-999c-70fa5b8de751",
  "title": "Session 20",
  "mode": "sequential"
}

[90mstdout[2m | tests/integration/multi-session.test.ts[2m > [22m[2mMulti-Session and Concurrent Scenarios[2m > [22m[2mConcurrent Operations Across Different Sessions[2m > [22m[2mshould handle concurrent summary generation for different sessions[22m[39m
[2025-11-19T03:25:12.465Z] INFO: Session created
  Context: {
  "sessionId": "02ec04d2-c3c0-41bd-a1c1-b80118675998",
  "title": "S1",
  "mode": "sequential"
}
[2025-11-19T03:25:12.465Z] INFO: Session created
  Context: {
  "sessionId": "1d9378ed-cc0e-4a4c-9bd8-bbce026b2862",
  "title": "S2",
  "mode": "sequential"
}
[2025-11-19T03:25:12.465Z] INFO: Session created
  Context: {
  "sessionId": "4f1c5040-42c5-4505-99c3-3d440f61dcfa",
  "title": "S3",
  "mode": "sequential"
}
[2025-11-19T03:25:12.465Z] INFO: Session completed
  Context: {
  "sessionId": "02ec04d2-c3c0-41bd-a1c1-b80118675998",
  "title": "S1",
  "totalThoughts": 1
}
[2025-11-19T03:25:12.466Z] INFO: Session completed
  Context: {
  "sessionId": "1d9378ed-cc0e-4a4c-9bd8-bbce026b2862",
  "title": "S2",
  "totalThoughts": 1
}
[2025-11-19T03:25:12.466Z] INFO: Session completed
  Context: {
  "sessionId": "4f1c5040-42c5-4505-99c3-3d440f61dcfa",
  "title": "S3",
  "totalThoughts": 1
}

[90mstdout[2m | tests/integration/multi-session.test.ts[2m > [22m[2mMulti-Session and Concurrent Scenarios[2m > [22m[2mResource Management with Many Sessions[2m > [22m[2mshould handle creation of many sessions[22m[39m
[2025-11-19T03:25:12.468Z] INFO: Session created
  Context: {
  "sessionId": "1a3812a2-1f4c-4a4c-892c-9964dc64fdce",
  "title": "Session 1",
  "mode": "sequential"
}
[2025-11-19T03:25:12.468Z] INFO: Session created
  Context: {
  "sessionId": "63be8fd1-8180-46ae-ba0b-8bfc61b230e9",
  "title": "Session 2",
  "mode": "sequential"
}
[2025-11-19T03:25:12.468Z] INFO: Session created
  Context: {
  "sessionId": "3cc8b274-b3dc-4b87-93cc-494cd9e691d3",
  "title": "Session 3",
  "mode": "sequential"
}
[2025-11-19T03:25:12.468Z] INFO: Session created
  Context: {
  "sessionId": "7e3e31de-5525-426f-817d-6b2a84bb84dc",
  "title": "Session 4",
  "mode": "sequential"
}
[2025-11-19T03:25:12.468Z] INFO: Session created
  Context: {
  "sessionId": "cffb4f2e-a9bd-42d9-afb7-6d59ab361358",
  "title": "Session 5",
  "mode": "sequential"
}
[2025-11-19T03:25:12.468Z] INFO: Session created
  Context: {
  "sessionId": "c5bd35fe-5f73-4471-a818-b6016f5a6894",
  "title": "Session 6",
  "mode": "sequential"
}
[2025-11-19T03:25:12.468Z] INFO: Session created
  Context: {
  "sessionId": "6f60885a-8151-4ebc-8c39-8fa137d4ee5b",
  "title": "Session 7",
  "mode": "sequential"
}
[2025-11-19T03:25:12.468Z] INFO: Session created
  Context: {
  "sessionId": "f58fc06f-2f04-4c94-85b0-4a74050a31f9",
  "title": "Session 8",
  "mode": "sequential"
}
[2025-11-19T03:25:12.469Z] INFO: Session created
  Context: {
  "sessionId": "5535301b-4f50-4985-beab-d6c64710bca5",
  "title": "Session 9",
  "mode": "sequential"
}
[2025-11-19T03:25:12.469Z] INFO: Session created
  Context: {
  "sessionId": "26adf204-8494-47a3-b6a8-8519351d84f4",
  "title": "Session 10",
  "mode": "sequential"
}
[2025-11-19T03:25:12.469Z] INFO: Session created
  Context: {
  "sessionId": "0d9284c2-9fea-4f5c-a6f2-ccaf55d62d5f",
  "title": "Session 11",
  "mode": "sequential"
}
[2025-11-19T03:25:12.469Z] INFO: Session created
  Context: {
  "sessionId": "f441dcf1-a9d9-4d39-8972-ff7790d7c005",
  "title": "Session 12",
  "mode": "sequential"
}
[2025-11-19T03:25:12.469Z] INFO: Session created
  Context: {
  "sessionId": "4dacbf82-b9ff-43c5-a8f6-8a2a4e202c0a",
  "title": "Session 13",
  "mode": "sequential"
}
[2025-11-19T03:25:12.469Z] INFO: Session created
  Context: {
  "sessionId": "439ae599-75cc-40f6-b2ce-486a1a465152",
  "title": "Session 14",
  "mode": "sequential"
}
[2025-11-19T03:25:12.469Z] INFO: Session created
  Context: {
  "sessionId": "867b7636-d714-4b82-881a-d5c9f3f30a91",
  "title": "Session 15",
  "mode": "sequential"
}
[2025-11-19T03:25:12.469Z] INFO: Session created
  Context: {
  "sessionId": "407da58e-74d4-48ef-ab3d-30428b0499fb",
  "title": "Session 16",
  "mode": "sequential"
}
[2025-11-19T03:25:12.469Z] INFO: Session created
  Context: {
  "sessionId": "3124aa8f-2044-426f-9eaa-82d52f6e05d7",
  "title": "Session 17",
  "mode": "sequential"
}
[2025-11-19T03:25:12.469Z] INFO: Session created
  Context: {
  "sessionId": "07df98c7-4cac-4089-8237-062b3353dff2",
  "title": "Session 18",
  "mode": "sequential"
}
[2025-11-19T03:25:12.469Z] INFO: Session created
  Context: {
  "sessionId": "ce691a4c-5cf0-4c77-9ac3-ce250b3fe9d6",
  "title": "Session 19",
  "mode": "sequential"
}
[2025-11-19T03:25:12.469Z] INFO: Session created
  Context: {
  "sessionId": "18441a6f-e286-431a-9851-3773617d67f9",
  "title": "Session 20",
  "mode": "sequential"
}
[2025-11-19T03:25:12.469Z] INFO: Session created
  Context: {
  "sessionId": "3cd91651-8f92-4019-8ce8-316fe673869d",
  "title": "Session 21",
  "mode": "sequential"
}
[2025-11-19T03:25:12.469Z] INFO: Session created
  Context: {
  "sessionId": "af65d7e2-d047-49cb-874e-c617e4ad4693",
  "title": "Session 22",
  "mode": "sequential"
}
[2025-11-19T03:25:12.470Z] INFO: Session created
  Context: {
  "sessionId": "a9ffe958-1bf7-41b3-a14a-85849df14e06",
  "title": "Session 23",
  "mode": "sequential"
}
[2025-11-19T03:25:12.470Z] INFO: Session created
  Context: {
  "sessionId": "ea4efbf9-c409-42c2-8b91-25b9617a0390",
  "title": "Session 24",
  "mode": "sequential"
}
[2025-11-19T03:25:12.470Z] INFO: Session created
  Context: {
  "sessionId": "27717ccd-2e8d-4316-b000-040a3742f3d8",
  "title": "Session 25",
  "mode": "sequential"
}
[2025-11-19T03:25:12.470Z] INFO: Session created
  Context: {
  "sessionId": "b299ff24-be38-4e93-a0a2-9887639a9da4",
  "title": "Session 26",
  "mode": "sequential"
}
[2025-11-19T03:25:12.470Z] INFO: Session created
  Context: {
  "sessionId": "f940bb76-d042-4dc0-b2ab-007d2a57cc90",
  "title": "Session 27",
  "mode": "sequential"
}
[2025-11-19T03:25:12.470Z] INFO: Session created
  Context: {
  "sessionId": "a4497e41-a16c-442f-b7c0-968a89b1f6ff",
  "title": "Session 28",
  "mode": "sequential"
}
[2025-11-19T03:25:12.470Z] INFO: Session created
  Context: {
  "sessionId": "5b4a5906-0834-4558-ba6b-493a45dac7d4",
  "title": "Session 29",
  "mode": "sequential"
}
[2025-11-19T03:25:12.470Z] INFO: Session created
  Context: {
  "sessionId": "8e52c69e-9389-4ee3-992f-9dc45697dd29",
  "title": "Session 30",
  "mode": "sequential"
}
[2025-11-19T03:25:12.470Z] INFO: Session created
  Context: {
  "sessionId": "f9a114d2-b815-4f04-9051-b53bbb0b6386",
  "title": "Session 31",
  "mode": "sequential"
}
[2025-11-19T03:25:12.470Z] INFO: Session created
  Context: {
  "sessionId": "090712c4-1247-4c53-be5a-1fb455e4c0d0",
  "title": "Session 32",
  "mode": "sequential"
}
[2025-11-19T03:25:12.470Z] INFO: Session created
  Context: {
  "sessionId": "f48cdbc2-bfc1-4053-9957-32f05bd341b8",
  "title": "Session 33",
  "mode": "sequential"
}
[2025-11-19T03:25:12.470Z] INFO: Session created
  Context: {
  "sessionId": "d4ac7ac0-7b87-4b3b-9ca8-a043275c495b",
  "title": "Session 34",
  "mode": "sequential"
}
[2025-11-19T03:25:12.470Z] INFO: Session created
  Context: {
  "sessionId": "b9679ab3-a05c-4720-9c76-c695890a143a",
  "title": "Session 35",
  "mode": "sequential"
}
[2025-11-19T03:25:12.470Z] INFO: Session created
  Context: {
  "sessionId": "842647b3-13be-4656-b172-2c76f40b4024",
  "title": "Session 36",
  "mode": "sequential"
}
[2025-11-19T03:25:12.470Z] INFO: Session created
  Context: {
  "sessionId": "6d27c13b-9835-496e-b60e-b4a2422e6c84",
  "title": "Session 37",
  "mode": "sequential"
}
[2025-11-19T03:25:12.470Z] INFO: Session created
  Context: {
  "sessionId": "2b4c38b5-61ea-4696-8fa8-58d474ba75b7",
  "title": "Session 38",
  "mode": "sequential"
}
[2025-11-19T03:25:12.470Z] INFO: Session created
  Context: {
  "sessionId": "8e5d4888-98e3-4b22-9aa8-c766dd8e97c9",
  "title": "Session 39",
  "mode": "sequential"
}
[2025-11-19T03:25:12.471Z] INFO: Session created
  Context: {
  "sessionId": "329da691-0505-4c2b-a771-10d001eac062",
  "title": "Session 40",
  "mode": "sequential"
}
[2025-11-19T03:25:12.471Z] INFO: Session created
  Context: {
  "sessionId": "23ec7ff7-6be2-416a-9ff8-3d014a876789",
  "title": "Session 41",
  "mode": "sequential"
}
[2025-11-19T03:25:12.471Z] INFO: Session created
  Context: {
  "sessionId": "bdb1b60c-684a-49ad-a5ec-34159a268b27",
  "title": "Session 42",
  "mode": "sequential"
}
[2025-11-19T03:25:12.471Z] INFO: Session created
  Context: {
  "sessionId": "9ad87aa4-6fc0-47ce-8316-94fe148e9cde",
  "title": "Session 43",
  "mode": "sequential"
}
[2025-11-19T03:25:12.471Z] INFO: Session created
  Context: {
  "sessionId": "9b3b0f78-6913-46ea-9dd5-0bb8e2f5dcf5",
  "title": "Session 44",
  "mode": "sequential"
}
[2025-11-19T03:25:12.471Z] INFO: Session created
  Context: {
  "sessionId": "429646da-20c9-4c48-9f8e-2be7323a3c99",
  "title": "Session 45",
  "mode": "sequential"
}
[2025-11-19T03:25:12.472Z] INFO: Session created
  Context: {
  "sessionId": "25e02551-a25f-4410-b9ae-1beaa7312f81",
  "title": "Session 46",
  "mode": "sequential"
}
[2025-11-19T03:25:12.472Z] INFO: Session created
  Context: {
  "sessionId": "1b7bdbd1-d07b-44ba-9f17-e17d17ce7b6b",
  "title": "Session 47",
  "mode": "sequential"
}
[2025-11-19T03:25:12.472Z] INFO: Session created
  Context: {
  "sessionId": "5d0e8d62-83f1-49c0-b759-ef7c5dc90abe",
  "title": "Session 48",
  "mode": "sequential"
}
[2025-11-19T03:25:12.472Z] INFO: Session created
  Context: {
  "sessionId": "8458ce54-5171-48ed-b066-ca4971d63d82",
  "title": "Session 49",
  "mode": "sequential"
}
[2025-11-19T03:25:12.472Z] INFO: Session created
  Context: {
  "sessionId": "96fd94fd-5c61-4412-afe8-deca86be7c51",
  "title": "Session 50",
  "mode": "sequential"
}

[90mstdout[2m | tests/integration/multi-session.test.ts[2m > [22m[2mMulti-Session and Concurrent Scenarios[2m > [22m[2mResource Management with Many Sessions[2m > [22m[2mshould retrieve sessions efficiently with many active sessions[22m[39m
[2025-11-19T03:25:12.473Z] INFO: Session created
  Context: {
  "sessionId": "2192f2c9-2b99-4901-b091-9c5a849fbc2e",
  "title": "Session 1",
  "mode": "sequential"
}
[2025-11-19T03:25:12.473Z] INFO: Session created
  Context: {
  "sessionId": "e9e7ed06-761c-4bdc-9306-22ae89c64f7b",
  "title": "Session 2",
  "mode": "sequential"
}
[2025-11-19T03:25:12.473Z] INFO: Session created
  Context: {
  "sessionId": "f28dcce3-9c8e-4d76-b0a5-c0d42877886b",
  "title": "Session 3",
  "mode": "sequential"
}
[2025-11-19T03:25:12.473Z] INFO: Session created
  Context: {
  "sessionId": "e52ec47d-44aa-49c5-9be6-1f4f8fd4d5aa",
  "title": "Session 4",
  "mode": "sequential"
}
[2025-11-19T03:25:12.474Z] INFO: Session created
  Context: {
  "sessionId": "8d777400-1911-4ef3-b977-07abb64818a0",
  "title": "Session 5",
  "mode": "sequential"
}
[2025-11-19T03:25:12.474Z] INFO: Session created
  Context: {
  "sessionId": "5bdd6016-58ec-4978-ab6e-f192127c926d",
  "title": "Session 6",
  "mode": "sequential"
}
[2025-11-19T03:25:12.474Z] INFO: Session created
  Context: {
  "sessionId": "053f9bba-abdc-4083-8f6c-223a30ddf949",
  "title": "Session 7",
  "mode": "sequential"
}
[2025-11-19T03:25:12.474Z] INFO: Session created
  Context: {
  "sessionId": "2dcd0df2-e0f3-4410-b82a-2bf1f5a8d7fa",
  "title": "Session 8",
  "mode": "sequential"
}
[2025-11-19T03:25:12.474Z] INFO: Session created
  Context: {
  "sessionId": "a9bc4ce4-5ac0-4e73-bdd8-07097dd494c1",
  "title": "Session 9",
  "mode": "sequential"
}
[2025-11-19T03:25:12.474Z] INFO: Session created
  Context: {
  "sessionId": "3532e639-c00d-4d78-8d9e-7a5bbb4625aa",
  "title": "Session 10",
  "mode": "sequential"
}

[90mstdout[2m | tests/integration/multi-session.test.ts[2m > [22m[2mMulti-Session and Concurrent Scenarios[2m > [22m[2mResource Management with Many Sessions[2m > [22m[2mshould list all sessions when many exist[22m[39m
[2025-11-19T03:25:12.475Z] INFO: Session created
  Context: {
  "sessionId": "ea0c1de0-e502-40da-a2f1-df9ea029dafb",
  "title": "Session 1",
  "mode": "sequential"
}
[2025-11-19T03:25:12.475Z] INFO: Session created
  Context: {
  "sessionId": "62e97237-8ae5-4a9e-b310-ffc8cdca25b5",
  "title": "Session 2",
  "mode": "sequential"
}
[2025-11-19T03:25:12.475Z] INFO: Session created
  Context: {
  "sessionId": "319ab459-a580-46d1-a489-05c88a6a80ba",
  "title": "Session 3",
  "mode": "sequential"
}
[2025-11-19T03:25:12.475Z] INFO: Session created
  Context: {
  "sessionId": "cf017e71-135e-4072-9e6e-a9f9c0d9624d",
  "title": "Session 4",
  "mode": "sequential"
}
[2025-11-19T03:25:12.475Z] INFO: Session created
  Context: {
  "sessionId": "d03a189f-6b0f-41e6-9786-c58f9b10ccdd",
  "title": "Session 5",
  "mode": "sequential"
}
[2025-11-19T03:25:12.475Z] INFO: Session created
  Context: {
  "sessionId": "32e0d81d-a503-4d6d-b7b8-9535b95cdc1a",
  "title": "Session 6",
  "mode": "sequential"
}
[2025-11-19T03:25:12.475Z] INFO: Session created
  Context: {
  "sessionId": "2eb4ee9a-ca46-4137-bf43-efcc49e5ccdb",
  "title": "Session 7",
  "mode": "sequential"
}
[2025-11-19T03:25:12.475Z] INFO: Session created
  Context: {
  "sessionId": "463129fc-eef6-45c7-98d0-1f7128c3f8e8",
  "title": "Session 8",
  "mode": "sequential"
}
[2025-11-19T03:25:12.475Z] INFO: Session created
  Context: {
  "sessionId": "22a8001b-5cef-4fec-bc35-7c4188266f04",
  "title": "Session 9",
  "mode": "sequential"
}
[2025-11-19T03:25:12.476Z] INFO: Session created
  Context: {
  "sessionId": "27b2d889-2f53-44c2-872e-8c7fe75be5b6",
  "title": "Session 10",
  "mode": "sequential"
}
[2025-11-19T03:25:12.476Z] INFO: Session created
  Context: {
  "sessionId": "c7186194-c0e8-471f-8e45-c257cb631a32",
  "title": "Session 11",
  "mode": "sequential"
}
[2025-11-19T03:25:12.476Z] INFO: Session created
  Context: {
  "sessionId": "03c48c0b-c47c-45f4-a9cb-37e4a81102da",
  "title": "Session 12",
  "mode": "sequential"
}
[2025-11-19T03:25:12.476Z] INFO: Session created
  Context: {
  "sessionId": "e688936e-e175-4d25-8593-6bc7cbbafb56",
  "title": "Session 13",
  "mode": "sequential"
}
[2025-11-19T03:25:12.476Z] INFO: Session created
  Context: {
  "sessionId": "a4561513-c476-416a-aec8-9d41b242af09",
  "title": "Session 14",
  "mode": "sequential"
}
[2025-11-19T03:25:12.476Z] INFO: Session created
  Context: {
  "sessionId": "ac7b2b96-4bce-47e1-a28d-f188a4c052f7",
  "title": "Session 15",
  "mode": "sequential"
}

[90mstdout[2m | tests/integration/multi-session.test.ts[2m > [22m[2mMulti-Session and Concurrent Scenarios[2m > [22m[2mSession State Consistency[2m > [22m[2mshould maintain consistent thought count across concurrent additions[22m[39m
[2025-11-19T03:25:12.478Z] INFO: Session created
  Context: {
  "sessionId": "5d83b75e-ac53-4ff6-922b-830a8d030c5c",
  "title": "Consistency Test",
  "mode": "sequential"
}
[2025-11-19T03:25:12.478Z] INFO: Session completed
  Context: {
  "sessionId": "5d83b75e-ac53-4ff6-922b-830a8d030c5c",
  "title": "Consistency Test",
  "totalThoughts": 10
}

[90mstdout[2m | tests/integration/multi-session.test.ts[2m > [22m[2mMulti-Session and Concurrent Scenarios[2m > [22m[2mSession State Consistency[2m > [22m[2mshould maintain correct status after concurrent operations[22m[39m
[2025-11-19T03:25:12.479Z] INFO: Session created
  Context: {
  "sessionId": "a6bb7407-6581-49f9-ab11-e8cd1e8c9fd9",
  "title": "Status Test",
  "mode": "sequential"
}
[2025-11-19T03:25:12.480Z] INFO: Session completed
  Context: {
  "sessionId": "a6bb7407-6581-49f9-ab11-e8cd1e8c9fd9",
  "title": "Status Test",
  "totalThoughts": 1
}

[90mstdout[2m | tests/integration/multi-session.test.ts[2m > [22m[2mMulti-Session and Concurrent Scenarios[2m > [22m[2mSession State Consistency[2m > [22m[2mshould handle concurrent thought additions with proper sequencing[22m[39m
[2025-11-19T03:25:12.480Z] INFO: Session created
  Context: {
  "sessionId": "a52145bc-148e-46ea-9b25-b691bc5edb02",
  "title": "Sequence Test",
  "mode": "sequential"
}

[90mstdout[2m | tests/integration/multi-session.test.ts[2m > [22m[2mMulti-Session and Concurrent Scenarios[2m > [22m[2mError Handling in Concurrent Scenarios[2m > [22m[2mshould handle mixed success/failure scenarios gracefully[22m[39m
[2025-11-19T03:25:12.484Z] INFO: Session created
  Context: {
  "sessionId": "1ea29ef1-b621-41c5-9b07-110d0b69c21c",
  "title": "Mixed Test",
  "mode": "sequential"
}

 [32m✓[39m tests/integration/multi-session.test.ts [2m ([22m[2m18 tests[22m[2m)[22m[90m 58[2mms[22m[39m
[90mstdout[2m | tests/unit/file-store.test.ts[2m > [22m[2mFileSessionStore[2m > [22m[2minitialization[2m > [22m[2mshould create necessary directories[22m[39m
[2025-11-19T03:25:12.502Z] INFO: FileSessionStore initialized
  Context: {
  "baseDir": "C:\\Users\\danie\\AppData\\Local\\Temp\\deepthinking-test-4caefb4a-62a6-45a9-acfe-2d1eaa154aa4",
  "config": {
    "autoSave": true,
    "autoSaveDelay": 1000,
    "enableCompression": false,
    "maxSessions": 1000,
    "maxSessionAge": 2592000000,
    "enableEncryption": false,
    "serialization": {
      "prettyPrint": false,
      "includeMetadata": true
    }
  }
}

[90mstdout[2m | tests/unit/file-store.test.ts[2m > [22m[2mFileSessionStore[2m > [22m[2minitialization[2m > [22m[2mshould create necessary directories[22m[39m
[2025-11-19T03:25:12.517Z] INFO: FileSessionStore closed

[90mstdout[2m | tests/unit/file-store.test.ts[2m > [22m[2mFileSessionStore[2m > [22m[2minitialization[2m > [22m[2mshould handle multiple initialization calls[22m[39m
[2025-11-19T03:25:12.595Z] INFO: FileSessionStore initialized
  Context: {
  "baseDir": "C:\\Users\\danie\\AppData\\Local\\Temp\\deepthinking-test-8ae4a89b-b2cd-4ec7-bfef-c28f2ec6837b",
  "config": {
    "autoSave": true,
    "autoSaveDelay": 1000,
    "enableCompression": false,
    "maxSessions": 1000,
    "maxSessionAge": 2592000000,
    "enableEncryption": false,
    "serialization": {
      "prettyPrint": false,
      "includeMetadata": true
    }
  }
}
[2025-11-19T03:25:12.600Z] INFO: FileSessionStore closed

[90mstdout[2m | tests/integration/mcp-protocol.test.ts[2m > [22m[2mMCP Protocol Compliance[2m > [22m[2mMCP Response Format Compliance[2m > [22m[2mshould return MCP-compliant response for successful operation[22m[39m
[2025-11-19T03:25:12.620Z] INFO: Session created
  Context: {
  "sessionId": "05d019a6-ef5a-415b-b763-89badb2cafe6",
  "title": "Test Session",
  "mode": "sequential"
}

 [32m✓[39m tests/integration/mcp-protocol.test.ts [2m ([22m[2m43 tests[22m[2m)[22m[90m 91[2mms[22m[39m
[90mstdout[2m | tests/unit/file-store.test.ts[2m > [22m[2mFileSessionStore[2m > [22m[2msaveSession[2m > [22m[2mshould save a session to disk[22m[39m
[2025-11-19T03:25:12.661Z] INFO: FileSessionStore initialized
  Context: {
  "baseDir": "C:\\Users\\danie\\AppData\\Local\\Temp\\deepthinking-test-d37f07fe-aca8-45c0-89ab-951dd23f35b0",
  "config": {
    "autoSave": true,
    "autoSaveDelay": 1000,
    "enableCompression": false,
    "maxSessions": 1000,
    "maxSessionAge": 2592000000,
    "enableEncryption": false,
    "serialization": {
      "prettyPrint": false,
      "includeMetadata": true
    }
  }
}

[90mstdout[2m | tests/unit/file-store.test.ts[2m > [22m[2mFileSessionStore[2m > [22m[2msaveSession[2m > [22m[2mshould save a session to disk[22m[39m
[2025-11-19T03:25:12.723Z] INFO: FileSessionStore closed

[90mstdout[2m | tests/unit/file-store.test.ts[2m > [22m[2mFileSessionStore[2m > [22m[2msaveSession[2m > [22m[2mshould save session with correct content[22m[39m
[2025-11-19T03:25:12.924Z] INFO: FileSessionStore initialized
  Context: {
  "baseDir": "C:\\Users\\danie\\AppData\\Local\\Temp\\deepthinking-test-4406b6e9-91de-4116-8bfc-e135212e5bac",
  "config": {
    "autoSave": true,
    "autoSaveDelay": 1000,
    "enableCompression": false,
    "maxSessions": 1000,
    "maxSessionAge": 2592000000,
    "enableEncryption": false,
    "serialization": {
      "prettyPrint": false,
      "includeMetadata": true
    }
  }
}

[90mstdout[2m | tests/unit/file-store.test.ts[2m > [22m[2mFileSessionStore[2m > [22m[2msaveSession[2m > [22m[2mshould save session with correct content[22m[39m
[2025-11-19T03:25:13.046Z] INFO: FileSessionStore closed

[90mstdout[2m | tests/unit/file-store.test.ts[2m > [22m[2mFileSessionStore[2m > [22m[2msaveSession[2m > [22m[2mshould update metadata index[22m[39m
[2025-11-19T03:25:13.072Z] INFO: FileSessionStore initialized
  Context: {
  "baseDir": "C:\\Users\\danie\\AppData\\Local\\Temp\\deepthinking-test-f70e16b7-c082-43e2-afcf-0e10e882bda4",
  "config": {
    "autoSave": true,
    "autoSaveDelay": 1000,
    "enableCompression": false,
    "maxSessions": 1000,
    "maxSessionAge": 2592000000,
    "enableEncryption": false,
    "serialization": {
      "prettyPrint": false,
      "includeMetadata": true
    }
  }
}

[90mstdout[2m | tests/unit/file-store.test.ts[2m > [22m[2mFileSessionStore[2m > [22m[2msaveSession[2m > [22m[2mshould update metadata index[22m[39m
[2025-11-19T03:25:13.087Z] INFO: FileSessionStore closed

[90mstdout[2m | tests/benchmarks/validation-performance.test.ts[2m > [22m[2mValidation Performance Benchmark[2m > [22m[2mshould show significant performance improvement for cache hits[22m[39m

📊 Validation Cache Benchmark: Testing cache performance

🔴 First validation (cache miss):
   Time: 5.7438ms
   Valid: true
   Confidence: 0.70

🟢 Second validation (cache hit):
   Time: 0.1986ms
   Valid: true
   Confidence: 0.70

📈 Performance Analysis:
   Cache miss time: 5.7438ms
   Cache hit time: 0.1986ms
   Speedup: 28.92x
   Hit rate: 50.0%

🎯 Result: EXCELLENT (≥10x)

[90mstdout[2m | tests/benchmarks/validation-performance.test.ts[2m > [22m[2mValidation Performance Benchmark[2m > [22m[2mshould maintain O(1) lookup complexity regardless of cache size[22m[39m

📈 Complexity Analysis: Testing O(1) cache lookup
   Cache size 10: 0.0492ms per lookup
   Cache size 50: 0.0406ms per lookup
   Cache size 100: 0.0445ms per lookup

   Min: 0.0406ms, Max: 0.0492ms, Ratio: 1.21x
   Complexity: O(1) ✅

[90mstdout[2m | tests/benchmarks/validation-performance.test.ts[2m > [22m[2mValidation Performance Benchmark[2m > [22m[2mshould handle high cache hit rates efficiently[22m[39m

📊 High-Volume Test: Simulating realistic usage patterns
   Running 100 validations (5 unique thoughts, repeated pattern)...

📈 Results:
   Total validations: 100
   Cache misses: 5 (avg 0.2648ms)
   Cache hits: 95 (avg 0.0685ms)
   Average speedup: 3.87x
   Hit rate: 95.0%
   Cache size: 5/1000

🎯 Overall Performance: GOOD

 [32m✓[39m tests/benchmarks/validation-performance.test.ts [2m ([22m[2m3 tests[22m[2m)[22m[90m 118[2mms[22m[39m
[90mstdout[2m | tests/unit/file-store.test.ts[2m > [22m[2mFileSessionStore[2m > [22m[2msaveSession[2m > [22m[2mshould overwrite existing session[22m[39m
[2025-11-19T03:25:13.302Z] INFO: FileSessionStore initialized
  Context: {
  "baseDir": "C:\\Users\\danie\\AppData\\Local\\Temp\\deepthinking-test-63dd62c6-d6d5-489a-8632-70a2a57a36cd",
  "config": {
    "autoSave": true,
    "autoSaveDelay": 1000,
    "enableCompression": false,
    "maxSessions": 1000,
    "maxSessionAge": 2592000000,
    "enableEncryption": false,
    "serialization": {
      "prettyPrint": false,
      "includeMetadata": true
    }
  }
}

[90mstdout[2m | tests/unit/file-store.test.ts[2m > [22m[2mFileSessionStore[2m > [22m[2msaveSession[2m > [22m[2mshould overwrite existing session[22m[39m
[2025-11-19T03:25:13.525Z] INFO: FileSessionStore closed

[90mstdout[2m | tests/unit/file-store.test.ts[2m > [22m[2mFileSessionStore[2m > [22m[2mloadSession[2m > [22m[2mshould load an existing session[22m[39m
[2025-11-19T03:25:13.588Z] INFO: FileSessionStore initialized
  Context: {
  "baseDir": "C:\\Users\\danie\\AppData\\Local\\Temp\\deepthinking-test-48857d9c-2de6-45f2-895b-b54ab44f94c1",
  "config": {
    "autoSave": true,
    "autoSaveDelay": 1000,
    "enableCompression": false,
    "maxSessions": 1000,
    "maxSessionAge": 2592000000,
    "enableEncryption": false,
    "serialization": {
      "prettyPrint": false,
      "includeMetadata": true
    }
  }
}

[90mstdout[2m | tests/unit/file-store.test.ts[2m > [22m[2mFileSessionStore[2m > [22m[2mloadSession[2m > [22m[2mshould load an existing session[22m[39m
[2025-11-19T03:25:13.629Z] INFO: FileSessionStore closed

[90mstdout[2m | tests/unit/file-store.test.ts[2m > [22m[2mFileSessionStore[2m > [22m[2mloadSession[2m > [22m[2mshould return null for non-existent session[22m[39m
[2025-11-19T03:25:13.655Z] INFO: FileSessionStore initialized
  Context: {
  "baseDir": "C:\\Users\\danie\\AppData\\Local\\Temp\\deepthinking-test-39e70d19-8214-48a2-9be2-20a4de35c431",
  "config": {
    "autoSave": true,
    "autoSaveDelay": 1000,
    "enableCompression": false,
    "maxSessions": 1000,
    "maxSessionAge": 2592000000,
    "enableEncryption": false,
    "serialization": {
      "prettyPrint": false,
      "includeMetadata": true
    }
  }
}

[90mstdout[2m | tests/unit/file-store.test.ts[2m > [22m[2mFileSessionStore[2m > [22m[2mloadSession[2m > [22m[2mshould return null for non-existent session[22m[39m
[2025-11-19T03:25:13.657Z] INFO: FileSessionStore closed

[90mstdout[2m | tests/unit/file-store.test.ts[2m > [22m[2mFileSessionStore[2m > [22m[2mloadSession[2m > [22m[2mshould preserve Date objects[22m[39m
[2025-11-19T03:25:13.694Z] INFO: FileSessionStore initialized
  Context: {
  "baseDir": "C:\\Users\\danie\\AppData\\Local\\Temp\\deepthinking-test-f7d64401-a462-4400-8226-fbd7db5b8870",
  "config": {
    "autoSave": true,
    "autoSaveDelay": 1000,
    "enableCompression": false,
    "maxSessions": 1000,
    "maxSessionAge": 2592000000,
    "enableEncryption": false,
    "serialization": {
      "prettyPrint": false,
      "includeMetadata": true
    }
  }
}

[90mstderr[2m | tests/integration/error-handling.test.ts[2m > [22m[2mError Handling and Edge Cases[2m > [22m[2mInvalid Session Operations[2m > [22m[2mshould throw error for non-existent session ID[22m[39m
[2025-11-19T03:25:13.607Z] ERROR: Session not found
  Context: {
  "sessionId": "00000000-0000-4000-8000-000000000000"
}

[90mstdout[2m | tests/integration/error-handling.test.ts[2m > [22m[2mError Handling and Edge Cases[2m > [22m[2mInvalid Session Operations[2m > [22m[2mshould handle session deletion idempotently[22m[39m
[2025-11-19T03:25:13.617Z] INFO: Session created
  Context: {
  "sessionId": "eca7ae5d-82e7-4a88-879a-c9fac0d79736",
  "title": "Test",
  "mode": "hybrid"
}
[2025-11-19T03:25:13.618Z] INFO: Session deleted
  Context: {
  "sessionId": "eca7ae5d-82e7-4a88-879a-c9fac0d79736",
  "title": "Test",
  "thoughtCount": 0
}

[90mstderr[2m | tests/integration/error-handling.test.ts[2m > [22m[2mError Handling and Edge Cases[2m > [22m[2mInvalid Session Operations[2m > [22m[2mshould handle session deletion idempotently[22m[39m
[2025-11-19T03:25:13.618Z] WARN: Attempted to delete non-existent session from memory
  Context: {
  "sessionId": "eca7ae5d-82e7-4a88-879a-c9fac0d79736"
}

[90mstdout[2m | tests/integration/error-handling.test.ts[2m > [22m[2mError Handling and Edge Cases[2m > [22m[2mValidation Errors[2m > [22m[2mshould accept thoughts with missing fields (lenient validation)[22m[39m
[2025-11-19T03:25:13.620Z] INFO: Session created
  Context: {
  "sessionId": "418df6d6-d406-4cf0-8aa5-c2bc523645f0",
  "title": "Untitled Session",
  "mode": "hybrid"
}
[2025-11-19T03:25:13.621Z] INFO: Session completed
  Context: {
  "sessionId": "418df6d6-d406-4cf0-8aa5-c2bc523645f0",
  "title": "Untitled Session",
  "totalThoughts": 1
}

[90mstdout[2m | tests/integration/error-handling.test.ts[2m > [22m[2mError Handling and Edge Cases[2m > [22m[2mValidation Errors[2m > [22m[2mshould accept invalid uncertainty values (lenient validation)[22m[39m
[2025-11-19T03:25:13.623Z] INFO: Session created
  Context: {
  "sessionId": "5cb7d912-1bef-4c88-8bd4-f517929903ef",
  "title": "Untitled Session",
  "mode": "hybrid"
}
[2025-11-19T03:25:13.623Z] INFO: Session completed
  Context: {
  "sessionId": "5cb7d912-1bef-4c88-8bd4-f517929903ef",
  "title": "Untitled Session",
  "totalThoughts": 1
}

[90mstdout[2m | tests/integration/error-handling.test.ts[2m > [22m[2mError Handling and Edge Cases[2m > [22m[2mValidation Errors[2m > [22m[2mshould accept negative thought numbers (lenient validation)[22m[39m
[2025-11-19T03:25:13.625Z] INFO: Session created
  Context: {
  "sessionId": "d24b5432-cb68-4ce6-8354-ffc77c015e47",
  "title": "Untitled Session",
  "mode": "hybrid"
}
[2025-11-19T03:25:13.626Z] INFO: Session completed
  Context: {
  "sessionId": "d24b5432-cb68-4ce6-8354-ffc77c015e47",
  "title": "Untitled Session",
  "totalThoughts": 1
}

[90mstdout[2m | tests/integration/error-handling.test.ts[2m > [22m[2mError Handling and Edge Cases[2m > [22m[2mValidation Errors[2m > [22m[2mshould accept zero thought numbers (lenient validation)[22m[39m
[2025-11-19T03:25:13.627Z] INFO: Session created
  Context: {
  "sessionId": "c8b716f5-9454-4f50-9065-2da8b6f0ea24",
  "title": "Untitled Session",
  "mode": "hybrid"
}
[2025-11-19T03:25:13.628Z] INFO: Session completed
  Context: {
  "sessionId": "c8b716f5-9454-4f50-9065-2da8b6f0ea24",
  "title": "Untitled Session",
  "totalThoughts": 1
}

[90mstdout[2m | tests/integration/error-handling.test.ts[2m > [22m[2mError Handling and Edge Cases[2m > [22m[2mValidation Errors[2m > [22m[2mshould accept invalid mode values (lenient validation)[22m[39m
[2025-11-19T03:25:13.629Z] INFO: Session created
  Context: {
  "sessionId": "a22d526b-faa1-48cb-b061-e7af54a4ff52",
  "title": "Untitled Session",
  "mode": "invalid_mode"
}

[90mstdout[2m | tests/integration/error-handling.test.ts[2m > [22m[2mError Handling and Edge Cases[2m > [22m[2mValidation Errors[2m > [22m[2mshould accept invalid Shannon stage (lenient validation)[22m[39m
[2025-11-19T03:25:13.630Z] INFO: Session created
  Context: {
  "sessionId": "185b3278-5fc9-4deb-9a7c-b36f0180f5c3",
  "title": "Untitled Session",
  "mode": "shannon"
}
[2025-11-19T03:25:13.630Z] INFO: Session completed
  Context: {
  "sessionId": "185b3278-5fc9-4deb-9a7c-b36f0180f5c3",
  "title": "Untitled Session",
  "totalThoughts": 1
}

[90mstdout[2m | tests/integration/error-handling.test.ts[2m > [22m[2mError Handling and Edge Cases[2m > [22m[2mBoundary Conditions[2m > [22m[2mshould handle uncertainty = 0 (perfect certainty)[22m[39m
[2025-11-19T03:25:13.636Z] INFO: Session created
  Context: {
  "sessionId": "d8e01853-5ae8-4bf5-a58b-3e506af335fa",
  "title": "Untitled Session",
  "mode": "hybrid"
}
[2025-11-19T03:25:13.636Z] INFO: Session completed
  Context: {
  "sessionId": "d8e01853-5ae8-4bf5-a58b-3e506af335fa",
  "title": "Untitled Session",
  "totalThoughts": 1
}

[90mstdout[2m | tests/integration/error-handling.test.ts[2m > [22m[2mError Handling and Edge Cases[2m > [22m[2mBoundary Conditions[2m > [22m[2mshould handle uncertainty = 1 (complete uncertainty)[22m[39m
[2025-11-19T03:25:13.682Z] INFO: Session created
  Context: {
  "sessionId": "6d0df0a2-7021-464f-b4ea-35bc9cfac4c4",
  "title": "Untitled Session",
  "mode": "hybrid"
}
[2025-11-19T03:25:13.682Z] INFO: Session completed
  Context: {
  "sessionId": "6d0df0a2-7021-464f-b4ea-35bc9cfac4c4",
  "title": "Untitled Session",
  "totalThoughts": 1
}

[90mstdout[2m | tests/integration/error-handling.test.ts[2m > [22m[2mError Handling and Edge Cases[2m > [22m[2mBoundary Conditions[2m > [22m[2mshould handle very large thoughtNumber[22m[39m
[2025-11-19T03:25:13.684Z] INFO: Session created
  Context: {
  "sessionId": "141aeb92-f84b-4acc-9bd0-abab34e01f3a",
  "title": "Untitled Session",
  "mode": "hybrid"
}
[2025-11-19T03:25:13.685Z] INFO: Session completed
  Context: {
  "sessionId": "141aeb92-f84b-4acc-9bd0-abab34e01f3a",
  "title": "Untitled Session",
  "totalThoughts": 1
}

[90mstdout[2m | tests/integration/error-handling.test.ts[2m > [22m[2mError Handling and Edge Cases[2m > [22m[2mBoundary Conditions[2m > [22m[2mshould handle totalThoughts = thoughtNumber (single thought)[22m[39m
[2025-11-19T03:25:13.686Z] INFO: Session created
  Context: {
  "sessionId": "13e371de-14a6-44b7-9356-5c4d83657076",
  "title": "Untitled Session",
  "mode": "hybrid"
}
[2025-11-19T03:25:13.686Z] INFO: Session completed
  Context: {
  "sessionId": "13e371de-14a6-44b7-9356-5c4d83657076",
  "title": "Untitled Session",
  "totalThoughts": 1
}

[90mstdout[2m | tests/integration/error-handling.test.ts[2m > [22m[2mError Handling and Edge Cases[2m > [22m[2mEdge Cases - Empty Data[2m > [22m[2mshould handle empty thought content[22m[39m
[2025-11-19T03:25:13.690Z] INFO: Session created
  Context: {
  "sessionId": "d5274d92-d3c5-421a-895f-65510c191544",
  "title": "Untitled Session",
  "mode": "hybrid"
}
[2025-11-19T03:25:13.690Z] INFO: Session completed
  Context: {
  "sessionId": "d5274d92-d3c5-421a-895f-65510c191544",
  "title": "Untitled Session",
  "totalThoughts": 1
}

[90mstdout[2m | tests/integration/error-handling.test.ts[2m > [22m[2mError Handling and Edge Cases[2m > [22m[2mEdge Cases - Empty Data[2m > [22m[2mshould handle empty session title with default[22m[39m
[2025-11-19T03:25:13.691Z] INFO: Session created
  Context: {
  "sessionId": "6552c59c-04be-4618-8812-71d3dd12d8e2",
  "title": "Untitled Session",
  "mode": "hybrid"
}

[90mstdout[2m | tests/integration/error-handling.test.ts[2m > [22m[2mError Handling and Edge Cases[2m > [22m[2mEdge Cases - Empty Data[2m > [22m[2mshould handle empty arrays for optional fields[22m[39m
[2025-11-19T03:25:13.696Z] INFO: Session created
  Context: {
  "sessionId": "d0722070-17b7-4c9d-a1c3-ef4ccbdb131e",
  "title": "Untitled Session",
  "mode": "hybrid"
}
[2025-11-19T03:25:13.696Z] INFO: Session completed
  Context: {
  "sessionId": "d0722070-17b7-4c9d-a1c3-ef4ccbdb131e",
  "title": "Untitled Session",
  "totalThoughts": 1
}

[90mstdout[2m | tests/integration/error-handling.test.ts[2m > [22m[2mError Handling and Edge Cases[2m > [22m[2mEdge Cases - Empty Data[2m > [22m[2mshould handle session with no thoughts[22m[39m
[2025-11-19T03:25:13.697Z] INFO: Session created
  Context: {
  "sessionId": "19b0760e-f887-47db-98a9-2e6abe857a82",
  "title": "Untitled Session",
  "mode": "hybrid"
}

[90mstdout[2m | tests/integration/error-handling.test.ts[2m > [22m[2mError Handling and Edge Cases[2m > [22m[2mEdge Cases - Special Characters[2m > [22m[2mshould handle Unicode characters in thought content[22m[39m
[2025-11-19T03:25:13.699Z] INFO: Session created
  Context: {
  "sessionId": "5f7710c5-b31f-42bf-90da-7beea6be6f68",
  "title": "Untitled Session",
  "mode": "hybrid"
}
[2025-11-19T03:25:13.699Z] INFO: Session completed
  Context: {
  "sessionId": "5f7710c5-b31f-42bf-90da-7beea6be6f68",
  "title": "Untitled Session",
  "totalThoughts": 1
}

[90mstdout[2m | tests/integration/error-handling.test.ts[2m > [22m[2mError Handling and Edge Cases[2m > [22m[2mEdge Cases - Special Characters[2m > [22m[2mshould handle special characters in session title[22m[39m
[2025-11-19T03:25:13.700Z] INFO: Session created
  Context: {
  "sessionId": "2722f657-c997-4871-89f4-155114300d60",
  "title": "<script>alert(\"xss\")</script>",
  "mode": "hybrid"
}

[90mstdout[2m | tests/integration/error-handling.test.ts[2m > [22m[2mError Handling and Edge Cases[2m > [22m[2mEdge Cases - Special Characters[2m > [22m[2mshould handle LaTeX with special characters[22m[39m
[2025-11-19T03:25:13.701Z] INFO: Session created
  Context: {
  "sessionId": "888fdba6-90ab-408d-8c4f-c5d1e2c60f5a",
  "title": "Untitled Session",
  "mode": "mathematics"
}
[2025-11-19T03:25:13.701Z] INFO: Session completed
  Context: {
  "sessionId": "888fdba6-90ab-408d-8c4f-c5d1e2c60f5a",
  "title": "Untitled Session",
  "totalThoughts": 1
}

[90mstdout[2m | tests/integration/error-handling.test.ts[2m > [22m[2mError Handling and Edge Cases[2m > [22m[2mEdge Cases - Special Characters[2m > [22m[2mshould handle newlines and tabs in thought content[22m[39m
[2025-11-19T03:25:13.702Z] INFO: Session created
  Context: {
  "sessionId": "dce65e3d-4cc6-4dcb-bc94-3c6f7d8dfc71",
  "title": "Untitled Session",
  "mode": "hybrid"
}
[2025-11-19T03:25:13.702Z] INFO: Session completed
  Context: {
  "sessionId": "dce65e3d-4cc6-4dcb-bc94-3c6f7d8dfc71",
  "title": "Untitled Session",
  "totalThoughts": 1
}

[90mstdout[2m | tests/integration/error-handling.test.ts[2m > [22m[2mError Handling and Edge Cases[2m > [22m[2mEdge Cases - Large Data[2m > [22m[2mshould handle very long thought content[22m[39m
[2025-11-19T03:25:13.704Z] INFO: Session created
  Context: {
  "sessionId": "ebd350ec-3fa4-4baf-b46e-2a4cd6485af2",
  "title": "Untitled Session",
  "mode": "hybrid"
}
[2025-11-19T03:25:13.704Z] INFO: Session completed
  Context: {
  "sessionId": "ebd350ec-3fa4-4baf-b46e-2a4cd6485af2",
  "title": "Untitled Session",
  "totalThoughts": 1
}

[90mstdout[2m | tests/integration/error-handling.test.ts[2m > [22m[2mError Handling and Edge Cases[2m > [22m[2mEdge Cases - Large Data[2m > [22m[2mshould handle sessions with many thoughts[22m[39m
[2025-11-19T03:25:13.705Z] INFO: Session created
  Context: {
  "sessionId": "e8a4e312-a6d7-4c93-a0b0-4993195f62fd",
  "title": "Untitled Session",
  "mode": "hybrid"
}
[2025-11-19T03:25:13.707Z] INFO: Session completed
  Context: {
  "sessionId": "e8a4e312-a6d7-4c93-a0b0-4993195f62fd",
  "title": "Untitled Session",
  "totalThoughts": 100
}

[90mstdout[2m | tests/integration/error-handling.test.ts[2m > [22m[2mError Handling and Edge Cases[2m > [22m[2mEdge Cases - Large Data[2m > [22m[2mshould handle large dependency arrays[22m[39m
[2025-11-19T03:25:13.708Z] INFO: Session created
  Context: {
  "sessionId": "60f8305b-9365-4b57-b7be-9ac24ead924c",
  "title": "Untitled Session",
  "mode": "hybrid"
}
[2025-11-19T03:25:13.708Z] INFO: Session completed
  Context: {
  "sessionId": "60f8305b-9365-4b57-b7be-9ac24ead924c",
  "title": "Untitled Session",
  "totalThoughts": 1
}

[90mstdout[2m | tests/integration/error-handling.test.ts[2m > [22m[2mError Handling and Edge Cases[2m > [22m[2mError Recovery[2m > [22m[2mshould maintain session integrity even with lenient validation[22m[39m
[2025-11-19T03:25:13.709Z] INFO: Session created
  Context: {
  "sessionId": "2ae42b2c-d5c5-4f37-8b6e-9206acfbcc0d",
  "title": "Untitled Session",
  "mode": "hybrid"
}
[2025-11-19T03:25:13.709Z] INFO: Session completed
  Context: {
  "sessionId": "2ae42b2c-d5c5-4f37-8b6e-9206acfbcc0d",
  "title": "Untitled Session",
  "totalThoughts": 1
}
[2025-11-19T03:25:13.709Z] INFO: Session completed
  Context: {
  "sessionId": "2ae42b2c-d5c5-4f37-8b6e-9206acfbcc0d",
  "title": "Untitled Session",
  "totalThoughts": 2
}

[90mstdout[2m | tests/integration/error-handling.test.ts[2m > [22m[2mError Handling and Edge Cases[2m > [22m[2mError Recovery[2m > [22m[2mshould allow mode switch even after adding invalid data[22m[39m
[2025-11-19T03:25:13.710Z] INFO: Session created
  Context: {
  "sessionId": "e6c8440c-6a07-4875-8208-d007992b4e8c",
  "title": "Untitled Session",
  "mode": "sequential"
}
[2025-11-19T03:25:13.710Z] INFO: Session completed
  Context: {
  "sessionId": "e6c8440c-6a07-4875-8208-d007992b4e8c",
  "title": "Untitled Session",
  "totalThoughts": 1
}
[2025-11-19T03:25:13.711Z] INFO: Session mode switched
  Context: {
  "sessionId": "e6c8440c-6a07-4875-8208-d007992b4e8c",
  "oldMode": "sequential",
  "newMode": "shannon"
}

[90mstdout[2m | tests/integration/error-handling.test.ts[2m > [22m[2mError Handling and Edge Cases[2m > [22m[2mSummary Generation Edge Cases[2m > [22m[2mshould generate summary for empty session[22m[39m
[2025-11-19T03:25:13.712Z] INFO: Session created
  Context: {
  "sessionId": "a66ca0cd-6b70-4b2c-b197-a83c155abdec",
  "title": "Empty Session",
  "mode": "hybrid"
}

[90mstdout[2m | tests/integration/error-handling.test.ts[2m > [22m[2mError Handling and Edge Cases[2m > [22m[2mSummary Generation Edge Cases[2m > [22m[2mshould generate summary for single thought session[22m[39m
[2025-11-19T03:25:13.713Z] INFO: Session created
  Context: {
  "sessionId": "ef6d9167-d345-4dc4-abc1-2f43915a41b5",
  "title": "Single Thought",
  "mode": "hybrid"
}
[2025-11-19T03:25:13.713Z] INFO: Session completed
  Context: {
  "sessionId": "ef6d9167-d345-4dc4-abc1-2f43915a41b5",
  "title": "Single Thought",
  "totalThoughts": 1
}

[90mstdout[2m | tests/integration/error-handling.test.ts[2m > [22m[2mError Handling and Edge Cases[2m > [22m[2mSummary Generation Edge Cases[2m > [22m[2mshould handle summary for session with very long thoughts[22m[39m
[2025-11-19T03:25:13.716Z] INFO: Session created
  Context: {
  "sessionId": "520a35a6-2524-4672-873d-2707327db1ed",
  "title": "Untitled Session",
  "mode": "hybrid"
}
[2025-11-19T03:25:13.716Z] INFO: Session completed
  Context: {
  "sessionId": "520a35a6-2524-4672-873d-2707327db1ed",
  "title": "Untitled Session",
  "totalThoughts": 1
}

[90mstdout[2m | tests/integration/error-handling.test.ts[2m > [22m[2mError Handling and Edge Cases[2m > [22m[2mConcurrent Session Management[2m > [22m[2mshould handle rapid session creation[22m[39m
[2025-11-19T03:25:13.717Z] INFO: Session created
  Context: {
  "sessionId": "38789cfc-5172-4c5a-994a-6d68e112bed1",
  "title": "Session 0",
  "mode": "hybrid"
}
[2025-11-19T03:25:13.717Z] INFO: Session created
  Context: {
  "sessionId": "4598e5ee-8e3e-4916-a68b-eedf2db2e328",
  "title": "Session 1",
  "mode": "hybrid"
}
[2025-11-19T03:25:13.717Z] INFO: Session created
  Context: {
  "sessionId": "aa0b3ed4-f5fe-4472-8f8b-86d373fab271",
  "title": "Session 2",
  "mode": "hybrid"
}
[2025-11-19T03:25:13.718Z] INFO: Session created
  Context: {
  "sessionId": "f8bfcfa8-f0ed-42b9-8df7-b6ec85c32f6c",
  "title": "Session 3",
  "mode": "hybrid"
}
[2025-11-19T03:25:13.718Z] INFO: Session created
  Context: {
  "sessionId": "b25a144f-d62b-4a78-bf44-79629d697559",
  "title": "Session 4",
  "mode": "hybrid"
}
[2025-11-19T03:25:13.718Z] INFO: Session created
  Context: {
  "sessionId": "7f0b9919-8e7c-4292-a621-8a6b581d17ce",
  "title": "Session 5",
  "mode": "hybrid"
}
[2025-11-19T03:25:13.718Z] INFO: Session created
  Context: {
  "sessionId": "5ddee949-a087-4b37-b3d9-75a191915cb9",
  "title": "Session 6",
  "mode": "hybrid"
}
[2025-11-19T03:25:13.718Z] INFO: Session created
  Context: {
  "sessionId": "85815452-698b-4828-a1e8-4f28951c23cc",
  "title": "Session 7",
  "mode": "hybrid"
}
[2025-11-19T03:25:13.718Z] INFO: Session created
  Context: {
  "sessionId": "80f211cd-e92e-48f8-a6d2-23f8cbe2a47c",
  "title": "Session 8",
  "mode": "hybrid"
}
[2025-11-19T03:25:13.718Z] INFO: Session created
  Context: {
  "sessionId": "9a6a0536-90a1-4de9-affb-1686f6f24005",
  "title": "Session 9",
  "mode": "hybrid"
}

[90mstdout[2m | tests/integration/error-handling.test.ts[2m > [22m[2mError Handling and Edge Cases[2m > [22m[2mConcurrent Session Management[2m > [22m[2mshould handle concurrent thought additions to same session[22m[39m
[2025-11-19T03:25:13.719Z] INFO: Session created
  Context: {
  "sessionId": "d2383b75-437c-406b-834a-c9c8f1fdbfd6",
  "title": "Untitled Session",
  "mode": "hybrid"
}
[2025-11-19T03:25:13.719Z] INFO: Session completed
  Context: {
  "sessionId": "d2383b75-437c-406b-834a-c9c8f1fdbfd6",
  "title": "Untitled Session",
  "totalThoughts": 5
}

[90mstdout[2m | tests/integration/error-handling.test.ts[2m > [22m[2mError Handling and Edge Cases[2m > [22m[2mConcurrent Session Management[2m > [22m[2mshould maintain independence of multiple sessions[22m[39m
[2025-11-19T03:25:13.720Z] INFO: Session created
  Context: {
  "sessionId": "756ca0b1-0a7a-41dd-a20d-b7692567ac4f",
  "title": "Session 1",
  "mode": "hybrid"
}
[2025-11-19T03:25:13.720Z] INFO: Session created
  Context: {
  "sessionId": "3e7e2c7f-2764-4e0e-9a75-11677ffdb52d",
  "title": "Session 2",
  "mode": "hybrid"
}
[2025-11-19T03:25:13.720Z] INFO: Session completed
  Context: {
  "sessionId": "756ca0b1-0a7a-41dd-a20d-b7692567ac4f",
  "title": "Session 1",
  "totalThoughts": 1
}
[2025-11-19T03:25:13.720Z] INFO: Session completed
  Context: {
  "sessionId": "3e7e2c7f-2764-4e0e-9a75-11677ffdb52d",
  "title": "Session 2",
  "totalThoughts": 1
}

[90mstdout[2m | tests/integration/error-handling.test.ts[2m > [22m[2mError Handling and Edge Cases[2m > [22m[2mMode-Specific Edge Cases[2m > [22m[2mshould handle mathematics mode with missing optional fields[22m[39m
[2025-11-19T03:25:13.722Z] INFO: Session created
  Context: {
  "sessionId": "8041d5f6-24d4-4d34-a2b4-91911111298d",
  "title": "Untitled Session",
  "mode": "mathematics"
}
[2025-11-19T03:25:13.722Z] INFO: Session completed
  Context: {
  "sessionId": "8041d5f6-24d4-4d34-a2b4-91911111298d",
  "title": "Untitled Session",
  "totalThoughts": 1
}

[90mstdout[2m | tests/integration/error-handling.test.ts[2m > [22m[2mError Handling and Edge Cases[2m > [22m[2mMode-Specific Edge Cases[2m > [22m[2mshould handle Shannon mode without explicit stage[22m[39m
[2025-11-19T03:25:13.723Z] INFO: Session created
  Context: {
  "sessionId": "b4d63996-6615-40e0-b552-370b455567a9",
  "title": "Untitled Session",
  "mode": "shannon"
}
[2025-11-19T03:25:13.723Z] INFO: Session completed
  Context: {
  "sessionId": "b4d63996-6615-40e0-b552-370b455567a9",
  "title": "Untitled Session",
  "totalThoughts": 1
}

[90mstdout[2m | tests/integration/error-handling.test.ts[2m > [22m[2mError Handling and Edge Cases[2m > [22m[2mMode-Specific Edge Cases[2m > [22m[2mshould handle temporal mode with minimal event data[22m[39m
[2025-11-19T03:25:13.801Z] INFO: Session created
  Context: {
  "sessionId": "dfb092a9-d450-4786-94b7-036c6cf77c11",
  "title": "Untitled Session",
  "mode": "temporal"
}
[2025-11-19T03:25:13.801Z] INFO: Session completed
  Context: {
  "sessionId": "dfb092a9-d450-4786-94b7-036c6cf77c11",
  "title": "Untitled Session",
  "totalThoughts": 1
}

 [32m✓[39m tests/integration/error-handling.test.ts [2m ([22m[2m36 tests[22m[2m)[22m[90m 270[2mms[22m[39m
[90mstdout[2m | tests/unit/file-store.test.ts[2m > [22m[2mFileSessionStore[2m > [22m[2mloadSession[2m > [22m[2mshould preserve Date objects[22m[39m
[2025-11-19T03:25:13.926Z] INFO: FileSessionStore closed

[90mstdout[2m | tests/unit/file-store.test.ts[2m > [22m[2mFileSessionStore[2m > [22m[2mloadSession[2m > [22m[2mshould preserve Map objects[22m[39m
[2025-11-19T03:25:14.044Z] INFO: FileSessionStore initialized
  Context: {
  "baseDir": "C:\\Users\\danie\\AppData\\Local\\Temp\\deepthinking-test-ac195071-2e70-445d-8309-5f39d40a35f4",
  "config": {
    "autoSave": true,
    "autoSaveDelay": 1000,
    "enableCompression": false,
    "maxSessions": 1000,
    "maxSessionAge": 2592000000,
    "enableEncryption": false,
    "serialization": {
      "prettyPrint": false,
      "includeMetadata": true
    }
  }
}

[90mstdout[2m | tests/unit/file-store.test.ts[2m > [22m[2mFileSessionStore[2m > [22m[2mloadSession[2m > [22m[2mshould preserve Map objects[22m[39m
[2025-11-19T03:25:14.120Z] INFO: FileSessionStore closed

[90mstdout[2m | tests/unit/file-store.test.ts[2m > [22m[2mFileSessionStore[2m > [22m[2mdeleteSession[2m > [22m[2mshould delete an existing session[22m[39m
[2025-11-19T03:25:14.176Z] INFO: FileSessionStore initialized
  Context: {
  "baseDir": "C:\\Users\\danie\\AppData\\Local\\Temp\\deepthinking-test-4c627d9e-d124-461c-8662-cfef4c35facf",
  "config": {
    "autoSave": true,
    "autoSaveDelay": 1000,
    "enableCompression": false,
    "maxSessions": 1000,
    "maxSessionAge": 2592000000,
    "enableEncryption": false,
    "serialization": {
      "prettyPrint": false,
      "includeMetadata": true
    }
  }
}

[90mstdout[2m | tests/unit/file-store.test.ts[2m > [22m[2mFileSessionStore[2m > [22m[2mdeleteSession[2m > [22m[2mshould delete an existing session[22m[39m
[2025-11-19T03:25:14.190Z] INFO: Session deleted
  Context: {
  "sessionId": "7aa94a06-c0e2-4858-bf73-738c876c9042"
}

[90mstdout[2m | tests/unit/file-store.test.ts[2m > [22m[2mFileSessionStore[2m > [22m[2mdeleteSession[2m > [22m[2mshould delete an existing session[22m[39m
[2025-11-19T03:25:14.193Z] INFO: FileSessionStore closed

[90mstdout[2m | tests/unit/file-store.test.ts[2m > [22m[2mFileSessionStore[2m > [22m[2mdeleteSession[2m > [22m[2mshould return false for non-existent session[22m[39m
[2025-11-19T03:25:14.212Z] INFO: FileSessionStore initialized
  Context: {
  "baseDir": "C:\\Users\\danie\\AppData\\Local\\Temp\\deepthinking-test-b561b120-f21a-443b-a773-cbffb431dd4f",
  "config": {
    "autoSave": true,
    "autoSaveDelay": 1000,
    "enableCompression": false,
    "maxSessions": 1000,
    "maxSessionAge": 2592000000,
    "enableEncryption": false,
    "serialization": {
      "prettyPrint": false,
      "includeMetadata": true
    }
  }
}

[90mstdout[2m | tests/unit/file-store.test.ts[2m > [22m[2mFileSessionStore[2m > [22m[2mdeleteSession[2m > [22m[2mshould return false for non-existent session[22m[39m
[2025-11-19T03:25:14.213Z] INFO: FileSessionStore closed

[90mstdout[2m | tests/unit/file-store.test.ts[2m > [22m[2mFileSessionStore[2m > [22m[2mdeleteSession[2m > [22m[2mshould update metadata index after deletion[22m[39m
[2025-11-19T03:25:14.310Z] INFO: FileSessionStore initialized
  Context: {
  "baseDir": "C:\\Users\\danie\\AppData\\Local\\Temp\\deepthinking-test-cfcbc3fe-5ae5-46a4-9d15-c1fb1d95e4c0",
  "config": {
    "autoSave": true,
    "autoSaveDelay": 1000,
    "enableCompression": false,
    "maxSessions": 1000,
    "maxSessionAge": 2592000000,
    "enableEncryption": false,
    "serialization": {
      "prettyPrint": false,
      "includeMetadata": true
    }
  }
}

[90mstdout[2m | tests/unit/file-store.test.ts[2m > [22m[2mFileSessionStore[2m > [22m[2mdeleteSession[2m > [22m[2mshould update metadata index after deletion[22m[39m
[2025-11-19T03:25:14.376Z] INFO: Session deleted
  Context: {
  "sessionId": "918d4404-69bb-4d01-b296-b3c0d2e1bfa8"
}
[2025-11-19T03:25:14.377Z] INFO: FileSessionStore closed

[90mstdout[2m | tests/unit/file-store.test.ts[2m > [22m[2mFileSessionStore[2m > [22m[2mlistSessions[2m > [22m[2mshould list all sessions[22m[39m
[2025-11-19T03:25:14.395Z] INFO: FileSessionStore initialized
  Context: {
  "baseDir": "C:\\Users\\danie\\AppData\\Local\\Temp\\deepthinking-test-1b769b61-194a-4e77-bfa2-9c0f675e9ac3",
  "config": {
    "autoSave": true,
    "autoSaveDelay": 1000,
    "enableCompression": false,
    "maxSessions": 1000,
    "maxSessionAge": 2592000000,
    "enableEncryption": false,
    "serialization": {
      "prettyPrint": false,
      "includeMetadata": true
    }
  }
}

[90mstdout[2m | tests/unit/file-store.test.ts[2m > [22m[2mFileSessionStore[2m > [22m[2mlistSessions[2m > [22m[2mshould list all sessions[22m[39m
[2025-11-19T03:25:14.447Z] INFO: FileSessionStore closed

[90mstdout[2m | tests/unit/file-store.test.ts[2m > [22m[2mFileSessionStore[2m > [22m[2mlistSessions[2m > [22m[2mshould return empty array when no sessions exist[22m[39m
[2025-11-19T03:25:14.483Z] INFO: FileSessionStore initialized
  Context: {
  "baseDir": "C:\\Users\\danie\\AppData\\Local\\Temp\\deepthinking-test-6cbe6b8a-cd20-418e-b31e-02ab5fadca37",
  "config": {
    "autoSave": true,
    "autoSaveDelay": 1000,
    "enableCompression": false,
    "maxSessions": 1000,
    "maxSessionAge": 2592000000,
    "enableEncryption": false,
    "serialization": {
      "prettyPrint": false,
      "includeMetadata": true
    }
  }
}
[2025-11-19T03:25:14.484Z] INFO: FileSessionStore closed

[90mstdout[2m | tests/unit/file-store.test.ts[2m > [22m[2mFileSessionStore[2m > [22m[2mlistSessions[2m > [22m[2mshould include correct metadata fields[22m[39m
[2025-11-19T03:25:14.501Z] INFO: FileSessionStore initialized
  Context: {
  "baseDir": "C:\\Users\\danie\\AppData\\Local\\Temp\\deepthinking-test-f3d86437-4942-4557-8d58-f23a94f4eb70",
  "config": {
    "autoSave": true,
    "autoSaveDelay": 1000,
    "enableCompression": false,
    "maxSessions": 1000,
    "maxSessionAge": 2592000000,
    "enableEncryption": false,
    "serialization": {
      "prettyPrint": false,
      "includeMetadata": true
    }
  }
}

[90mstdout[2m | tests/unit/file-store.test.ts[2m > [22m[2mFileSessionStore[2m > [22m[2mlistSessions[2m > [22m[2mshould include correct metadata fields[22m[39m
[2025-11-19T03:25:14.511Z] INFO: FileSessionStore closed

[90mstdout[2m | tests/unit/file-store.test.ts[2m > [22m[2mFileSessionStore[2m > [22m[2mexists[2m > [22m[2mshould return true for existing session[22m[39m
[2025-11-19T03:25:14.527Z] INFO: FileSessionStore initialized
  Context: {
  "baseDir": "C:\\Users\\danie\\AppData\\Local\\Temp\\deepthinking-test-c8db0c58-454d-4a4d-b029-46b78f8332b8",
  "config": {
    "autoSave": true,
    "autoSaveDelay": 1000,
    "enableCompression": false,
    "maxSessions": 1000,
    "maxSessionAge": 2592000000,
    "enableEncryption": false,
    "serialization": {
      "prettyPrint": false,
      "includeMetadata": true
    }
  }
}

[90mstdout[2m | tests/unit/file-store.test.ts[2m > [22m[2mFileSessionStore[2m > [22m[2mexists[2m > [22m[2mshould return true for existing session[22m[39m
[2025-11-19T03:25:14.547Z] INFO: FileSessionStore closed

[90mstdout[2m | tests/unit/file-store.test.ts[2m > [22m[2mFileSessionStore[2m > [22m[2mexists[2m > [22m[2mshould return false for non-existent session[22m[39m
[2025-11-19T03:25:14.573Z] INFO: FileSessionStore initialized
  Context: {
  "baseDir": "C:\\Users\\danie\\AppData\\Local\\Temp\\deepthinking-test-f53c8a63-edf6-459b-8f15-7989a03b263e",
  "config": {
    "autoSave": true,
    "autoSaveDelay": 1000,
    "enableCompression": false,
    "maxSessions": 1000,
    "maxSessionAge": 2592000000,
    "enableEncryption": false,
    "serialization": {
      "prettyPrint": false,
      "includeMetadata": true
    }
  }
}
[2025-11-19T03:25:14.574Z] INFO: FileSessionStore closed

[90mstdout[2m | tests/unit/file-store.test.ts[2m > [22m[2mFileSessionStore[2m > [22m[2mgetStats[2m > [22m[2mshould return storage statistics[22m[39m
[2025-11-19T03:25:14.600Z] INFO: FileSessionStore initialized
  Context: {
  "baseDir": "C:\\Users\\danie\\AppData\\Local\\Temp\\deepthinking-test-4b89e267-970c-41bb-aa27-dd6c4d5bdc94",
  "config": {
    "autoSave": true,
    "autoSaveDelay": 1000,
    "enableCompression": false,
    "maxSessions": 1000,
    "maxSessionAge": 2592000000,
    "enableEncryption": false,
    "serialization": {
      "prettyPrint": false,
      "includeMetadata": true
    }
  }
}

[90mstdout[2m | tests/unit/file-store.test.ts[2m > [22m[2mFileSessionStore[2m > [22m[2mgetStats[2m > [22m[2mshould return storage statistics[22m[39m
[2025-11-19T03:25:14.659Z] INFO: FileSessionStore closed

[90mstdout[2m | tests/unit/file-store.test.ts[2m > [22m[2mFileSessionStore[2m > [22m[2mgetStats[2m > [22m[2mshould calculate total thoughts correctly[22m[39m
[2025-11-19T03:25:14.750Z] INFO: FileSessionStore initialized
  Context: {
  "baseDir": "C:\\Users\\danie\\AppData\\Local\\Temp\\deepthinking-test-f40bae28-e6ab-422a-9715-f149127f71ff",
  "config": {
    "autoSave": true,
    "autoSaveDelay": 1000,
    "enableCompression": false,
    "maxSessions": 1000,
    "maxSessionAge": 2592000000,
    "enableEncryption": false,
    "serialization": {
      "prettyPrint": false,
      "includeMetadata": true
    }
  }
}

[90mstdout[2m | tests/unit/file-store.test.ts[2m > [22m[2mFileSessionStore[2m > [22m[2mgetStats[2m > [22m[2mshould calculate total thoughts correctly[22m[39m
[2025-11-19T03:25:14.875Z] INFO: FileSessionStore closed

[90mstdout[2m | tests/unit/file-store.test.ts[2m > [22m[2mFileSessionStore[2m > [22m[2mgetStats[2m > [22m[2mshould identify storage health status[22m[39m
[2025-11-19T03:25:14.924Z] INFO: FileSessionStore initialized
  Context: {
  "baseDir": "C:\\Users\\danie\\AppData\\Local\\Temp\\deepthinking-test-41249cb4-cd71-48d3-9a0c-b47ba252b8bc",
  "config": {
    "autoSave": true,
    "autoSaveDelay": 1000,
    "enableCompression": false,
    "maxSessions": 1000,
    "maxSessionAge": 2592000000,
    "enableEncryption": false,
    "serialization": {
      "prettyPrint": false,
      "includeMetadata": true
    }
  }
}

[90mstdout[2m | tests/unit/file-store.test.ts[2m > [22m[2mFileSessionStore[2m > [22m[2mgetStats[2m > [22m[2mshould identify storage health status[22m[39m
[2025-11-19T03:25:14.930Z] INFO: FileSessionStore initialized
  Context: {
  "baseDir": "C:\\Users\\danie\\AppData\\Local\\Temp\\deepthinking-test-41249cb4-cd71-48d3-9a0c-b47ba252b8bc",
  "config": {
    "autoSave": true,
    "autoSaveDelay": 1000,
    "enableCompression": false,
    "maxSessions": 10,
    "maxSessionAge": 2592000000,
    "enableEncryption": false,
    "serialization": {
      "prettyPrint": false,
      "includeMetadata": true
    }
  }
}

[90mstdout[2m | tests/unit/file-store.test.ts[2m > [22m[2mFileSessionStore[2m > [22m[2mgetStats[2m > [22m[2mshould identify storage health status[22m[39m
[2025-11-19T03:25:15.047Z] INFO: FileSessionStore closed
[2025-11-19T03:25:15.048Z] INFO: FileSessionStore closed

[90mstdout[2m | tests/unit/file-store.test.ts[2m > [22m[2mFileSessionStore[2m > [22m[2mcleanup[2m > [22m[2mshould clean up old sessions[22m[39m
[2025-11-19T03:25:15.065Z] INFO: FileSessionStore initialized
  Context: {
  "baseDir": "C:\\Users\\danie\\AppData\\Local\\Temp\\deepthinking-test-cc20f5ec-9bb3-4897-bdb7-43d7769d9a20",
  "config": {
    "autoSave": true,
    "autoSaveDelay": 1000,
    "enableCompression": false,
    "maxSessions": 1000,
    "maxSessionAge": 2592000000,
    "enableEncryption": false,
    "serialization": {
      "prettyPrint": false,
      "includeMetadata": true
    }
  }
}

[90mstdout[2m | tests/unit/file-store.test.ts[2m > [22m[2mFileSessionStore[2m > [22m[2mcleanup[2m > [22m[2mshould clean up old sessions[22m[39m
[2025-11-19T03:25:15.083Z] INFO: Session deleted
  Context: {
  "sessionId": "b867f03b-a22c-49ac-9734-9376c201b8c9"
}
[2025-11-19T03:25:15.083Z] INFO: Cleanup completed
  Context: {
  "cleanedCount": 1,
  "maxAgeMs": 604800000,
  "remaining": 1
}
[2025-11-19T03:25:15.083Z] INFO: FileSessionStore closed

[90mstdout[2m | tests/unit/file-store.test.ts[2m > [22m[2mFileSessionStore[2m > [22m[2mcleanup[2m > [22m[2mshould return 0 when no sessions need cleanup[22m[39m
[2025-11-19T03:25:15.095Z] INFO: FileSessionStore initialized
  Context: {
  "baseDir": "C:\\Users\\danie\\AppData\\Local\\Temp\\deepthinking-test-07871ba7-cf41-4215-9018-93eab11a6c92",
  "config": {
    "autoSave": true,
    "autoSaveDelay": 1000,
    "enableCompression": false,
    "maxSessions": 1000,
    "maxSessionAge": 2592000000,
    "enableEncryption": false,
    "serialization": {
      "prettyPrint": false,
      "includeMetadata": true
    }
  }
}

[90mstdout[2m | tests/unit/file-store.test.ts[2m > [22m[2mFileSessionStore[2m > [22m[2mcleanup[2m > [22m[2mshould return 0 when no sessions need cleanup[22m[39m
[2025-11-19T03:25:15.100Z] INFO: FileSessionStore closed

[90mstdout[2m | tests/unit/file-store.test.ts[2m > [22m[2mFileSessionStore[2m > [22m[2mconcurrent operations[2m > [22m[2mshould handle concurrent saves[22m[39m
[2025-11-19T03:25:15.127Z] INFO: FileSessionStore initialized
  Context: {
  "baseDir": "C:\\Users\\danie\\AppData\\Local\\Temp\\deepthinking-test-ee00ae58-70ba-4d89-bdd6-bb700674d295",
  "config": {
    "autoSave": true,
    "autoSaveDelay": 1000,
    "enableCompression": false,
    "maxSessions": 1000,
    "maxSessionAge": 2592000000,
    "enableEncryption": false,
    "serialization": {
      "prettyPrint": false,
      "includeMetadata": true
    }
  }
}

[90mstdout[2m | tests/unit/file-store.test.ts[2m > [22m[2mFileSessionStore[2m > [22m[2mconcurrent operations[2m > [22m[2mshould handle concurrent saves[22m[39m
[2025-11-19T03:25:15.160Z] INFO: FileSessionStore closed

[90mstdout[2m | tests/unit/session-manager.test.ts[2m > [22m[2mSessionManager[2m > [22m[2mcreateSession[2m > [22m[2mshould create a new session with default values[22m[39m
[2025-11-19T03:25:14.802Z] INFO: Session created
  Context: {
  "sessionId": "a091261f-f459-42de-a9b8-ceb85bb50753",
  "title": "Untitled Session",
  "mode": "hybrid"
}

[90mstdout[2m | tests/unit/session-manager.test.ts[2m > [22m[2mSessionManager[2m > [22m[2mcreateSession[2m > [22m[2mshould create a session with custom options[22m[39m
[2025-11-19T03:25:14.814Z] INFO: Session created
  Context: {
  "sessionId": "7d04e7a2-6ff8-485d-b438-1183f3d47a09",
  "title": "My Problem",
  "mode": "mathematics",
  "domain": "number_theory",
  "author": "Test User"
}

[90mstdout[2m | tests/unit/session-manager.test.ts[2m > [22m[2mSessionManager[2m > [22m[2mcreateSession[2m > [22m[2mshould initialize metrics correctly[22m[39m
[2025-11-19T03:25:14.942Z] INFO: Session created
  Context: {
  "sessionId": "8ffe4358-152a-43d1-927e-2fff7a0f18c8",
  "title": "Untitled Session",
  "mode": "hybrid"
}

[90mstdout[2m | tests/unit/session-manager.test.ts[2m > [22m[2mSessionManager[2m > [22m[2mgetSession[2m > [22m[2mshould retrieve an existing session[22m[39m
[2025-11-19T03:25:15.088Z] INFO: Session created
  Context: {
  "sessionId": "400837d2-d99e-4afd-9a2a-75fce0623f1c",
  "title": "Test Session",
  "mode": "hybrid"
}

[90mstdout[2m | tests/unit/session-manager.test.ts[2m > [22m[2mSessionManager[2m > [22m[2maddThought[2m > [22m[2mshould add a sequential thought to session[22m[39m
[2025-11-19T03:25:15.090Z] INFO: Session created
  Context: {
  "sessionId": "127e7334-bdb1-4df4-99a7-38d0840bd78a",
  "title": "Untitled Session",
  "mode": "sequential"
}

[90mstdout[2m | tests/unit/session-manager.test.ts[2m > [22m[2mSessionManager[2m > [22m[2maddThought[2m > [22m[2mshould mark session as complete when nextThoughtNeeded is false[22m[39m
[2025-11-19T03:25:15.093Z] INFO: Session created
  Context: {
  "sessionId": "dbb27105-3a24-4d0b-bce8-cdde53cecefb",
  "title": "Untitled Session",
  "mode": "hybrid"
}
[2025-11-19T03:25:15.093Z] INFO: Session completed
  Context: {
  "sessionId": "dbb27105-3a24-4d0b-bce8-cdde53cecefb",
  "title": "Untitled Session",
  "totalThoughts": 1
}

[90mstdout[2m | tests/unit/session-manager.test.ts[2m > [22m[2mSessionManager[2m > [22m[2maddThought[2m > [22m[2mshould track revisions in metrics[22m[39m
[2025-11-19T03:25:15.094Z] INFO: Session created
  Context: {
  "sessionId": "9f12e8b6-07c5-40d4-9976-c78b910be03c",
  "title": "Untitled Session",
  "mode": "hybrid"
}

[90mstdout[2m | tests/unit/session-manager.test.ts[2m > [22m[2mSessionManager[2m > [22m[2maddThought[2m > [22m[2mshould calculate average uncertainty for Shannon thoughts[22m[39m
[2025-11-19T03:25:15.095Z] INFO: Session created
  Context: {
  "sessionId": "9b777966-de27-44b2-8d2f-2120b915d4df",
  "title": "Untitled Session",
  "mode": "shannon"
}

[90mstderr[2m | tests/unit/session-manager.test.ts[2m > [22m[2mSessionManager[2m > [22m[2maddThought[2m > [22m[2mshould throw error for non-existent session[22m[39m
[2025-11-19T03:25:15.097Z] ERROR: Session not found
  Context: {
  "sessionId": "00000000-0000-4000-8000-000000000000"
}

[90mstdout[2m | tests/unit/session-manager.test.ts[2m > [22m[2mSessionManager[2m > [22m[2mswitchMode[2m > [22m[2mshould switch session mode[22m[39m
[2025-11-19T03:25:15.102Z] INFO: Session created
  Context: {
  "sessionId": "848495b1-4872-4b76-b7e4-d419980051c8",
  "title": "Untitled Session",
  "mode": "sequential"
}
[2025-11-19T03:25:15.102Z] INFO: Session mode switched
  Context: {
  "sessionId": "848495b1-4872-4b76-b7e4-d419980051c8",
  "oldMode": "sequential",
  "newMode": "shannon",
  "reason": "Need systematic approach"
}

[90mstderr[2m | tests/unit/session-manager.test.ts[2m > [22m[2mSessionManager[2m > [22m[2mswitchMode[2m > [22m[2mshould throw error for non-existent session[22m[39m
[2025-11-19T03:25:15.103Z] ERROR: Session not found
  Context: {
  "sessionId": "00000000-0000-4000-8000-000000000000"
}

[90mstdout[2m | tests/unit/session-manager.test.ts[2m > [22m[2mSessionManager[2m > [22m[2mlistSessions[2m > [22m[2mshould list all sessions[22m[39m
[2025-11-19T03:25:15.104Z] INFO: Session created
  Context: {
  "sessionId": "a296a292-f05a-4ec0-b9ae-1b3e9fd3a013",
  "title": "Session 1",
  "mode": "hybrid"
}
[2025-11-19T03:25:15.105Z] INFO: Session created
  Context: {
  "sessionId": "d7da89cf-800c-4ae2-a649-fc09afb691cc",
  "title": "Session 2",
  "mode": "hybrid"
}
[2025-11-19T03:25:15.105Z] INFO: Session created
  Context: {
  "sessionId": "c514c6c2-91d3-42be-be32-18f0d45dd66b",
  "title": "Session 3",
  "mode": "hybrid"
}

[90mstdout[2m | tests/unit/session-manager.test.ts[2m > [22m[2mSessionManager[2m > [22m[2mdeleteSession[2m > [22m[2mshould delete a session[22m[39m
[2025-11-19T03:25:15.108Z] INFO: Session created
  Context: {
  "sessionId": "bbfff822-75f4-4b45-a174-2dbfdfb560fa",
  "title": "Untitled Session",
  "mode": "hybrid"
}
[2025-11-19T03:25:15.109Z] INFO: Session deleted
  Context: {
  "sessionId": "bbfff822-75f4-4b45-a174-2dbfdfb560fa",
  "title": "Untitled Session",
  "thoughtCount": 0
}

[90mstdout[2m | tests/unit/session-manager.test.ts[2m > [22m[2mSessionManager[2m > [22m[2mgenerateSummary[2m > [22m[2mshould generate a summary of session[22m[39m
[2025-11-19T03:25:15.109Z] INFO: Session created
  Context: {
  "sessionId": "dac5483d-b70c-4d6d-b870-b8cdfd94170d",
  "title": "Test Problem",
  "mode": "hybrid"
}
[2025-11-19T03:25:15.110Z] INFO: Session completed
  Context: {
  "sessionId": "dac5483d-b70c-4d6d-b870-b8cdfd94170d",
  "title": "Test Problem",
  "totalThoughts": 1
}

 [32m✓[39m tests/unit/session-manager.test.ts [2m ([22m[2m16 tests[22m[2m)[22m[33m 319[2mms[22m[39m
[90mstdout[2m | tests/unit/file-store.test.ts[2m > [22m[2mFileSessionStore[2m > [22m[2mconcurrent operations[2m > [22m[2mshould handle concurrent reads[22m[39m
[2025-11-19T03:25:15.235Z] INFO: FileSessionStore initialized
  Context: {
  "baseDir": "C:\\Users\\danie\\AppData\\Local\\Temp\\deepthinking-test-782b194b-0ce0-440d-8c34-ec644806bc35",
  "config": {
    "autoSave": true,
    "autoSaveDelay": 1000,
    "enableCompression": false,
    "maxSessions": 1000,
    "maxSessionAge": 2592000000,
    "enableEncryption": false,
    "serialization": {
      "prettyPrint": false,
      "includeMetadata": true
    }
  }
}

[90mstdout[2m | tests/unit/file-store.test.ts[2m > [22m[2mFileSessionStore[2m > [22m[2mconcurrent operations[2m > [22m[2mshould handle concurrent reads[22m[39m
[2025-11-19T03:25:15.258Z] INFO: FileSessionStore closed

[90mstdout[2m | tests/unit/file-store.test.ts[2m > [22m[2mFileSessionStore[2m > [22m[2merror handling[2m > [22m[2mshould handle invalid session data gracefully[22m[39m
[2025-11-19T03:25:15.289Z] INFO: FileSessionStore initialized
  Context: {
  "baseDir": "C:\\Users\\danie\\AppData\\Local\\Temp\\deepthinking-test-4df6ecd7-a827-4dbc-b37d-ba61f257a03b",
  "config": {
    "autoSave": true,
    "autoSaveDelay": 1000,
    "enableCompression": false,
    "maxSessions": 1000,
    "maxSessionAge": 2592000000,
    "enableEncryption": false,
    "serialization": {
      "prettyPrint": false,
      "includeMetadata": true
    }
  }
}

[90mstderr[2m | tests/unit/file-store.test.ts[2m > [22m[2mFileSessionStore[2m > [22m[2merror handling[2m > [22m[2mshould handle invalid session data gracefully[22m[39m
[2025-11-19T03:25:15.312Z] ERROR: Failed to load session
  Error: undefined

[90mstdout[2m | tests/unit/file-store.test.ts[2m > [22m[2mFileSessionStore[2m > [22m[2merror handling[2m > [22m[2mshould handle invalid session data gracefully[22m[39m
[2025-11-19T03:25:15.313Z] INFO: FileSessionStore closed

[90mstdout[2m | tests/unit/file-store.test.ts[2m > [22m[2mFileSessionStore[2m > [22m[2merror handling[2m > [22m[2mshould handle operations before initialization[22m[39m
[2025-11-19T03:25:15.334Z] INFO: FileSessionStore initialized
  Context: {
  "baseDir": "C:\\Users\\danie\\AppData\\Local\\Temp\\deepthinking-test-14ed7ebf-1c56-4a25-9f73-f97a7ba080d2",
  "config": {
    "autoSave": true,
    "autoSaveDelay": 1000,
    "enableCompression": false,
    "maxSessions": 1000,
    "maxSessionAge": 2592000000,
    "enableEncryption": false,
    "serialization": {
      "prettyPrint": false,
      "includeMetadata": true
    }
  }
}

[90mstdout[2m | tests/unit/file-store.test.ts[2m > [22m[2mFileSessionStore[2m > [22m[2merror handling[2m > [22m[2mshould handle operations before initialization[22m[39m
[2025-11-19T03:25:15.338Z] INFO: FileSessionStore initialized
  Context: {
  "baseDir": "C:\\Users\\danie\\AppData\\Local\\Temp\\deepthinking-test-14ed7ebf-1c56-4a25-9f73-f97a7ba080d2",
  "config": {
    "autoSave": true,
    "autoSaveDelay": 1000,
    "enableCompression": false,
    "maxSessions": 1000,
    "maxSessionAge": 2592000000,
    "enableEncryption": false,
    "serialization": {
      "prettyPrint": false,
      "includeMetadata": true
    }
  }
}

[90mstdout[2m | tests/unit/file-store.test.ts[2m > [22m[2mFileSessionStore[2m > [22m[2merror handling[2m > [22m[2mshould handle operations before initialization[22m[39m
[2025-11-19T03:25:15.348Z] INFO: FileSessionStore closed
[2025-11-19T03:25:15.348Z] INFO: FileSessionStore closed

 [32m✓[39m tests/unit/file-store.test.ts [2m ([22m[2m27 tests[22m[2m)[22m[33m 2977[2mms[22m[39m
 [32m✓[39m tests/unit/temporal.test.ts [2m ([22m[2m19 tests[22m[2m)[22m[90m 55[2mms[22m[39m
[90mstdout[2m | tests/integration/index-handlers.test.ts[2m > [22m[2mIndex.ts Handler Functions[2m > [22m[2mHandler Functions[2m > [22m[2mhandleAddThought()[2m > [22m[2mshould create new session if sessionId not provided[22m[39m
[2025-11-19T03:25:16.736Z] INFO: Session created
  Context: {
  "sessionId": "ac837e99-a070-47be-bffd-97f58014bafc",
  "title": "Test Session",
  "mode": "sequential"
}

[90mstdout[2m | tests/integration/index-handlers.test.ts[2m > [22m[2mIndex.ts Handler Functions[2m > [22m[2mHandler Functions[2m > [22m[2mhandleAddThought()[2m > [22m[2mshould add thought to existing session[22m[39m
[2025-11-19T03:25:16.739Z] INFO: Session created
  Context: {
  "sessionId": "acacbd87-80c6-4489-a4c7-2e13f3827f17",
  "title": "Test Session",
  "mode": "sequential"
}

[90mstdout[2m | tests/integration/index-handlers.test.ts[2m > [22m[2mIndex.ts Handler Functions[2m > [22m[2mHandler Functions[2m > [22m[2mhandleAddThought()[2m > [22m[2mshould handle all 13 modes in add_thought[22m[39m
[2025-11-19T03:25:16.742Z] INFO: Session created
  Context: {
  "sessionId": "c8f32fcc-1b45-4526-96be-3aae575ba20e",
  "title": "Test sequential",
  "mode": "sequential"
}
[2025-11-19T03:25:16.742Z] INFO: Session completed
  Context: {
  "sessionId": "c8f32fcc-1b45-4526-96be-3aae575ba20e",
  "title": "Test sequential",
  "totalThoughts": 1
}
[2025-11-19T03:25:16.743Z] INFO: Session created
  Context: {
  "sessionId": "4bda127f-2d26-417c-9f61-89da4b079c7e",
  "title": "Test shannon",
  "mode": "shannon"
}
[2025-11-19T03:25:16.743Z] INFO: Session completed
  Context: {
  "sessionId": "4bda127f-2d26-417c-9f61-89da4b079c7e",
  "title": "Test shannon",
  "totalThoughts": 1
}
[2025-11-19T03:25:16.744Z] INFO: Session created
  Context: {
  "sessionId": "1bd335b0-c0cf-4bcd-8d10-19f030ad3656",
  "title": "Test mathematics",
  "mode": "mathematics"
}
[2025-11-19T03:25:16.744Z] INFO: Session completed
  Context: {
  "sessionId": "1bd335b0-c0cf-4bcd-8d10-19f030ad3656",
  "title": "Test mathematics",
  "totalThoughts": 1
}
[2025-11-19T03:25:16.745Z] INFO: Session created
  Context: {
  "sessionId": "5cd4ef82-68e0-4a33-8393-b4628e90bc02",
  "title": "Test physics",
  "mode": "physics"
}
[2025-11-19T03:25:16.745Z] INFO: Session completed
  Context: {
  "sessionId": "5cd4ef82-68e0-4a33-8393-b4628e90bc02",
  "title": "Test physics",
  "totalThoughts": 1
}
[2025-11-19T03:25:16.746Z] INFO: Session created
  Context: {
  "sessionId": "de670a94-9fcb-43b3-98c1-19909ae96d03",
  "title": "Test hybrid",
  "mode": "hybrid"
}
[2025-11-19T03:25:16.746Z] INFO: Session completed
  Context: {
  "sessionId": "de670a94-9fcb-43b3-98c1-19909ae96d03",
  "title": "Test hybrid",
  "totalThoughts": 1
}
[2025-11-19T03:25:16.747Z] INFO: Session created
  Context: {
  "sessionId": "f329fdaf-e742-498e-9759-2f0107f78195",
  "title": "Test abductive",
  "mode": "abductive"
}
[2025-11-19T03:25:16.747Z] INFO: Session completed
  Context: {
  "sessionId": "f329fdaf-e742-498e-9759-2f0107f78195",
  "title": "Test abductive",
  "totalThoughts": 1
}
[2025-11-19T03:25:16.747Z] INFO: Session created
  Context: {
  "sessionId": "97a1f5a5-e940-417f-8d06-a85f81c4a82d",
  "title": "Test causal",
  "mode": "causal"
}
[2025-11-19T03:25:16.748Z] INFO: Session completed
  Context: {
  "sessionId": "97a1f5a5-e940-417f-8d06-a85f81c4a82d",
  "title": "Test causal",
  "totalThoughts": 1
}
[2025-11-19T03:25:16.748Z] INFO: Session created
  Context: {
  "sessionId": "d01ea2d8-8e9b-4e00-af57-f1b8e83d860d",
  "title": "Test bayesian",
  "mode": "bayesian"
}
[2025-11-19T03:25:16.748Z] INFO: Session completed
  Context: {
  "sessionId": "d01ea2d8-8e9b-4e00-af57-f1b8e83d860d",
  "title": "Test bayesian",
  "totalThoughts": 1
}
[2025-11-19T03:25:16.749Z] INFO: Session created
  Context: {
  "sessionId": "08b00b3c-60a6-48ae-863b-a8ce4cf69c43",
  "title": "Test counterfactual",
  "mode": "counterfactual"
}
[2025-11-19T03:25:16.749Z] INFO: Session completed
  Context: {
  "sessionId": "08b00b3c-60a6-48ae-863b-a8ce4cf69c43",
  "title": "Test counterfactual",
  "totalThoughts": 1
}
[2025-11-19T03:25:16.750Z] INFO: Session created
  Context: {
  "sessionId": "ef20391f-5855-4b01-bede-2424992097c8",
  "title": "Test analogical",
  "mode": "analogical"
}
[2025-11-19T03:25:16.750Z] INFO: Session completed
  Context: {
  "sessionId": "ef20391f-5855-4b01-bede-2424992097c8",
  "title": "Test analogical",
  "totalThoughts": 1
}
[2025-11-19T03:25:16.751Z] INFO: Session created
  Context: {
  "sessionId": "f5dd35e2-af8d-45b3-8986-56b183b8bf47",
  "title": "Test temporal",
  "mode": "temporal"
}
[2025-11-19T03:25:16.751Z] INFO: Session completed
  Context: {
  "sessionId": "f5dd35e2-af8d-45b3-8986-56b183b8bf47",
  "title": "Test temporal",
  "totalThoughts": 1
}
[2025-11-19T03:25:16.751Z] INFO: Session created
  Context: {
  "sessionId": "ec566b13-4daa-4486-8381-817c690f4e68",
  "title": "Test gametheory",
  "mode": "gametheory"
}
[2025-11-19T03:25:16.752Z] INFO: Session completed
  Context: {
  "sessionId": "ec566b13-4daa-4486-8381-817c690f4e68",
  "title": "Test gametheory",
  "totalThoughts": 1
}
[2025-11-19T03:25:16.771Z] INFO: Session created
  Context: {
  "sessionId": "c92c2f6a-91cb-4c28-929e-b7466cfff7c8",
  "title": "Test evidential",
  "mode": "evidential"
}
[2025-11-19T03:25:16.771Z] INFO: Session completed
  Context: {
  "sessionId": "c92c2f6a-91cb-4c28-929e-b7466cfff7c8",
  "title": "Test evidential",
  "totalThoughts": 1
}

[90mstdout[2m | tests/integration/index-handlers.test.ts[2m > [22m[2mIndex.ts Handler Functions[2m > [22m[2mHandler Functions[2m > [22m[2mhandleSummarize()[2m > [22m[2mshould generate summary for session with thoughts[22m[39m
[2025-11-19T03:25:16.778Z] INFO: Session created
  Context: {
  "sessionId": "227cc340-d243-4750-8b49-1736260e0c06",
  "title": "Test Session",
  "mode": "sequential"
}

[90mstdout[2m | tests/integration/index-handlers.test.ts[2m > [22m[2mIndex.ts Handler Functions[2m > [22m[2mHandler Functions[2m > [22m[2mhandleSummarize()[2m > [22m[2mshould generate summary for empty session[22m[39m
[2025-11-19T03:25:16.781Z] INFO: Session created
  Context: {
  "sessionId": "27c8f079-7cd0-4568-a19e-252b61ecd1e5",
  "title": "Empty Session",
  "mode": "sequential"
}

[90mstdout[2m | tests/integration/index-handlers.test.ts[2m > [22m[2mIndex.ts Handler Functions[2m > [22m[2mHandler Functions[2m > [22m[2mhandleSwitchMode()[2m > [22m[2mshould switch mode successfully[22m[39m
[2025-11-19T03:25:16.793Z] INFO: Session created
  Context: {
  "sessionId": "21e30db7-0b49-45ef-abd0-beb65ed95519",
  "title": "Test Session",
  "mode": "sequential"
}
[2025-11-19T03:25:16.793Z] INFO: Session mode switched
  Context: {
  "sessionId": "21e30db7-0b49-45ef-abd0-beb65ed95519",
  "oldMode": "sequential",
  "newMode": "shannon",
  "reason": "User requested mode switch"
}

[90mstdout[2m | tests/integration/index-handlers.test.ts[2m > [22m[2mIndex.ts Handler Functions[2m > [22m[2mHandler Functions[2m > [22m[2mhandleSwitchMode()[2m > [22m[2mshould switch between all 13 modes[22m[39m
[2025-11-19T03:25:16.794Z] INFO: Session created
  Context: {
  "sessionId": "9cf79e42-f283-4014-a111-fe93d388afcb",
  "title": "Multi-mode Session",
  "mode": "hybrid"
}
[2025-11-19T03:25:16.794Z] INFO: Session mode switched
  Context: {
  "sessionId": "9cf79e42-f283-4014-a111-fe93d388afcb",
  "oldMode": "hybrid",
  "newMode": "sequential",
  "reason": "Switching to sequential"
}
[2025-11-19T03:25:16.794Z] INFO: Session mode switched
  Context: {
  "sessionId": "9cf79e42-f283-4014-a111-fe93d388afcb",
  "oldMode": "sequential",
  "newMode": "shannon",
  "reason": "Switching to shannon"
}
[2025-11-19T03:25:16.794Z] INFO: Session mode switched
  Context: {
  "sessionId": "9cf79e42-f283-4014-a111-fe93d388afcb",
  "oldMode": "shannon",
  "newMode": "mathematics",
  "reason": "Switching to mathematics"
}
[2025-11-19T03:25:16.794Z] INFO: Session mode switched
  Context: {
  "sessionId": "9cf79e42-f283-4014-a111-fe93d388afcb",
  "oldMode": "mathematics",
  "newMode": "physics",
  "reason": "Switching to physics"
}
[2025-11-19T03:25:16.794Z] INFO: Session mode switched
  Context: {
  "sessionId": "9cf79e42-f283-4014-a111-fe93d388afcb",
  "oldMode": "physics",
  "newMode": "abductive",
  "reason": "Switching to abductive"
}
[2025-11-19T03:25:16.795Z] INFO: Session mode switched
  Context: {
  "sessionId": "9cf79e42-f283-4014-a111-fe93d388afcb",
  "oldMode": "abductive",
  "newMode": "causal",
  "reason": "Switching to causal"
}
[2025-11-19T03:25:16.795Z] INFO: Session mode switched
  Context: {
  "sessionId": "9cf79e42-f283-4014-a111-fe93d388afcb",
  "oldMode": "causal",
  "newMode": "bayesian",
  "reason": "Switching to bayesian"
}
[2025-11-19T03:25:16.795Z] INFO: Session mode switched
  Context: {
  "sessionId": "9cf79e42-f283-4014-a111-fe93d388afcb",
  "oldMode": "bayesian",
  "newMode": "counterfactual",
  "reason": "Switching to counterfactual"
}
[2025-11-19T03:25:16.795Z] INFO: Session mode switched
  Context: {
  "sessionId": "9cf79e42-f283-4014-a111-fe93d388afcb",
  "oldMode": "counterfactual",
  "newMode": "analogical",
  "reason": "Switching to analogical"
}
[2025-11-19T03:25:16.795Z] INFO: Session mode switched
  Context: {
  "sessionId": "9cf79e42-f283-4014-a111-fe93d388afcb",
  "oldMode": "analogical",
  "newMode": "temporal",
  "reason": "Switching to temporal"
}
[2025-11-19T03:25:16.796Z] INFO: Session mode switched
  Context: {
  "sessionId": "9cf79e42-f283-4014-a111-fe93d388afcb",
  "oldMode": "temporal",
  "newMode": "gametheory",
  "reason": "Switching to gametheory"
}
[2025-11-19T03:25:16.796Z] INFO: Session mode switched
  Context: {
  "sessionId": "9cf79e42-f283-4014-a111-fe93d388afcb",
  "oldMode": "gametheory",
  "newMode": "evidential",
  "reason": "Switching to evidential"
}
[2025-11-19T03:25:16.796Z] INFO: Session mode switched
  Context: {
  "sessionId": "9cf79e42-f283-4014-a111-fe93d388afcb",
  "oldMode": "evidential",
  "newMode": "hybrid",
  "reason": "Switching to hybrid"
}

[90mstdout[2m | tests/integration/index-handlers.test.ts[2m > [22m[2mIndex.ts Handler Functions[2m > [22m[2mHandler Functions[2m > [22m[2mhandleGetSession()[2m > [22m[2mshould retrieve session with all properties[22m[39m
[2025-11-19T03:25:16.798Z] INFO: Session created
  Context: {
  "sessionId": "1e7bae03-f51f-4adc-aa74-04494a58ac0d",
  "title": "Test Session",
  "mode": "sequential"
}

[90mstdout[2m | tests/integration/index-handlers.test.ts[2m > [22m[2mIndex.ts Handler Functions[2m > [22m[2mHandler Functions[2m > [22m[2mhandleGetSession()[2m > [22m[2mshould retrieve session with thoughts[22m[39m
[2025-11-19T03:25:16.799Z] INFO: Session created
  Context: {
  "sessionId": "9d05de8f-2ac6-4bb3-b2bb-631aea57d09b",
  "title": "Session with Thoughts",
  "mode": "sequential"
}
[2025-11-19T03:25:16.800Z] INFO: Session completed
  Context: {
  "sessionId": "9d05de8f-2ac6-4bb3-b2bb-631aea57d09b",
  "title": "Session with Thoughts",
  "totalThoughts": 1
}

[90mstdout[2m | tests/integration/index-handlers.test.ts[2m > [22m[2mIndex.ts Handler Functions[2m > [22m[2mHandler Functions[2m > [22m[2mhandleExport()[2m > [22m[2mshould export session in JSON format[22m[39m
[2025-11-19T03:25:16.801Z] INFO: Session created
  Context: {
  "sessionId": "b69e4f37-7e09-407e-9088-16f16750dbf6",
  "title": "Export Test",
  "mode": "sequential"
}
[2025-11-19T03:25:16.801Z] INFO: Session completed
  Context: {
  "sessionId": "b69e4f37-7e09-407e-9088-16f16750dbf6",
  "title": "Export Test",
  "totalThoughts": 1
}

 [32m✓[39m tests/integration/index-handlers.test.ts [2m ([22m[2m33 tests[22m[2m)[22m[90m 133[2mms[22m[39m
 [32m✓[39m tests/unit/recommendations.test.ts [2m ([22m[2m15 tests[22m[2m)[22m[90m 62[2mms[22m[39m
[90mstdout[2m | tests/benchmarks/metrics-performance.test.ts[2m > [22m[2mMetrics Performance Benchmark[2m > [22m[2mshould show performance improvement with incremental calculation[22m[39m
[2025-11-19T03:25:17.491Z] INFO: Session created
  Context: {
  "sessionId": "5dd3a3e4-160e-4871-9a1d-b9024577b243",
  "title": "Performance Test",
  "mode": "sequential"
}

📊 Benchmark: Adding 1000 thoughts with uncertainty tracking
[2025-11-19T03:25:17.504Z] INFO: Session completed
  Context: {
  "sessionId": "5dd3a3e4-160e-4871-9a1d-b9024577b243",
  "title": "Performance Test",
  "totalThoughts": 1000
}
✅ Total time: 11.18ms
✅ Average time per thought: 0.0112ms
✅ Expected average uncertainty: 0.488486
✅ Actual average uncertainty: 0.488486
✅ Accuracy verified: PASS

🎯 Performance: EXCELLENT

[90mstdout[2m | tests/benchmarks/metrics-performance.test.ts[2m > [22m[2mMetrics Performance Benchmark[2m > [22m[2mshould maintain O(1) complexity regardless of session size[22m[39m

📈 Complexity Analysis: Testing O(1) behavior
[2025-11-19T03:25:17.510Z] INFO: Session created
  Context: {
  "sessionId": "c8ae35e4-1abc-4ab9-bfa8-0e18d48f4011",
  "title": "Test Session 100",
  "mode": "sequential"
}
[2025-11-19T03:25:17.512Z] INFO: Session completed
  Context: {
  "sessionId": "c8ae35e4-1abc-4ab9-bfa8-0e18d48f4011",
  "title": "Test Session 100",
  "totalThoughts": 100
}
  Session size 100: 0.0187ms per thought
[2025-11-19T03:25:17.512Z] INFO: Session created
  Context: {
  "sessionId": "943c52de-55bd-4fb1-9ca9-418f588b2cc3",
  "title": "Test Session 500",
  "mode": "sequential"
}
[2025-11-19T03:25:17.515Z] INFO: Session completed
  Context: {
  "sessionId": "943c52de-55bd-4fb1-9ca9-418f588b2cc3",
  "title": "Test Session 500",
  "totalThoughts": 500
}
  Session size 500: 0.0060ms per thought
[2025-11-19T03:25:17.516Z] INFO: Session created
  Context: {
  "sessionId": "a09d2376-3eaa-4bdf-b3b3-224fb564d7e2",
  "title": "Test Session 1000",
  "mode": "sequential"
}
[2025-11-19T03:25:17.523Z] INFO: Session completed
  Context: {
  "sessionId": "a09d2376-3eaa-4bdf-b3b3-224fb564d7e2",
  "title": "Test Session 1000",
  "totalThoughts": 1000
}
  Session size 1000: 0.0064ms per thought

  Min: 0.0060ms, Max: 0.0187ms, Overall Ratio: 3.14x
  Ratio (500 vs 1000): 1.07x
  Complexity: O(1) ✅

 [32m✓[39m tests/benchmarks/metrics-performance.test.ts [2m ([22m[2m2 tests[22m[2m)[22m[90m 41[2mms[22m[39m
 [32m✓[39m tests/unit/causal.test.ts [2m ([22m[2m10 tests[22m[2m)[22m[90m 27[2mms[22m[39m
[90mstdout[2m | tests/integration/session-workflow.test.ts[2m > [22m[2mSession Workflow Integration[2m > [22m[2mshould complete full sequential thinking workflow[22m[39m
[2025-11-19T03:25:18.699Z] INFO: Session created
  Context: {
  "sessionId": "9a6b7e6e-1f86-40bb-a9ea-1b8f03d6bc8c",
  "title": "Solve Prime Factorization Problem",
  "mode": "sequential"
}
[2025-11-19T03:25:18.707Z] INFO: Session completed
  Context: {
  "sessionId": "9a6b7e6e-1f86-40bb-a9ea-1b8f03d6bc8c",
  "title": "Solve Prime Factorization Problem",
  "totalThoughts": 5
}

[90mstdout[2m | tests/integration/session-workflow.test.ts[2m > [22m[2mSession Workflow Integration[2m > [22m[2mshould handle mathematics mode with validation[22m[39m
[2025-11-19T03:25:18.711Z] INFO: Session created
  Context: {
  "sessionId": "3a42f6ef-0111-46dd-9ea8-706247a8935a",
  "title": "Prove Fundamental Theorem",
  "mode": "mathematics"
}
[2025-11-19T03:25:18.712Z] INFO: Session completed
  Context: {
  "sessionId": "3a42f6ef-0111-46dd-9ea8-706247a8935a",
  "title": "Prove Fundamental Theorem",
  "totalThoughts": 3
}

[90mstdout[2m | tests/integration/session-workflow.test.ts[2m > [22m[2mSession Workflow Integration[2m > [22m[2mshould handle mode switching mid-session[22m[39m
[2025-11-19T03:25:18.734Z] INFO: Session created
  Context: {
  "sessionId": "15c2d43b-dd9d-4511-8658-2a2c732b91a5",
  "title": "Problem Solving Session",
  "mode": "sequential"
}
[2025-11-19T03:25:18.734Z] INFO: Session mode switched
  Context: {
  "sessionId": "15c2d43b-dd9d-4511-8658-2a2c732b91a5",
  "oldMode": "sequential",
  "newMode": "shannon",
  "reason": "Need more structure"
}
[2025-11-19T03:25:18.735Z] INFO: Session completed
  Context: {
  "sessionId": "15c2d43b-dd9d-4511-8658-2a2c732b91a5",
  "title": "Problem Solving Session",
  "totalThoughts": 3
}

[90mstdout[2m | tests/integration/session-workflow.test.ts[2m > [22m[2mSession Workflow Integration[2m > [22m[2mshould track validation cache statistics[22m[39m
[2025-11-19T03:25:18.737Z] INFO: Session created
  Context: {
  "sessionId": "c7f93b27-ea48-4a77-b45d-7b85084c5db4",
  "title": "Cache Test Session",
  "mode": "sequential"
}
[2025-11-19T03:25:18.737Z] INFO: Session completed
  Context: {
  "sessionId": "c7f93b27-ea48-4a77-b45d-7b85084c5db4",
  "title": "Cache Test Session",
  "totalThoughts": 3
}

[90mstdout[2m | tests/integration/session-workflow.test.ts[2m > [22m[2mSession Workflow Integration[2m > [22m[2mshould handle multiple concurrent sessions[22m[39m
[2025-11-19T03:25:18.739Z] INFO: Session created
  Context: {
  "sessionId": "3397057e-76b2-45b0-8808-d8625fc47c36",
  "title": "Session 1",
  "mode": "sequential"
}
[2025-11-19T03:25:18.739Z] INFO: Session created
  Context: {
  "sessionId": "8069597f-57d2-49e0-8456-8dc32509e5d1",
  "title": "Session 2",
  "mode": "mathematics"
}
[2025-11-19T03:25:18.739Z] INFO: Session created
  Context: {
  "sessionId": "e85e3550-bed1-4360-98aa-a945d5ba5201",
  "title": "Session 3",
  "mode": "shannon"
}
[2025-11-19T03:25:18.739Z] INFO: Session completed
  Context: {
  "sessionId": "3397057e-76b2-45b0-8808-d8625fc47c36",
  "title": "Session 1",
  "totalThoughts": 1
}
[2025-11-19T03:25:18.740Z] INFO: Session completed
  Context: {
  "sessionId": "8069597f-57d2-49e0-8456-8dc32509e5d1",
  "title": "Session 2",
  "totalThoughts": 1
}
[2025-11-19T03:25:18.740Z] INFO: Session completed
  Context: {
  "sessionId": "e85e3550-bed1-4360-98aa-a945d5ba5201",
  "title": "Session 3",
  "totalThoughts": 1
}

[90mstdout[2m | tests/integration/session-workflow.test.ts[2m > [22m[2mSession Workflow Integration[2m > [22m[2mshould handle session deletion[22m[39m
[2025-11-19T03:25:18.741Z] INFO: Session created
  Context: {
  "sessionId": "196562d4-89cb-40c7-b2f0-099dab826ced",
  "title": "Temporary Session",
  "mode": "sequential"
}
[2025-11-19T03:25:18.741Z] INFO: Session completed
  Context: {
  "sessionId": "196562d4-89cb-40c7-b2f0-099dab826ced",
  "title": "Temporary Session",
  "totalThoughts": 1
}
[2025-11-19T03:25:18.742Z] INFO: Session deleted
  Context: {
  "sessionId": "196562d4-89cb-40c7-b2f0-099dab826ced",
  "title": "Temporary Session",
  "thoughtCount": 1
}

[90mstdout[2m | tests/integration/session-workflow.test.ts[2m > [22m[2mSession Workflow Integration[2m > [22m[2mshould maintain metrics accuracy across workflow[22m[39m
[2025-11-19T03:25:18.743Z] INFO: Session created
  Context: {
  "sessionId": "a44da448-fbfb-4a12-aebb-720aa4061408",
  "title": "Metrics Test",
  "mode": "sequential"
}
[2025-11-19T03:25:18.743Z] INFO: Session completed
  Context: {
  "sessionId": "a44da448-fbfb-4a12-aebb-720aa4061408",
  "title": "Metrics Test",
  "totalThoughts": 5
}

 [32m✓[39m tests/integration/session-workflow.test.ts [2m ([22m[2m7 tests[22m[2m)[22m[90m 54[2mms[22m[39m
 [32m✓[39m tests/unit/types.test.ts [2m ([22m[2m14 tests[22m[2m)[22m[90m 34[2mms[22m[39m
 [32m✓[39m tests/unit/analogical.test.ts [2m ([22m[2m9 tests[22m[2m)[22m[90m 28[2mms[22m[39m
 [32m✓[39m tests/unit/abductive.test.ts [2m ([22m[2m10 tests[22m[2m)[22m[90m 38[2mms[22m[39m
 [32m✓[39m tests/unit/counterfactual.test.ts [2m ([22m[2m8 tests[22m[2m)[22m[90m 27[2mms[22m[39m
 [32m✓[39m tests/unit/bayesian.test.ts [2m ([22m[2m10 tests[22m[2m)[22m[90m 40[2mms[22m[39m

[2m Test Files [22m [1m[32m17 passed[39m[22m[90m (17)[39m
[2m      Tests [22m [1m[32m280 passed[39m[22m[90m (280)[39m
[2m   Start at [22m 22:25:09
[2m   Duration [22m 22.47s


[1m[7m[32m PASS [39m[27m[22m[32m Waiting for file changes...[39m
       [2mpress [22m[1mh[22m[2m to show help[22m[2m, [22m[2mpress [22m[1mq[22m[2m to quit[22m
[3Jc
[7m[1m[34m RERUN [39m[22m[27m[2m src/types/index.ts[22m

[90mstdout[2m | tests/unit/file-store.test.ts[2m > [22m[2mFileSessionStore[2m > [22m[2minitialization[2m > [22m[2mshould create necessary directories[22m[39m
[2025-11-19T03:26:15.381Z] INFO: FileSessionStore initialized
  Context: {
  "baseDir": "C:\\Users\\danie\\AppData\\Local\\Temp\\deepthinking-test-4f4dc093-2296-4e5d-985e-46565af31545",
  "config": {
    "autoSave": true,
    "autoSaveDelay": 1000,
    "enableCompression": false,
    "maxSessions": 1000,
    "maxSessionAge": 2592000000,
    "enableEncryption": false,
    "serialization": {
      "prettyPrint": false,
      "includeMetadata": true
    }
  }
}

[90mstdout[2m | tests/unit/file-store.test.ts[2m > [22m[2mFileSessionStore[2m > [22m[2minitialization[2m > [22m[2mshould create necessary directories[22m[39m
[2025-11-19T03:26:15.392Z] INFO: FileSessionStore closed

[90mstdout[2m | tests/unit/file-store.test.ts[2m > [22m[2mFileSessionStore[2m > [22m[2minitialization[2m > [22m[2mshould handle multiple initialization calls[22m[39m
[2025-11-19T03:26:15.477Z] INFO: FileSessionStore initialized
  Context: {
  "baseDir": "C:\\Users\\danie\\AppData\\Local\\Temp\\deepthinking-test-b01e743f-01c9-4469-8dfe-16ffb1a992b8",
  "config": {
    "autoSave": true,
    "autoSaveDelay": 1000,
    "enableCompression": false,
    "maxSessions": 1000,
    "maxSessionAge": 2592000000,
    "enableEncryption": false,
    "serialization": {
      "prettyPrint": false,
      "includeMetadata": true
    }
  }
}
[2025-11-19T03:26:15.478Z] INFO: FileSessionStore closed

[90mstdout[2m | tests/unit/file-store.test.ts[2m > [22m[2mFileSessionStore[2m > [22m[2msaveSession[2m > [22m[2mshould save a session to disk[22m[39m
[2025-11-19T03:26:15.534Z] INFO: FileSessionStore initialized
  Context: {
  "baseDir": "C:\\Users\\danie\\AppData\\Local\\Temp\\deepthinking-test-5440df6e-0198-46b7-ad08-676b34e720f7",
  "config": {
    "autoSave": true,
    "autoSaveDelay": 1000,
    "enableCompression": false,
    "maxSessions": 1000,
    "maxSessionAge": 2592000000,
    "enableEncryption": false,
    "serialization": {
      "prettyPrint": false,
      "includeMetadata": true
    }
  }
}

[90mstdout[2m | tests/unit/session-manager.test.ts[2m > [22m[2mSessionManager[2m > [22m[2mcreateSession[2m > [22m[2mshould create a new session with default values[22m[39m
[2025-11-19T03:26:15.375Z] INFO: Session created
  Context: {
  "sessionId": "a6259d19-3664-4505-8bd8-45b4f077d678",
  "title": "Untitled Session",
  "mode": "hybrid"
}

[90mstdout[2m | tests/unit/session-manager.test.ts[2m > [22m[2mSessionManager[2m > [22m[2mcreateSession[2m > [22m[2mshould create a session with custom options[22m[39m
[2025-11-19T03:26:15.426Z] INFO: Session created
  Context: {
  "sessionId": "f44e5bfb-067e-445b-86e1-995a67b93c7e",
  "title": "My Problem",
  "mode": "mathematics",
  "domain": "number_theory",
  "author": "Test User"
}

[90mstdout[2m | tests/unit/session-manager.test.ts[2m > [22m[2mSessionManager[2m > [22m[2mcreateSession[2m > [22m[2mshould initialize metrics correctly[22m[39m
[2025-11-19T03:26:15.427Z] INFO: Session created
  Context: {
  "sessionId": "3a5f8e48-c13b-4a25-93de-443a7c6eb105",
  "title": "Untitled Session",
  "mode": "hybrid"
}

[90mstdout[2m | tests/unit/session-manager.test.ts[2m > [22m[2mSessionManager[2m > [22m[2mgetSession[2m > [22m[2mshould retrieve an existing session[22m[39m
[2025-11-19T03:26:15.429Z] INFO: Session created
  Context: {
  "sessionId": "791dcc7e-fa78-4d29-b5a4-941fdb3bf1f1",
  "title": "Test Session",
  "mode": "hybrid"
}

[90mstdout[2m | tests/unit/session-manager.test.ts[2m > [22m[2mSessionManager[2m > [22m[2maddThought[2m > [22m[2mshould add a sequential thought to session[22m[39m
[2025-11-19T03:26:15.432Z] INFO: Session created
  Context: {
  "sessionId": "76b61b15-0948-4950-b850-49f0adc55383",
  "title": "Untitled Session",
  "mode": "sequential"
}

[90mstdout[2m | tests/unit/session-manager.test.ts[2m > [22m[2mSessionManager[2m > [22m[2maddThought[2m > [22m[2mshould mark session as complete when nextThoughtNeeded is false[22m[39m
[2025-11-19T03:26:15.436Z] INFO: Session created
  Context: {
  "sessionId": "899711fe-ae64-4246-b444-216fd89240cb",
  "title": "Untitled Session",
  "mode": "hybrid"
}
[2025-11-19T03:26:15.436Z] INFO: Session completed
  Context: {
  "sessionId": "899711fe-ae64-4246-b444-216fd89240cb",
  "title": "Untitled Session",
  "totalThoughts": 1
}

[90mstdout[2m | tests/unit/session-manager.test.ts[2m > [22m[2mSessionManager[2m > [22m[2maddThought[2m > [22m[2mshould track revisions in metrics[22m[39m
[2025-11-19T03:26:15.437Z] INFO: Session created
  Context: {
  "sessionId": "b4a3cb14-2f47-4794-8d5b-4955c1bc9815",
  "title": "Untitled Session",
  "mode": "hybrid"
}

[90mstdout[2m | tests/unit/session-manager.test.ts[2m > [22m[2mSessionManager[2m > [22m[2maddThought[2m > [22m[2mshould calculate average uncertainty for Shannon thoughts[22m[39m
[2025-11-19T03:26:15.439Z] INFO: Session created
  Context: {
  "sessionId": "aec30d36-8301-428d-be2d-73a7182787c8",
  "title": "Untitled Session",
  "mode": "shannon"
}

[90mstderr[2m | tests/unit/session-manager.test.ts[2m > [22m[2mSessionManager[2m > [22m[2maddThought[2m > [22m[2mshould throw error for non-existent session[22m[39m
[2025-11-19T03:26:15.441Z] ERROR: Session not found
  Context: {
  "sessionId": "00000000-0000-4000-8000-000000000000"
}

[90mstdout[2m | tests/unit/session-manager.test.ts[2m > [22m[2mSessionManager[2m > [22m[2mswitchMode[2m > [22m[2mshould switch session mode[22m[39m
[2025-11-19T03:26:15.456Z] INFO: Session created
  Context: {
  "sessionId": "a2de65a8-522f-4408-bfe6-a097679d5b51",
  "title": "Untitled Session",
  "mode": "sequential"
}
[2025-11-19T03:26:15.457Z] INFO: Session mode switched
  Context: {
  "sessionId": "a2de65a8-522f-4408-bfe6-a097679d5b51",
  "oldMode": "sequential",
  "newMode": "shannon",
  "reason": "Need systematic approach"
}

[90mstderr[2m | tests/unit/session-manager.test.ts[2m > [22m[2mSessionManager[2m > [22m[2mswitchMode[2m > [22m[2mshould throw error for non-existent session[22m[39m
[2025-11-19T03:26:15.458Z] ERROR: Session not found
  Context: {
  "sessionId": "00000000-0000-4000-8000-000000000000"
}

[90mstdout[2m | tests/unit/session-manager.test.ts[2m > [22m[2mSessionManager[2m > [22m[2mlistSessions[2m > [22m[2mshould list all sessions[22m[39m
[2025-11-19T03:26:15.465Z] INFO: Session created
  Context: {
  "sessionId": "859fc012-ca55-401a-ac54-4512318d6de9",
  "title": "Session 1",
  "mode": "hybrid"
}
[2025-11-19T03:26:15.465Z] INFO: Session created
  Context: {
  "sessionId": "869d3567-a2e5-4779-8a52-a44855186904",
  "title": "Session 2",
  "mode": "hybrid"
}
[2025-11-19T03:26:15.467Z] INFO: Session created
  Context: {
  "sessionId": "f7bdb993-c125-4043-bec7-ef94f7a9120e",
  "title": "Session 3",
  "mode": "hybrid"
}

[90mstdout[2m | tests/unit/session-manager.test.ts[2m > [22m[2mSessionManager[2m > [22m[2mdeleteSession[2m > [22m[2mshould delete a session[22m[39m
[2025-11-19T03:26:15.472Z] INFO: Session created
  Context: {
  "sessionId": "35ef9d23-c66e-4fb3-b31a-532ee6e25464",
  "title": "Untitled Session",
  "mode": "hybrid"
}
[2025-11-19T03:26:15.472Z] INFO: Session deleted
  Context: {
  "sessionId": "35ef9d23-c66e-4fb3-b31a-532ee6e25464",
  "title": "Untitled Session",
  "thoughtCount": 0
}

[90mstdout[2m | tests/unit/session-manager.test.ts[2m > [22m[2mSessionManager[2m > [22m[2mgenerateSummary[2m > [22m[2mshould generate a summary of session[22m[39m
[2025-11-19T03:26:15.474Z] INFO: Session created
  Context: {
  "sessionId": "30e6423b-8f84-449b-98d1-ae9b24f0c855",
  "title": "Test Problem",
  "mode": "hybrid"
}
[2025-11-19T03:26:15.474Z] INFO: Session completed
  Context: {
  "sessionId": "30e6423b-8f84-449b-98d1-ae9b24f0c855",
  "title": "Test Problem",
  "totalThoughts": 1
}

 [32m✓[39m tests/unit/session-manager.test.ts [2m ([22m[2m16 tests[22m[2m)[22m[90m 154[2mms[22m[39m
[90mstderr[2m | tests/integration/error-handling.test.ts[2m > [22m[2mError Handling and Edge Cases[2m > [22m[2mInvalid Session Operations[2m > [22m[2mshould throw error for non-existent session ID[22m[39m
[2025-11-19T03:26:15.358Z] ERROR: Session not found
  Context: {
  "sessionId": "00000000-0000-4000-8000-000000000000"
}

[90mstdout[2m | tests/integration/error-handling.test.ts[2m > [22m[2mError Handling and Edge Cases[2m > [22m[2mInvalid Session Operations[2m > [22m[2mshould handle session deletion idempotently[22m[39m
[2025-11-19T03:26:15.403Z] INFO: Session created
  Context: {
  "sessionId": "b22bf55c-f956-4d61-8348-6b35a6c91736",
  "title": "Test",
  "mode": "hybrid"
}
[2025-11-19T03:26:15.404Z] INFO: Session deleted
  Context: {
  "sessionId": "b22bf55c-f956-4d61-8348-6b35a6c91736",
  "title": "Test",
  "thoughtCount": 0
}

[90mstderr[2m | tests/integration/error-handling.test.ts[2m > [22m[2mError Handling and Edge Cases[2m > [22m[2mInvalid Session Operations[2m > [22m[2mshould handle session deletion idempotently[22m[39m
[2025-11-19T03:26:15.404Z] WARN: Attempted to delete non-existent session from memory
  Context: {
  "sessionId": "b22bf55c-f956-4d61-8348-6b35a6c91736"
}

[90mstdout[2m | tests/integration/error-handling.test.ts[2m > [22m[2mError Handling and Edge Cases[2m > [22m[2mValidation Errors[2m > [22m[2mshould accept thoughts with missing fields (lenient validation)[22m[39m
[2025-11-19T03:26:15.406Z] INFO: Session created
  Context: {
  "sessionId": "24068fca-d965-4b76-8c78-750ab966da57",
  "title": "Untitled Session",
  "mode": "hybrid"
}
[2025-11-19T03:26:15.408Z] INFO: Session completed
  Context: {
  "sessionId": "24068fca-d965-4b76-8c78-750ab966da57",
  "title": "Untitled Session",
  "totalThoughts": 1
}

[90mstdout[2m | tests/integration/error-handling.test.ts[2m > [22m[2mError Handling and Edge Cases[2m > [22m[2mValidation Errors[2m > [22m[2mshould accept invalid uncertainty values (lenient validation)[22m[39m
[2025-11-19T03:26:15.410Z] INFO: Session created
  Context: {
  "sessionId": "be9c804a-33a5-4c95-b2e5-a6ad95a01fc2",
  "title": "Untitled Session",
  "mode": "hybrid"
}
[2025-11-19T03:26:15.410Z] INFO: Session completed
  Context: {
  "sessionId": "be9c804a-33a5-4c95-b2e5-a6ad95a01fc2",
  "title": "Untitled Session",
  "totalThoughts": 1
}

[90mstdout[2m | tests/integration/error-handling.test.ts[2m > [22m[2mError Handling and Edge Cases[2m > [22m[2mValidation Errors[2m > [22m[2mshould accept negative thought numbers (lenient validation)[22m[39m
[2025-11-19T03:26:15.411Z] INFO: Session created
  Context: {
  "sessionId": "2e5af8c3-7d3d-441c-8b1a-3998be7b7ac3",
  "title": "Untitled Session",
  "mode": "hybrid"
}
[2025-11-19T03:26:15.412Z] INFO: Session completed
  Context: {
  "sessionId": "2e5af8c3-7d3d-441c-8b1a-3998be7b7ac3",
  "title": "Untitled Session",
  "totalThoughts": 1
}

[90mstdout[2m | tests/integration/error-handling.test.ts[2m > [22m[2mError Handling and Edge Cases[2m > [22m[2mValidation Errors[2m > [22m[2mshould accept zero thought numbers (lenient validation)[22m[39m
[2025-11-19T03:26:15.413Z] INFO: Session created
  Context: {
  "sessionId": "f085968d-9ed9-4cc4-be49-14f6247e686d",
  "title": "Untitled Session",
  "mode": "hybrid"
}
[2025-11-19T03:26:15.414Z] INFO: Session completed
  Context: {
  "sessionId": "f085968d-9ed9-4cc4-be49-14f6247e686d",
  "title": "Untitled Session",
  "totalThoughts": 1
}

[90mstdout[2m | tests/integration/error-handling.test.ts[2m > [22m[2mError Handling and Edge Cases[2m > [22m[2mValidation Errors[2m > [22m[2mshould accept invalid mode values (lenient validation)[22m[39m
[2025-11-19T03:26:15.438Z] INFO: Session created
  Context: {
  "sessionId": "ad147ea3-0a73-46eb-a760-8c36602576a2",
  "title": "Untitled Session",
  "mode": "invalid_mode"
}

[90mstdout[2m | tests/integration/error-handling.test.ts[2m > [22m[2mError Handling and Edge Cases[2m > [22m[2mValidation Errors[2m > [22m[2mshould accept invalid Shannon stage (lenient validation)[22m[39m
[2025-11-19T03:26:15.440Z] INFO: Session created
  Context: {
  "sessionId": "19c02443-1a55-40db-ac8a-8edaecd69894",
  "title": "Untitled Session",
  "mode": "shannon"
}
[2025-11-19T03:26:15.440Z] INFO: Session completed
  Context: {
  "sessionId": "19c02443-1a55-40db-ac8a-8edaecd69894",
  "title": "Untitled Session",
  "totalThoughts": 1
}

[90mstdout[2m | tests/integration/error-handling.test.ts[2m > [22m[2mError Handling and Edge Cases[2m > [22m[2mBoundary Conditions[2m > [22m[2mshould handle uncertainty = 0 (perfect certainty)[22m[39m
[2025-11-19T03:26:15.443Z] INFO: Session created
  Context: {
  "sessionId": "7f0f3f1e-c6db-4516-b43a-0e99f2d6936f",
  "title": "Untitled Session",
  "mode": "hybrid"
}
[2025-11-19T03:26:15.443Z] INFO: Session completed
  Context: {
  "sessionId": "7f0f3f1e-c6db-4516-b43a-0e99f2d6936f",
  "title": "Untitled Session",
  "totalThoughts": 1
}

[90mstdout[2m | tests/integration/error-handling.test.ts[2m > [22m[2mError Handling and Edge Cases[2m > [22m[2mBoundary Conditions[2m > [22m[2mshould handle uncertainty = 1 (complete uncertainty)[22m[39m
[2025-11-19T03:26:15.444Z] INFO: Session created
  Context: {
  "sessionId": "a9a16f55-8312-4853-86d1-9a1ae30ebc7a",
  "title": "Untitled Session",
  "mode": "hybrid"
}
[2025-11-19T03:26:15.445Z] INFO: Session completed
  Context: {
  "sessionId": "a9a16f55-8312-4853-86d1-9a1ae30ebc7a",
  "title": "Untitled Session",
  "totalThoughts": 1
}

[90mstdout[2m | tests/integration/error-handling.test.ts[2m > [22m[2mError Handling and Edge Cases[2m > [22m[2mBoundary Conditions[2m > [22m[2mshould handle very large thoughtNumber[22m[39m
[2025-11-19T03:26:15.445Z] INFO: Session created
  Context: {
  "sessionId": "292bc1b5-2341-427a-8cec-4fe5043c25e9",
  "title": "Untitled Session",
  "mode": "hybrid"
}
[2025-11-19T03:26:15.446Z] INFO: Session completed
  Context: {
  "sessionId": "292bc1b5-2341-427a-8cec-4fe5043c25e9",
  "title": "Untitled Session",
  "totalThoughts": 1
}

[90mstdout[2m | tests/integration/error-handling.test.ts[2m > [22m[2mError Handling and Edge Cases[2m > [22m[2mBoundary Conditions[2m > [22m[2mshould handle totalThoughts = thoughtNumber (single thought)[22m[39m
[2025-11-19T03:26:15.452Z] INFO: Session created
  Context: {
  "sessionId": "78159c31-fc96-4314-a96e-ada8bb842fcd",
  "title": "Untitled Session",
  "mode": "hybrid"
}
[2025-11-19T03:26:15.453Z] INFO: Session completed
  Context: {
  "sessionId": "78159c31-fc96-4314-a96e-ada8bb842fcd",
  "title": "Untitled Session",
  "totalThoughts": 1
}

[90mstdout[2m | tests/integration/error-handling.test.ts[2m > [22m[2mError Handling and Edge Cases[2m > [22m[2mEdge Cases - Empty Data[2m > [22m[2mshould handle empty thought content[22m[39m
[2025-11-19T03:26:15.459Z] INFO: Session created
  Context: {
  "sessionId": "3f31d5f4-b0a7-4edd-8fbd-9f7c1410ba75",
  "title": "Untitled Session",
  "mode": "hybrid"
}
[2025-11-19T03:26:15.460Z] INFO: Session completed
  Context: {
  "sessionId": "3f31d5f4-b0a7-4edd-8fbd-9f7c1410ba75",
  "title": "Untitled Session",
  "totalThoughts": 1
}

[90mstdout[2m | tests/integration/error-handling.test.ts[2m > [22m[2mError Handling and Edge Cases[2m > [22m[2mEdge Cases - Empty Data[2m > [22m[2mshould handle empty session title with default[22m[39m
[2025-11-19T03:26:15.460Z] INFO: Session created
  Context: {
  "sessionId": "e3abf60c-f410-4169-80d9-74f358d87403",
  "title": "Untitled Session",
  "mode": "hybrid"
}

[90mstdout[2m | tests/integration/error-handling.test.ts[2m > [22m[2mError Handling and Edge Cases[2m > [22m[2mEdge Cases - Empty Data[2m > [22m[2mshould handle empty arrays for optional fields[22m[39m
[2025-11-19T03:26:15.461Z] INFO: Session created
  Context: {
  "sessionId": "75badca5-ab2c-43e2-9756-2677838a824e",
  "title": "Untitled Session",
  "mode": "hybrid"
}
[2025-11-19T03:26:15.462Z] INFO: Session completed
  Context: {
  "sessionId": "75badca5-ab2c-43e2-9756-2677838a824e",
  "title": "Untitled Session",
  "totalThoughts": 1
}

[90mstdout[2m | tests/integration/error-handling.test.ts[2m > [22m[2mError Handling and Edge Cases[2m > [22m[2mEdge Cases - Empty Data[2m > [22m[2mshould handle session with no thoughts[22m[39m
[2025-11-19T03:26:15.463Z] INFO: Session created
  Context: {
  "sessionId": "a0b256a4-dadb-4495-b11b-1b2b1815e334",
  "title": "Untitled Session",
  "mode": "hybrid"
}

[90mstdout[2m | tests/integration/error-handling.test.ts[2m > [22m[2mError Handling and Edge Cases[2m > [22m[2mEdge Cases - Special Characters[2m > [22m[2mshould handle Unicode characters in thought content[22m[39m
[2025-11-19T03:26:15.465Z] INFO: Session created
  Context: {
  "sessionId": "fda5ce7f-639d-48a0-ace9-c183f03c3137",
  "title": "Untitled Session",
  "mode": "hybrid"
}
[2025-11-19T03:26:15.465Z] INFO: Session completed
  Context: {
  "sessionId": "fda5ce7f-639d-48a0-ace9-c183f03c3137",
  "title": "Untitled Session",
  "totalThoughts": 1
}

[90mstdout[2m | tests/integration/error-handling.test.ts[2m > [22m[2mError Handling and Edge Cases[2m > [22m[2mEdge Cases - Special Characters[2m > [22m[2mshould handle special characters in session title[22m[39m
[2025-11-19T03:26:15.467Z] INFO: Session created
  Context: {
  "sessionId": "60eaf7c4-4da6-4614-9f77-38ac1b3da836",
  "title": "<script>alert(\"xss\")</script>",
  "mode": "hybrid"
}

[90mstdout[2m | tests/integration/error-handling.test.ts[2m > [22m[2mError Handling and Edge Cases[2m > [22m[2mEdge Cases - Special Characters[2m > [22m[2mshould handle LaTeX with special characters[22m[39m
[2025-11-19T03:26:15.468Z] INFO: Session created
  Context: {
  "sessionId": "2a441701-3541-41a6-b9ef-bac13c65465d",
  "title": "Untitled Session",
  "mode": "mathematics"
}
[2025-11-19T03:26:15.468Z] INFO: Session completed
  Context: {
  "sessionId": "2a441701-3541-41a6-b9ef-bac13c65465d",
  "title": "Untitled Session",
  "totalThoughts": 1
}

[90mstdout[2m | tests/integration/error-handling.test.ts[2m > [22m[2mError Handling and Edge Cases[2m > [22m[2mEdge Cases - Special Characters[2m > [22m[2mshould handle newlines and tabs in thought content[22m[39m
[2025-11-19T03:26:15.469Z] INFO: Session created
  Context: {
  "sessionId": "1f552298-1858-414b-b9c1-421140ec454c",
  "title": "Untitled Session",
  "mode": "hybrid"
}
[2025-11-19T03:26:15.470Z] INFO: Session completed
  Context: {
  "sessionId": "1f552298-1858-414b-b9c1-421140ec454c",
  "title": "Untitled Session",
  "totalThoughts": 1
}

[90mstdout[2m | tests/integration/error-handling.test.ts[2m > [22m[2mError Handling and Edge Cases[2m > [22m[2mEdge Cases - Large Data[2m > [22m[2mshould handle very long thought content[22m[39m
[2025-11-19T03:26:15.479Z] INFO: Session created
  Context: {
  "sessionId": "3200c850-5b19-4f77-8aeb-16b8550fcf0e",
  "title": "Untitled Session",
  "mode": "hybrid"
}
[2025-11-19T03:26:15.479Z] INFO: Session completed
  Context: {
  "sessionId": "3200c850-5b19-4f77-8aeb-16b8550fcf0e",
  "title": "Untitled Session",
  "totalThoughts": 1
}

[90mstdout[2m | tests/integration/error-handling.test.ts[2m > [22m[2mError Handling and Edge Cases[2m > [22m[2mEdge Cases - Large Data[2m > [22m[2mshould handle sessions with many thoughts[22m[39m
[2025-11-19T03:26:15.481Z] INFO: Session created
  Context: {
  "sessionId": "bd2116ab-b7aa-42ab-93a9-8425d0a44bbf",
  "title": "Untitled Session",
  "mode": "hybrid"
}
[2025-11-19T03:26:15.483Z] INFO: Session completed
  Context: {
  "sessionId": "bd2116ab-b7aa-42ab-93a9-8425d0a44bbf",
  "title": "Untitled Session",
  "totalThoughts": 100
}

[90mstdout[2m | tests/integration/error-handling.test.ts[2m > [22m[2mError Handling and Edge Cases[2m > [22m[2mEdge Cases - Large Data[2m > [22m[2mshould handle large dependency arrays[22m[39m
[2025-11-19T03:26:15.484Z] INFO: Session created
  Context: {
  "sessionId": "1db200ac-fae6-44cc-99ae-9a0c9967c310",
  "title": "Untitled Session",
  "mode": "hybrid"
}
[2025-11-19T03:26:15.485Z] INFO: Session completed
  Context: {
  "sessionId": "1db200ac-fae6-44cc-99ae-9a0c9967c310",
  "title": "Untitled Session",
  "totalThoughts": 1
}

[90mstdout[2m | tests/integration/error-handling.test.ts[2m > [22m[2mError Handling and Edge Cases[2m > [22m[2mError Recovery[2m > [22m[2mshould maintain session integrity even with lenient validation[22m[39m
[2025-11-19T03:26:15.487Z] INFO: Session created
  Context: {
  "sessionId": "ed9c9ee5-9761-4bb8-b241-cd2a5a005efd",
  "title": "Untitled Session",
  "mode": "hybrid"
}
[2025-11-19T03:26:15.487Z] INFO: Session completed
  Context: {
  "sessionId": "ed9c9ee5-9761-4bb8-b241-cd2a5a005efd",
  "title": "Untitled Session",
  "totalThoughts": 1
}
[2025-11-19T03:26:15.487Z] INFO: Session completed
  Context: {
  "sessionId": "ed9c9ee5-9761-4bb8-b241-cd2a5a005efd",
  "title": "Untitled Session",
  "totalThoughts": 2
}

[90mstdout[2m | tests/integration/error-handling.test.ts[2m > [22m[2mError Handling and Edge Cases[2m > [22m[2mError Recovery[2m > [22m[2mshould allow mode switch even after adding invalid data[22m[39m
[2025-11-19T03:26:15.489Z] INFO: Session created
  Context: {
  "sessionId": "b08c92c8-ea2e-4488-8791-9aa988a68705",
  "title": "Untitled Session",
  "mode": "sequential"
}
[2025-11-19T03:26:15.490Z] INFO: Session completed
  Context: {
  "sessionId": "b08c92c8-ea2e-4488-8791-9aa988a68705",
  "title": "Untitled Session",
  "totalThoughts": 1
}
[2025-11-19T03:26:15.491Z] INFO: Session mode switched
  Context: {
  "sessionId": "b08c92c8-ea2e-4488-8791-9aa988a68705",
  "oldMode": "sequential",
  "newMode": "shannon"
}

[90mstdout[2m | tests/integration/error-handling.test.ts[2m > [22m[2mError Handling and Edge Cases[2m > [22m[2mSummary Generation Edge Cases[2m > [22m[2mshould generate summary for empty session[22m[39m
[2025-11-19T03:26:15.493Z] INFO: Session created
  Context: {
  "sessionId": "8ed417d1-be4a-4894-aada-13c6bc9de656",
  "title": "Empty Session",
  "mode": "hybrid"
}

[90mstdout[2m | tests/integration/error-handling.test.ts[2m > [22m[2mError Handling and Edge Cases[2m > [22m[2mSummary Generation Edge Cases[2m > [22m[2mshould generate summary for single thought session[22m[39m
[2025-11-19T03:26:15.497Z] INFO: Session created
  Context: {
  "sessionId": "d122c0cc-6007-4e1c-99b6-0b621a302dfd",
  "title": "Single Thought",
  "mode": "hybrid"
}
[2025-11-19T03:26:15.497Z] INFO: Session completed
  Context: {
  "sessionId": "d122c0cc-6007-4e1c-99b6-0b621a302dfd",
  "title": "Single Thought",
  "totalThoughts": 1
}

[90mstdout[2m | tests/integration/error-handling.test.ts[2m > [22m[2mError Handling and Edge Cases[2m > [22m[2mSummary Generation Edge Cases[2m > [22m[2mshould handle summary for session with very long thoughts[22m[39m
[2025-11-19T03:26:15.498Z] INFO: Session created
  Context: {
  "sessionId": "26b3e6cb-5364-4a86-8e05-3a6109fa09c1",
  "title": "Untitled Session",
  "mode": "hybrid"
}
[2025-11-19T03:26:15.498Z] INFO: Session completed
  Context: {
  "sessionId": "26b3e6cb-5364-4a86-8e05-3a6109fa09c1",
  "title": "Untitled Session",
  "totalThoughts": 1
}

[90mstdout[2m | tests/integration/error-handling.test.ts[2m > [22m[2mError Handling and Edge Cases[2m > [22m[2mConcurrent Session Management[2m > [22m[2mshould handle rapid session creation[22m[39m
[2025-11-19T03:26:15.500Z] INFO: Session created
  Context: {
  "sessionId": "410ee73b-59d8-4773-9881-5d18ff5ff8ff",
  "title": "Session 0",
  "mode": "hybrid"
}
[2025-11-19T03:26:15.500Z] INFO: Session created
  Context: {
  "sessionId": "58b35cd9-569f-4286-a38f-f81cb000f97e",
  "title": "Session 1",
  "mode": "hybrid"
}
[2025-11-19T03:26:15.500Z] INFO: Session created
  Context: {
  "sessionId": "52181b99-5f5d-4c9f-9bae-dccc75943d5c",
  "title": "Session 2",
  "mode": "hybrid"
}
[2025-11-19T03:26:15.500Z] INFO: Session created
  Context: {
  "sessionId": "32cdcb85-a901-4760-bc82-dcdc2f39f599",
  "title": "Session 3",
  "mode": "hybrid"
}
[2025-11-19T03:26:15.500Z] INFO: Session created
  Context: {
  "sessionId": "61e713a3-0165-4cce-b533-8933f0a53746",
  "title": "Session 4",
  "mode": "hybrid"
}
[2025-11-19T03:26:15.500Z] INFO: Session created
  Context: {
  "sessionId": "6f62e8e7-1898-455e-b25b-1d9043df9cbe",
  "title": "Session 5",
  "mode": "hybrid"
}
[2025-11-19T03:26:15.500Z] INFO: Session created
  Context: {
  "sessionId": "af5441b3-8bad-4243-be8d-8ab32598cc99",
  "title": "Session 6",
  "mode": "hybrid"
}
[2025-11-19T03:26:15.500Z] INFO: Session created
  Context: {
  "sessionId": "a0f2a950-382b-4810-8159-7fcf00bb9fb4",
  "title": "Session 7",
  "mode": "hybrid"
}
[2025-11-19T03:26:15.501Z] INFO: Session created
  Context: {
  "sessionId": "e3c28398-7164-4323-bfe8-aa7eb98c8c12",
  "title": "Session 8",
  "mode": "hybrid"
}
[2025-11-19T03:26:15.501Z] INFO: Session created
  Context: {
  "sessionId": "5287ba70-b779-4bfe-9049-426f7bafb525",
  "title": "Session 9",
  "mode": "hybrid"
}

[90mstdout[2m | tests/integration/error-handling.test.ts[2m > [22m[2mError Handling and Edge Cases[2m > [22m[2mConcurrent Session Management[2m > [22m[2mshould handle concurrent thought additions to same session[22m[39m
[2025-11-19T03:26:15.502Z] INFO: Session created
  Context: {
  "sessionId": "49d88cc0-2225-4e76-a109-efa7c6735cfd",
  "title": "Untitled Session",
  "mode": "hybrid"
}
[2025-11-19T03:26:15.502Z] INFO: Session completed
  Context: {
  "sessionId": "49d88cc0-2225-4e76-a109-efa7c6735cfd",
  "title": "Untitled Session",
  "totalThoughts": 5
}

[90mstdout[2m | tests/integration/error-handling.test.ts[2m > [22m[2mError Handling and Edge Cases[2m > [22m[2mConcurrent Session Management[2m > [22m[2mshould maintain independence of multiple sessions[22m[39m
[2025-11-19T03:26:15.506Z] INFO: Session created
  Context: {
  "sessionId": "0c30af60-5e9d-45a1-b9d4-17a24309ad94",
  "title": "Session 1",
  "mode": "hybrid"
}
[2025-11-19T03:26:15.506Z] INFO: Session created
  Context: {
  "sessionId": "aa6b1f85-4cb9-48c9-8ee1-7ba4315d7a29",
  "title": "Session 2",
  "mode": "hybrid"
}
[2025-11-19T03:26:15.507Z] INFO: Session completed
  Context: {
  "sessionId": "0c30af60-5e9d-45a1-b9d4-17a24309ad94",
  "title": "Session 1",
  "totalThoughts": 1
}
[2025-11-19T03:26:15.507Z] INFO: Session completed
  Context: {
  "sessionId": "aa6b1f85-4cb9-48c9-8ee1-7ba4315d7a29",
  "title": "Session 2",
  "totalThoughts": 1
}

[90mstdout[2m | tests/integration/error-handling.test.ts[2m > [22m[2mError Handling and Edge Cases[2m > [22m[2mMode-Specific Edge Cases[2m > [22m[2mshould handle mathematics mode with missing optional fields[22m[39m
[2025-11-19T03:26:15.508Z] INFO: Session created
  Context: {
  "sessionId": "d7785672-bb02-4c13-b28c-47f475c2ca60",
  "title": "Untitled Session",
  "mode": "mathematics"
}
[2025-11-19T03:26:15.508Z] INFO: Session completed
  Context: {
  "sessionId": "d7785672-bb02-4c13-b28c-47f475c2ca60",
  "title": "Untitled Session",
  "totalThoughts": 1
}

[90mstdout[2m | tests/integration/error-handling.test.ts[2m > [22m[2mError Handling and Edge Cases[2m > [22m[2mMode-Specific Edge Cases[2m > [22m[2mshould handle Shannon mode without explicit stage[22m[39m
[2025-11-19T03:26:15.509Z] INFO: Session created
  Context: {
  "sessionId": "39e1379f-afdd-44b8-b004-83be9b1c2169",
  "title": "Untitled Session",
  "mode": "shannon"
}
[2025-11-19T03:26:15.509Z] INFO: Session completed
  Context: {
  "sessionId": "39e1379f-afdd-44b8-b004-83be9b1c2169",
  "title": "Untitled Session",
  "totalThoughts": 1
}

[90mstdout[2m | tests/integration/error-handling.test.ts[2m > [22m[2mError Handling and Edge Cases[2m > [22m[2mMode-Specific Edge Cases[2m > [22m[2mshould handle temporal mode with minimal event data[22m[39m
[2025-11-19T03:26:15.510Z] INFO: Session created
  Context: {
  "sessionId": "2eeeda79-c6fa-4157-b067-0dc7b477a8d2",
  "title": "Untitled Session",
  "mode": "temporal"
}
[2025-11-19T03:26:15.510Z] INFO: Session completed
  Context: {
  "sessionId": "2eeeda79-c6fa-4157-b067-0dc7b477a8d2",
  "title": "Untitled Session",
  "totalThoughts": 1
}

 [32m✓[39m tests/integration/error-handling.test.ts [2m ([22m[2m36 tests[22m[2m)[22m[90m 189[2mms[22m[39m
[90mstdout[2m | tests/integration/mcp-protocol.test.ts[2m > [22m[2mMCP Protocol Compliance[2m > [22m[2mMCP Response Format Compliance[2m > [22m[2mshould return MCP-compliant response for successful operation[22m[39m
[2025-11-19T03:26:15.511Z] INFO: Session created
  Context: {
  "sessionId": "061a2fc5-014e-414b-8aef-885d169d5ae5",
  "title": "Test Session",
  "mode": "sequential"
}

 [32m✓[39m tests/integration/mcp-protocol.test.ts [2m ([22m[2m43 tests[22m[2m)[22m[90m 91[2mms[22m[39m
[90mstdout[2m | tests/unit/file-store.test.ts[2m > [22m[2mFileSessionStore[2m > [22m[2msaveSession[2m > [22m[2mshould save a session to disk[22m[39m
[2025-11-19T03:26:15.548Z] INFO: FileSessionStore closed

[90mstdout[2m | tests/unit/file-store.test.ts[2m > [22m[2mFileSessionStore[2m > [22m[2msaveSession[2m > [22m[2mshould save session with correct content[22m[39m
[2025-11-19T03:26:15.608Z] INFO: FileSessionStore initialized
  Context: {
  "baseDir": "C:\\Users\\danie\\AppData\\Local\\Temp\\deepthinking-test-d98cd319-58d8-4795-88cd-90c64611ce1f",
  "config": {
    "autoSave": true,
    "autoSaveDelay": 1000,
    "enableCompression": false,
    "maxSessions": 1000,
    "maxSessionAge": 2592000000,
    "enableEncryption": false,
    "serialization": {
      "prettyPrint": false,
      "includeMetadata": true
    }
  }
}

[90mstdout[2m | tests/unit/file-store.test.ts[2m > [22m[2mFileSessionStore[2m > [22m[2msaveSession[2m > [22m[2mshould save session with correct content[22m[39m
[2025-11-19T03:26:15.655Z] INFO: FileSessionStore closed

[90mstdout[2m | tests/unit/file-store.test.ts[2m > [22m[2mFileSessionStore[2m > [22m[2msaveSession[2m > [22m[2mshould update metadata index[22m[39m
[2025-11-19T03:26:15.788Z] INFO: FileSessionStore initialized
  Context: {
  "baseDir": "C:\\Users\\danie\\AppData\\Local\\Temp\\deepthinking-test-f3401559-43aa-4822-9628-4c0ab9abb4be",
  "config": {
    "autoSave": true,
    "autoSaveDelay": 1000,
    "enableCompression": false,
    "maxSessions": 1000,
    "maxSessionAge": 2592000000,
    "enableEncryption": false,
    "serialization": {
      "prettyPrint": false,
      "includeMetadata": true
    }
  }
}

[90mstdout[2m | tests/unit/file-store.test.ts[2m > [22m[2mFileSessionStore[2m > [22m[2msaveSession[2m > [22m[2mshould update metadata index[22m[39m
[2025-11-19T03:26:15.824Z] INFO: FileSessionStore closed

[90mstdout[2m | tests/unit/file-store.test.ts[2m > [22m[2mFileSessionStore[2m > [22m[2msaveSession[2m > [22m[2mshould overwrite existing session[22m[39m
[2025-11-19T03:26:15.859Z] INFO: FileSessionStore initialized
  Context: {
  "baseDir": "C:\\Users\\danie\\AppData\\Local\\Temp\\deepthinking-test-fc4a18ed-3cd1-4d54-92c1-a3e941b5131c",
  "config": {
    "autoSave": true,
    "autoSaveDelay": 1000,
    "enableCompression": false,
    "maxSessions": 1000,
    "maxSessionAge": 2592000000,
    "enableEncryption": false,
    "serialization": {
      "prettyPrint": false,
      "includeMetadata": true
    }
  }
}

[90mstdout[2m | tests/unit/file-store.test.ts[2m > [22m[2mFileSessionStore[2m > [22m[2msaveSession[2m > [22m[2mshould overwrite existing session[22m[39m
[2025-11-19T03:26:15.879Z] INFO: FileSessionStore closed

[90mstdout[2m | tests/unit/file-store.test.ts[2m > [22m[2mFileSessionStore[2m > [22m[2mloadSession[2m > [22m[2mshould load an existing session[22m[39m
[2025-11-19T03:26:15.908Z] INFO: FileSessionStore initialized
  Context: {
  "baseDir": "C:\\Users\\danie\\AppData\\Local\\Temp\\deepthinking-test-6523d139-043c-4290-b001-a7bae52b20dd",
  "config": {
    "autoSave": true,
    "autoSaveDelay": 1000,
    "enableCompression": false,
    "maxSessions": 1000,
    "maxSessionAge": 2592000000,
    "enableEncryption": false,
    "serialization": {
      "prettyPrint": false,
      "includeMetadata": true
    }
  }
}

[90mstdout[2m | tests/unit/file-store.test.ts[2m > [22m[2mFileSessionStore[2m > [22m[2mloadSession[2m > [22m[2mshould load an existing session[22m[39m
[2025-11-19T03:26:15.977Z] INFO: FileSessionStore closed

[90mstdout[2m | tests/unit/file-store.test.ts[2m > [22m[2mFileSessionStore[2m > [22m[2mloadSession[2m > [22m[2mshould return null for non-existent session[22m[39m
[2025-11-19T03:26:16.033Z] INFO: FileSessionStore initialized
  Context: {
  "baseDir": "C:\\Users\\danie\\AppData\\Local\\Temp\\deepthinking-test-64f874ba-c13e-4ce2-a342-37eaf9a8d272",
  "config": {
    "autoSave": true,
    "autoSaveDelay": 1000,
    "enableCompression": false,
    "maxSessions": 1000,
    "maxSessionAge": 2592000000,
    "enableEncryption": false,
    "serialization": {
      "prettyPrint": false,
      "includeMetadata": true
    }
  }
}
[2025-11-19T03:26:16.037Z] INFO: FileSessionStore closed

[90mstdout[2m | tests/unit/file-store.test.ts[2m > [22m[2mFileSessionStore[2m > [22m[2mloadSession[2m > [22m[2mshould preserve Date objects[22m[39m
[2025-11-19T03:26:16.108Z] INFO: FileSessionStore initialized
  Context: {
  "baseDir": "C:\\Users\\danie\\AppData\\Local\\Temp\\deepthinking-test-d7576989-81b7-4b84-b9ab-ab706e6e62f4",
  "config": {
    "autoSave": true,
    "autoSaveDelay": 1000,
    "enableCompression": false,
    "maxSessions": 1000,
    "maxSessionAge": 2592000000,
    "enableEncryption": false,
    "serialization": {
      "prettyPrint": false,
      "includeMetadata": true
    }
  }
}

[90mstdout[2m | tests/unit/file-store.test.ts[2m > [22m[2mFileSessionStore[2m > [22m[2mloadSession[2m > [22m[2mshould preserve Date objects[22m[39m
[2025-11-19T03:26:16.138Z] INFO: FileSessionStore closed

[90mstdout[2m | tests/unit/file-store.test.ts[2m > [22m[2mFileSessionStore[2m > [22m[2mloadSession[2m > [22m[2mshould preserve Map objects[22m[39m
[2025-11-19T03:26:16.163Z] INFO: FileSessionStore initialized
  Context: {
  "baseDir": "C:\\Users\\danie\\AppData\\Local\\Temp\\deepthinking-test-8edef7fa-1d03-45f5-8bce-d2b174274da1",
  "config": {
    "autoSave": true,
    "autoSaveDelay": 1000,
    "enableCompression": false,
    "maxSessions": 1000,
    "maxSessionAge": 2592000000,
    "enableEncryption": false,
    "serialization": {
      "prettyPrint": false,
      "includeMetadata": true
    }
  }
}

[90mstdout[2m | tests/unit/file-store.test.ts[2m > [22m[2mFileSessionStore[2m > [22m[2mloadSession[2m > [22m[2mshould preserve Map objects[22m[39m
[2025-11-19T03:26:16.213Z] INFO: FileSessionStore closed

[90mstdout[2m | tests/unit/file-store.test.ts[2m > [22m[2mFileSessionStore[2m > [22m[2mdeleteSession[2m > [22m[2mshould delete an existing session[22m[39m
[2025-11-19T03:26:16.296Z] INFO: FileSessionStore initialized
  Context: {
  "baseDir": "C:\\Users\\danie\\AppData\\Local\\Temp\\deepthinking-test-7422cf88-2a0e-4a87-be48-bac9d0c8bf1e",
  "config": {
    "autoSave": true,
    "autoSaveDelay": 1000,
    "enableCompression": false,
    "maxSessions": 1000,
    "maxSessionAge": 2592000000,
    "enableEncryption": false,
    "serialization": {
      "prettyPrint": false,
      "includeMetadata": true
    }
  }
}

[90mstdout[2m | tests/unit/file-store.test.ts[2m > [22m[2mFileSessionStore[2m > [22m[2mdeleteSession[2m > [22m[2mshould delete an existing session[22m[39m
[2025-11-19T03:26:16.310Z] INFO: Session deleted
  Context: {
  "sessionId": "e3d8435a-4bff-47d5-9fab-f9db8a2f4ddf"
}

[90mstdout[2m | tests/unit/file-store.test.ts[2m > [22m[2mFileSessionStore[2m > [22m[2mdeleteSession[2m > [22m[2mshould delete an existing session[22m[39m
[2025-11-19T03:26:16.313Z] INFO: FileSessionStore closed

[90mstdout[2m | tests/unit/file-store.test.ts[2m > [22m[2mFileSessionStore[2m > [22m[2mdeleteSession[2m > [22m[2mshould return false for non-existent session[22m[39m
[2025-11-19T03:26:16.420Z] INFO: FileSessionStore initialized
  Context: {
  "baseDir": "C:\\Users\\danie\\AppData\\Local\\Temp\\deepthinking-test-f4fb7f75-5416-4802-80cc-cb1c360eac9b",
  "config": {
    "autoSave": true,
    "autoSaveDelay": 1000,
    "enableCompression": false,
    "maxSessions": 1000,
    "maxSessionAge": 2592000000,
    "enableEncryption": false,
    "serialization": {
      "prettyPrint": false,
      "includeMetadata": true
    }
  }
}

[90mstdout[2m | tests/unit/file-store.test.ts[2m > [22m[2mFileSessionStore[2m > [22m[2mdeleteSession[2m > [22m[2mshould return false for non-existent session[22m[39m
[2025-11-19T03:26:16.421Z] INFO: FileSessionStore closed

[90mstdout[2m | tests/unit/file-store.test.ts[2m > [22m[2mFileSessionStore[2m > [22m[2mdeleteSession[2m > [22m[2mshould update metadata index after deletion[22m[39m
[2025-11-19T03:26:16.427Z] INFO: FileSessionStore initialized
  Context: {
  "baseDir": "C:\\Users\\danie\\AppData\\Local\\Temp\\deepthinking-test-b661c8b2-e62c-40eb-aea0-da120e71f681",
  "config": {
    "autoSave": true,
    "autoSaveDelay": 1000,
    "enableCompression": false,
    "maxSessions": 1000,
    "maxSessionAge": 2592000000,
    "enableEncryption": false,
    "serialization": {
      "prettyPrint": false,
      "includeMetadata": true
    }
  }
}

[90mstdout[2m | tests/unit/file-store.test.ts[2m > [22m[2mFileSessionStore[2m > [22m[2mdeleteSession[2m > [22m[2mshould update metadata index after deletion[22m[39m
[2025-11-19T03:26:16.435Z] INFO: Session deleted
  Context: {
  "sessionId": "3b28081f-0258-4317-8930-a34704423a48"
}
[2025-11-19T03:26:16.436Z] INFO: FileSessionStore closed

[90mstdout[2m | tests/unit/file-store.test.ts[2m > [22m[2mFileSessionStore[2m > [22m[2mlistSessions[2m > [22m[2mshould list all sessions[22m[39m
[2025-11-19T03:26:16.444Z] INFO: FileSessionStore initialized
  Context: {
  "baseDir": "C:\\Users\\danie\\AppData\\Local\\Temp\\deepthinking-test-350e7606-984b-498c-acb8-0601a527245b",
  "config": {
    "autoSave": true,
    "autoSaveDelay": 1000,
    "enableCompression": false,
    "maxSessions": 1000,
    "maxSessionAge": 2592000000,
    "enableEncryption": false,
    "serialization": {
      "prettyPrint": false,
      "includeMetadata": true
    }
  }
}

[90mstdout[2m | tests/unit/file-store.test.ts[2m > [22m[2mFileSessionStore[2m > [22m[2mlistSessions[2m > [22m[2mshould list all sessions[22m[39m
[2025-11-19T03:26:16.457Z] INFO: FileSessionStore closed

[90mstdout[2m | tests/integration/index-handlers.test.ts[2m > [22m[2mIndex.ts Handler Functions[2m > [22m[2mHandler Functions[2m > [22m[2mhandleAddThought()[2m > [22m[2mshould create new session if sessionId not provided[22m[39m
[2025-11-19T03:26:16.266Z] INFO: Session created
  Context: {
  "sessionId": "46dc5ca5-c1cf-461a-8dbf-13714f311aaf",
  "title": "Test Session",
  "mode": "sequential"
}

[90mstdout[2m | tests/integration/index-handlers.test.ts[2m > [22m[2mIndex.ts Handler Functions[2m > [22m[2mHandler Functions[2m > [22m[2mhandleAddThought()[2m > [22m[2mshould add thought to existing session[22m[39m
[2025-11-19T03:26:16.269Z] INFO: Session created
  Context: {
  "sessionId": "da95cc58-e01f-493d-ba9c-2a500e5a3b6e",
  "title": "Test Session",
  "mode": "sequential"
}

[90mstdout[2m | tests/integration/index-handlers.test.ts[2m > [22m[2mIndex.ts Handler Functions[2m > [22m[2mHandler Functions[2m > [22m[2mhandleAddThought()[2m > [22m[2mshould handle all 13 modes in add_thought[22m[39m
[2025-11-19T03:26:16.273Z] INFO: Session created
  Context: {
  "sessionId": "c94d8579-656c-4b98-842d-5f1a2a724739",
  "title": "Test sequential",
  "mode": "sequential"
}
[2025-11-19T03:26:16.274Z] INFO: Session completed
  Context: {
  "sessionId": "c94d8579-656c-4b98-842d-5f1a2a724739",
  "title": "Test sequential",
  "totalThoughts": 1
}
[2025-11-19T03:26:16.274Z] INFO: Session created
  Context: {
  "sessionId": "81004f5e-6f72-489b-bc81-bd132056ff92",
  "title": "Test shannon",
  "mode": "shannon"
}
[2025-11-19T03:26:16.275Z] INFO: Session completed
  Context: {
  "sessionId": "81004f5e-6f72-489b-bc81-bd132056ff92",
  "title": "Test shannon",
  "totalThoughts": 1
}
[2025-11-19T03:26:16.275Z] INFO: Session created
  Context: {
  "sessionId": "570ba02d-7f34-449e-afe6-92f177ff3b63",
  "title": "Test mathematics",
  "mode": "mathematics"
}
[2025-11-19T03:26:16.276Z] INFO: Session completed
  Context: {
  "sessionId": "570ba02d-7f34-449e-afe6-92f177ff3b63",
  "title": "Test mathematics",
  "totalThoughts": 1
}
[2025-11-19T03:26:16.277Z] INFO: Session created
  Context: {
  "sessionId": "af999844-f6bf-4a72-8fc2-fa7f47d00f8a",
  "title": "Test physics",
  "mode": "physics"
}
[2025-11-19T03:26:16.277Z] INFO: Session completed
  Context: {
  "sessionId": "af999844-f6bf-4a72-8fc2-fa7f47d00f8a",
  "title": "Test physics",
  "totalThoughts": 1
}
[2025-11-19T03:26:16.345Z] INFO: Session created
  Context: {
  "sessionId": "ca717eb8-2b5d-4f03-b713-4f325e4fc3a2",
  "title": "Test hybrid",
  "mode": "hybrid"
}
[2025-11-19T03:26:16.345Z] INFO: Session completed
  Context: {
  "sessionId": "ca717eb8-2b5d-4f03-b713-4f325e4fc3a2",
  "title": "Test hybrid",
  "totalThoughts": 1
}
[2025-11-19T03:26:16.345Z] INFO: Session created
  Context: {
  "sessionId": "592f339a-c152-4284-af39-1a1a9d4315ff",
  "title": "Test abductive",
  "mode": "abductive"
}
[2025-11-19T03:26:16.345Z] INFO: Session completed
  Context: {
  "sessionId": "592f339a-c152-4284-af39-1a1a9d4315ff",
  "title": "Test abductive",
  "totalThoughts": 1
}
[2025-11-19T03:26:16.346Z] INFO: Session created
  Context: {
  "sessionId": "a197ab8a-bc94-49ea-9daf-467b8a831569",
  "title": "Test causal",
  "mode": "causal"
}
[2025-11-19T03:26:16.346Z] INFO: Session completed
  Context: {
  "sessionId": "a197ab8a-bc94-49ea-9daf-467b8a831569",
  "title": "Test causal",
  "totalThoughts": 1
}
[2025-11-19T03:26:16.346Z] INFO: Session created
  Context: {
  "sessionId": "c0b855a4-103a-4fda-ba86-fe62e1615ad2",
  "title": "Test bayesian",
  "mode": "bayesian"
}
[2025-11-19T03:26:16.347Z] INFO: Session completed
  Context: {
  "sessionId": "c0b855a4-103a-4fda-ba86-fe62e1615ad2",
  "title": "Test bayesian",
  "totalThoughts": 1
}
[2025-11-19T03:26:16.347Z] INFO: Session created
  Context: {
  "sessionId": "2f876a87-0f2f-4209-8ef8-46f91f337c0a",
  "title": "Test counterfactual",
  "mode": "counterfactual"
}
[2025-11-19T03:26:16.348Z] INFO: Session completed
  Context: {
  "sessionId": "2f876a87-0f2f-4209-8ef8-46f91f337c0a",
  "title": "Test counterfactual",
  "totalThoughts": 1
}
[2025-11-19T03:26:16.349Z] INFO: Session created
  Context: {
  "sessionId": "fe121f5e-8fa7-4f72-8452-409a6186bf7b",
  "title": "Test analogical",
  "mode": "analogical"
}
[2025-11-19T03:26:16.349Z] INFO: Session completed
  Context: {
  "sessionId": "fe121f5e-8fa7-4f72-8452-409a6186bf7b",
  "title": "Test analogical",
  "totalThoughts": 1
}
[2025-11-19T03:26:16.349Z] INFO: Session created
  Context: {
  "sessionId": "725d81ba-ae28-4b7e-ad8b-b19cc6bbcd34",
  "title": "Test temporal",
  "mode": "temporal"
}
[2025-11-19T03:26:16.350Z] INFO: Session completed
  Context: {
  "sessionId": "725d81ba-ae28-4b7e-ad8b-b19cc6bbcd34",
  "title": "Test temporal",
  "totalThoughts": 1
}
[2025-11-19T03:26:16.350Z] INFO: Session created
  Context: {
  "sessionId": "8cde0dac-3f60-4aa0-910a-4191477df25a",
  "title": "Test gametheory",
  "mode": "gametheory"
}
[2025-11-19T03:26:16.350Z] INFO: Session completed
  Context: {
  "sessionId": "8cde0dac-3f60-4aa0-910a-4191477df25a",
  "title": "Test gametheory",
  "totalThoughts": 1
}
[2025-11-19T03:26:16.351Z] INFO: Session created
  Context: {
  "sessionId": "b5f3e3ba-f2c3-4603-807f-e3666772f80e",
  "title": "Test evidential",
  "mode": "evidential"
}
[2025-11-19T03:26:16.352Z] INFO: Session completed
  Context: {
  "sessionId": "b5f3e3ba-f2c3-4603-807f-e3666772f80e",
  "title": "Test evidential",
  "totalThoughts": 1
}

[90mstdout[2m | tests/integration/index-handlers.test.ts[2m > [22m[2mIndex.ts Handler Functions[2m > [22m[2mHandler Functions[2m > [22m[2mhandleSummarize()[2m > [22m[2mshould generate summary for session with thoughts[22m[39m
[2025-11-19T03:26:16.356Z] INFO: Session created
  Context: {
  "sessionId": "de66c718-aacf-42bb-b885-87368cb361a5",
  "title": "Test Session",
  "mode": "sequential"
}

[90mstdout[2m | tests/integration/index-handlers.test.ts[2m > [22m[2mIndex.ts Handler Functions[2m > [22m[2mHandler Functions[2m > [22m[2mhandleSummarize()[2m > [22m[2mshould generate summary for empty session[22m[39m
[2025-11-19T03:26:16.359Z] INFO: Session created
  Context: {
  "sessionId": "d07c3e29-cb6a-44e2-abf8-4611326a7a1d",
  "title": "Empty Session",
  "mode": "sequential"
}

[90mstdout[2m | tests/integration/index-handlers.test.ts[2m > [22m[2mIndex.ts Handler Functions[2m > [22m[2mHandler Functions[2m > [22m[2mhandleSwitchMode()[2m > [22m[2mshould switch mode successfully[22m[39m
[2025-11-19T03:26:16.362Z] INFO: Session created
  Context: {
  "sessionId": "77e6f9b0-d260-44ed-91d5-c093c40a95ee",
  "title": "Test Session",
  "mode": "sequential"
}
[2025-11-19T03:26:16.362Z] INFO: Session mode switched
  Context: {
  "sessionId": "77e6f9b0-d260-44ed-91d5-c093c40a95ee",
  "oldMode": "sequential",
  "newMode": "shannon",
  "reason": "User requested mode switch"
}

[90mstdout[2m | tests/integration/index-handlers.test.ts[2m > [22m[2mIndex.ts Handler Functions[2m > [22m[2mHandler Functions[2m > [22m[2mhandleSwitchMode()[2m > [22m[2mshould switch between all 13 modes[22m[39m
[2025-11-19T03:26:16.363Z] INFO: Session created
  Context: {
  "sessionId": "75b6161f-76b7-4556-839e-7eda74defb2e",
  "title": "Multi-mode Session",
  "mode": "hybrid"
}
[2025-11-19T03:26:16.363Z] INFO: Session mode switched
  Context: {
  "sessionId": "75b6161f-76b7-4556-839e-7eda74defb2e",
  "oldMode": "hybrid",
  "newMode": "sequential",
  "reason": "Switching to sequential"
}
[2025-11-19T03:26:16.363Z] INFO: Session mode switched
  Context: {
  "sessionId": "75b6161f-76b7-4556-839e-7eda74defb2e",
  "oldMode": "sequential",
  "newMode": "shannon",
  "reason": "Switching to shannon"
}
[2025-11-19T03:26:16.363Z] INFO: Session mode switched
  Context: {
  "sessionId": "75b6161f-76b7-4556-839e-7eda74defb2e",
  "oldMode": "shannon",
  "newMode": "mathematics",
  "reason": "Switching to mathematics"
}
[2025-11-19T03:26:16.363Z] INFO: Session mode switched
  Context: {
  "sessionId": "75b6161f-76b7-4556-839e-7eda74defb2e",
  "oldMode": "mathematics",
  "newMode": "physics",
  "reason": "Switching to physics"
}
[2025-11-19T03:26:16.363Z] INFO: Session mode switched
  Context: {
  "sessionId": "75b6161f-76b7-4556-839e-7eda74defb2e",
  "oldMode": "physics",
  "newMode": "abductive",
  "reason": "Switching to abductive"
}
[2025-11-19T03:26:16.364Z] INFO: Session mode switched
  Context: {
  "sessionId": "75b6161f-76b7-4556-839e-7eda74defb2e",
  "oldMode": "abductive",
  "newMode": "causal",
  "reason": "Switching to causal"
}
[2025-11-19T03:26:16.364Z] INFO: Session mode switched
  Context: {
  "sessionId": "75b6161f-76b7-4556-839e-7eda74defb2e",
  "oldMode": "causal",
  "newMode": "bayesian",
  "reason": "Switching to bayesian"
}
[2025-11-19T03:26:16.364Z] INFO: Session mode switched
  Context: {
  "sessionId": "75b6161f-76b7-4556-839e-7eda74defb2e",
  "oldMode": "bayesian",
  "newMode": "counterfactual",
  "reason": "Switching to counterfactual"
}
[2025-11-19T03:26:16.364Z] INFO: Session mode switched
  Context: {
  "sessionId": "75b6161f-76b7-4556-839e-7eda74defb2e",
  "oldMode": "counterfactual",
  "newMode": "analogical",
  "reason": "Switching to analogical"
}
[2025-11-19T03:26:16.364Z] INFO: Session mode switched
  Context: {
  "sessionId": "75b6161f-76b7-4556-839e-7eda74defb2e",
  "oldMode": "analogical",
  "newMode": "temporal",
  "reason": "Switching to temporal"
}
[2025-11-19T03:26:16.364Z] INFO: Session mode switched
  Context: {
  "sessionId": "75b6161f-76b7-4556-839e-7eda74defb2e",
  "oldMode": "temporal",
  "newMode": "gametheory",
  "reason": "Switching to gametheory"
}
[2025-11-19T03:26:16.364Z] INFO: Session mode switched
  Context: {
  "sessionId": "75b6161f-76b7-4556-839e-7eda74defb2e",
  "oldMode": "gametheory",
  "newMode": "evidential",
  "reason": "Switching to evidential"
}
[2025-11-19T03:26:16.364Z] INFO: Session mode switched
  Context: {
  "sessionId": "75b6161f-76b7-4556-839e-7eda74defb2e",
  "oldMode": "evidential",
  "newMode": "hybrid",
  "reason": "Switching to hybrid"
}

[90mstdout[2m | tests/integration/index-handlers.test.ts[2m > [22m[2mIndex.ts Handler Functions[2m > [22m[2mHandler Functions[2m > [22m[2mhandleGetSession()[2m > [22m[2mshould retrieve session with all properties[22m[39m
[2025-11-19T03:26:16.460Z] INFO: Session created
  Context: {
  "sessionId": "d704095f-2075-461c-8cc0-aaa7c8a79610",
  "title": "Test Session",
  "mode": "sequential"
}

[90mstdout[2m | tests/integration/index-handlers.test.ts[2m > [22m[2mIndex.ts Handler Functions[2m > [22m[2mHandler Functions[2m > [22m[2mhandleGetSession()[2m > [22m[2mshould retrieve session with thoughts[22m[39m
[2025-11-19T03:26:16.462Z] INFO: Session created
  Context: {
  "sessionId": "507349a9-af28-441f-be3d-05939c6fc6b6",
  "title": "Session with Thoughts",
  "mode": "sequential"
}
[2025-11-19T03:26:16.462Z] INFO: Session completed
  Context: {
  "sessionId": "507349a9-af28-441f-be3d-05939c6fc6b6",
  "title": "Session with Thoughts",
  "totalThoughts": 1
}

[90mstdout[2m | tests/integration/index-handlers.test.ts[2m > [22m[2mIndex.ts Handler Functions[2m > [22m[2mHandler Functions[2m > [22m[2mhandleExport()[2m > [22m[2mshould export session in JSON format[22m[39m
[2025-11-19T03:26:16.463Z] INFO: Session created
  Context: {
  "sessionId": "62225189-10bb-47b7-b8ad-ae8ae4fe9923",
  "title": "Export Test",
  "mode": "sequential"
}
[2025-11-19T03:26:16.463Z] INFO: Session completed
  Context: {
  "sessionId": "62225189-10bb-47b7-b8ad-ae8ae4fe9923",
  "title": "Export Test",
  "totalThoughts": 1
}

 [32m✓[39m tests/integration/index-handlers.test.ts [2m ([22m[2m33 tests[22m[2m)[22m[33m 449[2mms[22m[39m
[90mstdout[2m | tests/unit/file-store.test.ts[2m > [22m[2mFileSessionStore[2m > [22m[2mlistSessions[2m > [22m[2mshould return empty array when no sessions exist[22m[39m
[2025-11-19T03:26:16.476Z] INFO: FileSessionStore initialized
  Context: {
  "baseDir": "C:\\Users\\danie\\AppData\\Local\\Temp\\deepthinking-test-918fa792-1e93-4589-9bcb-4c090f87aea7",
  "config": {
    "autoSave": true,
    "autoSaveDelay": 1000,
    "enableCompression": false,
    "maxSessions": 1000,
    "maxSessionAge": 2592000000,
    "enableEncryption": false,
    "serialization": {
      "prettyPrint": false,
      "includeMetadata": true
    }
  }
}
[2025-11-19T03:26:16.477Z] INFO: FileSessionStore closed

[90mstdout[2m | tests/unit/file-store.test.ts[2m > [22m[2mFileSessionStore[2m > [22m[2mlistSessions[2m > [22m[2mshould include correct metadata fields[22m[39m
[2025-11-19T03:26:16.484Z] INFO: FileSessionStore initialized
  Context: {
  "baseDir": "C:\\Users\\danie\\AppData\\Local\\Temp\\deepthinking-test-e56ce7ba-e995-4210-9d15-1acbc2c17f92",
  "config": {
    "autoSave": true,
    "autoSaveDelay": 1000,
    "enableCompression": false,
    "maxSessions": 1000,
    "maxSessionAge": 2592000000,
    "enableEncryption": false,
    "serialization": {
      "prettyPrint": false,
      "includeMetadata": true
    }
  }
}

[90mstdout[2m | tests/unit/file-store.test.ts[2m > [22m[2mFileSessionStore[2m > [22m[2mlistSessions[2m > [22m[2mshould include correct metadata fields[22m[39m
[2025-11-19T03:26:16.490Z] INFO: FileSessionStore closed

[90mstdout[2m | tests/unit/file-store.test.ts[2m > [22m[2mFileSessionStore[2m > [22m[2mexists[2m > [22m[2mshould return true for existing session[22m[39m
[2025-11-19T03:26:16.506Z] INFO: FileSessionStore initialized
  Context: {
  "baseDir": "C:\\Users\\danie\\AppData\\Local\\Temp\\deepthinking-test-2086aa89-ccea-448e-aac3-1d4965e5d7e2",
  "config": {
    "autoSave": true,
    "autoSaveDelay": 1000,
    "enableCompression": false,
    "maxSessions": 1000,
    "maxSessionAge": 2592000000,
    "enableEncryption": false,
    "serialization": {
      "prettyPrint": false,
      "includeMetadata": true
    }
  }
}

[90mstdout[2m | tests/unit/file-store.test.ts[2m > [22m[2mFileSessionStore[2m > [22m[2mexists[2m > [22m[2mshould return true for existing session[22m[39m
[2025-11-19T03:26:16.510Z] INFO: FileSessionStore closed

[90mstdout[2m | tests/unit/file-store.test.ts[2m > [22m[2mFileSessionStore[2m > [22m[2mexists[2m > [22m[2mshould return false for non-existent session[22m[39m
[2025-11-19T03:26:16.517Z] INFO: FileSessionStore initialized
  Context: {
  "baseDir": "C:\\Users\\danie\\AppData\\Local\\Temp\\deepthinking-test-dfa55098-d84e-4b93-b04d-0d31821fb5a8",
  "config": {
    "autoSave": true,
    "autoSaveDelay": 1000,
    "enableCompression": false,
    "maxSessions": 1000,
    "maxSessionAge": 2592000000,
    "enableEncryption": false,
    "serialization": {
      "prettyPrint": false,
      "includeMetadata": true
    }
  }
}
[2025-11-19T03:26:16.518Z] INFO: FileSessionStore closed

[90mstdout[2m | tests/unit/file-store.test.ts[2m > [22m[2mFileSessionStore[2m > [22m[2mgetStats[2m > [22m[2mshould return storage statistics[22m[39m
[2025-11-19T03:26:16.524Z] INFO: FileSessionStore initialized
  Context: {
  "baseDir": "C:\\Users\\danie\\AppData\\Local\\Temp\\deepthinking-test-467578e1-0f88-46af-91ad-8e3b8b378c90",
  "config": {
    "autoSave": true,
    "autoSaveDelay": 1000,
    "enableCompression": false,
    "maxSessions": 1000,
    "maxSessionAge": 2592000000,
    "enableEncryption": false,
    "serialization": {
      "prettyPrint": false,
      "includeMetadata": true
    }
  }
}

[90mstdout[2m | tests/unit/file-store.test.ts[2m > [22m[2mFileSessionStore[2m > [22m[2mgetStats[2m > [22m[2mshould return storage statistics[22m[39m
[2025-11-19T03:26:16.532Z] INFO: FileSessionStore closed

[90mstdout[2m | tests/unit/file-store.test.ts[2m > [22m[2mFileSessionStore[2m > [22m[2mgetStats[2m > [22m[2mshould calculate total thoughts correctly[22m[39m
[2025-11-19T03:26:16.544Z] INFO: FileSessionStore initialized
  Context: {
  "baseDir": "C:\\Users\\danie\\AppData\\Local\\Temp\\deepthinking-test-c50971b4-4d09-481e-a8d2-a25510f40973",
  "config": {
    "autoSave": true,
    "autoSaveDelay": 1000,
    "enableCompression": false,
    "maxSessions": 1000,
    "maxSessionAge": 2592000000,
    "enableEncryption": false,
    "serialization": {
      "prettyPrint": false,
      "includeMetadata": true
    }
  }
}

[90mstdout[2m | tests/unit/file-store.test.ts[2m > [22m[2mFileSessionStore[2m > [22m[2mgetStats[2m > [22m[2mshould calculate total thoughts correctly[22m[39m
[2025-11-19T03:26:16.553Z] INFO: FileSessionStore closed

[90mstdout[2m | tests/unit/file-store.test.ts[2m > [22m[2mFileSessionStore[2m > [22m[2mgetStats[2m > [22m[2mshould identify storage health status[22m[39m
[2025-11-19T03:26:16.567Z] INFO: FileSessionStore initialized
  Context: {
  "baseDir": "C:\\Users\\danie\\AppData\\Local\\Temp\\deepthinking-test-22051976-7761-4a9d-a549-d5ba00a4b0a0",
  "config": {
    "autoSave": true,
    "autoSaveDelay": 1000,
    "enableCompression": false,
    "maxSessions": 1000,
    "maxSessionAge": 2592000000,
    "enableEncryption": false,
    "serialization": {
      "prettyPrint": false,
      "includeMetadata": true
    }
  }
}

[90mstdout[2m | tests/unit/file-store.test.ts[2m > [22m[2mFileSessionStore[2m > [22m[2mgetStats[2m > [22m[2mshould identify storage health status[22m[39m
[2025-11-19T03:26:16.569Z] INFO: FileSessionStore initialized
  Context: {
  "baseDir": "C:\\Users\\danie\\AppData\\Local\\Temp\\deepthinking-test-22051976-7761-4a9d-a549-d5ba00a4b0a0",
  "config": {
    "autoSave": true,
    "autoSaveDelay": 1000,
    "enableCompression": false,
    "maxSessions": 10,
    "maxSessionAge": 2592000000,
    "enableEncryption": false,
    "serialization": {
      "prettyPrint": false,
      "includeMetadata": true
    }
  }
}

[90mstdout[2m | tests/benchmarks/validation-performance.test.ts[2m > [22m[2mValidation Performance Benchmark[2m > [22m[2mshould show significant performance improvement for cache hits[22m[39m

📊 Validation Cache Benchmark: Testing cache performance

🔴 First validation (cache miss):
   Time: 2.9619ms
   Valid: true
   Confidence: 0.70

🟢 Second validation (cache hit):
   Time: 0.1882ms
   Valid: true
   Confidence: 0.70

📈 Performance Analysis:
   Cache miss time: 2.9619ms
   Cache hit time: 0.1882ms
   Speedup: 15.74x
   Hit rate: 50.0%

🎯 Result: EXCELLENT (≥10x)

[90mstdout[2m | tests/benchmarks/validation-performance.test.ts[2m > [22m[2mValidation Performance Benchmark[2m > [22m[2mshould maintain O(1) lookup complexity regardless of cache size[22m[39m

📈 Complexity Analysis: Testing O(1) cache lookup
   Cache size 10: 0.0439ms per lookup
   Cache size 50: 0.0367ms per lookup
   Cache size 100: 0.0367ms per lookup

   Min: 0.0367ms, Max: 0.0439ms, Ratio: 1.20x
   Complexity: O(1) ✅

[90mstdout[2m | tests/benchmarks/validation-performance.test.ts[2m > [22m[2mValidation Performance Benchmark[2m > [22m[2mshould handle high cache hit rates efficiently[22m[39m

📊 High-Volume Test: Simulating realistic usage patterns
   Running 100 validations (5 unique thoughts, repeated pattern)...

📈 Results:
   Total validations: 100
   Cache misses: 5 (avg 0.2369ms)
   Cache hits: 95 (avg 0.1161ms)
   Average speedup: 2.04x
   Hit rate: 95.0%
   Cache size: 5/1000

🎯 Overall Performance: ACCEPTABLE

 [32m✓[39m tests/benchmarks/validation-performance.test.ts [2m ([22m[2m3 tests[22m[2m)[22m[90m 93[2mms[22m[39m
[90mstdout[2m | tests/unit/file-store.test.ts[2m > [22m[2mFileSessionStore[2m > [22m[2mgetStats[2m > [22m[2mshould identify storage health status[22m[39m
[2025-11-19T03:26:16.717Z] INFO: FileSessionStore closed
[2025-11-19T03:26:16.717Z] INFO: FileSessionStore closed

[90mstdout[2m | tests/unit/file-store.test.ts[2m > [22m[2mFileSessionStore[2m > [22m[2mcleanup[2m > [22m[2mshould clean up old sessions[22m[39m
[2025-11-19T03:26:16.791Z] INFO: FileSessionStore initialized
  Context: {
  "baseDir": "C:\\Users\\danie\\AppData\\Local\\Temp\\deepthinking-test-cba7a7b0-98e2-482d-8ec0-86ad38dc8e3c",
  "config": {
    "autoSave": true,
    "autoSaveDelay": 1000,
    "enableCompression": false,
    "maxSessions": 1000,
    "maxSessionAge": 2592000000,
    "enableEncryption": false,
    "serialization": {
      "prettyPrint": false,
      "includeMetadata": true
    }
  }
}

[90mstdout[2m | tests/unit/file-store.test.ts[2m > [22m[2mFileSessionStore[2m > [22m[2mcleanup[2m > [22m[2mshould clean up old sessions[22m[39m
[2025-11-19T03:26:16.859Z] INFO: Session deleted
  Context: {
  "sessionId": "c977de79-6a41-493e-a0d0-a45453bba821"
}
[2025-11-19T03:26:16.859Z] INFO: Cleanup completed
  Context: {
  "cleanedCount": 1,
  "maxAgeMs": 604800000,
  "remaining": 1
}
[2025-11-19T03:26:16.861Z] INFO: FileSessionStore closed

[90mstdout[2m | tests/unit/file-store.test.ts[2m > [22m[2mFileSessionStore[2m > [22m[2mcleanup[2m > [22m[2mshould return 0 when no sessions need cleanup[22m[39m
[2025-11-19T03:26:16.926Z] INFO: FileSessionStore initialized
  Context: {
  "baseDir": "C:\\Users\\danie\\AppData\\Local\\Temp\\deepthinking-test-a42a2042-75c4-4304-aec0-96a3bdfb9896",
  "config": {
    "autoSave": true,
    "autoSaveDelay": 1000,
    "enableCompression": false,
    "maxSessions": 1000,
    "maxSessionAge": 2592000000,
    "enableEncryption": false,
    "serialization": {
      "prettyPrint": false,
      "includeMetadata": true
    }
  }
}

[90mstdout[2m | tests/unit/file-store.test.ts[2m > [22m[2mFileSessionStore[2m > [22m[2mcleanup[2m > [22m[2mshould return 0 when no sessions need cleanup[22m[39m
[2025-11-19T03:26:16.955Z] INFO: FileSessionStore closed

[90mstdout[2m | tests/unit/file-store.test.ts[2m > [22m[2mFileSessionStore[2m > [22m[2mconcurrent operations[2m > [22m[2mshould handle concurrent saves[22m[39m
[2025-11-19T03:26:16.971Z] INFO: FileSessionStore initialized
  Context: {
  "baseDir": "C:\\Users\\danie\\AppData\\Local\\Temp\\deepthinking-test-cb45c85d-e1cd-4343-aaa2-c4b5f16ae5ec",
  "config": {
    "autoSave": true,
    "autoSaveDelay": 1000,
    "enableCompression": false,
    "maxSessions": 1000,
    "maxSessionAge": 2592000000,
    "enableEncryption": false,
    "serialization": {
      "prettyPrint": false,
      "includeMetadata": true
    }
  }
}

[90mstdout[2m | tests/unit/file-store.test.ts[2m > [22m[2mFileSessionStore[2m > [22m[2mconcurrent operations[2m > [22m[2mshould handle concurrent saves[22m[39m
[2025-11-19T03:26:16.999Z] INFO: FileSessionStore closed

[90mstdout[2m | tests/unit/file-store.test.ts[2m > [22m[2mFileSessionStore[2m > [22m[2mconcurrent operations[2m > [22m[2mshould handle concurrent reads[22m[39m
[2025-11-19T03:26:17.032Z] INFO: FileSessionStore initialized
  Context: {
  "baseDir": "C:\\Users\\danie\\AppData\\Local\\Temp\\deepthinking-test-d3f152c3-eea2-4d55-81f5-3ae20629282c",
  "config": {
    "autoSave": true,
    "autoSaveDelay": 1000,
    "enableCompression": false,
    "maxSessions": 1000,
    "maxSessionAge": 2592000000,
    "enableEncryption": false,
    "serialization": {
      "prettyPrint": false,
      "includeMetadata": true
    }
  }
}

[90mstdout[2m | tests/unit/file-store.test.ts[2m > [22m[2mFileSessionStore[2m > [22m[2mconcurrent operations[2m > [22m[2mshould handle concurrent reads[22m[39m
[2025-11-19T03:26:17.050Z] INFO: FileSessionStore closed

[90mstdout[2m | tests/unit/file-store.test.ts[2m > [22m[2mFileSessionStore[2m > [22m[2merror handling[2m > [22m[2mshould handle invalid session data gracefully[22m[39m
[2025-11-19T03:26:17.075Z] INFO: FileSessionStore initialized
  Context: {
  "baseDir": "C:\\Users\\danie\\AppData\\Local\\Temp\\deepthinking-test-fba3dff3-5b0e-413a-8c9b-661f4593e535",
  "config": {
    "autoSave": true,
    "autoSaveDelay": 1000,
    "enableCompression": false,
    "maxSessions": 1000,
    "maxSessionAge": 2592000000,
    "enableEncryption": false,
    "serialization": {
      "prettyPrint": false,
      "includeMetadata": true
    }
  }
}

[90mstderr[2m | tests/unit/file-store.test.ts[2m > [22m[2mFileSessionStore[2m > [22m[2merror handling[2m > [22m[2mshould handle invalid session data gracefully[22m[39m
[2025-11-19T03:26:17.116Z] ERROR: Failed to load session
  Error: undefined

[90mstdout[2m | tests/unit/file-store.test.ts[2m > [22m[2mFileSessionStore[2m > [22m[2merror handling[2m > [22m[2mshould handle invalid session data gracefully[22m[39m
[2025-11-19T03:26:17.117Z] INFO: FileSessionStore closed

[90mstdout[2m | tests/unit/file-store.test.ts[2m > [22m[2mFileSessionStore[2m > [22m[2merror handling[2m > [22m[2mshould handle operations before initialization[22m[39m
[2025-11-19T03:26:17.201Z] INFO: FileSessionStore initialized
  Context: {
  "baseDir": "C:\\Users\\danie\\AppData\\Local\\Temp\\deepthinking-test-cff99108-a11f-4f98-aae8-d4f40b6ea6e7",
  "config": {
    "autoSave": true,
    "autoSaveDelay": 1000,
    "enableCompression": false,
    "maxSessions": 1000,
    "maxSessionAge": 2592000000,
    "enableEncryption": false,
    "serialization": {
      "prettyPrint": false,
      "includeMetadata": true
    }
  }
}

[90mstdout[2m | tests/unit/file-store.test.ts[2m > [22m[2mFileSessionStore[2m > [22m[2merror handling[2m > [22m[2mshould handle operations before initialization[22m[39m
[2025-11-19T03:26:17.206Z] INFO: FileSessionStore initialized
  Context: {
  "baseDir": "C:\\Users\\danie\\AppData\\Local\\Temp\\deepthinking-test-cff99108-a11f-4f98-aae8-d4f40b6ea6e7",
  "config": {
    "autoSave": true,
    "autoSaveDelay": 1000,
    "enableCompression": false,
    "maxSessions": 1000,
    "maxSessionAge": 2592000000,
    "enableEncryption": false,
    "serialization": {
      "prettyPrint": false,
      "includeMetadata": true
    }
  }
}

[90mstdout[2m | tests/unit/file-store.test.ts[2m > [22m[2mFileSessionStore[2m > [22m[2merror handling[2m > [22m[2mshould handle operations before initialization[22m[39m
[2025-11-19T03:26:17.230Z] INFO: FileSessionStore closed
[2025-11-19T03:26:17.230Z] INFO: FileSessionStore closed

 [32m✓[39m tests/unit/file-store.test.ts [2m ([22m[2m27 tests[22m[2m)[22m[33m 1945[2mms[22m[39m
[90mstdout[2m | tests/integration/multi-session.test.ts[2m > [22m[2mMulti-Session and Concurrent Scenarios[2m > [22m[2mMultiple Session Management[2m > [22m[2mshould create and manage multiple sessions independently[22m[39m
[2025-11-19T03:26:18.235Z] INFO: Session created
  Context: {
  "sessionId": "67ae20af-ba59-4579-87e8-b14d2ece5ea3",
  "title": "Session 1",
  "mode": "sequential"
}
[2025-11-19T03:26:18.237Z] INFO: Session created
  Context: {
  "sessionId": "95f21d21-ac68-4a71-bcb6-cb7b209dad43",
  "title": "Session 2",
  "mode": "shannon"
}
[2025-11-19T03:26:18.237Z] INFO: Session created
  Context: {
  "sessionId": "6d2addce-3bdd-4219-be22-60c5d9be67a6",
  "title": "Session 3",
  "mode": "mathematics"
}
[2025-11-19T03:26:18.237Z] INFO: Session created
  Context: {
  "sessionId": "90d405be-3b12-4398-8599-5c3700b97ca1",
  "title": "Session 4",
  "mode": "physics"
}
[2025-11-19T03:26:18.237Z] INFO: Session created
  Context: {
  "sessionId": "44dc7a56-aafb-467c-82d3-f3e23a92d1a4",
  "title": "Session 5",
  "mode": "hybrid"
}

[90mstdout[2m | tests/integration/multi-session.test.ts[2m > [22m[2mMulti-Session and Concurrent Scenarios[2m > [22m[2mMultiple Session Management[2m > [22m[2mshould maintain session isolation (changes in one do not affect others)[22m[39m
[2025-11-19T03:26:18.244Z] INFO: Session created
  Context: {
  "sessionId": "b1c81cb2-8ded-4962-9d2f-551eb9f435be",
  "title": "Isolated Session 1",
  "mode": "sequential"
}
[2025-11-19T03:26:18.245Z] INFO: Session created
  Context: {
  "sessionId": "3fd053a2-47d7-4182-84a6-1f0b4c33056a",
  "title": "Isolated Session 2",
  "mode": "sequential"
}

[90mstdout[2m | tests/integration/multi-session.test.ts[2m > [22m[2mMulti-Session and Concurrent Scenarios[2m > [22m[2mMultiple Session Management[2m > [22m[2mshould handle mode switching independently across sessions[22m[39m
[2025-11-19T03:26:18.252Z] INFO: Session created
  Context: {
  "sessionId": "7dd953a8-3191-472b-8565-03b03b957160",
  "title": "S1",
  "mode": "sequential"
}
[2025-11-19T03:26:18.252Z] INFO: Session created
  Context: {
  "sessionId": "920377d8-0e1b-479e-adc0-1911c8375244",
  "title": "S2",
  "mode": "sequential"
}
[2025-11-19T03:26:18.253Z] INFO: Session created
  Context: {
  "sessionId": "217e536d-8884-4c87-9d80-d33148f10e01",
  "title": "S3",
  "mode": "sequential"
}
[2025-11-19T03:26:18.253Z] INFO: Session mode switched
  Context: {
  "sessionId": "7dd953a8-3191-472b-8565-03b03b957160",
  "oldMode": "sequential",
  "newMode": "mathematics",
  "reason": "Switch to math"
}
[2025-11-19T03:26:18.253Z] INFO: Session mode switched
  Context: {
  "sessionId": "920377d8-0e1b-479e-adc0-1911c8375244",
  "oldMode": "sequential",
  "newMode": "physics",
  "reason": "Switch to physics"
}

[90mstdout[2m | tests/integration/multi-session.test.ts[2m > [22m[2mMulti-Session and Concurrent Scenarios[2m > [22m[2mMultiple Session Management[2m > [22m[2mshould handle completion status independently across sessions[22m[39m
[2025-11-19T03:26:18.256Z] INFO: Session created
  Context: {
  "sessionId": "c1de82c0-a1bb-4df9-9af1-e895f4bcdc67",
  "title": "S1",
  "mode": "sequential"
}
[2025-11-19T03:26:18.256Z] INFO: Session created
  Context: {
  "sessionId": "6775ddd9-41f7-4402-8d03-9fef254c1b57",
  "title": "S2",
  "mode": "sequential"
}
[2025-11-19T03:26:18.256Z] INFO: Session completed
  Context: {
  "sessionId": "c1de82c0-a1bb-4df9-9af1-e895f4bcdc67",
  "title": "S1",
  "totalThoughts": 1
}

[90mstdout[2m | tests/integration/multi-session.test.ts[2m > [22m[2mMulti-Session and Concurrent Scenarios[2m > [22m[2mConcurrent Operations on Same Session[2m > [22m[2mshould handle concurrent thought additions to same session[22m[39m
[2025-11-19T03:26:18.258Z] INFO: Session created
  Context: {
  "sessionId": "3b61169a-ceef-4c7c-8b46-e1fba53c20e4",
  "title": "Concurrent Test",
  "mode": "sequential"
}
[2025-11-19T03:26:18.259Z] INFO: Session completed
  Context: {
  "sessionId": "3b61169a-ceef-4c7c-8b46-e1fba53c20e4",
  "title": "Concurrent Test",
  "totalThoughts": 3
}

[90mstdout[2m | tests/integration/multi-session.test.ts[2m > [22m[2mMulti-Session and Concurrent Scenarios[2m > [22m[2mConcurrent Operations on Same Session[2m > [22m[2mshould handle concurrent retrieval of same session[22m[39m
[2025-11-19T03:26:18.260Z] INFO: Session created
  Context: {
  "sessionId": "13032b0a-4f41-4b8e-9695-a97e680a2504",
  "title": "Concurrent Retrieval",
  "mode": "sequential"
}

[90mstdout[2m | tests/integration/multi-session.test.ts[2m > [22m[2mMulti-Session and Concurrent Scenarios[2m > [22m[2mConcurrent Operations on Same Session[2m > [22m[2mshould handle concurrent mode switches on same session[22m[39m
[2025-11-19T03:26:18.261Z] INFO: Session created
  Context: {
  "sessionId": "206efcb2-3d51-407e-b8eb-9543fa342079",
  "title": "Mode Switch Race",
  "mode": "sequential"
}
[2025-11-19T03:26:18.262Z] INFO: Session mode switched
  Context: {
  "sessionId": "206efcb2-3d51-407e-b8eb-9543fa342079",
  "oldMode": "sequential",
  "newMode": "mathematics",
  "reason": "Switch 1"
}
[2025-11-19T03:26:18.262Z] INFO: Session mode switched
  Context: {
  "sessionId": "206efcb2-3d51-407e-b8eb-9543fa342079",
  "oldMode": "mathematics",
  "newMode": "physics",
  "reason": "Switch 2"
}
[2025-11-19T03:26:18.262Z] INFO: Session mode switched
  Context: {
  "sessionId": "206efcb2-3d51-407e-b8eb-9543fa342079",
  "oldMode": "physics",
  "newMode": "hybrid",
  "reason": "Switch 3"
}

[90mstdout[2m | tests/integration/multi-session.test.ts[2m > [22m[2mMulti-Session and Concurrent Scenarios[2m > [22m[2mConcurrent Operations Across Different Sessions[2m > [22m[2mshould handle concurrent operations on different sessions[22m[39m
[2025-11-19T03:26:18.264Z] INFO: Session created
  Context: {
  "sessionId": "1ba33d89-cfec-44cd-9080-cdcfb397ac98",
  "title": "S1",
  "mode": "sequential"
}
[2025-11-19T03:26:18.264Z] INFO: Session created
  Context: {
  "sessionId": "5b1413c1-7559-41be-8adb-a4e50e7b7aa2",
  "title": "S2",
  "mode": "shannon"
}
[2025-11-19T03:26:18.264Z] INFO: Session created
  Context: {
  "sessionId": "5fda708c-c90c-40d0-a6bb-237b321a2e0e",
  "title": "S3",
  "mode": "mathematics"
}
[2025-11-19T03:26:18.264Z] INFO: Session completed
  Context: {
  "sessionId": "1ba33d89-cfec-44cd-9080-cdcfb397ac98",
  "title": "S1",
  "totalThoughts": 1
}
[2025-11-19T03:26:18.264Z] INFO: Session mode switched
  Context: {
  "sessionId": "5b1413c1-7559-41be-8adb-a4e50e7b7aa2",
  "oldMode": "shannon",
  "newMode": "physics",
  "reason": "Switch mode"
}

[90mstdout[2m | tests/integration/multi-session.test.ts[2m > [22m[2mMulti-Session and Concurrent Scenarios[2m > [22m[2mConcurrent Operations Across Different Sessions[2m > [22m[2mshould handle concurrent session creation[22m[39m
[2025-11-19T03:26:18.266Z] INFO: Session created
  Context: {
  "sessionId": "ad1e47ac-1eaa-4ab3-bc01-3f35f0f97125",
  "title": "Session 1",
  "mode": "sequential"
}
[2025-11-19T03:26:18.266Z] INFO: Session created
  Context: {
  "sessionId": "b1a8cccd-1d4f-4c1a-a9ab-21e565a1a6dd",
  "title": "Session 2",
  "mode": "sequential"
}
[2025-11-19T03:26:18.266Z] INFO: Session created
  Context: {
  "sessionId": "d6f1efdd-507f-48b5-8b1b-6db0a648a250",
  "title": "Session 3",
  "mode": "sequential"
}
[2025-11-19T03:26:18.266Z] INFO: Session created
  Context: {
  "sessionId": "11320dce-6824-4d86-951f-6ef4a91afd0b",
  "title": "Session 4",
  "mode": "sequential"
}
[2025-11-19T03:26:18.266Z] INFO: Session created
  Context: {
  "sessionId": "0e42c3cb-6a52-4463-8f04-a1757c8833c1",
  "title": "Session 5",
  "mode": "sequential"
}
[2025-11-19T03:26:18.266Z] INFO: Session created
  Context: {
  "sessionId": "bd963894-6788-4558-a000-67a8cc7ac8d8",
  "title": "Session 6",
  "mode": "sequential"
}
[2025-11-19T03:26:18.266Z] INFO: Session created
  Context: {
  "sessionId": "e126adc4-c370-4d20-9e5c-6be91af81329",
  "title": "Session 7",
  "mode": "sequential"
}
[2025-11-19T03:26:18.266Z] INFO: Session created
  Context: {
  "sessionId": "8fab3d46-83d6-47f5-8c5e-39733fa7139c",
  "title": "Session 8",
  "mode": "sequential"
}
[2025-11-19T03:26:18.266Z] INFO: Session created
  Context: {
  "sessionId": "719759aa-7b9d-4356-9d49-567ae1cf51fb",
  "title": "Session 9",
  "mode": "sequential"
}
[2025-11-19T03:26:18.267Z] INFO: Session created
  Context: {
  "sessionId": "877a772f-a237-4623-967a-1f027ebff026",
  "title": "Session 10",
  "mode": "sequential"
}
[2025-11-19T03:26:18.267Z] INFO: Session created
  Context: {
  "sessionId": "a8543859-86e4-4dd7-8967-10bc44bb1c6c",
  "title": "Session 11",
  "mode": "sequential"
}
[2025-11-19T03:26:18.267Z] INFO: Session created
  Context: {
  "sessionId": "214ace59-4a12-47a7-ba7c-857a75e29479",
  "title": "Session 12",
  "mode": "sequential"
}
[2025-11-19T03:26:18.267Z] INFO: Session created
  Context: {
  "sessionId": "25a299fa-06f2-48a1-a550-3ba17564b9a5",
  "title": "Session 13",
  "mode": "sequential"
}
[2025-11-19T03:26:18.267Z] INFO: Session created
  Context: {
  "sessionId": "5bb403f9-01e7-48ca-a7c7-998798c71dda",
  "title": "Session 14",
  "mode": "sequential"
}
[2025-11-19T03:26:18.267Z] INFO: Session created
  Context: {
  "sessionId": "70a23951-b75f-46dd-ad78-ed86dffbb938",
  "title": "Session 15",
  "mode": "sequential"
}
[2025-11-19T03:26:18.267Z] INFO: Session created
  Context: {
  "sessionId": "52a7b4f4-c5c3-42b1-9eeb-d53ef5bdffae",
  "title": "Session 16",
  "mode": "sequential"
}
[2025-11-19T03:26:18.267Z] INFO: Session created
  Context: {
  "sessionId": "b96d1979-ece6-4d12-9442-569affa37c10",
  "title": "Session 17",
  "mode": "sequential"
}
[2025-11-19T03:26:18.267Z] INFO: Session created
  Context: {
  "sessionId": "be6e841e-cab7-4ee8-a970-39c0870d56ea",
  "title": "Session 18",
  "mode": "sequential"
}
[2025-11-19T03:26:18.267Z] INFO: Session created
  Context: {
  "sessionId": "7dfd6ef8-d604-4cf5-8ae5-67fadb4da838",
  "title": "Session 19",
  "mode": "sequential"
}
[2025-11-19T03:26:18.267Z] INFO: Session created
  Context: {
  "sessionId": "599f28bd-ec59-44d5-8dc3-b2d5aaa4ef7e",
  "title": "Session 20",
  "mode": "sequential"
}

[90mstdout[2m | tests/integration/multi-session.test.ts[2m > [22m[2mMulti-Session and Concurrent Scenarios[2m > [22m[2mConcurrent Operations Across Different Sessions[2m > [22m[2mshould handle concurrent summary generation for different sessions[22m[39m
[2025-11-19T03:26:18.272Z] INFO: Session created
  Context: {
  "sessionId": "dc6f77ce-242b-4eea-aa5f-d6115d479a8f",
  "title": "S1",
  "mode": "sequential"
}
[2025-11-19T03:26:18.272Z] INFO: Session created
  Context: {
  "sessionId": "c0de1b50-04b8-4304-9eef-8a2efbad9ef1",
  "title": "S2",
  "mode": "sequential"
}
[2025-11-19T03:26:18.273Z] INFO: Session created
  Context: {
  "sessionId": "7b012d3d-c7b4-4346-8e68-756603060386",
  "title": "S3",
  "mode": "sequential"
}
[2025-11-19T03:26:18.273Z] INFO: Session completed
  Context: {
  "sessionId": "dc6f77ce-242b-4eea-aa5f-d6115d479a8f",
  "title": "S1",
  "totalThoughts": 1
}
[2025-11-19T03:26:18.273Z] INFO: Session completed
  Context: {
  "sessionId": "c0de1b50-04b8-4304-9eef-8a2efbad9ef1",
  "title": "S2",
  "totalThoughts": 1
}
[2025-11-19T03:26:18.273Z] INFO: Session completed
  Context: {
  "sessionId": "7b012d3d-c7b4-4346-8e68-756603060386",
  "title": "S3",
  "totalThoughts": 1
}

[90mstdout[2m | tests/integration/multi-session.test.ts[2m > [22m[2mMulti-Session and Concurrent Scenarios[2m > [22m[2mResource Management with Many Sessions[2m > [22m[2mshould handle creation of many sessions[22m[39m
[2025-11-19T03:26:18.275Z] INFO: Session created
  Context: {
  "sessionId": "df402cea-c02a-45ec-acee-c3c9e651e1e3",
  "title": "Session 1",
  "mode": "sequential"
}
[2025-11-19T03:26:18.275Z] INFO: Session created
  Context: {
  "sessionId": "c4e5942e-8283-4408-aaf8-64b2d7c99650",
  "title": "Session 2",
  "mode": "sequential"
}
[2025-11-19T03:26:18.276Z] INFO: Session created
  Context: {
  "sessionId": "e6f45f03-4404-44ac-bfa7-1c1597446c07",
  "title": "Session 3",
  "mode": "sequential"
}
[2025-11-19T03:26:18.276Z] INFO: Session created
  Context: {
  "sessionId": "b8331aa2-41b3-4e57-95e1-db51ef72b722",
  "title": "Session 4",
  "mode": "sequential"
}
[2025-11-19T03:26:18.276Z] INFO: Session created
  Context: {
  "sessionId": "1476c037-1c0a-4ae7-88de-84e81f159919",
  "title": "Session 5",
  "mode": "sequential"
}
[2025-11-19T03:26:18.276Z] INFO: Session created
  Context: {
  "sessionId": "a9e477af-3577-40a5-8878-eb8f20ce35f7",
  "title": "Session 6",
  "mode": "sequential"
}
[2025-11-19T03:26:18.276Z] INFO: Session created
  Context: {
  "sessionId": "2edbaaf6-6402-4974-a757-1b85c9ea1436",
  "title": "Session 7",
  "mode": "sequential"
}
[2025-11-19T03:26:18.276Z] INFO: Session created
  Context: {
  "sessionId": "4f20826d-1ab6-4b37-a9bc-0dea9b6f931d",
  "title": "Session 8",
  "mode": "sequential"
}
[2025-11-19T03:26:18.276Z] INFO: Session created
  Context: {
  "sessionId": "965feba8-a922-4a36-bf16-675d66d0bbb1",
  "title": "Session 9",
  "mode": "sequential"
}
[2025-11-19T03:26:18.276Z] INFO: Session created
  Context: {
  "sessionId": "494138d0-98f2-4ea3-8c06-118abe12a277",
  "title": "Session 10",
  "mode": "sequential"
}
[2025-11-19T03:26:18.276Z] INFO: Session created
  Context: {
  "sessionId": "4e74e868-372a-48b4-ac18-2539623209bb",
  "title": "Session 11",
  "mode": "sequential"
}
[2025-11-19T03:26:18.276Z] INFO: Session created
  Context: {
  "sessionId": "463b3b11-e293-471d-8b05-3feef24a72c3",
  "title": "Session 12",
  "mode": "sequential"
}
[2025-11-19T03:26:18.276Z] INFO: Session created
  Context: {
  "sessionId": "19801122-498a-428e-a57c-fde4156dc126",
  "title": "Session 13",
  "mode": "sequential"
}
[2025-11-19T03:26:18.276Z] INFO: Session created
  Context: {
  "sessionId": "42688097-1b5e-49e6-befe-af621f7a624c",
  "title": "Session 14",
  "mode": "sequential"
}
[2025-11-19T03:26:18.277Z] INFO: Session created
  Context: {
  "sessionId": "3ed1357f-141e-4e6b-97f2-84e71da05b1d",
  "title": "Session 15",
  "mode": "sequential"
}
[2025-11-19T03:26:18.277Z] INFO: Session created
  Context: {
  "sessionId": "9b19ba82-7e56-40b5-b017-c0399b224312",
  "title": "Session 16",
  "mode": "sequential"
}
[2025-11-19T03:26:18.277Z] INFO: Session created
  Context: {
  "sessionId": "a410083e-6761-40d4-a593-9458e41b214a",
  "title": "Session 17",
  "mode": "sequential"
}
[2025-11-19T03:26:18.277Z] INFO: Session created
  Context: {
  "sessionId": "7771626b-7583-42a7-bf35-4a32af6f86d9",
  "title": "Session 18",
  "mode": "sequential"
}
[2025-11-19T03:26:18.277Z] INFO: Session created
  Context: {
  "sessionId": "83da8f95-64b6-446b-a2ef-d2ae281f1d8e",
  "title": "Session 19",
  "mode": "sequential"
}
[2025-11-19T03:26:18.277Z] INFO: Session created
  Context: {
  "sessionId": "ee63cfac-62eb-43bc-b1cb-160df10c5def",
  "title": "Session 20",
  "mode": "sequential"
}
[2025-11-19T03:26:18.277Z] INFO: Session created
  Context: {
  "sessionId": "9f05476b-7406-46d0-98e6-21dcba873092",
  "title": "Session 21",
  "mode": "sequential"
}
[2025-11-19T03:26:18.277Z] INFO: Session created
  Context: {
  "sessionId": "86f0b193-e72f-40f5-98ad-65fc1d697f64",
  "title": "Session 22",
  "mode": "sequential"
}
[2025-11-19T03:26:18.277Z] INFO: Session created
  Context: {
  "sessionId": "11b25ec4-5494-4c2d-a345-d9e8739d1d01",
  "title": "Session 23",
  "mode": "sequential"
}
[2025-11-19T03:26:18.277Z] INFO: Session created
  Context: {
  "sessionId": "9c48ddbe-d3a0-4017-bed2-3e52807c62ca",
  "title": "Session 24",
  "mode": "sequential"
}
[2025-11-19T03:26:18.277Z] INFO: Session created
  Context: {
  "sessionId": "1750cf23-a92e-4da5-9877-a3d262259db3",
  "title": "Session 25",
  "mode": "sequential"
}
[2025-11-19T03:26:18.277Z] INFO: Session created
  Context: {
  "sessionId": "f681c7c5-8a68-4cc9-89e0-5b8194fe3bdf",
  "title": "Session 26",
  "mode": "sequential"
}
[2025-11-19T03:26:18.277Z] INFO: Session created
  Context: {
  "sessionId": "c93f0032-c49e-4d6a-b7ee-87e6a955432b",
  "title": "Session 27",
  "mode": "sequential"
}
[2025-11-19T03:26:18.277Z] INFO: Session created
  Context: {
  "sessionId": "d0d7869a-469a-42d9-8e76-9f7e31b8129a",
  "title": "Session 28",
  "mode": "sequential"
}
[2025-11-19T03:26:18.277Z] INFO: Session created
  Context: {
  "sessionId": "4b0f254e-d3ee-4435-9779-46ac264c3806",
  "title": "Session 29",
  "mode": "sequential"
}
[2025-11-19T03:26:18.277Z] INFO: Session created
  Context: {
  "sessionId": "de897dc3-af8e-4277-a527-9473cacd6e13",
  "title": "Session 30",
  "mode": "sequential"
}
[2025-11-19T03:26:18.277Z] INFO: Session created
  Context: {
  "sessionId": "4deb4e60-1225-49f8-a87f-68e7aa0a4f0f",
  "title": "Session 31",
  "mode": "sequential"
}
[2025-11-19T03:26:18.277Z] INFO: Session created
  Context: {
  "sessionId": "2a51a2c6-ccd6-4913-b4d3-0a3068cd0ab0",
  "title": "Session 32",
  "mode": "sequential"
}
[2025-11-19T03:26:18.277Z] INFO: Session created
  Context: {
  "sessionId": "87407c73-17dd-43fe-a040-38c37b5929a2",
  "title": "Session 33",
  "mode": "sequential"
}
[2025-11-19T03:26:18.278Z] INFO: Session created
  Context: {
  "sessionId": "6454892e-153a-4303-abd2-5315fe78a8a3",
  "title": "Session 34",
  "mode": "sequential"
}
[2025-11-19T03:26:18.278Z] INFO: Session created
  Context: {
  "sessionId": "9df47fbd-4d9c-4f68-8ca2-1ee839acdd86",
  "title": "Session 35",
  "mode": "sequential"
}
[2025-11-19T03:26:18.278Z] INFO: Session created
  Context: {
  "sessionId": "98f9efb5-d12e-4076-a44d-43d5d5ea1733",
  "title": "Session 36",
  "mode": "sequential"
}
[2025-11-19T03:26:18.278Z] INFO: Session created
  Context: {
  "sessionId": "1eeff809-685d-48af-b140-7aa8e9eb1732",
  "title": "Session 37",
  "mode": "sequential"
}
[2025-11-19T03:26:18.278Z] INFO: Session created
  Context: {
  "sessionId": "9a0e4ec4-d747-4617-806f-ef9525f3e5ee",
  "title": "Session 38",
  "mode": "sequential"
}
[2025-11-19T03:26:18.278Z] INFO: Session created
  Context: {
  "sessionId": "6e3a166c-352b-49df-adcc-3077ea36af93",
  "title": "Session 39",
  "mode": "sequential"
}
[2025-11-19T03:26:18.278Z] INFO: Session created
  Context: {
  "sessionId": "a0c03839-4a77-4944-b7c9-405f9d1976f7",
  "title": "Session 40",
  "mode": "sequential"
}
[2025-11-19T03:26:18.278Z] INFO: Session created
  Context: {
  "sessionId": "23ea7360-c6f4-4940-803d-ea9f8c4760bc",
  "title": "Session 41",
  "mode": "sequential"
}
[2025-11-19T03:26:18.278Z] INFO: Session created
  Context: {
  "sessionId": "1f8967c5-60c8-45b5-8b03-1cbde8078b57",
  "title": "Session 42",
  "mode": "sequential"
}
[2025-11-19T03:26:18.278Z] INFO: Session created
  Context: {
  "sessionId": "1ef071e0-5e9e-45ac-9006-78a338b2c3cd",
  "title": "Session 43",
  "mode": "sequential"
}
[2025-11-19T03:26:18.278Z] INFO: Session created
  Context: {
  "sessionId": "58a70928-01e2-4fab-9ff6-8187fbd72e01",
  "title": "Session 44",
  "mode": "sequential"
}
[2025-11-19T03:26:18.278Z] INFO: Session created
  Context: {
  "sessionId": "084d10c8-7228-42a0-bc05-83370067ea60",
  "title": "Session 45",
  "mode": "sequential"
}
[2025-11-19T03:26:18.278Z] INFO: Session created
  Context: {
  "sessionId": "1e40e63c-16f4-4a73-8131-69b47eec932b",
  "title": "Session 46",
  "mode": "sequential"
}
[2025-11-19T03:26:18.278Z] INFO: Session created
  Context: {
  "sessionId": "42f281c2-2a19-4266-bcb4-c2c8bf8479c8",
  "title": "Session 47",
  "mode": "sequential"
}
[2025-11-19T03:26:18.278Z] INFO: Session created
  Context: {
  "sessionId": "26e22f25-44e5-4f9a-98d6-4c5f5de00007",
  "title": "Session 48",
  "mode": "sequential"
}
[2025-11-19T03:26:18.278Z] INFO: Session created
  Context: {
  "sessionId": "9b0fd5cb-da1a-4231-8cee-d8494bae95df",
  "title": "Session 49",
  "mode": "sequential"
}
[2025-11-19T03:26:18.278Z] INFO: Session created
  Context: {
  "sessionId": "28d4b967-a646-4242-ace7-111c3629bdff",
  "title": "Session 50",
  "mode": "sequential"
}

[90mstdout[2m | tests/integration/multi-session.test.ts[2m > [22m[2mMulti-Session and Concurrent Scenarios[2m > [22m[2mResource Management with Many Sessions[2m > [22m[2mshould retrieve sessions efficiently with many active sessions[22m[39m
[2025-11-19T03:26:18.279Z] INFO: Session created
  Context: {
  "sessionId": "02901913-31b8-4e03-9b3c-e1c9e539b47d",
  "title": "Session 1",
  "mode": "sequential"
}
[2025-11-19T03:26:18.280Z] INFO: Session created
  Context: {
  "sessionId": "05542ab7-189e-40de-9572-5d28a7b055c6",
  "title": "Session 2",
  "mode": "sequential"
}
[2025-11-19T03:26:18.280Z] INFO: Session created
  Context: {
  "sessionId": "6e38d7ef-dfe4-442c-ac7a-c67236f6d30f",
  "title": "Session 3",
  "mode": "sequential"
}
[2025-11-19T03:26:18.280Z] INFO: Session created
  Context: {
  "sessionId": "d444dac9-16fd-49ef-bdb6-5bde3befcc37",
  "title": "Session 4",
  "mode": "sequential"
}
[2025-11-19T03:26:18.280Z] INFO: Session created
  Context: {
  "sessionId": "fb73c991-91c8-4c5a-a8e8-4f035cdfd502",
  "title": "Session 5",
  "mode": "sequential"
}
[2025-11-19T03:26:18.280Z] INFO: Session created
  Context: {
  "sessionId": "d7e5f942-47cf-4a57-a572-6315cb743d6b",
  "title": "Session 6",
  "mode": "sequential"
}
[2025-11-19T03:26:18.280Z] INFO: Session created
  Context: {
  "sessionId": "b7539c1a-c960-4b83-9a16-2329e442835b",
  "title": "Session 7",
  "mode": "sequential"
}
[2025-11-19T03:26:18.280Z] INFO: Session created
  Context: {
  "sessionId": "d01a31a7-e1e8-4bc6-bef7-8c9f4e5e1385",
  "title": "Session 8",
  "mode": "sequential"
}
[2025-11-19T03:26:18.280Z] INFO: Session created
  Context: {
  "sessionId": "46067d3b-c005-43c5-bfd0-9ef9b61e7b51",
  "title": "Session 9",
  "mode": "sequential"
}
[2025-11-19T03:26:18.280Z] INFO: Session created
  Context: {
  "sessionId": "9ad2965f-2e26-445b-a508-138c928cdd74",
  "title": "Session 10",
  "mode": "sequential"
}

[90mstdout[2m | tests/integration/multi-session.test.ts[2m > [22m[2mMulti-Session and Concurrent Scenarios[2m > [22m[2mResource Management with Many Sessions[2m > [22m[2mshould list all sessions when many exist[22m[39m
[2025-11-19T03:26:18.281Z] INFO: Session created
  Context: {
  "sessionId": "1b08dea6-5b1d-4de3-8df2-6ea0ee877bda",
  "title": "Session 1",
  "mode": "sequential"
}
[2025-11-19T03:26:18.281Z] INFO: Session created
  Context: {
  "sessionId": "c85439a7-399f-41c0-ba27-8f519e3b8bd3",
  "title": "Session 2",
  "mode": "sequential"
}
[2025-11-19T03:26:18.281Z] INFO: Session created
  Context: {
  "sessionId": "a8e655a2-ad1d-4523-b89a-b55ce96d33a3",
  "title": "Session 3",
  "mode": "sequential"
}
[2025-11-19T03:26:18.281Z] INFO: Session created
  Context: {
  "sessionId": "a3a303d5-f916-4c92-a367-9d5e527bb3c6",
  "title": "Session 4",
  "mode": "sequential"
}
[2025-11-19T03:26:18.281Z] INFO: Session created
  Context: {
  "sessionId": "d9495597-1e48-4f52-84fe-8dc4422207d0",
  "title": "Session 5",
  "mode": "sequential"
}
[2025-11-19T03:26:18.282Z] INFO: Session created
  Context: {
  "sessionId": "868052f4-4d54-4e03-b8f1-29dda04d79ef",
  "title": "Session 6",
  "mode": "sequential"
}
[2025-11-19T03:26:18.282Z] INFO: Session created
  Context: {
  "sessionId": "97cc712e-c282-4ebf-a8db-b36bb9f419db",
  "title": "Session 7",
  "mode": "sequential"
}
[2025-11-19T03:26:18.282Z] INFO: Session created
  Context: {
  "sessionId": "5d519f5b-abfe-43a1-bb87-8ed5fb538ce1",
  "title": "Session 8",
  "mode": "sequential"
}
[2025-11-19T03:26:18.282Z] INFO: Session created
  Context: {
  "sessionId": "be3b20cc-1aaa-4438-adb0-26f6f755274a",
  "title": "Session 9",
  "mode": "sequential"
}
[2025-11-19T03:26:18.282Z] INFO: Session created
  Context: {
  "sessionId": "de84918b-4ced-40bc-aaef-48c17208ee06",
  "title": "Session 10",
  "mode": "sequential"
}
[2025-11-19T03:26:18.282Z] INFO: Session created
  Context: {
  "sessionId": "50fd09af-88ef-4635-9be4-4f5524da1133",
  "title": "Session 11",
  "mode": "sequential"
}
[2025-11-19T03:26:18.282Z] INFO: Session created
  Context: {
  "sessionId": "1db9d28f-d53c-4393-8eb5-78cb38daf3b9",
  "title": "Session 12",
  "mode": "sequential"
}
[2025-11-19T03:26:18.282Z] INFO: Session created
  Context: {
  "sessionId": "c71c7e8d-c37d-4d1e-aba0-655bc272d19f",
  "title": "Session 13",
  "mode": "sequential"
}
[2025-11-19T03:26:18.282Z] INFO: Session created
  Context: {
  "sessionId": "5963ff8b-9b7c-4131-aa96-009351791939",
  "title": "Session 14",
  "mode": "sequential"
}
[2025-11-19T03:26:18.282Z] INFO: Session created
  Context: {
  "sessionId": "2753ce04-241f-40e7-bff6-923d264e43d7",
  "title": "Session 15",
  "mode": "sequential"
}

[90mstdout[2m | tests/integration/multi-session.test.ts[2m > [22m[2mMulti-Session and Concurrent Scenarios[2m > [22m[2mSession State Consistency[2m > [22m[2mshould maintain consistent thought count across concurrent additions[22m[39m
[2025-11-19T03:26:18.284Z] INFO: Session created
  Context: {
  "sessionId": "5124c341-4da0-4b08-9845-d90cdeedf23b",
  "title": "Consistency Test",
  "mode": "sequential"
}
[2025-11-19T03:26:18.284Z] INFO: Session completed
  Context: {
  "sessionId": "5124c341-4da0-4b08-9845-d90cdeedf23b",
  "title": "Consistency Test",
  "totalThoughts": 10
}

[90mstdout[2m | tests/integration/multi-session.test.ts[2m > [22m[2mMulti-Session and Concurrent Scenarios[2m > [22m[2mSession State Consistency[2m > [22m[2mshould maintain correct status after concurrent operations[22m[39m
[2025-11-19T03:26:18.285Z] INFO: Session created
  Context: {
  "sessionId": "a50bdb57-999f-46ec-89dc-0caddcdbce20",
  "title": "Status Test",
  "mode": "sequential"
}
[2025-11-19T03:26:18.285Z] INFO: Session completed
  Context: {
  "sessionId": "a50bdb57-999f-46ec-89dc-0caddcdbce20",
  "title": "Status Test",
  "totalThoughts": 1
}

[90mstdout[2m | tests/integration/multi-session.test.ts[2m > [22m[2mMulti-Session and Concurrent Scenarios[2m > [22m[2mSession State Consistency[2m > [22m[2mshould handle concurrent thought additions with proper sequencing[22m[39m
[2025-11-19T03:26:18.286Z] INFO: Session created
  Context: {
  "sessionId": "76492ed7-7206-4b74-9cbb-ebeffff8092b",
  "title": "Sequence Test",
  "mode": "sequential"
}

[90mstdout[2m | tests/integration/multi-session.test.ts[2m > [22m[2mMulti-Session and Concurrent Scenarios[2m > [22m[2mError Handling in Concurrent Scenarios[2m > [22m[2mshould handle mixed success/failure scenarios gracefully[22m[39m
[2025-11-19T03:26:18.290Z] INFO: Session created
  Context: {
  "sessionId": "d0eb4b7b-3b0e-43b3-af39-457d9cd86f9c",
  "title": "Mixed Test",
  "mode": "sequential"
}

 [32m✓[39m tests/integration/multi-session.test.ts [2m ([22m[2m18 tests[22m[2m)[22m[90m 62[2mms[22m[39m
[90mstdout[2m | tests/integration/session-workflow.test.ts[2m > [22m[2mSession Workflow Integration[2m > [22m[2mshould complete full sequential thinking workflow[22m[39m
[2025-11-19T03:26:19.586Z] INFO: Session created
  Context: {
  "sessionId": "60124a83-252a-4663-8237-fee85006dabe",
  "title": "Solve Prime Factorization Problem",
  "mode": "sequential"
}
[2025-11-19T03:26:19.594Z] INFO: Session completed
  Context: {
  "sessionId": "60124a83-252a-4663-8237-fee85006dabe",
  "title": "Solve Prime Factorization Problem",
  "totalThoughts": 5
}

[90mstdout[2m | tests/integration/session-workflow.test.ts[2m > [22m[2mSession Workflow Integration[2m > [22m[2mshould handle mathematics mode with validation[22m[39m
[2025-11-19T03:26:19.603Z] INFO: Session created
  Context: {
  "sessionId": "90a7ad4c-f3dd-4238-82ea-6e59c70d76d1",
  "title": "Prove Fundamental Theorem",
  "mode": "mathematics"
}
[2025-11-19T03:26:19.603Z] INFO: Session completed
  Context: {
  "sessionId": "90a7ad4c-f3dd-4238-82ea-6e59c70d76d1",
  "title": "Prove Fundamental Theorem",
  "totalThoughts": 3
}

[90mstdout[2m | tests/integration/session-workflow.test.ts[2m > [22m[2mSession Workflow Integration[2m > [22m[2mshould handle mode switching mid-session[22m[39m
[2025-11-19T03:26:19.606Z] INFO: Session created
  Context: {
  "sessionId": "90efc95d-d27f-481e-b226-df52b02a2999",
  "title": "Problem Solving Session",
  "mode": "sequential"
}
[2025-11-19T03:26:19.606Z] INFO: Session mode switched
  Context: {
  "sessionId": "90efc95d-d27f-481e-b226-df52b02a2999",
  "oldMode": "sequential",
  "newMode": "shannon",
  "reason": "Need more structure"
}
[2025-11-19T03:26:19.608Z] INFO: Session completed
  Context: {
  "sessionId": "90efc95d-d27f-481e-b226-df52b02a2999",
  "title": "Problem Solving Session",
  "totalThoughts": 3
}

[90mstdout[2m | tests/integration/session-workflow.test.ts[2m > [22m[2mSession Workflow Integration[2m > [22m[2mshould track validation cache statistics[22m[39m
[2025-11-19T03:26:19.609Z] INFO: Session created
  Context: {
  "sessionId": "d677d307-110b-4331-9840-6577d5b4a7a6",
  "title": "Cache Test Session",
  "mode": "sequential"
}
[2025-11-19T03:26:19.610Z] INFO: Session completed
  Context: {
  "sessionId": "d677d307-110b-4331-9840-6577d5b4a7a6",
  "title": "Cache Test Session",
  "totalThoughts": 3
}

[90mstdout[2m | tests/integration/session-workflow.test.ts[2m > [22m[2mSession Workflow Integration[2m > [22m[2mshould handle multiple concurrent sessions[22m[39m
[2025-11-19T03:26:19.611Z] INFO: Session created
  Context: {
  "sessionId": "776beed7-fbc3-4440-b825-01c12c8143c7",
  "title": "Session 1",
  "mode": "sequential"
}
[2025-11-19T03:26:19.612Z] INFO: Session created
  Context: {
  "sessionId": "0548ea3a-73d1-4435-8c19-5f70b8fee2e6",
  "title": "Session 2",
  "mode": "mathematics"
}
[2025-11-19T03:26:19.612Z] INFO: Session created
  Context: {
  "sessionId": "88d5f943-33a6-4fc9-92e8-59e2dd224b2a",
  "title": "Session 3",
  "mode": "shannon"
}
[2025-11-19T03:26:19.612Z] INFO: Session completed
  Context: {
  "sessionId": "776beed7-fbc3-4440-b825-01c12c8143c7",
  "title": "Session 1",
  "totalThoughts": 1
}
[2025-11-19T03:26:19.612Z] INFO: Session completed
  Context: {
  "sessionId": "0548ea3a-73d1-4435-8c19-5f70b8fee2e6",
  "title": "Session 2",
  "totalThoughts": 1
}
[2025-11-19T03:26:19.612Z] INFO: Session completed
  Context: {
  "sessionId": "88d5f943-33a6-4fc9-92e8-59e2dd224b2a",
  "title": "Session 3",
  "totalThoughts": 1
}

[90mstdout[2m | tests/integration/session-workflow.test.ts[2m > [22m[2mSession Workflow Integration[2m > [22m[2mshould handle session deletion[22m[39m
[2025-11-19T03:26:19.614Z] INFO: Session created
  Context: {
  "sessionId": "a90957e1-49c2-4576-bbae-6a64bf49843f",
  "title": "Temporary Session",
  "mode": "sequential"
}
[2025-11-19T03:26:19.614Z] INFO: Session completed
  Context: {
  "sessionId": "a90957e1-49c2-4576-bbae-6a64bf49843f",
  "title": "Temporary Session",
  "totalThoughts": 1
}
[2025-11-19T03:26:19.614Z] INFO: Session deleted
  Context: {
  "sessionId": "a90957e1-49c2-4576-bbae-6a64bf49843f",
  "title": "Temporary Session",
  "thoughtCount": 1
}

[90mstdout[2m | tests/integration/session-workflow.test.ts[2m > [22m[2mSession Workflow Integration[2m > [22m[2mshould maintain metrics accuracy across workflow[22m[39m
[2025-11-19T03:26:19.615Z] INFO: Session created
  Context: {
  "sessionId": "b5c6b108-2b05-4043-aa88-37066c10b1d1",
  "title": "Metrics Test",
  "mode": "sequential"
}
[2025-11-19T03:26:19.616Z] INFO: Session completed
  Context: {
  "sessionId": "b5c6b108-2b05-4043-aa88-37066c10b1d1",
  "title": "Metrics Test",
  "totalThoughts": 5
}

 [32m✓[39m tests/integration/session-workflow.test.ts [2m ([22m[2m7 tests[22m[2m)[22m[90m 38[2mms[22m[39m
[90mstdout[2m | tests/benchmarks/metrics-performance.test.ts[2m > [22m[2mMetrics Performance Benchmark[2m > [22m[2mshould show performance improvement with incremental calculation[22m[39m
[2025-11-19T03:26:19.588Z] INFO: Session created
  Context: {
  "sessionId": "c13c94fb-3eeb-475f-97b3-df1783839a6c",
  "title": "Performance Test",
  "mode": "sequential"
}

📊 Benchmark: Adding 1000 thoughts with uncertainty tracking
[2025-11-19T03:26:19.605Z] INFO: Session completed
  Context: {
  "sessionId": "c13c94fb-3eeb-475f-97b3-df1783839a6c",
  "title": "Performance Test",
  "totalThoughts": 1000
}
✅ Total time: 14.86ms
✅ Average time per thought: 0.0149ms
✅ Expected average uncertainty: 0.500026
✅ Actual average uncertainty: 0.500026
✅ Accuracy verified: PASS

🎯 Performance: EXCELLENT

[90mstdout[2m | tests/benchmarks/metrics-performance.test.ts[2m > [22m[2mMetrics Performance Benchmark[2m > [22m[2mshould maintain O(1) complexity regardless of session size[22m[39m

📈 Complexity Analysis: Testing O(1) behavior
[2025-11-19T03:26:19.612Z] INFO: Session created
  Context: {
  "sessionId": "7007c043-2b83-4d80-96bb-7b3f8cc30335",
  "title": "Test Session 100",
  "mode": "sequential"
}
[2025-11-19T03:26:19.616Z] INFO: Session completed
  Context: {
  "sessionId": "7007c043-2b83-4d80-96bb-7b3f8cc30335",
  "title": "Test Session 100",
  "totalThoughts": 100
}
  Session size 100: 0.0334ms per thought
[2025-11-19T03:26:19.617Z] INFO: Session created
  Context: {
  "sessionId": "9910228a-0909-483a-88cd-5807e3f10e40",
  "title": "Test Session 500",
  "mode": "sequential"
}
[2025-11-19T03:26:19.622Z] INFO: Session completed
  Context: {
  "sessionId": "9910228a-0909-483a-88cd-5807e3f10e40",
  "title": "Test Session 500",
  "totalThoughts": 500
}
  Session size 500: 0.0070ms per thought
[2025-11-19T03:26:19.622Z] INFO: Session created
  Context: {
  "sessionId": "d5a1adc0-9392-46ac-951f-5232943c24e5",
  "title": "Test Session 1000",
  "mode": "sequential"
}
[2025-11-19T03:26:19.627Z] INFO: Session completed
  Context: {
  "sessionId": "d5a1adc0-9392-46ac-951f-5232943c24e5",
  "title": "Test Session 1000",
  "totalThoughts": 1000
}
  Session size 1000: 0.0072ms per thought

  Min: 0.0070ms, Max: 0.0334ms, Overall Ratio: 4.76x
  Ratio (500 vs 1000): 1.02x
  Complexity: O(1) ✅

 [32m✓[39m tests/benchmarks/metrics-performance.test.ts [2m ([22m[2m2 tests[22m[2m)[22m[90m 47[2mms[22m[39m

[2m Test Files [22m [1m[32m9 passed[39m[22m[90m (9)[39m
[2m      Tests [22m [1m[32m185 passed[39m[22m[90m (185)[39m
[2m   Start at [22m 22:26:12
[2m   Duration [22m 10.85s


[1m[7m[32m PASS [39m[27m[22m[32m Waiting for file changes...[39m
       [2mpress [22m[1mh[22m[2m to show help[22m[2m, [22m[2mpress [22m[1mq[22m[2m to quit[22m
[3Jc
[7m[1m[34m RERUN [39m[22m[27m[2m src/validation/validators/base.ts[22m

 [32m✓[39m tests/unit/bayesian.test.ts [2m ([22m[2m10 tests[22m[2m)[22m[90m 43[2mms[22m[39m
 [32m✓[39m tests/unit/abductive.test.ts [2m ([22m[2m10 tests[22m[2m)[22m[90m 59[2mms[22m[39m
 [32m✓[39m tests/unit/evidential.test.ts [2m ([22m[2m16 tests[22m[2m)[22m[90m 77[2mms[22m[39m
 [32m✓[39m tests/unit/gametheory.test.ts [2m ([22m[2m17 tests[22m[2m)[22m[90m 108[2mms[22m[39m
 [32m✓[39m tests/benchmarks/validation-performance.test.ts [2m ([22m[2m3 tests[22m[2m)[22m[90m 206[2mms[22m[39m
[90mstdout[2m | tests/benchmarks/validation-performance.test.ts[2m > [22m[2mValidation Performance Benchmark[2m > [22m[2mshould show significant performance improvement for cache hits[22m[39m

📊 Validation Cache Benchmark: Testing cache performance

🔴 First validation (cache miss):
   Time: 4.2848ms
   Valid: true
   Confidence: 0.70

🟢 Second validation (cache hit):
   Time: 0.2396ms
   Valid: true
   Confidence: 0.70

📈 Performance Analysis:
   Cache miss time: 4.2848ms
   Cache hit time: 0.2396ms
   Speedup: 17.88x
   Hit rate: 50.0%

🎯 Result: EXCELLENT (≥10x)

[90mstdout[2m | tests/benchmarks/validation-performance.test.ts[2m > [22m[2mValidation Performance Benchmark[2m > [22m[2mshould maintain O(1) lookup complexity regardless of cache size[22m[39m

📈 Complexity Analysis: Testing O(1) cache lookup
   Cache size 10: 0.0667ms per lookup
   Cache size 50: 0.0603ms per lookup
   Cache size 100: 0.1903ms per lookup

   Min: 0.0603ms, Max: 0.1903ms, Ratio: 3.15x
   Complexity: O(1) ✅

[90mstdout[2m | tests/benchmarks/validation-performance.test.ts[2m > [22m[2mValidation Performance Benchmark[2m > [22m[2mshould handle high cache hit rates efficiently[22m[39m

📊 High-Volume Test: Simulating realistic usage patterns
   Running 100 validations (5 unique thoughts, repeated pattern)...

📈 Results:
   Total validations: 100
   Cache misses: 5 (avg 5.0938ms)
   Cache hits: 95 (avg 0.2120ms)
   Average speedup: 24.03x
   Hit rate: 95.0%
   Cache size: 5/1000

🎯 Overall Performance: EXCELLENT

 [32m✓[39m tests/unit/temporal.test.ts [2m ([22m[2m19 tests[22m[2m)[22m[90m 134[2mms[22m[39m
 [32m✓[39m tests/unit/causal.test.ts [2m ([22m[2m10 tests[22m[2m)[22m[90m 28[2mms[22m[39m
 [32m✓[39m tests/unit/analogical.test.ts [2m ([22m[2m9 tests[22m[2m)[22m[90m 42[2mms[22m[39m
 [32m✓[39m tests/unit/counterfactual.test.ts [2m ([22m[2m8 tests[22m[2m)[22m[90m 41[2mms[22m[39m

[2m Test Files [22m [1m[32m9 passed[39m[22m[90m (9)[39m
[2m      Tests [22m [1m[32m102 passed[39m[22m[90m (102)[39m
[2m   Start at [22m 22:29:13
[2m   Duration [22m 14.78s


[1m[7m[32m PASS [39m[27m[22m[32m Waiting for file changes...[39m
       [2mpress [22m[1mh[22m[2m to show help[22m[2m, [22m[2mpress [22m[1mq[22m[2m to quit[22m
[3Jc
[7m[1m[34m RERUN [39m[22m[27m[2m src/validation/validators/modes/abductive.ts[22m

 [32m✓[39m tests/unit/bayesian.test.ts [2m ([22m[2m10 tests[22m[2m)[22m[90m 30[2mms[22m[39m
 [32m✓[39m tests/unit/gametheory.test.ts [2m ([22m[2m17 tests[22m[2m)[22m[90m 71[2mms[22m[39m
[90mstdout[2m | tests/benchmarks/validation-performance.test.ts[2m > [22m[2mValidation Performance Benchmark[2m > [22m[2mshould show significant performance improvement for cache hits[22m[39m

📊 Validation Cache Benchmark: Testing cache performance

🔴 First validation (cache miss):
   Time: 7.3543ms
   Valid: true
   Confidence: 0.70

🟢 Second validation (cache hit):
   Time: 0.4686ms
   Valid: true
   Confidence: 0.70

📈 Performance Analysis:
   Cache miss time: 7.3543ms
   Cache hit time: 0.4686ms
   Speedup: 15.69x
   Hit rate: 50.0%

🎯 Result: EXCELLENT (≥10x)

[90mstdout[2m | tests/benchmarks/validation-performance.test.ts[2m > [22m[2mValidation Performance Benchmark[2m > [22m[2mshould maintain O(1) lookup complexity regardless of cache size[22m[39m

📈 Complexity Analysis: Testing O(1) cache lookup
   Cache size 10: 0.0575ms per lookup
   Cache size 50: 0.0321ms per lookup
   Cache size 100: 0.0447ms per lookup

   Min: 0.0321ms, Max: 0.0575ms, Ratio: 1.79x
   Complexity: O(1) ✅

[90mstdout[2m | tests/benchmarks/validation-performance.test.ts[2m > [22m[2mValidation Performance Benchmark[2m > [22m[2mshould handle high cache hit rates efficiently[22m[39m

📊 High-Volume Test: Simulating realistic usage patterns
   Running 100 validations (5 unique thoughts, repeated pattern)...

📈 Results:
   Total validations: 100
   Cache misses: 5 (avg 0.2620ms)
   Cache hits: 95 (avg 0.0968ms)
   Average speedup: 2.71x
   Hit rate: 95.0%
   Cache size: 5/1000

🎯 Overall Performance: ACCEPTABLE

 [32m✓[39m tests/benchmarks/validation-performance.test.ts [2m ([22m[2m3 tests[22m[2m)[22m[90m 74[2mms[22m[39m
 [32m✓[39m tests/unit/counterfactual.test.ts [2m ([22m[2m8 tests[22m[2m)[22m[90m 21[2mms[22m[39m
 [32m✓[39m tests/unit/abductive.test.ts [2m ([22m[2m10 tests[22m[2m)[22m[90m 63[2mms[22m[39m
 [32m✓[39m tests/unit/evidential.test.ts [2m ([22m[2m16 tests[22m[2m)[22m[90m 77[2mms[22m[39m
 [32m✓[39m tests/unit/temporal.test.ts [2m ([22m[2m19 tests[22m[2m)[22m[90m 69[2mms[22m[39m
 [32m✓[39m tests/unit/analogical.test.ts [2m ([22m[2m9 tests[22m[2m)[22m[90m 25[2mms[22m[39m
 [32m✓[39m tests/unit/causal.test.ts [2m ([22m[2m10 tests[22m[2m)[22m[90m 85[2mms[22m[39m

[2m Test Files [22m [1m[32m9 passed[39m[22m[90m (9)[39m
[2m      Tests [22m [1m[32m102 passed[39m[22m[90m (102)[39m
[2m   Start at [22m 22:31:44
[2m   Duration [22m 24.95s


[1m[7m[32m PASS [39m[27m[22m[32m Waiting for file changes...[39m
       [2mpress [22m[1mh[22m[2m to show help[22m[2m, [22m[2mpress [22m[1mq[22m[2m to quit[22m
[3Jc
[7m[1m[34m RERUN [39m[22m[27m[2m src/validation/validators/modes/bayesian.ts[22m

 [32m✓[39m tests/unit/causal.test.ts [2m ([22m[2m10 tests[22m[2m)[22m[90m 39[2mms[22m[39m
 [32m✓[39m tests/unit/evidential.test.ts [2m ([22m[2m16 tests[22m[2m)[22m[90m 42[2mms[22m[39m
 [32m✓[39m tests/unit/temporal.test.ts [2m ([22m[2m19 tests[22m[2m)[22m[90m 40[2mms[22m[39m
 [32m✓[39m tests/unit/abductive.test.ts [2m ([22m[2m10 tests[22m[2m)[22m[90m 35[2mms[22m[39m
 [32m✓[39m tests/unit/gametheory.test.ts [2m ([22m[2m17 tests[22m[2m)[22m[90m 64[2mms[22m[39m
[90mstdout[2m | tests/benchmarks/validation-performance.test.ts[2m > [22m[2mValidation Performance Benchmark[2m > [22m[2mshould show significant performance improvement for cache hits[22m[39m

📊 Validation Cache Benchmark: Testing cache performance

🔴 First validation (cache miss):
   Time: 3.4131ms
   Valid: true
   Confidence: 0.70

🟢 Second validation (cache hit):
   Time: 0.2139ms
   Valid: true
   Confidence: 0.70

📈 Performance Analysis:
   Cache miss time: 3.4131ms
   Cache hit time: 0.2139ms
   Speedup: 15.96x
   Hit rate: 50.0%

🎯 Result: EXCELLENT (≥10x)

[90mstdout[2m | tests/benchmarks/validation-performance.test.ts[2m > [22m[2mValidation Performance Benchmark[2m > [22m[2mshould maintain O(1) lookup complexity regardless of cache size[22m[39m

📈 Complexity Analysis: Testing O(1) cache lookup
   Cache size 10: 0.0540ms per lookup
   Cache size 50: 0.0452ms per lookup
   Cache size 100: 0.0455ms per lookup

   Min: 0.0452ms, Max: 0.0540ms, Ratio: 1.20x
   Complexity: O(1) ✅

[90mstdout[2m | tests/benchmarks/validation-performance.test.ts[2m > [22m[2mValidation Performance Benchmark[2m > [22m[2mshould handle high cache hit rates efficiently[22m[39m

📊 High-Volume Test: Simulating realistic usage patterns
   Running 100 validations (5 unique thoughts, repeated pattern)...

📈 Results:
   Total validations: 100
   Cache misses: 5 (avg 0.2627ms)
   Cache hits: 95 (avg 0.1016ms)
   Average speedup: 2.58x
   Hit rate: 95.0%
   Cache size: 5/1000

🎯 Overall Performance: ACCEPTABLE

 [32m✓[39m tests/benchmarks/validation-performance.test.ts [2m ([22m[2m3 tests[22m[2m)[22m[90m 122[2mms[22m[39m
 [32m✓[39m tests/unit/bayesian.test.ts [2m ([22m[2m10 tests[22m[2m)[22m[90m 79[2mms[22m[39m
 [32m✓[39m tests/unit/counterfactual.test.ts [2m ([22m[2m8 tests[22m[2m)[22m[90m 25[2mms[22m[39m
 [32m✓[39m tests/unit/analogical.test.ts [2m ([22m[2m9 tests[22m[2m)[22m[90m 77[2mms[22m[39m

[2m Test Files [22m [1m[32m9 passed[39m[22m[90m (9)[39m
[2m      Tests [22m [1m[32m102 passed[39m[22m[90m (102)[39m
[2m   Start at [22m 22:31:53
[2m   Duration [22m 12.31s


[1m[7m[32m PASS [39m[27m[22m[32m Waiting for file changes...[39m
       [2mpress [22m[1mh[22m[2m to show help[22m[2m, [22m[2mpress [22m[1mq[22m[2m to quit[22m
[3Jc
[7m[1m[34m RERUN [39m[22m[27m[2m src/validation/validators/modes/temporal.ts[22m

 [32m✓[39m tests/unit/evidential.test.ts [2m ([22m[2m16 tests[22m[2m)[22m[90m 38[2mms[22m[39m
 [32m✓[39m tests/unit/analogical.test.ts [2m ([22m[2m9 tests[22m[2m)[22m[90m 35[2mms[22m[39m
 [32m✓[39m tests/unit/bayesian.test.ts [2m ([22m[2m10 tests[22m[2m)[22m[90m 55[2mms[22m[39m
 [32m✓[39m tests/unit/gametheory.test.ts [2m ([22m[2m17 tests[22m[2m)[22m[90m 35[2mms[22m[39m
[90mstdout[2m | tests/benchmarks/validation-performance.test.ts[2m > [22m[2mValidation Performance Benchmark[2m > [22m[2mshould show significant performance improvement for cache hits[22m[39m

📊 Validation Cache Benchmark: Testing cache performance

🔴 First validation (cache miss):
   Time: 2.9321ms
   Valid: true
   Confidence: 0.70

🟢 Second validation (cache hit):
   Time: 0.1611ms
   Valid: true
   Confidence: 0.70

📈 Performance Analysis:
   Cache miss time: 2.9321ms
   Cache hit time: 0.1611ms
   Speedup: 18.20x
   Hit rate: 50.0%

🎯 Result: EXCELLENT (≥10x)

[90mstdout[2m | tests/benchmarks/validation-performance.test.ts[2m > [22m[2mValidation Performance Benchmark[2m > [22m[2mshould maintain O(1) lookup complexity regardless of cache size[22m[39m

📈 Complexity Analysis: Testing O(1) cache lookup
   Cache size 10: 0.8622ms per lookup
   Cache size 50: 0.0525ms per lookup
   Cache size 100: 0.0467ms per lookup

   Min: 0.0467ms, Max: 0.8622ms, Ratio: 18.48x
   Complexity: O(n) ❌

[90mstdout[2m | tests/benchmarks/validation-performance.test.ts[2m > [22m[2mValidation Performance Benchmark[2m > [22m[2mshould handle high cache hit rates efficiently[22m[39m

📊 High-Volume Test: Simulating realistic usage patterns
   Running 100 validations (5 unique thoughts, repeated pattern)...

📈 Results:
   Total validations: 100
   Cache misses: 5 (avg 0.2986ms)
   Cache hits: 95 (avg 0.0693ms)
   Average speedup: 4.31x
   Hit rate: 95.0%
   Cache size: 5/1000

🎯 Overall Performance: GOOD

 [33m❯[39m tests/benchmarks/validation-performance.test.ts [2m ([22m[2m3 tests[22m [2m|[22m [31m1 failed[39m[2m)[22m[90m 93[2mms[22m[39m
[31m   [33m❯[31m tests/benchmarks/validation-performance.test.ts[2m > [22mValidation Performance Benchmark[2m > [22mshould maintain O(1) lookup complexity regardless of cache size[39m
[31m     → expected 18.478997002312948 to be less than 4[39m
 [32m✓[39m tests/unit/temporal.test.ts [2m ([22m[2m19 tests[22m[2m)[22m[90m 39[2mms[22m[39m
 [32m✓[39m tests/unit/causal.test.ts [2m ([22m[2m10 tests[22m[2m)[22m[90m 31[2mms[22m[39m
 [32m✓[39m tests/unit/abductive.test.ts [2m ([22m[2m10 tests[22m[2m)[22m[90m 31[2mms[22m[39m
 [32m✓[39m tests/unit/counterfactual.test.ts [2m ([22m[2m8 tests[22m[2m)[22m[90m 37[2mms[22m[39m

[31m⎯⎯⎯⎯⎯⎯⎯[1m[7m Failed Tests 1 [27m[22m⎯⎯⎯⎯⎯⎯⎯[39m

[31m[1m[7m FAIL [27m[22m[39m tests/benchmarks/validation-performance.test.ts[2m > [22mValidation Performance Benchmark[2m > [22mshould maintain O(1) lookup complexity regardless of cache size
[31m[1mAssertionError[22m: expected 18.478997002312948 to be less than 4[39m
[36m [2m❯[22m tests/benchmarks/validation-performance.test.ts:[2m173:19[22m[39m
    [90m171| [39m
    [90m172| [39m    [90m// If truly O(1), ratio should be close to 1 (allowing for system [39m…
    [90m173| [39m    [34mexpect[39m(ratio)[33m.[39m[34mtoBeLessThan[39m([34m4.0[39m)[33m;[39m
    [90m   | [39m                  [31m^[39m
    [90m174| [39m  })[33m;[39m
    [90m175| [39m

[31m[2m⎯⎯⎯⎯⎯⎯⎯⎯⎯⎯⎯⎯⎯⎯⎯⎯⎯⎯⎯⎯⎯⎯⎯⎯[1/1]⎯[22m[39m

[2m Test Files [22m [1m[31m1 failed[39m[22m[2m | [22m[1m[32m8 passed[39m[22m[90m (9)[39m
[2m      Tests [22m [1m[31m1 failed[39m[22m[2m | [22m[1m[32m101 passed[39m[22m[90m (102)[39m
[2m   Start at [22m 22:32:00
[2m   Duration [22m 8.26s


[1m[7m[31m FAIL [39m[27m[22m[31m Tests failed. Watching for file changes...[39m
       [2mpress [22m[1mh[22m[2m to show help[22m[2m, [22m[2mpress [22m[1mq[22m[2m to quit[22m
[3Jc
[7m[1m[34m RERUN [39m[22m[27m[2m src/validation/validators/modes/abductive.ts[22m

 [32m✓[39m tests/unit/temporal.test.ts [2m ([22m[2m19 tests[22m[2m)[22m[90m 42[2mms[22m[39m
[90mstdout[2m | tests/benchmarks/validation-performance.test.ts[2m > [22m[2mValidation Performance Benchmark[2m > [22m[2mshould show significant performance improvement for cache hits[22m[39m

📊 Validation Cache Benchmark: Testing cache performance

🔴 First validation (cache miss):
   Time: 3.2627ms
   Valid: true
   Confidence: 0.70

🟢 Second validation (cache hit):
   Time: 0.1921ms
   Valid: true
   Confidence: 0.70

📈 Performance Analysis:
   Cache miss time: 3.2627ms
   Cache hit time: 0.1921ms
   Speedup: 16.98x
   Hit rate: 50.0%

🎯 Result: EXCELLENT (≥10x)

[90mstdout[2m | tests/benchmarks/validation-performance.test.ts[2m > [22m[2mValidation Performance Benchmark[2m > [22m[2mshould maintain O(1) lookup complexity regardless of cache size[22m[39m

📈 Complexity Analysis: Testing O(1) cache lookup
   Cache size 10: 0.0502ms per lookup
   Cache size 50: 0.0462ms per lookup
   Cache size 100: 0.0407ms per lookup

   Min: 0.0407ms, Max: 0.0502ms, Ratio: 1.23x
   Complexity: O(1) ✅

[90mstdout[2m | tests/benchmarks/validation-performance.test.ts[2m > [22m[2mValidation Performance Benchmark[2m > [22m[2mshould handle high cache hit rates efficiently[22m[39m

📊 High-Volume Test: Simulating realistic usage patterns
   Running 100 validations (5 unique thoughts, repeated pattern)...

📈 Results:
   Total validations: 100
   Cache misses: 5 (avg 0.2450ms)
   Cache hits: 95 (avg 0.1720ms)
   Average speedup: 1.42x
   Hit rate: 95.0%
   Cache size: 5/1000

🎯 Overall Performance: ACCEPTABLE

 [32m✓[39m tests/benchmarks/validation-performance.test.ts [2m ([22m[2m3 tests[22m[2m)[22m[90m 73[2mms[22m[39m
 [32m✓[39m tests/unit/evidential.test.ts [2m ([22m[2m16 tests[22m[2m)[22m[90m 61[2mms[22m[39m
 [32m✓[39m tests/unit/bayesian.test.ts [2m ([22m[2m10 tests[22m[2m)[22m[90m 42[2mms[22m[39m
 [32m✓[39m tests/unit/gametheory.test.ts [2m ([22m[2m17 tests[22m[2m)[22m[90m 73[2mms[22m[39m
 [32m✓[39m tests/unit/counterfactual.test.ts [2m ([22m[2m8 tests[22m[2m)[22m[90m 102[2mms[22m[39m
 [32m✓[39m tests/unit/causal.test.ts [2m ([22m[2m10 tests[22m[2m)[22m[90m 34[2mms[22m[39m
 [32m✓[39m tests/unit/analogical.test.ts [2m ([22m[2m9 tests[22m[2m)[22m[90m 98[2mms[22m[39m
 [32m✓[39m tests/unit/abductive.test.ts [2m ([22m[2m10 tests[22m[2m)[22m[90m 140[2mms[22m[39m

[2m Test Files [22m [1m[32m9 passed[39m[22m[90m (9)[39m
[2m      Tests [22m [1m[32m102 passed[39m[22m[90m (102)[39m
[2m   Start at [22m 22:32:40
[2m   Duration [22m 12.21s


[1m[7m[32m PASS [39m[27m[22m[32m Waiting for file changes...[39m
       [2mpress [22m[1mh[22m[2m to show help[22m[2m, [22m[2mpress [22m[1mq[22m[2m to quit[22m
[3Jc
[7m[1m[34m RERUN [39m[22m[27m[2m src/validation/validators/modes/analogical.ts[22m

 [32m✓[39m tests/unit/abductive.test.ts [2m ([22m[2m10 tests[22m[2m)[22m[90m 46[2mms[22m[39m
 [32m✓[39m tests/unit/evidential.test.ts [2m ([22m[2m16 tests[22m[2m)[22m[90m 46[2mms[22m[39m
 [32m✓[39m tests/unit/analogical.test.ts [2m ([22m[2m9 tests[22m[2m)[22m[90m 110[2mms[22m[39m
 [32m✓[39m tests/unit/counterfactual.test.ts [2m ([22m[2m8 tests[22m[2m)[22m[90m 81[2mms[22m[39m
 [32m✓[39m tests/unit/gametheory.test.ts [2m ([22m[2m17 tests[22m[2m)[22m[90m 101[2mms[22m[39m
[90mstdout[2m | tests/benchmarks/validation-performance.test.ts[2m > [22m[2mValidation Performance Benchmark[2m > [22m[2mshould show significant performance improvement for cache hits[22m[39m

📊 Validation Cache Benchmark: Testing cache performance

🔴 First validation (cache miss):
   Time: 67.9442ms
   Valid: true
   Confidence: 0.70

🟢 Second validation (cache hit):
   Time: 0.1593ms
   Valid: true
   Confidence: 0.70

📈 Performance Analysis:
   Cache miss time: 67.9442ms
   Cache hit time: 0.1593ms
   Speedup: 426.52x
   Hit rate: 50.0%

🎯 Result: EXCELLENT (≥10x)

[90mstdout[2m | tests/benchmarks/validation-performance.test.ts[2m > [22m[2mValidation Performance Benchmark[2m > [22m[2mshould maintain O(1) lookup complexity regardless of cache size[22m[39m

📈 Complexity Analysis: Testing O(1) cache lookup
   Cache size 10: 0.0427ms per lookup
   Cache size 50: 0.0283ms per lookup
   Cache size 100: 0.1218ms per lookup

   Min: 0.0283ms, Max: 0.1218ms, Ratio: 4.30x
   Complexity: O(n) ❌

[90mstdout[2m | tests/benchmarks/validation-performance.test.ts[2m > [22m[2mValidation Performance Benchmark[2m > [22m[2mshould handle high cache hit rates efficiently[22m[39m

📊 High-Volume Test: Simulating realistic usage patterns
   Running 100 validations (5 unique thoughts, repeated pattern)...

📈 Results:
   Total validations: 100
   Cache misses: 5 (avg 0.2950ms)
   Cache hits: 95 (avg 0.0636ms)
   Average speedup: 4.64x
   Hit rate: 95.0%
   Cache size: 5/1000

🎯 Overall Performance: GOOD

 [33m❯[39m tests/benchmarks/validation-performance.test.ts [2m ([22m[2m3 tests[22m [2m|[22m [31m1 failed[39m[2m)[22m[33m 361[2mms[22m[39m
[31m   [33m❯[31m tests/benchmarks/validation-performance.test.ts[2m > [22mValidation Performance Benchmark[2m > [22mshould maintain O(1) lookup complexity regardless of cache size[39m
[31m     → expected 4.30049435042938 to be less than 4[39m
 [32m✓[39m tests/unit/bayesian.test.ts [2m ([22m[2m10 tests[22m[2m)[22m[90m 27[2mms[22m[39m
 [32m✓[39m tests/unit/causal.test.ts [2m ([22m[2m10 tests[22m[2m)[22m[90m 77[2mms[22m[39m
 [32m✓[39m tests/unit/temporal.test.ts [2m ([22m[2m19 tests[22m[2m)[22m[90m 57[2mms[22m[39m

[31m⎯⎯⎯⎯⎯⎯⎯[1m[7m Failed Tests 1 [27m[22m⎯⎯⎯⎯⎯⎯⎯[39m

[31m[1m[7m FAIL [27m[22m[39m tests/benchmarks/validation-performance.test.ts[2m > [22mValidation Performance Benchmark[2m > [22mshould maintain O(1) lookup complexity regardless of cache size
[31m[1mAssertionError[22m: expected 4.30049435042938 to be less than 4[39m
[36m [2m❯[22m tests/benchmarks/validation-performance.test.ts:[2m173:19[22m[39m
    [90m171| [39m
    [90m172| [39m    [90m// If truly O(1), ratio should be close to 1 (allowing for system [39m…
    [90m173| [39m    [34mexpect[39m(ratio)[33m.[39m[34mtoBeLessThan[39m([34m4.0[39m)[33m;[39m
    [90m   | [39m                  [31m^[39m
    [90m174| [39m  })[33m;[39m
    [90m175| [39m

[31m[2m⎯⎯⎯⎯⎯⎯⎯⎯⎯⎯⎯⎯⎯⎯⎯⎯⎯⎯⎯⎯⎯⎯⎯⎯[1/1]⎯[22m[39m

[2m Test Files [22m [1m[31m1 failed[39m[22m[2m | [22m[1m[32m8 passed[39m[22m[90m (9)[39m
[2m      Tests [22m [1m[31m1 failed[39m[22m[2m | [22m[1m[32m101 passed[39m[22m[90m (102)[39m
[2m   Start at [22m 22:32:47
[2m   Duration [22m 36.41s


[1m[7m[31m FAIL [39m[27m[22m[31m Tests failed. Watching for file changes...[39m
       [2mpress [22m[1mh[22m[2m to show help[22m[2m, [22m[2mpress [22m[1mq[22m[2m to quit[22m
[3Jc
[7m[1m[34m RERUN [39m[22m[27m[2m src/validation/validators/modes/evidential.ts[22m

 [32m✓[39m tests/unit/counterfactual.test.ts [2m ([22m[2m8 tests[22m[2m)[22m[90m 21[2mms[22m[39m
 [32m✓[39m tests/unit/gametheory.test.ts [2m ([22m[2m17 tests[22m[2m)[22m[90m 44[2mms[22m[39m
 [32m✓[39m tests/unit/analogical.test.ts [2m ([22m[2m9 tests[22m[2m)[22m[90m 33[2mms[22m[39m
[90mstdout[2m | tests/benchmarks/validation-performance.test.ts[2m > [22m[2mValidation Performance Benchmark[2m > [22m[2mshould show significant performance improvement for cache hits[22m[39m

📊 Validation Cache Benchmark: Testing cache performance

🔴 First validation (cache miss):
   Time: 21.7419ms
   Valid: true
   Confidence: 0.70

🟢 Second validation (cache hit):
   Time: 0.1743ms
   Valid: true
   Confidence: 0.70

📈 Performance Analysis:
   Cache miss time: 21.7419ms
   Cache hit time: 0.1743ms
   Speedup: 124.74x
   Hit rate: 50.0%

🎯 Result: EXCELLENT (≥10x)

[90mstdout[2m | tests/benchmarks/validation-performance.test.ts[2m > [22m[2mValidation Performance Benchmark[2m > [22m[2mshould maintain O(1) lookup complexity regardless of cache size[22m[39m

📈 Complexity Analysis: Testing O(1) cache lookup
   Cache size 10: 0.0382ms per lookup
   Cache size 50: 0.0407ms per lookup
   Cache size 100: 0.0480ms per lookup

   Min: 0.0382ms, Max: 0.0480ms, Ratio: 1.26x
   Complexity: O(1) ✅

[90mstdout[2m | tests/benchmarks/validation-performance.test.ts[2m > [22m[2mValidation Performance Benchmark[2m > [22m[2mshould handle high cache hit rates efficiently[22m[39m

📊 High-Volume Test: Simulating realistic usage patterns
   Running 100 validations (5 unique thoughts, repeated pattern)...

📈 Results:
   Total validations: 100
   Cache misses: 5 (avg 0.2611ms)
   Cache hits: 95 (avg 0.0774ms)
   Average speedup: 3.37x
   Hit rate: 95.0%
   Cache size: 5/1000

🎯 Overall Performance: GOOD

 [32m✓[39m tests/benchmarks/validation-performance.test.ts [2m ([22m[2m3 tests[22m[2m)[22m[90m 103[2mms[22m[39m
 [32m✓[39m tests/unit/causal.test.ts [2m ([22m[2m10 tests[22m[2m)[22m[90m 148[2mms[22m[39m
 [32m✓[39m tests/unit/temporal.test.ts [2m ([22m[2m19 tests[22m[2m)[22m[90m 141[2mms[22m[39m
 [32m✓[39m tests/unit/abductive.test.ts [2m ([22m[2m10 tests[22m[2m)[22m[90m 29[2mms[22m[39m
 [32m✓[39m tests/unit/bayesian.test.ts [2m ([22m[2m10 tests[22m[2m)[22m[90m 50[2mms[22m[39m
 [32m✓[39m tests/unit/evidential.test.ts [2m ([22m[2m16 tests[22m[2m)[22m[90m 48[2mms[22m[39m

[2m Test Files [22m [1m[32m9 passed[39m[22m[90m (9)[39m
[2m      Tests [22m [1m[32m102 passed[39m[22m[90m (102)[39m
[2m   Start at [22m 22:32:59
[2m   Duration [22m 9.94s


[1m[7m[32m PASS [39m[27m[22m[32m Waiting for file changes...[39m
       [2mpress [22m[1mh[22m[2m to show help[22m[2m, [22m[2mpress [22m[1mq[22m[2m to quit[22m
[3Jc
[7m[1m[34m RERUN [39m[22m[27m[2m src/export/visual.ts[22m [34mx2[39m

 [33m❯[39m tests/unit/visual.test.ts [2m ([22m[2m13 tests[22m [2m|[22m [31m1 failed[39m[2m)[22m[90m 43[2mms[22m[39m
[31m   [33m❯[31m tests/unit/visual.test.ts[2m > [22mVisual Export[2m > [22mGame Theory Exports[2m > [22mshould export game tree to Mermaid format[39m
[31m     → expected 'graph TD\n  root[root]\n  n1[Cooperat…' to contain 'root[Root]'[39m

[31m⎯⎯⎯⎯⎯⎯⎯[1m[7m Failed Tests 1 [27m[22m⎯⎯⎯⎯⎯⎯⎯[39m

[31m[1m[7m FAIL [27m[22m[39m tests/unit/visual.test.ts[2m > [22mVisual Export[2m > [22mGame Theory Exports[2m > [22mshould export game tree to Mermaid format
[31m[1mAssertionError[22m: expected 'graph TD\n  root[root]\n  n1[Cooperat…' to contain 'root[Root]'[39m

[32m- Expected[39m
[31m+ Received[39m

[32m- root[Root][39m
[31m+ graph TD[39m
[31m+   root[root][39m
[31m+   n1[Cooperate][39m
[31m+   n2[Defect][39m
[31m+[39m
[31m+   root --> |Cooperate| n1[39m
[31m+   root --> |Defect| n2[39m
[31m+[39m

[36m [2m❯[22m tests/unit/visual.test.ts:[2m166:22[22m[39m
    [90m164| [39m
    [90m165| [39m      [34mexpect[39m(result)[33m.[39m[34mtoContain[39m([32m'graph TD'[39m)[33m;[39m
    [90m166| [39m      [34mexpect[39m(result)[33m.[39m[34mtoContain[39m([32m'root[Root]'[39m)[33m;[39m
    [90m   | [39m                     [31m^[39m
    [90m167| [39m      [34mexpect[39m(result)[33m.[39m[34mtoContain[39m([32m'n1[[Cooperate]]'[39m)[33m;[39m
    [90m168| [39m      [34mexpect[39m(result)[33m.[39m[34mtoContain[39m([32m'n2[[Defect]]'[39m)[33m;[39m

[31m[2m⎯⎯⎯⎯⎯⎯⎯⎯⎯⎯⎯⎯⎯⎯⎯⎯⎯⎯⎯⎯⎯⎯⎯⎯[1/1]⎯[22m[39m

[2m Test Files [22m [1m[31m1 failed[39m[22m[90m (1)[39m
[2m      Tests [22m [1m[31m1 failed[39m[22m[2m | [22m[1m[32m12 passed[39m[22m[90m (13)[39m
[2m   Start at [22m 22:34:33
[2m   Duration [22m 130ms


[1m[7m[31m FAIL [39m[27m[22m[31m Tests failed. Watching for file changes...[39m
       [2mpress [22m[1mh[22m[2m to show help[22m[2m, [22m[2mpress [22m[1mq[22m[2m to quit[22m
       [34mrerun x2[39m
[2K[1A[2K[G       [90mrerun x2[39m
[2K[1A[2K[G       [2m[90mrerun x2[39m[22m
[2K[1A[2K[G[3Jc
[7m[1m[34m RERUN [39m[22m[27m[2m src/export/visual.ts[22m [34mx3[39m

 [33m❯[39m tests/unit/visual.test.ts [2m ([22m[2m13 tests[22m [2m|[22m [31m1 failed[39m[2m)[22m[90m 34[2mms[22m[39m
[31m   [33m❯[31m tests/unit/visual.test.ts[2m > [22mVisual Export[2m > [22mGame Theory Exports[2m > [22mshould export game tree to Mermaid format[39m
[31m     → expected 'graph TD\n  root[root]\n  n1[Cooperat…' to contain 'root[Root]'[39m

[31m⎯⎯⎯⎯⎯⎯⎯[1m[7m Failed Tests 1 [27m[22m⎯⎯⎯⎯⎯⎯⎯[39m

[31m[1m[7m FAIL [27m[22m[39m tests/unit/visual.test.ts[2m > [22mVisual Export[2m > [22mGame Theory Exports[2m > [22mshould export game tree to Mermaid format
[31m[1mAssertionError[22m: expected 'graph TD\n  root[root]\n  n1[Cooperat…' to contain 'root[Root]'[39m

[32m- Expected[39m
[31m+ Received[39m

[32m- root[Root][39m
[31m+ graph TD[39m
[31m+   root[root][39m
[31m+   n1[Cooperate][39m
[31m+   n2[Defect][39m
[31m+[39m
[31m+   root --> |Cooperate| n1[39m
[31m+   root --> |Defect| n2[39m
[31m+[39m

[36m [2m❯[22m tests/unit/visual.test.ts:[2m166:22[22m[39m
    [90m164| [39m
    [90m165| [39m      [34mexpect[39m(result)[33m.[39m[34mtoContain[39m([32m'graph TD'[39m)[33m;[39m
    [90m166| [39m      [34mexpect[39m(result)[33m.[39m[34mtoContain[39m([32m'root[Root]'[39m)[33m;[39m
    [90m   | [39m                     [31m^[39m
    [90m167| [39m      [34mexpect[39m(result)[33m.[39m[34mtoContain[39m([32m'n1[[Cooperate]]'[39m)[33m;[39m
    [90m168| [39m      [34mexpect[39m(result)[33m.[39m[34mtoContain[39m([32m'n2[[Defect]]'[39m)[33m;[39m

[31m[2m⎯⎯⎯⎯⎯⎯⎯⎯⎯⎯⎯⎯⎯⎯⎯⎯⎯⎯⎯⎯⎯⎯⎯⎯[1/1]⎯[22m[39m

[2m Test Files [22m [1m[31m1 failed[39m[22m[90m (1)[39m
[2m      Tests [22m [1m[31m1 failed[39m[22m[2m | [22m[1m[32m12 passed[39m[22m[90m (13)[39m
[2m   Start at [22m 22:34:56
[2m   Duration [22m 115ms


[1m[7m[31m FAIL [39m[27m[22m[31m Tests failed. Watching for file changes...[39m
       [2mpress [22m[1mh[22m[2m to show help[22m[2m, [22m[2mpress [22m[1mq[22m[2m to quit[22m
       [34mrerun x3[39m
[2K[1A[2K[G       [90mrerun x3[39m
[2K[1A[2K[G       [2m[90mrerun x3[39m[22m
[2K[1A[2K[G[3Jc
[7m[1m[34m RERUN [39m[22m[27m[2m src/export/visual.ts[22m [34mx4[39m

 [33m❯[39m tests/unit/visual.test.ts [2m ([22m[2m13 tests[22m [2m|[22m [31m2 failed[39m[2m)[22m[90m 53[2mms[22m[39m
[31m   [33m❯[31m tests/unit/visual.test.ts[2m > [22mVisual Export[2m > [22mGame Theory Exports[2m > [22mshould export game tree to Mermaid format[39m
[31m     → expected 'graph TD\n  root[root]\n  n1[Cooperat…' to contain 'root[Root]'[39m
[31m   [33m❯[31m tests/unit/visual.test.ts[2m > [22mVisual Export[2m > [22mGame Theory Exports[2m > [22mshould export game tree to ASCII format[39m
[31m     → expected 'Game: Prisoner\'s Dilemma\n==========…' to contain '• Cooperate (pure)'[39m

[31m⎯⎯⎯⎯⎯⎯⎯[1m[7m Failed Tests 2 [27m[22m⎯⎯⎯⎯⎯⎯⎯[39m

[31m[1m[7m FAIL [27m[22m[39m tests/unit/visual.test.ts[2m > [22mVisual Export[2m > [22mGame Theory Exports[2m > [22mshould export game tree to Mermaid format
[31m[1mAssertionError[22m: expected 'graph TD\n  root[root]\n  n1[Cooperat…' to contain 'root[Root]'[39m

[32m- Expected[39m
[31m+ Received[39m

[32m- root[Root][39m
[31m+ graph TD[39m
[31m+   root[root][39m
[31m+   n1[Cooperate][39m
[31m+   n2[Defect][39m
[31m+[39m
[31m+   root --> |Cooperate| n1[39m
[31m+   root --> |Defect| n2[39m
[31m+[39m

[36m [2m❯[22m tests/unit/visual.test.ts:[2m166:22[22m[39m
    [90m164| [39m
    [90m165| [39m      [34mexpect[39m(result)[33m.[39m[34mtoContain[39m([32m'graph TD'[39m)[33m;[39m
    [90m166| [39m      [34mexpect[39m(result)[33m.[39m[34mtoContain[39m([32m'root[Root]'[39m)[33m;[39m
    [90m   | [39m                     [31m^[39m
    [90m167| [39m      [34mexpect[39m(result)[33m.[39m[34mtoContain[39m([32m'n1[[Cooperate]]'[39m)[33m;[39m
    [90m168| [39m      [34mexpect[39m(result)[33m.[39m[34mtoContain[39m([32m'n2[[Defect]]'[39m)[33m;[39m

[31m[2m⎯⎯⎯⎯⎯⎯⎯⎯⎯⎯⎯⎯⎯⎯⎯⎯⎯⎯⎯⎯⎯⎯⎯⎯[1/2]⎯[22m[39m

[31m[1m[7m FAIL [27m[22m[39m tests/unit/visual.test.ts[2m > [22mVisual Export[2m > [22mGame Theory Exports[2m > [22mshould export game tree to ASCII format
[31m[1mAssertionError[22m: expected 'Game: Prisoner\'s Dilemma\n==========…' to contain '• Cooperate (pure)'[39m

[32m- Expected[39m
[31m+ Received[39m

[32m- • Cooperate (pure)[39m
[31m+ Game: Prisoner's Dilemma[39m
[31m+ ========================================[39m
[31m+[39m
[31m+ Strategies:[39m
[31m+   • Cooperate (Mixed)[39m
[31m+   • Defect (Mixed)[39m
[31m+[39m

[36m [2m❯[22m tests/unit/visual.test.ts:[2m178:22[22m[39m
    [90m176| [39m      [34mexpect[39m(result)[33m.[39m[34mtoContain[39m([32m"Game: Prisoner's Dilemma"[39m)[33m;[39m
    [90m177| [39m      [34mexpect[39m(result)[33m.[39m[34mtoContain[39m([32m'Strategies:'[39m)[33m;[39m
    [90m178| [39m      [34mexpect[39m(result)[33m.[39m[34mtoContain[39m([32m'• Cooperate (pure)'[39m)[33m;[39m
    [90m   | [39m                     [31m^[39m
    [90m179| [39m      [34mexpect[39m(result)[33m.[39m[34mtoContain[39m([32m'• Defect (pure)'[39m)[33m;[39m
    [90m180| [39m    })[33m;[39m

[31m[2m⎯⎯⎯⎯⎯⎯⎯⎯⎯⎯⎯⎯⎯⎯⎯⎯⎯⎯⎯⎯⎯⎯⎯⎯[2/2]⎯[22m[39m

[2m Test Files [22m [1m[31m1 failed[39m[22m[90m (1)[39m
[2m      Tests [22m [1m[31m2 failed[39m[22m[2m | [22m[1m[32m11 passed[39m[22m[90m (13)[39m
[2m   Start at [22m 22:35:50
[2m   Duration [22m 145ms


[1m[7m[31m FAIL [39m[27m[22m[31m Tests failed. Watching for file changes...[39m
       [2mpress [22m[1mh[22m[2m to show help[22m[2m, [22m[2mpress [22m[1mq[22m[2m to quit[22m
       [34mrerun x4[39m
[2K[1A[2K[G       [90mrerun x4[39m
[2K[1A[2K[G       [2m[90mrerun x4[39m[22m
[2K[1A[2K[G[3Jc
[7m[1m[34m RERUN [39m[22m[27m[2m src/export/visual.ts[22m [34mx5[39m

 [33m❯[39m tests/unit/visual.test.ts [2m ([22m[2m13 tests[22m [2m|[22m [31m2 failed[39m[2m)[22m[90m 47[2mms[22m[39m
[31m   [33m❯[31m tests/unit/visual.test.ts[2m > [22mVisual Export[2m > [22mGame Theory Exports[2m > [22mshould export game tree to Mermaid format[39m
[31m     → expected 'graph TD\n  root[root]\n  n1[Cooperat…' to contain 'root[Root]'[39m
[31m   [33m❯[31m tests/unit/visual.test.ts[2m > [22mVisual Export[2m > [22mGame Theory Exports[2m > [22mshould export game tree to ASCII format[39m
[31m     → expected 'Game: Prisoner\'s Dilemma\n==========…' to contain '• Cooperate (pure)'[39m

[31m⎯⎯⎯⎯⎯⎯⎯[1m[7m Failed Tests 2 [27m[22m⎯⎯⎯⎯⎯⎯⎯[39m

[31m[1m[7m FAIL [27m[22m[39m tests/unit/visual.test.ts[2m > [22mVisual Export[2m > [22mGame Theory Exports[2m > [22mshould export game tree to Mermaid format
[31m[1mAssertionError[22m: expected 'graph TD\n  root[root]\n  n1[Cooperat…' to contain 'root[Root]'[39m

[32m- Expected[39m
[31m+ Received[39m

[32m- root[Root][39m
[31m+ graph TD[39m
[31m+   root[root][39m
[31m+   n1[Cooperate][39m
[31m+   n2[Defect][39m
[31m+[39m
[31m+   root --> |Cooperate| n1[39m
[31m+   root --> |Defect| n2[39m
[31m+[39m

[36m [2m❯[22m tests/unit/visual.test.ts:[2m166:22[22m[39m
    [90m164| [39m
    [90m165| [39m      [34mexpect[39m(result)[33m.[39m[34mtoContain[39m([32m'graph TD'[39m)[33m;[39m
    [90m166| [39m      [34mexpect[39m(result)[33m.[39m[34mtoContain[39m([32m'root[Root]'[39m)[33m;[39m
    [90m   | [39m                     [31m^[39m
    [90m167| [39m      [34mexpect[39m(result)[33m.[39m[34mtoContain[39m([32m'n1[[Cooperate]]'[39m)[33m;[39m
    [90m168| [39m      [34mexpect[39m(result)[33m.[39m[34mtoContain[39m([32m'n2[[Defect]]'[39m)[33m;[39m

[31m[2m⎯⎯⎯⎯⎯⎯⎯⎯⎯⎯⎯⎯⎯⎯⎯⎯⎯⎯⎯⎯⎯⎯⎯⎯[1/2]⎯[22m[39m

[31m[1m[7m FAIL [27m[22m[39m tests/unit/visual.test.ts[2m > [22mVisual Export[2m > [22mGame Theory Exports[2m > [22mshould export game tree to ASCII format
[31m[1mAssertionError[22m: expected 'Game: Prisoner\'s Dilemma\n==========…' to contain '• Cooperate (pure)'[39m

[32m- Expected[39m
[31m+ Received[39m

[32m- • Cooperate (pure)[39m
[31m+ Game: Prisoner's Dilemma[39m
[31m+ ========================================[39m
[31m+[39m
[31m+ Strategies:[39m
[31m+   • Cooperate (Mixed)[39m
[31m+   • Defect (Mixed)[39m
[31m+[39m

[36m [2m❯[22m tests/unit/visual.test.ts:[2m178:22[22m[39m
    [90m176| [39m      [34mexpect[39m(result)[33m.[39m[34mtoContain[39m([32m"Game: Prisoner's Dilemma"[39m)[33m;[39m
    [90m177| [39m      [34mexpect[39m(result)[33m.[39m[34mtoContain[39m([32m'Strategies:'[39m)[33m;[39m
    [90m178| [39m      [34mexpect[39m(result)[33m.[39m[34mtoContain[39m([32m'• Cooperate (pure)'[39m)[33m;[39m
    [90m   | [39m                     [31m^[39m
    [90m179| [39m      [34mexpect[39m(result)[33m.[39m[34mtoContain[39m([32m'• Defect (pure)'[39m)[33m;[39m
    [90m180| [39m    })[33m;[39m

[31m[2m⎯⎯⎯⎯⎯⎯⎯⎯⎯⎯⎯⎯⎯⎯⎯⎯⎯⎯⎯⎯⎯⎯⎯⎯[2/2]⎯[22m[39m

[2m Test Files [22m [1m[31m1 failed[39m[22m[90m (1)[39m
[2m      Tests [22m [1m[31m2 failed[39m[22m[2m | [22m[1m[32m11 passed[39m[22m[90m (13)[39m
[2m   Start at [22m 22:36:17
[2m   Duration [22m 162ms


[1m[7m[31m FAIL [39m[27m[22m[31m Tests failed. Watching for file changes...[39m
       [2mpress [22m[1mh[22m[2m to show help[22m[2m, [22m[2mpress [22m[1mq[22m[2m to quit[22m
       [34mrerun x5[39m
[2K[1A[2K[G       [90mrerun x5[39m
[2K[1A[2K[G       [2m[90mrerun x5[39m[22m
[2K[1A[2K[G[3Jc
[7m[1m[34m RERUN [39m[22m[27m[2m src/export/visual.ts[22m [34mx6[39m

 [33m❯[39m tests/unit/visual.test.ts [2m ([22m[2m13 tests[22m [2m|[22m [31m2 failed[39m[2m)[22m[90m 58[2mms[22m[39m
[31m   [33m❯[31m tests/unit/visual.test.ts[2m > [22mVisual Export[2m > [22mGame Theory Exports[2m > [22mshould export game tree to Mermaid format[39m
[31m     → expected 'graph TD\n  root[root]\n  n1[Cooperat…' to contain 'root[Root]'[39m
[31m   [33m❯[31m tests/unit/visual.test.ts[2m > [22mVisual Export[2m > [22mGame Theory Exports[2m > [22mshould export game tree to ASCII format[39m
[31m     → expected 'Game: Prisoner\'s Dilemma\n==========…' to contain '• Cooperate (pure)'[39m

[31m⎯⎯⎯⎯⎯⎯⎯[1m[7m Failed Tests 2 [27m[22m⎯⎯⎯⎯⎯⎯⎯[39m

[31m[1m[7m FAIL [27m[22m[39m tests/unit/visual.test.ts[2m > [22mVisual Export[2m > [22mGame Theory Exports[2m > [22mshould export game tree to Mermaid format
[31m[1mAssertionError[22m: expected 'graph TD\n  root[root]\n  n1[Cooperat…' to contain 'root[Root]'[39m

[32m- Expected[39m
[31m+ Received[39m

[32m- root[Root][39m
[31m+ graph TD[39m
[31m+   root[root][39m
[31m+   n1[Cooperate][39m
[31m+   n2[Defect][39m
[31m+[39m
[31m+   root --> |Cooperate| n1[39m
[31m+   root --> |Defect| n2[39m
[31m+[39m

[36m [2m❯[22m tests/unit/visual.test.ts:[2m166:22[22m[39m
    [90m164| [39m
    [90m165| [39m      [34mexpect[39m(result)[33m.[39m[34mtoContain[39m([32m'graph TD'[39m)[33m;[39m
    [90m166| [39m      [34mexpect[39m(result)[33m.[39m[34mtoContain[39m([32m'root[Root]'[39m)[33m;[39m
    [90m   | [39m                     [31m^[39m
    [90m167| [39m      [34mexpect[39m(result)[33m.[39m[34mtoContain[39m([32m'n1[[Cooperate]]'[39m)[33m;[39m
    [90m168| [39m      [34mexpect[39m(result)[33m.[39m[34mtoContain[39m([32m'n2[[Defect]]'[39m)[33m;[39m

[31m[2m⎯⎯⎯⎯⎯⎯⎯⎯⎯⎯⎯⎯⎯⎯⎯⎯⎯⎯⎯⎯⎯⎯⎯⎯[1/2]⎯[22m[39m

[31m[1m[7m FAIL [27m[22m[39m tests/unit/visual.test.ts[2m > [22mVisual Export[2m > [22mGame Theory Exports[2m > [22mshould export game tree to ASCII format
[31m[1mAssertionError[22m: expected 'Game: Prisoner\'s Dilemma\n==========…' to contain '• Cooperate (pure)'[39m

[32m- Expected[39m
[31m+ Received[39m

[32m- • Cooperate (pure)[39m
[31m+ Game: Prisoner's Dilemma[39m
[31m+ ========================================[39m
[31m+[39m
[31m+ Strategies:[39m
[31m+   • Cooperate (Mixed)[39m
[31m+   • Defect (Mixed)[39m
[31m+[39m

[36m [2m❯[22m tests/unit/visual.test.ts:[2m178:22[22m[39m
    [90m176| [39m      [34mexpect[39m(result)[33m.[39m[34mtoContain[39m([32m"Game: Prisoner's Dilemma"[39m)[33m;[39m
    [90m177| [39m      [34mexpect[39m(result)[33m.[39m[34mtoContain[39m([32m'Strategies:'[39m)[33m;[39m
    [90m178| [39m      [34mexpect[39m(result)[33m.[39m[34mtoContain[39m([32m'• Cooperate (pure)'[39m)[33m;[39m
    [90m   | [39m                     [31m^[39m
    [90m179| [39m      [34mexpect[39m(result)[33m.[39m[34mtoContain[39m([32m'• Defect (pure)'[39m)[33m;[39m
    [90m180| [39m    })[33m;[39m

[31m[2m⎯⎯⎯⎯⎯⎯⎯⎯⎯⎯⎯⎯⎯⎯⎯⎯⎯⎯⎯⎯⎯⎯⎯⎯[2/2]⎯[22m[39m

[2m Test Files [22m [1m[31m1 failed[39m[22m[90m (1)[39m
[2m      Tests [22m [1m[31m2 failed[39m[22m[2m | [22m[1m[32m11 passed[39m[22m[90m (13)[39m
[2m   Start at [22m 22:36:43
[2m   Duration [22m 192ms


[1m[7m[31m FAIL [39m[27m[22m[31m Tests failed. Watching for file changes...[39m
       [2mpress [22m[1mh[22m[2m to show help[22m[2m, [22m[2mpress [22m[1mq[22m[2m to quit[22m
       [34mrerun x6[39m
[2K[1A[2K[G       [90mrerun x6[39m
[2K[1A[2K[G       [2m[90mrerun x6[39m[22m
[2K[1A[2K[G[3Jc
[7m[1m[34m RERUN [39m[22m[27m[2m src/export/visual.ts[22m [34mx7[39m

 [33m❯[39m tests/unit/visual.test.ts [2m ([22m[2m13 tests[22m [2m|[22m [31m3 failed[39m[2m)[22m[90m 72[2mms[22m[39m
[31m   [33m❯[31m tests/unit/visual.test.ts[2m > [22mVisual Export[2m > [22mGame Theory Exports[2m > [22mshould export game tree to Mermaid format[39m
[31m     → expected 'graph TD\n  root[root]\n  n1[Cooperat…' to contain 'root[Root]'[39m
[31m   [33m❯[31m tests/unit/visual.test.ts[2m > [22mVisual Export[2m > [22mGame Theory Exports[2m > [22mshould export game tree to ASCII format[39m
[31m     → expected 'Game: Prisoner\'s Dilemma\n==========…' to contain '• Cooperate (pure)'[39m
[31m   [33m❯[31m tests/unit/visual.test.ts[2m > [22mVisual Export[2m > [22mBayesian Network Exports[2m > [22mshould export Bayesian network to ASCII format[39m
[31m     → expected 'Bayesian Network:\n=================\…' to contain '• A/B test shows 20% lift'[39m

[31m⎯⎯⎯⎯⎯⎯⎯[1m[7m Failed Tests 3 [27m[22m⎯⎯⎯⎯⎯⎯⎯[39m

[31m[1m[7m FAIL [27m[22m[39m tests/unit/visual.test.ts[2m > [22mVisual Export[2m > [22mGame Theory Exports[2m > [22mshould export game tree to Mermaid format
[31m[1mAssertionError[22m: expected 'graph TD\n  root[root]\n  n1[Cooperat…' to contain 'root[Root]'[39m

[32m- Expected[39m
[31m+ Received[39m

[32m- root[Root][39m
[31m+ graph TD[39m
[31m+   root[root][39m
[31m+   n1[Cooperate][39m
[31m+   n2[Defect][39m
[31m+[39m
[31m+   root --> |Cooperate| n1[39m
[31m+   root --> |Defect| n2[39m
[31m+[39m

[36m [2m❯[22m tests/unit/visual.test.ts:[2m166:22[22m[39m
    [90m164| [39m
    [90m165| [39m      [34mexpect[39m(result)[33m.[39m[34mtoContain[39m([32m'graph TD'[39m)[33m;[39m
    [90m166| [39m      [34mexpect[39m(result)[33m.[39m[34mtoContain[39m([32m'root[Root]'[39m)[33m;[39m
    [90m   | [39m                     [31m^[39m
    [90m167| [39m      [34mexpect[39m(result)[33m.[39m[34mtoContain[39m([32m'n1[[Cooperate]]'[39m)[33m;[39m
    [90m168| [39m      [34mexpect[39m(result)[33m.[39m[34mtoContain[39m([32m'n2[[Defect]]'[39m)[33m;[39m

[31m[2m⎯⎯⎯⎯⎯⎯⎯⎯⎯⎯⎯⎯⎯⎯⎯⎯⎯⎯⎯⎯⎯⎯⎯⎯[1/3]⎯[22m[39m

[31m[1m[7m FAIL [27m[22m[39m tests/unit/visual.test.ts[2m > [22mVisual Export[2m > [22mGame Theory Exports[2m > [22mshould export game tree to ASCII format
[31m[1mAssertionError[22m: expected 'Game: Prisoner\'s Dilemma\n==========…' to contain '• Cooperate (pure)'[39m

[32m- Expected[39m
[31m+ Received[39m

[32m- • Cooperate (pure)[39m
[31m+ Game: Prisoner's Dilemma[39m
[31m+ ========================================[39m
[31m+[39m
[31m+ Strategies:[39m
[31m+   • Cooperate (Mixed)[39m
[31m+   • Defect (Mixed)[39m
[31m+[39m

[36m [2m❯[22m tests/unit/visual.test.ts:[2m178:22[22m[39m
    [90m176| [39m      [34mexpect[39m(result)[33m.[39m[34mtoContain[39m([32m"Game: Prisoner's Dilemma"[39m)[33m;[39m
    [90m177| [39m      [34mexpect[39m(result)[33m.[39m[34mtoContain[39m([32m'Strategies:'[39m)[33m;[39m
    [90m178| [39m      [34mexpect[39m(result)[33m.[39m[34mtoContain[39m([32m'• Cooperate (pure)'[39m)[33m;[39m
    [90m   | [39m                     [31m^[39m
    [90m179| [39m      [34mexpect[39m(result)[33m.[39m[34mtoContain[39m([32m'• Defect (pure)'[39m)[33m;[39m
    [90m180| [39m    })[33m;[39m

[31m[2m⎯⎯⎯⎯⎯⎯⎯⎯⎯⎯⎯⎯⎯⎯⎯⎯⎯⎯⎯⎯⎯⎯⎯⎯[2/3]⎯[22m[39m

[31m[1m[7m FAIL [27m[22m[39m tests/unit/visual.test.ts[2m > [22mVisual Export[2m > [22mBayesian Network Exports[2m > [22mshould export Bayesian network to ASCII format
[31m[1mAssertionError[22m: expected 'Bayesian Network:\n=================\…' to contain '• A/B test shows 20% lift'[39m

[32m- Expected[39m
[31m+ Received[39m

[32m- • A/B test shows 20% lift[39m
[31m+ Bayesian Network:[39m
[31m+ =================[39m
[31m+[39m
[31m+ Hypothesis: Feature improves conversion[39m
[31m+[39m
[31m+ Prior Probability: 0.500[39m
[31m+   Justification: No prior data[39m
[31m+[39m
[31m+ Evidence:[39m
[31m+   • undefined[39m
[31m+[39m
[31m+ Posterior Probability: 0.760[39m
[31m+   Calculation: undefined[39m
[31m+[39m
[31m+ Bayes Factor: 3.80[39m
[31m+[39m

[36m [2m❯[22m tests/unit/visual.test.ts:[2m227:22[22m[39m
    [90m225| [39m      [34mexpect[39m(result)[33m.[39m[34mtoContain[39m([32m'Bayes Factor: 3.80'[39m)[33m;[39m
    [90m226| [39m      [34mexpect[39m(result)[33m.[39m[34mtoContain[39m([32m'Evidence:'[39m)[33m;[39m
    [90m227| [39m      [34mexpect[39m(result)[33m.[39m[34mtoContain[39m([32m'• A/B test shows 20% lift'[39m)[33m;[39m
    [90m   | [39m                     [31m^[39m
    [90m228| [39m    })[33m;[39m
    [90m229| [39m  })[33m;[39m

[31m[2m⎯⎯⎯⎯⎯⎯⎯⎯⎯⎯⎯⎯⎯⎯⎯⎯⎯⎯⎯⎯⎯⎯⎯⎯[3/3]⎯[22m[39m

[2m Test Files [22m [1m[31m1 failed[39m[22m[90m (1)[39m
[2m      Tests [22m [1m[31m3 failed[39m[22m[2m | [22m[1m[32m10 passed[39m[22m[90m (13)[39m
[2m   Start at [22m 22:37:43
[2m   Duration [22m 183ms


[1m[7m[31m FAIL [39m[27m[22m[31m Tests failed. Watching for file changes...[39m
       [2mpress [22m[1mh[22m[2m to show help[22m[2m, [22m[2mpress [22m[1mq[22m[2m to quit[22m
       [34mrerun x7[39m
[2K[1A[2K[G       [90mrerun x7[39m
[2K[1A[2K[G       [2m[90mrerun x7[39m[22m
[2K[1A[2K[G[3Jc
[7m[1m[34m RERUN [39m[22m[27m[2m src/session/manager.ts[22m

[90mstdout[2m | tests/benchmarks/metrics-performance.test.ts[2m > [22m[2mMetrics Performance Benchmark[2m > [22m[2mshould show performance improvement with incremental calculation[22m[39m
[2025-11-19T03:40:17.829Z] INFO: Session created
  Context: {
  "sessionId": "c554b64c-f03e-4e00-9850-a6ab7661cf44",
  "title": "Performance Test",
  "mode": "sequential"
}

📊 Benchmark: Adding 1000 thoughts with uncertainty tracking
[2025-11-19T03:40:17.844Z] INFO: Session completed
  Context: {
  "sessionId": "c554b64c-f03e-4e00-9850-a6ab7661cf44",
  "title": "Performance Test",
  "totalThoughts": 1000
}
✅ Total time: 13.02ms
✅ Average time per thought: 0.0130ms
✅ Expected average uncertainty: 0.516237
✅ Actual average uncertainty: 0.516237
✅ Accuracy verified: PASS

🎯 Performance: EXCELLENT

[90mstdout[2m | tests/benchmarks/metrics-performance.test.ts[2m > [22m[2mMetrics Performance Benchmark[2m > [22m[2mshould maintain O(1) complexity regardless of session size[22m[39m

📈 Complexity Analysis: Testing O(1) behavior
[2025-11-19T03:40:17.851Z] INFO: Session created
  Context: {
  "sessionId": "df9996cd-e77f-4cbb-8cdd-2873df18563d",
  "title": "Test Session 100",
  "mode": "sequential"
}
[2025-11-19T03:40:17.856Z] INFO: Session completed
  Context: {
  "sessionId": "df9996cd-e77f-4cbb-8cdd-2873df18563d",
  "title": "Test Session 100",
  "totalThoughts": 100
}
  Session size 100: 0.0528ms per thought
[2025-11-19T03:40:17.857Z] INFO: Session created
  Context: {
  "sessionId": "d5453474-cf43-4193-9459-031c03cd1671",
  "title": "Test Session 500",
  "mode": "sequential"
}
[2025-11-19T03:40:17.860Z] INFO: Session completed
  Context: {
  "sessionId": "d5453474-cf43-4193-9459-031c03cd1671",
  "title": "Test Session 500",
  "totalThoughts": 500
}
  Session size 500: 0.0080ms per thought
[2025-11-19T03:40:17.860Z] INFO: Session created
  Context: {
  "sessionId": "36bc0f49-20b4-4f6b-9788-33f61d2b2c00",
  "title": "Test Session 1000",
  "mode": "sequential"
}
[2025-11-19T03:40:17.870Z] INFO: Session completed
  Context: {
  "sessionId": "36bc0f49-20b4-4f6b-9788-33f61d2b2c00",
  "title": "Test Session 1000",
  "totalThoughts": 1000
}
  Session size 1000: 0.0070ms per thought

  Min: 0.0070ms, Max: 0.0528ms, Overall Ratio: 7.58x
  Ratio (500 vs 1000): 1.16x
  Complexity: O(1) ✅

 [32m✓[39m tests/benchmarks/metrics-performance.test.ts [2m ([22m[2m2 tests[22m[2m)[22m[90m 52[2mms[22m[39m
 [32m✓[39m tests/integration/index-handlers.test.ts [2m ([22m[2m33 tests[22m[2m)[22m[90m 291[2mms[22m[39m
[90mstdout[2m | tests/integration/index-handlers.test.ts[2m > [22m[2mIndex.ts Handler Functions[2m > [22m[2mHandler Functions[2m > [22m[2mhandleAddThought()[2m > [22m[2mshould create new session if sessionId not provided[22m[39m
[2025-11-19T03:40:18.200Z] INFO: Session created
  Context: {
  "sessionId": "cd96fc80-f1ab-4213-b225-c7a3722fa886",
  "title": "Test Session",
  "mode": "sequential"
}

[90mstdout[2m | tests/integration/index-handlers.test.ts[2m > [22m[2mIndex.ts Handler Functions[2m > [22m[2mHandler Functions[2m > [22m[2mhandleAddThought()[2m > [22m[2mshould add thought to existing session[22m[39m
[2025-11-19T03:40:18.204Z] INFO: Session created
  Context: {
  "sessionId": "9ad41d8f-a61e-4b72-84e7-ae0a2d7e41b0",
  "title": "Test Session",
  "mode": "sequential"
}

[90mstdout[2m | tests/integration/index-handlers.test.ts[2m > [22m[2mIndex.ts Handler Functions[2m > [22m[2mHandler Functions[2m > [22m[2mhandleAddThought()[2m > [22m[2mshould handle all 13 modes in add_thought[22m[39m
[2025-11-19T03:40:18.208Z] INFO: Session created
  Context: {
  "sessionId": "04fa7ba9-98da-421f-ab70-30e5525bc44b",
  "title": "Test sequential",
  "mode": "sequential"
}
[2025-11-19T03:40:18.209Z] INFO: Session completed
  Context: {
  "sessionId": "04fa7ba9-98da-421f-ab70-30e5525bc44b",
  "title": "Test sequential",
  "totalThoughts": 1
}
[2025-11-19T03:40:18.210Z] INFO: Session created
  Context: {
  "sessionId": "7eb1930e-ac1c-4c22-a915-e4fe87379b85",
  "title": "Test shannon",
  "mode": "shannon"
}
[2025-11-19T03:40:18.210Z] INFO: Session completed
  Context: {
  "sessionId": "7eb1930e-ac1c-4c22-a915-e4fe87379b85",
  "title": "Test shannon",
  "totalThoughts": 1
}
[2025-11-19T03:40:18.211Z] INFO: Session created
  Context: {
  "sessionId": "5ce79775-6f74-4de6-bd7a-901e5e46291f",
  "title": "Test mathematics",
  "mode": "mathematics"
}
[2025-11-19T03:40:18.211Z] INFO: Session completed
  Context: {
  "sessionId": "5ce79775-6f74-4de6-bd7a-901e5e46291f",
  "title": "Test mathematics",
  "totalThoughts": 1
}
[2025-11-19T03:40:18.284Z] INFO: Session created
  Context: {
  "sessionId": "ce1aa138-c5a4-482a-b1ee-4c52d5dd7227",
  "title": "Test physics",
  "mode": "physics"
}
[2025-11-19T03:40:18.285Z] INFO: Session completed
  Context: {
  "sessionId": "ce1aa138-c5a4-482a-b1ee-4c52d5dd7227",
  "title": "Test physics",
  "totalThoughts": 1
}
[2025-11-19T03:40:18.286Z] INFO: Session created
  Context: {
  "sessionId": "f207487a-e2b4-4671-9ae0-791dacaedc1d",
  "title": "Test hybrid",
  "mode": "hybrid"
}
[2025-11-19T03:40:18.286Z] INFO: Session completed
  Context: {
  "sessionId": "f207487a-e2b4-4671-9ae0-791dacaedc1d",
  "title": "Test hybrid",
  "totalThoughts": 1
}
[2025-11-19T03:40:18.287Z] INFO: Session created
  Context: {
  "sessionId": "d7a7e1c9-0005-490e-a10d-04fde92b1d6e",
  "title": "Test abductive",
  "mode": "abductive"
}
[2025-11-19T03:40:18.287Z] INFO: Session completed
  Context: {
  "sessionId": "d7a7e1c9-0005-490e-a10d-04fde92b1d6e",
  "title": "Test abductive",
  "totalThoughts": 1
}
[2025-11-19T03:40:18.287Z] INFO: Session created
  Context: {
  "sessionId": "1c40b676-99c6-482b-9b5b-f030d8bfd89e",
  "title": "Test causal",
  "mode": "causal"
}
[2025-11-19T03:40:18.288Z] INFO: Session completed
  Context: {
  "sessionId": "1c40b676-99c6-482b-9b5b-f030d8bfd89e",
  "title": "Test causal",
  "totalThoughts": 1
}
[2025-11-19T03:40:18.288Z] INFO: Session created
  Context: {
  "sessionId": "d60cd13e-f3a2-463b-89b0-a2ba4bbc3668",
  "title": "Test bayesian",
  "mode": "bayesian"
}
[2025-11-19T03:40:18.289Z] INFO: Session completed
  Context: {
  "sessionId": "d60cd13e-f3a2-463b-89b0-a2ba4bbc3668",
  "title": "Test bayesian",
  "totalThoughts": 1
}
[2025-11-19T03:40:18.289Z] INFO: Session created
  Context: {
  "sessionId": "02d30e5d-2657-448f-8afa-9531a949b2e7",
  "title": "Test counterfactual",
  "mode": "counterfactual"
}
[2025-11-19T03:40:18.290Z] INFO: Session completed
  Context: {
  "sessionId": "02d30e5d-2657-448f-8afa-9531a949b2e7",
  "title": "Test counterfactual",
  "totalThoughts": 1
}
[2025-11-19T03:40:18.290Z] INFO: Session created
  Context: {
  "sessionId": "bf93c857-d3a2-49b0-88af-be7089b28090",
  "title": "Test analogical",
  "mode": "analogical"
}
[2025-11-19T03:40:18.291Z] INFO: Session completed
  Context: {
  "sessionId": "bf93c857-d3a2-49b0-88af-be7089b28090",
  "title": "Test analogical",
  "totalThoughts": 1
}
[2025-11-19T03:40:18.291Z] INFO: Session created
  Context: {
  "sessionId": "dd663478-8217-4ef4-91e0-686b274cebdd",
  "title": "Test temporal",
  "mode": "temporal"
}
[2025-11-19T03:40:18.292Z] INFO: Session completed
  Context: {
  "sessionId": "dd663478-8217-4ef4-91e0-686b274cebdd",
  "title": "Test temporal",
  "totalThoughts": 1
}
[2025-11-19T03:40:18.292Z] INFO: Session created
  Context: {
  "sessionId": "00a35eb9-6d30-4256-9fb1-86ba2014a6e4",
  "title": "Test gametheory",
  "mode": "gametheory"
}
[2025-11-19T03:40:18.292Z] INFO: Session completed
  Context: {
  "sessionId": "00a35eb9-6d30-4256-9fb1-86ba2014a6e4",
  "title": "Test gametheory",
  "totalThoughts": 1
}
[2025-11-19T03:40:18.293Z] INFO: Session created
  Context: {
  "sessionId": "d855c63a-6d9e-48ff-ac27-a2175e2b0864",
  "title": "Test evidential",
  "mode": "evidential"
}
[2025-11-19T03:40:18.293Z] INFO: Session completed
  Context: {
  "sessionId": "d855c63a-6d9e-48ff-ac27-a2175e2b0864",
  "title": "Test evidential",
  "totalThoughts": 1
}

[90mstdout[2m | tests/integration/index-handlers.test.ts[2m > [22m[2mIndex.ts Handler Functions[2m > [22m[2mHandler Functions[2m > [22m[2mhandleSummarize()[2m > [22m[2mshould generate summary for session with thoughts[22m[39m
[2025-11-19T03:40:18.301Z] INFO: Session created
  Context: {
  "sessionId": "66d547f1-01ee-43d8-808f-bd672031a7db",
  "title": "Test Session",
  "mode": "sequential"
}

[90mstdout[2m | tests/integration/index-handlers.test.ts[2m > [22m[2mIndex.ts Handler Functions[2m > [22m[2mHandler Functions[2m > [22m[2mhandleSummarize()[2m > [22m[2mshould generate summary for empty session[22m[39m
[2025-11-19T03:40:18.306Z] INFO: Session created
  Context: {
  "sessionId": "78ff56e8-ab41-4dcb-8eb3-12dc17a18e1d",
  "title": "Empty Session",
  "mode": "sequential"
}

[90mstdout[2m | tests/integration/index-handlers.test.ts[2m > [22m[2mIndex.ts Handler Functions[2m > [22m[2mHandler Functions[2m > [22m[2mhandleSwitchMode()[2m > [22m[2mshould switch mode successfully[22m[39m
[2025-11-19T03:40:18.309Z] INFO: Session created
  Context: {
  "sessionId": "142ce2bc-7987-4ca1-885c-10082f996f38",
  "title": "Test Session",
  "mode": "sequential"
}
[2025-11-19T03:40:18.309Z] INFO: Session mode switched
  Context: {
  "sessionId": "142ce2bc-7987-4ca1-885c-10082f996f38",
  "oldMode": "sequential",
  "newMode": "shannon",
  "reason": "User requested mode switch"
}

[90mstdout[2m | tests/integration/index-handlers.test.ts[2m > [22m[2mIndex.ts Handler Functions[2m > [22m[2mHandler Functions[2m > [22m[2mhandleSwitchMode()[2m > [22m[2mshould switch between all 13 modes[22m[39m
[2025-11-19T03:40:18.310Z] INFO: Session created
  Context: {
  "sessionId": "8f52b31d-e415-4d66-b058-08d4053144da",
  "title": "Multi-mode Session",
  "mode": "hybrid"
}
[2025-11-19T03:40:18.310Z] INFO: Session mode switched
  Context: {
  "sessionId": "8f52b31d-e415-4d66-b058-08d4053144da",
  "oldMode": "hybrid",
  "newMode": "sequential",
  "reason": "Switching to sequential"
}
[2025-11-19T03:40:18.311Z] INFO: Session mode switched
  Context: {
  "sessionId": "8f52b31d-e415-4d66-b058-08d4053144da",
  "oldMode": "sequential",
  "newMode": "shannon",
  "reason": "Switching to shannon"
}
[2025-11-19T03:40:18.311Z] INFO: Session mode switched
  Context: {
  "sessionId": "8f52b31d-e415-4d66-b058-08d4053144da",
  "oldMode": "shannon",
  "newMode": "mathematics",
  "reason": "Switching to mathematics"
}
[2025-11-19T03:40:18.311Z] INFO: Session mode switched
  Context: {
  "sessionId": "8f52b31d-e415-4d66-b058-08d4053144da",
  "oldMode": "mathematics",
  "newMode": "physics",
  "reason": "Switching to physics"
}
[2025-11-19T03:40:18.311Z] INFO: Session mode switched
  Context: {
  "sessionId": "8f52b31d-e415-4d66-b058-08d4053144da",
  "oldMode": "physics",
  "newMode": "abductive",
  "reason": "Switching to abductive"
}
[2025-11-19T03:40:18.311Z] INFO: Session mode switched
  Context: {
  "sessionId": "8f52b31d-e415-4d66-b058-08d4053144da",
  "oldMode": "abductive",
  "newMode": "causal",
  "reason": "Switching to causal"
}
[2025-11-19T03:40:18.311Z] INFO: Session mode switched
  Context: {
  "sessionId": "8f52b31d-e415-4d66-b058-08d4053144da",
  "oldMode": "causal",
  "newMode": "bayesian",
  "reason": "Switching to bayesian"
}
[2025-11-19T03:40:18.311Z] INFO: Session mode switched
  Context: {
  "sessionId": "8f52b31d-e415-4d66-b058-08d4053144da",
  "oldMode": "bayesian",
  "newMode": "counterfactual",
  "reason": "Switching to counterfactual"
}
[2025-11-19T03:40:18.312Z] INFO: Session mode switched
  Context: {
  "sessionId": "8f52b31d-e415-4d66-b058-08d4053144da",
  "oldMode": "counterfactual",
  "newMode": "analogical",
  "reason": "Switching to analogical"
}
[2025-11-19T03:40:18.312Z] INFO: Session mode switched
  Context: {
  "sessionId": "8f52b31d-e415-4d66-b058-08d4053144da",
  "oldMode": "analogical",
  "newMode": "temporal",
  "reason": "Switching to temporal"
}
[2025-11-19T03:40:18.312Z] INFO: Session mode switched
  Context: {
  "sessionId": "8f52b31d-e415-4d66-b058-08d4053144da",
  "oldMode": "temporal",
  "newMode": "gametheory",
  "reason": "Switching to gametheory"
}
[2025-11-19T03:40:18.312Z] INFO: Session mode switched
  Context: {
  "sessionId": "8f52b31d-e415-4d66-b058-08d4053144da",
  "oldMode": "gametheory",
  "newMode": "evidential",
  "reason": "Switching to evidential"
}
[2025-11-19T03:40:18.312Z] INFO: Session mode switched
  Context: {
  "sessionId": "8f52b31d-e415-4d66-b058-08d4053144da",
  "oldMode": "evidential",
  "newMode": "hybrid",
  "reason": "Switching to hybrid"
}

[90mstdout[2m | tests/integration/index-handlers.test.ts[2m > [22m[2mIndex.ts Handler Functions[2m > [22m[2mHandler Functions[2m > [22m[2mhandleGetSession()[2m > [22m[2mshould retrieve session with all properties[22m[39m
[2025-11-19T03:40:18.314Z] INFO: Session created
  Context: {
  "sessionId": "c773d409-2d85-4c65-8fa0-289a9d5eab90",
  "title": "Test Session",
  "mode": "sequential"
}

[90mstdout[2m | tests/integration/index-handlers.test.ts[2m > [22m[2mIndex.ts Handler Functions[2m > [22m[2mHandler Functions[2m > [22m[2mhandleGetSession()[2m > [22m[2mshould retrieve session with thoughts[22m[39m
[2025-11-19T03:40:18.315Z] INFO: Session created
  Context: {
  "sessionId": "ddfb5dba-0bbf-4887-b47e-dae2ad581e0a",
  "title": "Session with Thoughts",
  "mode": "sequential"
}
[2025-11-19T03:40:18.315Z] INFO: Session completed
  Context: {
  "sessionId": "ddfb5dba-0bbf-4887-b47e-dae2ad581e0a",
  "title": "Session with Thoughts",
  "totalThoughts": 1
}

[90mstdout[2m | tests/integration/index-handlers.test.ts[2m > [22m[2mIndex.ts Handler Functions[2m > [22m[2mHandler Functions[2m > [22m[2mhandleExport()[2m > [22m[2mshould export session in JSON format[22m[39m
[2025-11-19T03:40:18.316Z] INFO: Session created
  Context: {
  "sessionId": "114670e1-e14d-44c2-b8bd-384c54551a21",
  "title": "Export Test",
  "mode": "sequential"
}
[2025-11-19T03:40:18.317Z] INFO: Session completed
  Context: {
  "sessionId": "114670e1-e14d-44c2-b8bd-384c54551a21",
  "title": "Export Test",
  "totalThoughts": 1
}

[90mstdout[2m | tests/integration/multi-session.test.ts[2m > [22m[2mMulti-Session and Concurrent Scenarios[2m > [22m[2mMultiple Session Management[2m > [22m[2mshould create and manage multiple sessions independently[22m[39m
[2025-11-19T03:40:18.536Z] INFO: Session created
  Context: {
  "sessionId": "8818ac92-8679-4a90-ae44-339838dc72dd",
  "title": "Session 1",
  "mode": "sequential"
}
[2025-11-19T03:40:18.538Z] INFO: Session created
  Context: {
  "sessionId": "828ea822-30bf-4a0a-b77d-44bc6b95a92f",
  "title": "Session 2",
  "mode": "shannon"
}
[2025-11-19T03:40:18.538Z] INFO: Session created
  Context: {
  "sessionId": "977e7d50-d668-4a3b-8136-c9623ebc385a",
  "title": "Session 3",
  "mode": "mathematics"
}
[2025-11-19T03:40:18.539Z] INFO: Session created
  Context: {
  "sessionId": "2578636f-b3fe-4f14-8ff3-ca69e8c2f854",
  "title": "Session 4",
  "mode": "physics"
}
[2025-11-19T03:40:18.539Z] INFO: Session created
  Context: {
  "sessionId": "5ec6b1f6-c30a-4574-be1f-b00043e4eaa7",
  "title": "Session 5",
  "mode": "hybrid"
}

[90mstdout[2m | tests/integration/multi-session.test.ts[2m > [22m[2mMulti-Session and Concurrent Scenarios[2m > [22m[2mMultiple Session Management[2m > [22m[2mshould maintain session isolation (changes in one do not affect others)[22m[39m
[2025-11-19T03:40:18.571Z] INFO: Session created
  Context: {
  "sessionId": "7d5cc789-a240-4365-b522-931747e5010a",
  "title": "Isolated Session 1",
  "mode": "sequential"
}
[2025-11-19T03:40:18.572Z] INFO: Session created
  Context: {
  "sessionId": "8b1de5ab-8fb4-409d-b8ba-0d7485183f7b",
  "title": "Isolated Session 2",
  "mode": "sequential"
}

[90mstdout[2m | tests/integration/multi-session.test.ts[2m > [22m[2mMulti-Session and Concurrent Scenarios[2m > [22m[2mMultiple Session Management[2m > [22m[2mshould handle mode switching independently across sessions[22m[39m
[2025-11-19T03:40:18.577Z] INFO: Session created
  Context: {
  "sessionId": "42cf180e-5962-4c6c-ad39-ed9b2c2ad8de",
  "title": "S1",
  "mode": "sequential"
}
[2025-11-19T03:40:18.577Z] INFO: Session created
  Context: {
  "sessionId": "07a7a419-a0f0-4906-a665-293065086757",
  "title": "S2",
  "mode": "sequential"
}
[2025-11-19T03:40:18.577Z] INFO: Session created
  Context: {
  "sessionId": "45d3d86a-fd58-4e63-bd0c-d3e56dc8fbc5",
  "title": "S3",
  "mode": "sequential"
}
[2025-11-19T03:40:18.578Z] INFO: Session mode switched
  Context: {
  "sessionId": "42cf180e-5962-4c6c-ad39-ed9b2c2ad8de",
  "oldMode": "sequential",
  "newMode": "mathematics",
  "reason": "Switch to math"
}
[2025-11-19T03:40:18.578Z] INFO: Session mode switched
  Context: {
  "sessionId": "07a7a419-a0f0-4906-a665-293065086757",
  "oldMode": "sequential",
  "newMode": "physics",
  "reason": "Switch to physics"
}

[90mstdout[2m | tests/integration/multi-session.test.ts[2m > [22m[2mMulti-Session and Concurrent Scenarios[2m > [22m[2mMultiple Session Management[2m > [22m[2mshould handle completion status independently across sessions[22m[39m
[2025-11-19T03:40:18.579Z] INFO: Session created
  Context: {
  "sessionId": "8b5cb591-c67e-46a7-b38a-bd6dc6da6156",
  "title": "S1",
  "mode": "sequential"
}
[2025-11-19T03:40:18.580Z] INFO: Session created
  Context: {
  "sessionId": "00968383-bf88-40d0-9a54-e836725d5f49",
  "title": "S2",
  "mode": "sequential"
}
[2025-11-19T03:40:18.580Z] INFO: Session completed
  Context: {
  "sessionId": "8b5cb591-c67e-46a7-b38a-bd6dc6da6156",
  "title": "S1",
  "totalThoughts": 1
}

[90mstdout[2m | tests/integration/multi-session.test.ts[2m > [22m[2mMulti-Session and Concurrent Scenarios[2m > [22m[2mConcurrent Operations on Same Session[2m > [22m[2mshould handle concurrent thought additions to same session[22m[39m
[2025-11-19T03:40:18.582Z] INFO: Session created
  Context: {
  "sessionId": "4b885191-5b0b-4956-a9df-fc595ee8abcc",
  "title": "Concurrent Test",
  "mode": "sequential"
}
[2025-11-19T03:40:18.583Z] INFO: Session completed
  Context: {
  "sessionId": "4b885191-5b0b-4956-a9df-fc595ee8abcc",
  "title": "Concurrent Test",
  "totalThoughts": 3
}

[90mstdout[2m | tests/integration/multi-session.test.ts[2m > [22m[2mMulti-Session and Concurrent Scenarios[2m > [22m[2mConcurrent Operations on Same Session[2m > [22m[2mshould handle concurrent retrieval of same session[22m[39m
[2025-11-19T03:40:18.584Z] INFO: Session created
  Context: {
  "sessionId": "d2523885-cc09-476e-abd5-3334fda75a66",
  "title": "Concurrent Retrieval",
  "mode": "sequential"
}

[90mstdout[2m | tests/integration/multi-session.test.ts[2m > [22m[2mMulti-Session and Concurrent Scenarios[2m > [22m[2mConcurrent Operations on Same Session[2m > [22m[2mshould handle concurrent mode switches on same session[22m[39m
[2025-11-19T03:40:18.623Z] INFO: Session created
  Context: {
  "sessionId": "833031ac-2127-43cc-ad6a-7a634aec4fcf",
  "title": "Mode Switch Race",
  "mode": "sequential"
}
[2025-11-19T03:40:18.623Z] INFO: Session mode switched
  Context: {
  "sessionId": "833031ac-2127-43cc-ad6a-7a634aec4fcf",
  "oldMode": "sequential",
  "newMode": "mathematics",
  "reason": "Switch 1"
}
[2025-11-19T03:40:18.623Z] INFO: Session mode switched
  Context: {
  "sessionId": "833031ac-2127-43cc-ad6a-7a634aec4fcf",
  "oldMode": "mathematics",
  "newMode": "physics",
  "reason": "Switch 2"
}
[2025-11-19T03:40:18.624Z] INFO: Session mode switched
  Context: {
  "sessionId": "833031ac-2127-43cc-ad6a-7a634aec4fcf",
  "oldMode": "physics",
  "newMode": "hybrid",
  "reason": "Switch 3"
}

[90mstdout[2m | tests/integration/multi-session.test.ts[2m > [22m[2mMulti-Session and Concurrent Scenarios[2m > [22m[2mConcurrent Operations Across Different Sessions[2m > [22m[2mshould handle concurrent operations on different sessions[22m[39m
[2025-11-19T03:40:18.627Z] INFO: Session created
  Context: {
  "sessionId": "e3ce7740-8688-4e15-a8ed-802dfa0b59b0",
  "title": "S1",
  "mode": "sequential"
}
[2025-11-19T03:40:18.627Z] INFO: Session created
  Context: {
  "sessionId": "80fb9677-2f02-471e-90b9-0869360109f3",
  "title": "S2",
  "mode": "shannon"
}
[2025-11-19T03:40:18.627Z] INFO: Session created
  Context: {
  "sessionId": "bd9f5871-a850-46d5-82ac-0fa30ac9fe1f",
  "title": "S3",
  "mode": "mathematics"
}
[2025-11-19T03:40:18.628Z] INFO: Session completed
  Context: {
  "sessionId": "e3ce7740-8688-4e15-a8ed-802dfa0b59b0",
  "title": "S1",
  "totalThoughts": 1
}
[2025-11-19T03:40:18.628Z] INFO: Session mode switched
  Context: {
  "sessionId": "80fb9677-2f02-471e-90b9-0869360109f3",
  "oldMode": "shannon",
  "newMode": "physics",
  "reason": "Switch mode"
}

[90mstdout[2m | tests/integration/multi-session.test.ts[2m > [22m[2mMulti-Session and Concurrent Scenarios[2m > [22m[2mConcurrent Operations Across Different Sessions[2m > [22m[2mshould handle concurrent session creation[22m[39m
[2025-11-19T03:40:18.634Z] INFO: Session created
  Context: {
  "sessionId": "0d4fd90d-6388-4e7e-bd35-cb81d9fa4814",
  "title": "Session 1",
  "mode": "sequential"
}
[2025-11-19T03:40:18.635Z] INFO: Session created
  Context: {
  "sessionId": "c9cf8a57-9f0c-4abc-ba6a-5662c29baa4f",
  "title": "Session 2",
  "mode": "sequential"
}
[2025-11-19T03:40:18.635Z] INFO: Session created
  Context: {
  "sessionId": "68891a7a-ed82-4b34-9e03-3e7940ce56b1",
  "title": "Session 3",
  "mode": "sequential"
}
[2025-11-19T03:40:18.635Z] INFO: Session created
  Context: {
  "sessionId": "cbea11b0-b734-43d2-a05b-3d0abeb5419d",
  "title": "Session 4",
  "mode": "sequential"
}
[2025-11-19T03:40:18.635Z] INFO: Session created
  Context: {
  "sessionId": "32462245-7899-4469-989b-5fa4be4ce196",
  "title": "Session 5",
  "mode": "sequential"
}
[2025-11-19T03:40:18.635Z] INFO: Session created
  Context: {
  "sessionId": "5e5fe9da-1d2d-4902-a681-60fa1f6d6b93",
  "title": "Session 6",
  "mode": "sequential"
}
[2025-11-19T03:40:18.636Z] INFO: Session created
  Context: {
  "sessionId": "7d2fcc5d-de68-4ac5-a5aa-86abb2a58a55",
  "title": "Session 7",
  "mode": "sequential"
}
[2025-11-19T03:40:18.636Z] INFO: Session created
  Context: {
  "sessionId": "939d541c-b604-44c1-9517-4197a1348f7e",
  "title": "Session 8",
  "mode": "sequential"
}
[2025-11-19T03:40:18.636Z] INFO: Session created
  Context: {
  "sessionId": "d33599b8-d59a-4beb-8985-59e369fa151f",
  "title": "Session 9",
  "mode": "sequential"
}
[2025-11-19T03:40:18.636Z] INFO: Session created
  Context: {
  "sessionId": "6a11076c-c83f-463a-942f-252253fda1aa",
  "title": "Session 10",
  "mode": "sequential"
}
[2025-11-19T03:40:18.636Z] INFO: Session created
  Context: {
  "sessionId": "78a71448-a359-4fdd-a37f-042b2109015a",
  "title": "Session 11",
  "mode": "sequential"
}
[2025-11-19T03:40:18.636Z] INFO: Session created
  Context: {
  "sessionId": "4d9c19f5-63c9-485e-a78b-610f467458a9",
  "title": "Session 12",
  "mode": "sequential"
}
[2025-11-19T03:40:18.636Z] INFO: Session created
  Context: {
  "sessionId": "2e64afef-72dd-4e53-952e-69171ad7a89f",
  "title": "Session 13",
  "mode": "sequential"
}
[2025-11-19T03:40:18.636Z] INFO: Session created
  Context: {
  "sessionId": "a721716a-e4e6-49f6-81b4-2469f8b4c2ce",
  "title": "Session 14",
  "mode": "sequential"
}
[2025-11-19T03:40:18.636Z] INFO: Session created
  Context: {
  "sessionId": "ae5ab2c8-f8ae-48b0-821a-80d9d143c68a",
  "title": "Session 15",
  "mode": "sequential"
}
[2025-11-19T03:40:18.636Z] INFO: Session created
  Context: {
  "sessionId": "f1a68e75-6bce-470a-aa17-b0008b348904",
  "title": "Session 16",
  "mode": "sequential"
}
[2025-11-19T03:40:18.637Z] INFO: Session created
  Context: {
  "sessionId": "9670f7be-e6b2-47da-9709-9fc5214d3e8b",
  "title": "Session 17",
  "mode": "sequential"
}
[2025-11-19T03:40:18.637Z] INFO: Session created
  Context: {
  "sessionId": "c265374d-c891-4644-a58b-69adbb5b739c",
  "title": "Session 18",
  "mode": "sequential"
}
[2025-11-19T03:40:18.637Z] INFO: Session created
  Context: {
  "sessionId": "2c3b1afb-31ba-4f8d-ab11-068b0ae7bdda",
  "title": "Session 19",
  "mode": "sequential"
}
[2025-11-19T03:40:18.637Z] INFO: Session created
  Context: {
  "sessionId": "34baaf92-ab08-4887-8204-67e45c85e4df",
  "title": "Session 20",
  "mode": "sequential"
}

[90mstdout[2m | tests/integration/multi-session.test.ts[2m > [22m[2mMulti-Session and Concurrent Scenarios[2m > [22m[2mConcurrent Operations Across Different Sessions[2m > [22m[2mshould handle concurrent summary generation for different sessions[22m[39m
[2025-11-19T03:40:18.639Z] INFO: Session created
  Context: {
  "sessionId": "a7d77e69-0dfa-4207-9d88-73144c155c37",
  "title": "S1",
  "mode": "sequential"
}
[2025-11-19T03:40:18.639Z] INFO: Session created
  Context: {
  "sessionId": "bf5f23eb-0d58-42c7-911a-512476d704b4",
  "title": "S2",
  "mode": "sequential"
}
[2025-11-19T03:40:18.639Z] INFO: Session created
  Context: {
  "sessionId": "20a3d1c1-b194-41b5-b67d-c0e9ad20b022",
  "title": "S3",
  "mode": "sequential"
}
[2025-11-19T03:40:18.639Z] INFO: Session completed
  Context: {
  "sessionId": "a7d77e69-0dfa-4207-9d88-73144c155c37",
  "title": "S1",
  "totalThoughts": 1
}
[2025-11-19T03:40:18.640Z] INFO: Session completed
  Context: {
  "sessionId": "bf5f23eb-0d58-42c7-911a-512476d704b4",
  "title": "S2",
  "totalThoughts": 1
}
[2025-11-19T03:40:18.640Z] INFO: Session completed
  Context: {
  "sessionId": "20a3d1c1-b194-41b5-b67d-c0e9ad20b022",
  "title": "S3",
  "totalThoughts": 1
}

[90mstdout[2m | tests/integration/multi-session.test.ts[2m > [22m[2mMulti-Session and Concurrent Scenarios[2m > [22m[2mResource Management with Many Sessions[2m > [22m[2mshould handle creation of many sessions[22m[39m
[2025-11-19T03:40:18.642Z] INFO: Session created
  Context: {
  "sessionId": "8ef00a61-0fbb-4e40-b313-7a5afb972ba5",
  "title": "Session 1",
  "mode": "sequential"
}
[2025-11-19T03:40:18.642Z] INFO: Session created
  Context: {
  "sessionId": "2a6625c4-9223-4f77-9864-2f5fdcc58312",
  "title": "Session 2",
  "mode": "sequential"
}
[2025-11-19T03:40:18.642Z] INFO: Session created
  Context: {
  "sessionId": "782c9b50-ae63-499e-8877-5ae35e9da8b8",
  "title": "Session 3",
  "mode": "sequential"
}
[2025-11-19T03:40:18.642Z] INFO: Session created
  Context: {
  "sessionId": "fb7704ca-39d4-481c-806c-5e57510190b1",
  "title": "Session 4",
  "mode": "sequential"
}
[2025-11-19T03:40:18.642Z] INFO: Session created
  Context: {
  "sessionId": "8eab208a-2626-4ad8-917b-8d19b5150c66",
  "title": "Session 5",
  "mode": "sequential"
}
[2025-11-19T03:40:18.643Z] INFO: Session created
  Context: {
  "sessionId": "95bc518f-fc8a-4c4e-8e36-71479f54f305",
  "title": "Session 6",
  "mode": "sequential"
}
[2025-11-19T03:40:18.643Z] INFO: Session created
  Context: {
  "sessionId": "99ba4711-7355-4bba-b665-5576ece0e7ee",
  "title": "Session 7",
  "mode": "sequential"
}
[2025-11-19T03:40:18.678Z] INFO: Session created
  Context: {
  "sessionId": "17509987-3420-4f75-8881-4dc02db13dc0",
  "title": "Session 8",
  "mode": "sequential"
}
[2025-11-19T03:40:18.678Z] INFO: Session created
  Context: {
  "sessionId": "bca112d5-f6a8-4a4e-b3eb-5920f6e66488",
  "title": "Session 9",
  "mode": "sequential"
}
[2025-11-19T03:40:18.679Z] INFO: Session created
  Context: {
  "sessionId": "f28b7c38-4a89-4301-99ca-4282c11bab13",
  "title": "Session 10",
  "mode": "sequential"
}
[2025-11-19T03:40:18.679Z] INFO: Session created
  Context: {
  "sessionId": "e61fca72-0d67-48cb-9221-e9d174a99ca3",
  "title": "Session 11",
  "mode": "sequential"
}
[2025-11-19T03:40:18.679Z] INFO: Session created
  Context: {
  "sessionId": "3c56651c-9d73-4b8b-8e66-028c1a6a4d76",
  "title": "Session 12",
  "mode": "sequential"
}
[2025-11-19T03:40:18.679Z] INFO: Session created
  Context: {
  "sessionId": "31b8125c-9c41-4964-b691-80025183ef27",
  "title": "Session 13",
  "mode": "sequential"
}
[2025-11-19T03:40:18.679Z] INFO: Session created
  Context: {
  "sessionId": "01ba1b8b-d580-4ae7-8b0f-4651f315cd9d",
  "title": "Session 14",
  "mode": "sequential"
}
[2025-11-19T03:40:18.679Z] INFO: Session created
  Context: {
  "sessionId": "8e13310b-a887-40ed-8aa4-c8190957b350",
  "title": "Session 15",
  "mode": "sequential"
}
[2025-11-19T03:40:18.679Z] INFO: Session created
  Context: {
  "sessionId": "929a659e-4d38-4601-88fd-6af4dea4ad4d",
  "title": "Session 16",
  "mode": "sequential"
}
[2025-11-19T03:40:18.679Z] INFO: Session created
  Context: {
  "sessionId": "4f270651-3a46-4e40-8fd9-40d7d6730084",
  "title": "Session 17",
  "mode": "sequential"
}
[2025-11-19T03:40:18.680Z] INFO: Session created
  Context: {
  "sessionId": "e4253539-ba95-4962-8970-e734b951dd93",
  "title": "Session 18",
  "mode": "sequential"
}
[2025-11-19T03:40:18.680Z] INFO: Session created
  Context: {
  "sessionId": "0dcfa0e4-9e02-40ca-b3d0-8be1870cd7ff",
  "title": "Session 19",
  "mode": "sequential"
}
[2025-11-19T03:40:18.680Z] INFO: Session created
  Context: {
  "sessionId": "ce415039-6733-4e45-afa4-e277926fc8ba",
  "title": "Session 20",
  "mode": "sequential"
}
[2025-11-19T03:40:18.680Z] INFO: Session created
  Context: {
  "sessionId": "6858193b-bcf5-4979-86e2-64fad4386234",
  "title": "Session 21",
  "mode": "sequential"
}
[2025-11-19T03:40:18.680Z] INFO: Session created
  Context: {
  "sessionId": "81fbf709-0acb-48a9-9b19-c7cf64ef41f1",
  "title": "Session 22",
  "mode": "sequential"
}
[2025-11-19T03:40:18.680Z] INFO: Session created
  Context: {
  "sessionId": "cfe9e844-bf2b-4a29-a7c7-132d0f0ef1ce",
  "title": "Session 23",
  "mode": "sequential"
}
[2025-11-19T03:40:18.680Z] INFO: Session created
  Context: {
  "sessionId": "ae03dba1-2ab4-40b8-a413-fc551d5c31f2",
  "title": "Session 24",
  "mode": "sequential"
}
[2025-11-19T03:40:18.680Z] INFO: Session created
  Context: {
  "sessionId": "1e6ca77c-4502-43ce-8e11-d57b95c61ab2",
  "title": "Session 25",
  "mode": "sequential"
}
[2025-11-19T03:40:18.680Z] INFO: Session created
  Context: {
  "sessionId": "523d0dd4-81e2-48cc-8ed7-d81e13a60917",
  "title": "Session 26",
  "mode": "sequential"
}
[2025-11-19T03:40:18.680Z] INFO: Session created
  Context: {
  "sessionId": "b01042aa-fa86-47b8-809e-b90c075f1418",
  "title": "Session 27",
  "mode": "sequential"
}
[2025-11-19T03:40:18.680Z] INFO: Session created
  Context: {
  "sessionId": "422ee97d-1e25-4c69-86ea-b94479d83cc0",
  "title": "Session 28",
  "mode": "sequential"
}
[2025-11-19T03:40:18.680Z] INFO: Session created
  Context: {
  "sessionId": "1a83968c-b2ab-4dab-8f23-f27b94a5c009",
  "title": "Session 29",
  "mode": "sequential"
}
[2025-11-19T03:40:18.680Z] INFO: Session created
  Context: {
  "sessionId": "b9e85490-1e2a-4228-9edd-d42c00d9c0b6",
  "title": "Session 30",
  "mode": "sequential"
}
[2025-11-19T03:40:18.681Z] INFO: Session created
  Context: {
  "sessionId": "ab33c48d-fd8c-48f8-9227-6940d7f20a03",
  "title": "Session 31",
  "mode": "sequential"
}
[2025-11-19T03:40:18.681Z] INFO: Session created
  Context: {
  "sessionId": "8591076d-3e9d-48d0-8758-be7f1d71cb03",
  "title": "Session 32",
  "mode": "sequential"
}
[2025-11-19T03:40:18.681Z] INFO: Session created
  Context: {
  "sessionId": "79d5ec97-76d2-4076-8f57-6a78ba869306",
  "title": "Session 33",
  "mode": "sequential"
}
[2025-11-19T03:40:18.681Z] INFO: Session created
  Context: {
  "sessionId": "cbc9713d-bf7b-4164-859a-3405725f7eaa",
  "title": "Session 34",
  "mode": "sequential"
}
[2025-11-19T03:40:18.681Z] INFO: Session created
  Context: {
  "sessionId": "3ddce251-19f0-4639-bcec-d901999164e1",
  "title": "Session 35",
  "mode": "sequential"
}
[2025-11-19T03:40:18.681Z] INFO: Session created
  Context: {
  "sessionId": "ebee48e9-a65a-41fe-acba-ffa7e8d7f900",
  "title": "Session 36",
  "mode": "sequential"
}
[2025-11-19T03:40:18.681Z] INFO: Session created
  Context: {
  "sessionId": "4a3f7865-fdb0-47c0-9498-9c3747c76ade",
  "title": "Session 37",
  "mode": "sequential"
}
[2025-11-19T03:40:18.681Z] INFO: Session created
  Context: {
  "sessionId": "ea1bccb5-ad39-463a-955d-91e9557ab207",
  "title": "Session 38",
  "mode": "sequential"
}
[2025-11-19T03:40:18.681Z] INFO: Session created
  Context: {
  "sessionId": "ca6ec455-0d85-4cc2-ba3d-faf093b62e56",
  "title": "Session 39",
  "mode": "sequential"
}
[2025-11-19T03:40:18.681Z] INFO: Session created
  Context: {
  "sessionId": "b3400245-313c-44ea-b07c-3e445fb67390",
  "title": "Session 40",
  "mode": "sequential"
}
[2025-11-19T03:40:18.681Z] INFO: Session created
  Context: {
  "sessionId": "e0e04e6b-a6a7-43b7-ad98-e509f79182f4",
  "title": "Session 41",
  "mode": "sequential"
}
[2025-11-19T03:40:18.681Z] INFO: Session created
  Context: {
  "sessionId": "e5225d17-a370-41ac-93bc-8cb64624a2d4",
  "title": "Session 42",
  "mode": "sequential"
}
[2025-11-19T03:40:18.681Z] INFO: Session created
  Context: {
  "sessionId": "dc62e35a-fbd0-42c2-9913-f2295f36cc5d",
  "title": "Session 43",
  "mode": "sequential"
}
[2025-11-19T03:40:18.682Z] INFO: Session created
  Context: {
  "sessionId": "97ce53e1-f664-4f87-bd03-ff55aa0ff1b7",
  "title": "Session 44",
  "mode": "sequential"
}
[2025-11-19T03:40:18.682Z] INFO: Session created
  Context: {
  "sessionId": "ae185485-cbb0-4a9a-ba0f-841391725ccc",
  "title": "Session 45",
  "mode": "sequential"
}
[2025-11-19T03:40:18.682Z] INFO: Session created
  Context: {
  "sessionId": "e85ee8f6-e9ef-426e-9b6e-9613942bacaa",
  "title": "Session 46",
  "mode": "sequential"
}
[2025-11-19T03:40:18.682Z] INFO: Session created
  Context: {
  "sessionId": "25ecce3e-d7ac-4486-b009-27026a63d51c",
  "title": "Session 47",
  "mode": "sequential"
}
[2025-11-19T03:40:18.682Z] INFO: Session created
  Context: {
  "sessionId": "4e347647-aee6-4c9d-9f64-6008ef05981d",
  "title": "Session 48",
  "mode": "sequential"
}
[2025-11-19T03:40:18.682Z] INFO: Session created
  Context: {
  "sessionId": "797fb8cf-a59e-4a66-a4b4-1051b602f921",
  "title": "Session 49",
  "mode": "sequential"
}
[2025-11-19T03:40:18.682Z] INFO: Session created
  Context: {
  "sessionId": "f45b950c-5684-4937-bd29-920f33fe8565",
  "title": "Session 50",
  "mode": "sequential"
}

[90mstdout[2m | tests/integration/multi-session.test.ts[2m > [22m[2mMulti-Session and Concurrent Scenarios[2m > [22m[2mResource Management with Many Sessions[2m > [22m[2mshould retrieve sessions efficiently with many active sessions[22m[39m
[2025-11-19T03:40:18.683Z] INFO: Session created
  Context: {
  "sessionId": "9f6a4abb-3a72-4474-beab-dd30f6d1e51b",
  "title": "Session 1",
  "mode": "sequential"
}
[2025-11-19T03:40:18.684Z] INFO: Session created
  Context: {
  "sessionId": "66075763-bcee-4ee1-8563-1c0013b2f66f",
  "title": "Session 2",
  "mode": "sequential"
}
[2025-11-19T03:40:18.684Z] INFO: Session created
  Context: {
  "sessionId": "6821e6cc-698a-4b86-8420-750a8804c8b6",
  "title": "Session 3",
  "mode": "sequential"
}
[2025-11-19T03:40:18.684Z] INFO: Session created
  Context: {
  "sessionId": "8fc94d0d-cd2d-46d5-80a4-a6bb7568839a",
  "title": "Session 4",
  "mode": "sequential"
}
[2025-11-19T03:40:18.684Z] INFO: Session created
  Context: {
  "sessionId": "65f84819-b796-4438-b1d6-a0cf75cbca65",
  "title": "Session 5",
  "mode": "sequential"
}
[2025-11-19T03:40:18.684Z] INFO: Session created
  Context: {
  "sessionId": "174fc315-ca88-4f36-a0f4-081bec0d7e29",
  "title": "Session 6",
  "mode": "sequential"
}
[2025-11-19T03:40:18.684Z] INFO: Session created
  Context: {
  "sessionId": "10c319de-1a88-4563-8a2a-801d68df8370",
  "title": "Session 7",
  "mode": "sequential"
}
[2025-11-19T03:40:18.684Z] INFO: Session created
  Context: {
  "sessionId": "1b1421eb-e5e1-4272-a9f3-32550115ddbe",
  "title": "Session 8",
  "mode": "sequential"
}
[2025-11-19T03:40:18.684Z] INFO: Session created
  Context: {
  "sessionId": "a1ef75a1-6b2f-483b-be02-0795cfdd8c23",
  "title": "Session 9",
  "mode": "sequential"
}
[2025-11-19T03:40:18.684Z] INFO: Session created
  Context: {
  "sessionId": "c53379aa-232a-4b9f-8e88-7fce5a51872e",
  "title": "Session 10",
  "mode": "sequential"
}

[90mstdout[2m | tests/integration/multi-session.test.ts[2m > [22m[2mMulti-Session and Concurrent Scenarios[2m > [22m[2mResource Management with Many Sessions[2m > [22m[2mshould list all sessions when many exist[22m[39m
[2025-11-19T03:40:18.686Z] INFO: Session created
  Context: {
  "sessionId": "c0b0194f-f3d5-442d-876c-01ab34ea4c8b",
  "title": "Session 1",
  "mode": "sequential"
}
[2025-11-19T03:40:18.686Z] INFO: Session created
  Context: {
  "sessionId": "6ef94824-c3c8-4873-b83e-7f71909d3985",
  "title": "Session 2",
  "mode": "sequential"
}
[2025-11-19T03:40:18.686Z] INFO: Session created
  Context: {
  "sessionId": "c1229cce-9afe-4965-bcc3-09ed6e3107ab",
  "title": "Session 3",
  "mode": "sequential"
}
[2025-11-19T03:40:18.686Z] INFO: Session created
  Context: {
  "sessionId": "cb1378ad-a0c6-4bbd-9c05-424bee0c1eae",
  "title": "Session 4",
  "mode": "sequential"
}
[2025-11-19T03:40:18.686Z] INFO: Session created
  Context: {
  "sessionId": "894aa605-de17-4fc2-9d39-218d32199271",
  "title": "Session 5",
  "mode": "sequential"
}
[2025-11-19T03:40:18.687Z] INFO: Session created
  Context: {
  "sessionId": "61ff4ae6-f581-4a05-8c28-09e78d46ea9d",
  "title": "Session 6",
  "mode": "sequential"
}
[2025-11-19T03:40:18.687Z] INFO: Session created
  Context: {
  "sessionId": "438bef38-50a9-4508-b7db-afc7b95c7ddb",
  "title": "Session 7",
  "mode": "sequential"
}
[2025-11-19T03:40:18.687Z] INFO: Session created
  Context: {
  "sessionId": "e813eeb0-5132-4197-8013-ef877a988e7c",
  "title": "Session 8",
  "mode": "sequential"
}
[2025-11-19T03:40:18.687Z] INFO: Session created
  Context: {
  "sessionId": "67684df5-1895-4675-85ff-bba87b14fb27",
  "title": "Session 9",
  "mode": "sequential"
}
[2025-11-19T03:40:18.687Z] INFO: Session created
  Context: {
  "sessionId": "5accedef-a3d4-4a66-a803-bff589915fbb",
  "title": "Session 10",
  "mode": "sequential"
}
[2025-11-19T03:40:18.687Z] INFO: Session created
  Context: {
  "sessionId": "195b62e7-0e90-4787-9215-70c6a5391803",
  "title": "Session 11",
  "mode": "sequential"
}
[2025-11-19T03:40:18.688Z] INFO: Session created
  Context: {
  "sessionId": "cc4ed724-1d6e-457f-909a-58eb89918a9f",
  "title": "Session 12",
  "mode": "sequential"
}
[2025-11-19T03:40:18.688Z] INFO: Session created
  Context: {
  "sessionId": "26c0f659-2b9d-4bc0-a786-d3fc27fe23af",
  "title": "Session 13",
  "mode": "sequential"
}
[2025-11-19T03:40:18.688Z] INFO: Session created
  Context: {
  "sessionId": "071f327f-bd2b-46bd-995f-a89500f97b4c",
  "title": "Session 14",
  "mode": "sequential"
}
[2025-11-19T03:40:18.688Z] INFO: Session created
  Context: {
  "sessionId": "f887645d-c7c7-405c-b895-5e03b0467449",
  "title": "Session 15",
  "mode": "sequential"
}

[90mstdout[2m | tests/integration/multi-session.test.ts[2m > [22m[2mMulti-Session and Concurrent Scenarios[2m > [22m[2mSession State Consistency[2m > [22m[2mshould maintain consistent thought count across concurrent additions[22m[39m
[2025-11-19T03:40:18.691Z] INFO: Session created
  Context: {
  "sessionId": "18ef49a1-ff07-42eb-8a91-57abc9dc2b2d",
  "title": "Consistency Test",
  "mode": "sequential"
}
[2025-11-19T03:40:18.692Z] INFO: Session completed
  Context: {
  "sessionId": "18ef49a1-ff07-42eb-8a91-57abc9dc2b2d",
  "title": "Consistency Test",
  "totalThoughts": 10
}

[90mstdout[2m | tests/integration/multi-session.test.ts[2m > [22m[2mMulti-Session and Concurrent Scenarios[2m > [22m[2mSession State Consistency[2m > [22m[2mshould maintain correct status after concurrent operations[22m[39m
[2025-11-19T03:40:18.694Z] INFO: Session created
  Context: {
  "sessionId": "319d6b91-f36e-4035-ac19-7a71b619d9b4",
  "title": "Status Test",
  "mode": "sequential"
}
[2025-11-19T03:40:18.694Z] INFO: Session completed
  Context: {
  "sessionId": "319d6b91-f36e-4035-ac19-7a71b619d9b4",
  "title": "Status Test",
  "totalThoughts": 1
}

[90mstdout[2m | tests/integration/multi-session.test.ts[2m > [22m[2mMulti-Session and Concurrent Scenarios[2m > [22m[2mSession State Consistency[2m > [22m[2mshould handle concurrent thought additions with proper sequencing[22m[39m
[2025-11-19T03:40:18.695Z] INFO: Session created
  Context: {
  "sessionId": "747de21b-f75c-4b47-94a5-e2d73ccdf2b9",
  "title": "Sequence Test",
  "mode": "sequential"
}

[90mstdout[2m | tests/integration/multi-session.test.ts[2m > [22m[2mMulti-Session and Concurrent Scenarios[2m > [22m[2mError Handling in Concurrent Scenarios[2m > [22m[2mshould handle mixed success/failure scenarios gracefully[22m[39m
[2025-11-19T03:40:18.741Z] INFO: Session created
  Context: {
  "sessionId": "0cb33b67-6d56-433c-8bef-78657554587b",
  "title": "Mixed Test",
  "mode": "sequential"
}

 [32m✓[39m tests/integration/multi-session.test.ts [2m ([22m[2m18 tests[22m[2m)[22m[90m 215[2mms[22m[39m
[90mstdout[2m | tests/integration/mcp-protocol.test.ts[2m > [22m[2mMCP Protocol Compliance[2m > [22m[2mMCP Response Format Compliance[2m > [22m[2mshould return MCP-compliant response for successful operation[22m[39m
[2025-11-19T03:40:19.134Z] INFO: Session created
  Context: {
  "sessionId": "3f6799c6-5625-4ecb-b836-6b5592d10326",
  "title": "Test Session",
  "mode": "sequential"
}

 [32m✓[39m tests/integration/mcp-protocol.test.ts [2m ([22m[2m43 tests[22m[2m)[22m[33m 365[2mms[22m[39m
[90mstdout[2m | tests/unit/session-manager.test.ts[2m > [22m[2mSessionManager[2m > [22m[2mcreateSession[2m > [22m[2mshould create a new session with default values[22m[39m
[2025-11-19T03:40:19.325Z] INFO: Session created
  Context: {
  "sessionId": "943eeb15-d46c-41ae-b013-da1c5e9989f7",
  "title": "Untitled Session",
  "mode": "hybrid"
}

[90mstdout[2m | tests/unit/session-manager.test.ts[2m > [22m[2mSessionManager[2m > [22m[2mcreateSession[2m > [22m[2mshould create a session with custom options[22m[39m
[2025-11-19T03:40:19.375Z] INFO: Session created
  Context: {
  "sessionId": "97fb136d-bc1d-4726-b7fa-90006d38de30",
  "title": "My Problem",
  "mode": "mathematics",
  "domain": "number_theory",
  "author": "Test User"
}

[90mstdout[2m | tests/unit/session-manager.test.ts[2m > [22m[2mSessionManager[2m > [22m[2mcreateSession[2m > [22m[2mshould initialize metrics correctly[22m[39m
[2025-11-19T03:40:19.379Z] INFO: Session created
  Context: {
  "sessionId": "7c6dfeba-6f88-4ad4-ba73-8bb732924163",
  "title": "Untitled Session",
  "mode": "hybrid"
}

[90mstdout[2m | tests/unit/session-manager.test.ts[2m > [22m[2mSessionManager[2m > [22m[2mgetSession[2m > [22m[2mshould retrieve an existing session[22m[39m
[2025-11-19T03:40:19.382Z] INFO: Session created
  Context: {
  "sessionId": "bf5c806e-df58-42a3-b303-faecf5b9aac1",
  "title": "Test Session",
  "mode": "hybrid"
}

[90mstdout[2m | tests/unit/session-manager.test.ts[2m > [22m[2mSessionManager[2m > [22m[2maddThought[2m > [22m[2mshould add a sequential thought to session[22m[39m
[2025-11-19T03:40:19.385Z] INFO: Session created
  Context: {
  "sessionId": "d8c2af4a-4d3c-4c92-b61a-0348f71636ce",
  "title": "Untitled Session",
  "mode": "sequential"
}

[90mstdout[2m | tests/unit/session-manager.test.ts[2m > [22m[2mSessionManager[2m > [22m[2maddThought[2m > [22m[2mshould mark session as complete when nextThoughtNeeded is false[22m[39m
[2025-11-19T03:40:19.388Z] INFO: Session created
  Context: {
  "sessionId": "d500b59f-0341-4f23-9208-c819cbf2a875",
  "title": "Untitled Session",
  "mode": "hybrid"
}
[2025-11-19T03:40:19.389Z] INFO: Session completed
  Context: {
  "sessionId": "d500b59f-0341-4f23-9208-c819cbf2a875",
  "title": "Untitled Session",
  "totalThoughts": 1
}

[90mstdout[2m | tests/unit/session-manager.test.ts[2m > [22m[2mSessionManager[2m > [22m[2maddThought[2m > [22m[2mshould track revisions in metrics[22m[39m
[2025-11-19T03:40:19.390Z] INFO: Session created
  Context: {
  "sessionId": "19ae6071-6dc3-44e9-a8cc-dba2ef095930",
  "title": "Untitled Session",
  "mode": "hybrid"
}

[90mstdout[2m | tests/unit/session-manager.test.ts[2m > [22m[2mSessionManager[2m > [22m[2maddThought[2m > [22m[2mshould calculate average uncertainty for Shannon thoughts[22m[39m
[2025-11-19T03:40:19.392Z] INFO: Session created
  Context: {
  "sessionId": "c125229c-b739-41ff-bdb1-a9f0b2d6b7e0",
  "title": "Untitled Session",
  "mode": "shannon"
}

[90mstderr[2m | tests/unit/session-manager.test.ts[2m > [22m[2mSessionManager[2m > [22m[2maddThought[2m > [22m[2mshould throw error for non-existent session[22m[39m
[2025-11-19T03:40:19.394Z] ERROR: Session not found
  Context: {
  "sessionId": "00000000-0000-4000-8000-000000000000"
}

[90mstdout[2m | tests/unit/session-manager.test.ts[2m > [22m[2mSessionManager[2m > [22m[2mswitchMode[2m > [22m[2mshould switch session mode[22m[39m
[2025-11-19T03:40:19.425Z] INFO: Session created
  Context: {
  "sessionId": "0dbc99e7-01ed-478a-8bef-29cc9556e617",
  "title": "Untitled Session",
  "mode": "sequential"
}
[2025-11-19T03:40:19.446Z] INFO: Session mode switched
  Context: {
  "sessionId": "0dbc99e7-01ed-478a-8bef-29cc9556e617",
  "oldMode": "sequential",
  "newMode": "shannon",
  "reason": "Need systematic approach"
}

[90mstderr[2m | tests/unit/session-manager.test.ts[2m > [22m[2mSessionManager[2m > [22m[2mswitchMode[2m > [22m[2mshould throw error for non-existent session[22m[39m
[2025-11-19T03:40:19.447Z] ERROR: Session not found
  Context: {
  "sessionId": "00000000-0000-4000-8000-000000000000"
}

[90mstdout[2m | tests/unit/session-manager.test.ts[2m > [22m[2mSessionManager[2m > [22m[2mlistSessions[2m > [22m[2mshould list all sessions[22m[39m
[2025-11-19T03:40:19.453Z] INFO: Session created
  Context: {
  "sessionId": "01f6c8a3-8166-4136-8754-029c6d634b64",
  "title": "Session 1",
  "mode": "hybrid"
}
[2025-11-19T03:40:19.454Z] INFO: Session created
  Context: {
  "sessionId": "589aa0a4-610b-48df-a946-a320cc567fba",
  "title": "Session 2",
  "mode": "hybrid"
}
[2025-11-19T03:40:19.454Z] INFO: Session created
  Context: {
  "sessionId": "eef81500-8ee5-47fa-8d54-cf14f2356fe9",
  "title": "Session 3",
  "mode": "hybrid"
}

[90mstdout[2m | tests/unit/session-manager.test.ts[2m > [22m[2mSessionManager[2m > [22m[2mdeleteSession[2m > [22m[2mshould delete a session[22m[39m
[2025-11-19T03:40:19.459Z] INFO: Session created
  Context: {
  "sessionId": "8acbe542-65fe-4fd0-8ef8-c8f2ea0c9c85",
  "title": "Untitled Session",
  "mode": "hybrid"
}
[2025-11-19T03:40:19.459Z] INFO: Session deleted
  Context: {
  "sessionId": "8acbe542-65fe-4fd0-8ef8-c8f2ea0c9c85",
  "title": "Untitled Session",
  "thoughtCount": 0
}

[90mstdout[2m | tests/unit/session-manager.test.ts[2m > [22m[2mSessionManager[2m > [22m[2mgenerateSummary[2m > [22m[2mshould generate a summary of session[22m[39m
[2025-11-19T03:40:19.492Z] INFO: Session created
  Context: {
  "sessionId": "343c11da-6364-4ad4-8aee-69f0f0834382",
  "title": "Test Problem",
  "mode": "hybrid"
}
[2025-11-19T03:40:19.492Z] INFO: Session completed
  Context: {
  "sessionId": "343c11da-6364-4ad4-8aee-69f0f0834382",
  "title": "Test Problem",
  "totalThoughts": 1
}

 [32m✓[39m tests/unit/session-manager.test.ts [2m ([22m[2m16 tests[22m[2m)[22m[90m 204[2mms[22m[39m
[90mstderr[2m | tests/integration/error-handling.test.ts[2m > [22m[2mError Handling and Edge Cases[2m > [22m[2mInvalid Session Operations[2m > [22m[2mshould throw error for non-existent session ID[22m[39m
[2025-11-19T03:40:21.161Z] ERROR: Session not found
  Context: {
  "sessionId": "00000000-0000-4000-8000-000000000000"
}

[90mstdout[2m | tests/integration/error-handling.test.ts[2m > [22m[2mError Handling and Edge Cases[2m > [22m[2mInvalid Session Operations[2m > [22m[2mshould handle session deletion idempotently[22m[39m
[2025-11-19T03:40:21.189Z] INFO: Session created
  Context: {
  "sessionId": "cfb48ffc-d78b-474e-8893-82b87ddfd160",
  "title": "Test",
  "mode": "hybrid"
}
[2025-11-19T03:40:21.191Z] INFO: Session deleted
  Context: {
  "sessionId": "cfb48ffc-d78b-474e-8893-82b87ddfd160",
  "title": "Test",
  "thoughtCount": 0
}

[90mstderr[2m | tests/integration/error-handling.test.ts[2m > [22m[2mError Handling and Edge Cases[2m > [22m[2mInvalid Session Operations[2m > [22m[2mshould handle session deletion idempotently[22m[39m
[2025-11-19T03:40:21.191Z] WARN: Attempted to delete non-existent session from memory
  Context: {
  "sessionId": "cfb48ffc-d78b-474e-8893-82b87ddfd160"
}

[90mstdout[2m | tests/integration/error-handling.test.ts[2m > [22m[2mError Handling and Edge Cases[2m > [22m[2mValidation Errors[2m > [22m[2mshould accept thoughts with missing fields (lenient validation)[22m[39m
[2025-11-19T03:40:21.194Z] INFO: Session created
  Context: {
  "sessionId": "e4f11f54-fa8e-4380-a7ec-4b049d4b5058",
  "title": "Untitled Session",
  "mode": "hybrid"
}
[2025-11-19T03:40:21.323Z] INFO: Session completed
  Context: {
  "sessionId": "e4f11f54-fa8e-4380-a7ec-4b049d4b5058",
  "title": "Untitled Session",
  "totalThoughts": 1
}

[90mstdout[2m | tests/integration/error-handling.test.ts[2m > [22m[2mError Handling and Edge Cases[2m > [22m[2mValidation Errors[2m > [22m[2mshould accept invalid uncertainty values (lenient validation)[22m[39m
[2025-11-19T03:40:21.329Z] INFO: Session created
  Context: {
  "sessionId": "8db25462-f0b0-4d95-b837-ed93438cb213",
  "title": "Untitled Session",
  "mode": "hybrid"
}
[2025-11-19T03:40:21.329Z] INFO: Session completed
  Context: {
  "sessionId": "8db25462-f0b0-4d95-b837-ed93438cb213",
  "title": "Untitled Session",
  "totalThoughts": 1
}

[90mstdout[2m | tests/integration/error-handling.test.ts[2m > [22m[2mError Handling and Edge Cases[2m > [22m[2mValidation Errors[2m > [22m[2mshould accept negative thought numbers (lenient validation)[22m[39m
[2025-11-19T03:40:21.330Z] INFO: Session created
  Context: {
  "sessionId": "f05bcde8-6447-4663-87d9-334c3bd20155",
  "title": "Untitled Session",
  "mode": "hybrid"
}
[2025-11-19T03:40:21.331Z] INFO: Session completed
  Context: {
  "sessionId": "f05bcde8-6447-4663-87d9-334c3bd20155",
  "title": "Untitled Session",
  "totalThoughts": 1
}

[90mstdout[2m | tests/integration/error-handling.test.ts[2m > [22m[2mError Handling and Edge Cases[2m > [22m[2mValidation Errors[2m > [22m[2mshould accept zero thought numbers (lenient validation)[22m[39m
[2025-11-19T03:40:21.332Z] INFO: Session created
  Context: {
  "sessionId": "6210496d-6281-4983-8dc8-3001f0a1aa73",
  "title": "Untitled Session",
  "mode": "hybrid"
}
[2025-11-19T03:40:21.333Z] INFO: Session completed
  Context: {
  "sessionId": "6210496d-6281-4983-8dc8-3001f0a1aa73",
  "title": "Untitled Session",
  "totalThoughts": 1
}

[90mstdout[2m | tests/integration/error-handling.test.ts[2m > [22m[2mError Handling and Edge Cases[2m > [22m[2mValidation Errors[2m > [22m[2mshould accept invalid mode values (lenient validation)[22m[39m
[2025-11-19T03:40:21.334Z] INFO: Session created
  Context: {
  "sessionId": "9833a387-4cde-4da8-b914-ef0e77227c1d",
  "title": "Untitled Session",
  "mode": "invalid_mode"
}

[90mstdout[2m | tests/integration/error-handling.test.ts[2m > [22m[2mError Handling and Edge Cases[2m > [22m[2mValidation Errors[2m > [22m[2mshould accept invalid Shannon stage (lenient validation)[22m[39m
[2025-11-19T03:40:21.336Z] INFO: Session created
  Context: {
  "sessionId": "21bb39b1-c68b-4f1d-9b11-38aaa66bbcb6",
  "title": "Untitled Session",
  "mode": "shannon"
}
[2025-11-19T03:40:21.336Z] INFO: Session completed
  Context: {
  "sessionId": "21bb39b1-c68b-4f1d-9b11-38aaa66bbcb6",
  "title": "Untitled Session",
  "totalThoughts": 1
}

[90mstdout[2m | tests/integration/error-handling.test.ts[2m > [22m[2mError Handling and Edge Cases[2m > [22m[2mBoundary Conditions[2m > [22m[2mshould handle uncertainty = 0 (perfect certainty)[22m[39m
[2025-11-19T03:40:21.339Z] INFO: Session created
  Context: {
  "sessionId": "08cb0fe0-d286-46db-a4ed-ea5618106bbe",
  "title": "Untitled Session",
  "mode": "hybrid"
}
[2025-11-19T03:40:21.339Z] INFO: Session completed
  Context: {
  "sessionId": "08cb0fe0-d286-46db-a4ed-ea5618106bbe",
  "title": "Untitled Session",
  "totalThoughts": 1
}

[90mstdout[2m | tests/integration/error-handling.test.ts[2m > [22m[2mError Handling and Edge Cases[2m > [22m[2mBoundary Conditions[2m > [22m[2mshould handle uncertainty = 1 (complete uncertainty)[22m[39m
[2025-11-19T03:40:21.341Z] INFO: Session created
  Context: {
  "sessionId": "39bd0bc6-1748-4cb9-b220-c4cf5c6b3b33",
  "title": "Untitled Session",
  "mode": "hybrid"
}
[2025-11-19T03:40:21.341Z] INFO: Session completed
  Context: {
  "sessionId": "39bd0bc6-1748-4cb9-b220-c4cf5c6b3b33",
  "title": "Untitled Session",
  "totalThoughts": 1
}

[90mstdout[2m | tests/integration/error-handling.test.ts[2m > [22m[2mError Handling and Edge Cases[2m > [22m[2mBoundary Conditions[2m > [22m[2mshould handle very large thoughtNumber[22m[39m
[2025-11-19T03:40:21.401Z] INFO: Session created
  Context: {
  "sessionId": "85585cb9-8721-4b6f-b108-7ab3d7d7ae03",
  "title": "Untitled Session",
  "mode": "hybrid"
}
[2025-11-19T03:40:21.402Z] INFO: Session completed
  Context: {
  "sessionId": "85585cb9-8721-4b6f-b108-7ab3d7d7ae03",
  "title": "Untitled Session",
  "totalThoughts": 1
}

[90mstdout[2m | tests/integration/error-handling.test.ts[2m > [22m[2mError Handling and Edge Cases[2m > [22m[2mBoundary Conditions[2m > [22m[2mshould handle totalThoughts = thoughtNumber (single thought)[22m[39m
[2025-11-19T03:40:21.403Z] INFO: Session created
  Context: {
  "sessionId": "ebc3e995-197d-428f-84b3-b3aab4694ee9",
  "title": "Untitled Session",
  "mode": "hybrid"
}
[2025-11-19T03:40:21.403Z] INFO: Session completed
  Context: {
  "sessionId": "ebc3e995-197d-428f-84b3-b3aab4694ee9",
  "title": "Untitled Session",
  "totalThoughts": 1
}

[90mstdout[2m | tests/integration/error-handling.test.ts[2m > [22m[2mError Handling and Edge Cases[2m > [22m[2mEdge Cases - Empty Data[2m > [22m[2mshould handle empty thought content[22m[39m
[2025-11-19T03:40:21.407Z] INFO: Session created
  Context: {
  "sessionId": "e9265575-308a-4861-b24e-12ec7669cb7c",
  "title": "Untitled Session",
  "mode": "hybrid"
}
[2025-11-19T03:40:21.407Z] INFO: Session completed
  Context: {
  "sessionId": "e9265575-308a-4861-b24e-12ec7669cb7c",
  "title": "Untitled Session",
  "totalThoughts": 1
}

[90mstdout[2m | tests/integration/error-handling.test.ts[2m > [22m[2mError Handling and Edge Cases[2m > [22m[2mEdge Cases - Empty Data[2m > [22m[2mshould handle empty session title with default[22m[39m
[2025-11-19T03:40:21.408Z] INFO: Session created
  Context: {
  "sessionId": "f4c0c664-7fbd-4fa3-994e-ca5960af3dc6",
  "title": "Untitled Session",
  "mode": "hybrid"
}

[90mstdout[2m | tests/integration/error-handling.test.ts[2m > [22m[2mError Handling and Edge Cases[2m > [22m[2mEdge Cases - Empty Data[2m > [22m[2mshould handle empty arrays for optional fields[22m[39m
[2025-11-19T03:40:21.409Z] INFO: Session created
  Context: {
  "sessionId": "1956c742-f46e-464e-879c-46aebd52197f",
  "title": "Untitled Session",
  "mode": "hybrid"
}
[2025-11-19T03:40:21.409Z] INFO: Session completed
  Context: {
  "sessionId": "1956c742-f46e-464e-879c-46aebd52197f",
  "title": "Untitled Session",
  "totalThoughts": 1
}

[90mstdout[2m | tests/integration/error-handling.test.ts[2m > [22m[2mError Handling and Edge Cases[2m > [22m[2mEdge Cases - Empty Data[2m > [22m[2mshould handle session with no thoughts[22m[39m
[2025-11-19T03:40:21.410Z] INFO: Session created
  Context: {
  "sessionId": "2b3a8c17-c9fe-4aff-b5bb-8022da6aa7fc",
  "title": "Untitled Session",
  "mode": "hybrid"
}

[90mstdout[2m | tests/integration/error-handling.test.ts[2m > [22m[2mError Handling and Edge Cases[2m > [22m[2mEdge Cases - Special Characters[2m > [22m[2mshould handle Unicode characters in thought content[22m[39m
[2025-11-19T03:40:21.413Z] INFO: Session created
  Context: {
  "sessionId": "28ccb65d-eca6-4b77-b7d2-fbf296e669f6",
  "title": "Untitled Session",
  "mode": "hybrid"
}
[2025-11-19T03:40:21.413Z] INFO: Session completed
  Context: {
  "sessionId": "28ccb65d-eca6-4b77-b7d2-fbf296e669f6",
  "title": "Untitled Session",
  "totalThoughts": 1
}

[90mstdout[2m | tests/integration/error-handling.test.ts[2m > [22m[2mError Handling and Edge Cases[2m > [22m[2mEdge Cases - Special Characters[2m > [22m[2mshould handle special characters in session title[22m[39m
[2025-11-19T03:40:21.414Z] INFO: Session created
  Context: {
  "sessionId": "7b9a8022-8c04-4f91-afd7-922877bfebcd",
  "title": "<script>alert(\"xss\")</script>",
  "mode": "hybrid"
}

[90mstdout[2m | tests/integration/error-handling.test.ts[2m > [22m[2mError Handling and Edge Cases[2m > [22m[2mEdge Cases - Special Characters[2m > [22m[2mshould handle LaTeX with special characters[22m[39m
[2025-11-19T03:40:21.415Z] INFO: Session created
  Context: {
  "sessionId": "d7dd7b6a-4aca-47be-873d-ef10b0b803bf",
  "title": "Untitled Session",
  "mode": "mathematics"
}
[2025-11-19T03:40:21.415Z] INFO: Session completed
  Context: {
  "sessionId": "d7dd7b6a-4aca-47be-873d-ef10b0b803bf",
  "title": "Untitled Session",
  "totalThoughts": 1
}

[90mstdout[2m | tests/integration/error-handling.test.ts[2m > [22m[2mError Handling and Edge Cases[2m > [22m[2mEdge Cases - Special Characters[2m > [22m[2mshould handle newlines and tabs in thought content[22m[39m
[2025-11-19T03:40:21.417Z] INFO: Session created
  Context: {
  "sessionId": "b02d352a-1b94-411d-a3b6-9749cd407bbe",
  "title": "Untitled Session",
  "mode": "hybrid"
}
[2025-11-19T03:40:21.417Z] INFO: Session completed
  Context: {
  "sessionId": "b02d352a-1b94-411d-a3b6-9749cd407bbe",
  "title": "Untitled Session",
  "totalThoughts": 1
}

[90mstdout[2m | tests/integration/error-handling.test.ts[2m > [22m[2mError Handling and Edge Cases[2m > [22m[2mEdge Cases - Large Data[2m > [22m[2mshould handle very long thought content[22m[39m
[2025-11-19T03:40:21.418Z] INFO: Session created
  Context: {
  "sessionId": "36491000-f7a1-4962-87b9-f72c193df1ba",
  "title": "Untitled Session",
  "mode": "hybrid"
}
[2025-11-19T03:40:21.418Z] INFO: Session completed
  Context: {
  "sessionId": "36491000-f7a1-4962-87b9-f72c193df1ba",
  "title": "Untitled Session",
  "totalThoughts": 1
}

[90mstdout[2m | tests/integration/error-handling.test.ts[2m > [22m[2mError Handling and Edge Cases[2m > [22m[2mEdge Cases - Large Data[2m > [22m[2mshould handle sessions with many thoughts[22m[39m
[2025-11-19T03:40:21.491Z] INFO: Session created
  Context: {
  "sessionId": "f806b23d-fd76-4602-a8dd-1f2d905927f5",
  "title": "Untitled Session",
  "mode": "hybrid"
}
[2025-11-19T03:40:21.496Z] INFO: Session completed
  Context: {
  "sessionId": "f806b23d-fd76-4602-a8dd-1f2d905927f5",
  "title": "Untitled Session",
  "totalThoughts": 100
}

[90mstdout[2m | tests/integration/error-handling.test.ts[2m > [22m[2mError Handling and Edge Cases[2m > [22m[2mEdge Cases - Large Data[2m > [22m[2mshould handle large dependency arrays[22m[39m
[2025-11-19T03:40:21.497Z] INFO: Session created
  Context: {
  "sessionId": "10e80556-eddf-4250-9fb1-392422e7d1ba",
  "title": "Untitled Session",
  "mode": "hybrid"
}
[2025-11-19T03:40:21.498Z] INFO: Session completed
  Context: {
  "sessionId": "10e80556-eddf-4250-9fb1-392422e7d1ba",
  "title": "Untitled Session",
  "totalThoughts": 1
}

[90mstdout[2m | tests/integration/error-handling.test.ts[2m > [22m[2mError Handling and Edge Cases[2m > [22m[2mError Recovery[2m > [22m[2mshould maintain session integrity even with lenient validation[22m[39m
[2025-11-19T03:40:21.499Z] INFO: Session created
  Context: {
  "sessionId": "ba7e280e-9e36-45f2-bb05-30eb5e1c90d9",
  "title": "Untitled Session",
  "mode": "hybrid"
}
[2025-11-19T03:40:21.500Z] INFO: Session completed
  Context: {
  "sessionId": "ba7e280e-9e36-45f2-bb05-30eb5e1c90d9",
  "title": "Untitled Session",
  "totalThoughts": 1
}
[2025-11-19T03:40:21.500Z] INFO: Session completed
  Context: {
  "sessionId": "ba7e280e-9e36-45f2-bb05-30eb5e1c90d9",
  "title": "Untitled Session",
  "totalThoughts": 2
}

[90mstdout[2m | tests/integration/error-handling.test.ts[2m > [22m[2mError Handling and Edge Cases[2m > [22m[2mError Recovery[2m > [22m[2mshould allow mode switch even after adding invalid data[22m[39m
[2025-11-19T03:40:21.501Z] INFO: Session created
  Context: {
  "sessionId": "2ba66114-4235-42d5-86a8-a90ba84fdfc7",
  "title": "Untitled Session",
  "mode": "sequential"
}
[2025-11-19T03:40:21.501Z] INFO: Session completed
  Context: {
  "sessionId": "2ba66114-4235-42d5-86a8-a90ba84fdfc7",
  "title": "Untitled Session",
  "totalThoughts": 1
}
[2025-11-19T03:40:21.502Z] INFO: Session mode switched
  Context: {
  "sessionId": "2ba66114-4235-42d5-86a8-a90ba84fdfc7",
  "oldMode": "sequential",
  "newMode": "shannon"
}

[90mstdout[2m | tests/integration/error-handling.test.ts[2m > [22m[2mError Handling and Edge Cases[2m > [22m[2mSummary Generation Edge Cases[2m > [22m[2mshould generate summary for empty session[22m[39m
[2025-11-19T03:40:21.503Z] INFO: Session created
  Context: {
  "sessionId": "ffcbd475-aaaa-4975-a096-73dc3ca9b914",
  "title": "Empty Session",
  "mode": "hybrid"
}

[90mstdout[2m | tests/integration/error-handling.test.ts[2m > [22m[2mError Handling and Edge Cases[2m > [22m[2mSummary Generation Edge Cases[2m > [22m[2mshould generate summary for single thought session[22m[39m
[2025-11-19T03:40:21.504Z] INFO: Session created
  Context: {
  "sessionId": "1315a5db-e592-4bf1-855e-1ea3ea70df0d",
  "title": "Single Thought",
  "mode": "hybrid"
}
[2025-11-19T03:40:21.504Z] INFO: Session completed
  Context: {
  "sessionId": "1315a5db-e592-4bf1-855e-1ea3ea70df0d",
  "title": "Single Thought",
  "totalThoughts": 1
}

[90mstdout[2m | tests/integration/error-handling.test.ts[2m > [22m[2mError Handling and Edge Cases[2m > [22m[2mSummary Generation Edge Cases[2m > [22m[2mshould handle summary for session with very long thoughts[22m[39m
[2025-11-19T03:40:21.505Z] INFO: Session created
  Context: {
  "sessionId": "5fc0b985-6499-4b20-9480-86c316bc0803",
  "title": "Untitled Session",
  "mode": "hybrid"
}
[2025-11-19T03:40:21.505Z] INFO: Session completed
  Context: {
  "sessionId": "5fc0b985-6499-4b20-9480-86c316bc0803",
  "title": "Untitled Session",
  "totalThoughts": 1
}

[90mstdout[2m | tests/integration/error-handling.test.ts[2m > [22m[2mError Handling and Edge Cases[2m > [22m[2mConcurrent Session Management[2m > [22m[2mshould handle rapid session creation[22m[39m
[2025-11-19T03:40:21.507Z] INFO: Session created
  Context: {
  "sessionId": "f5a8b151-04cf-4e74-bb73-582648d7b325",
  "title": "Session 0",
  "mode": "hybrid"
}
[2025-11-19T03:40:21.507Z] INFO: Session created
  Context: {
  "sessionId": "d1ff90c6-eeda-4b5c-8ce6-085b1f4801e2",
  "title": "Session 1",
  "mode": "hybrid"
}
[2025-11-19T03:40:21.507Z] INFO: Session created
  Context: {
  "sessionId": "a3ef455e-2243-425f-8956-ab798956c71f",
  "title": "Session 2",
  "mode": "hybrid"
}
[2025-11-19T03:40:21.507Z] INFO: Session created
  Context: {
  "sessionId": "7a7ff745-4257-4733-81ad-156a399d9eb3",
  "title": "Session 3",
  "mode": "hybrid"
}
[2025-11-19T03:40:21.508Z] INFO: Session created
  Context: {
  "sessionId": "a958d6fe-1429-441c-ac68-be041c498fa6",
  "title": "Session 4",
  "mode": "hybrid"
}
[2025-11-19T03:40:21.508Z] INFO: Session created
  Context: {
  "sessionId": "ca33cae1-a051-488b-9571-8cdadec01155",
  "title": "Session 5",
  "mode": "hybrid"
}
[2025-11-19T03:40:21.508Z] INFO: Session created
  Context: {
  "sessionId": "36af19c6-3a82-4168-b215-1a9f1ad45ffa",
  "title": "Session 6",
  "mode": "hybrid"
}
[2025-11-19T03:40:21.508Z] INFO: Session created
  Context: {
  "sessionId": "c758d8d8-afda-4a63-906f-e616522a5223",
  "title": "Session 7",
  "mode": "hybrid"
}
[2025-11-19T03:40:21.508Z] INFO: Session created
  Context: {
  "sessionId": "6661c94c-64f6-48be-8058-703c7806f851",
  "title": "Session 8",
  "mode": "hybrid"
}
[2025-11-19T03:40:21.573Z] INFO: Session created
  Context: {
  "sessionId": "3c1c2a2c-f98d-4945-9deb-924ad8d50e53",
  "title": "Session 9",
  "mode": "hybrid"
}

[90mstdout[2m | tests/integration/error-handling.test.ts[2m > [22m[2mError Handling and Edge Cases[2m > [22m[2mConcurrent Session Management[2m > [22m[2mshould handle concurrent thought additions to same session[22m[39m
[2025-11-19T03:40:21.574Z] INFO: Session created
  Context: {
  "sessionId": "abc666b4-2e7d-4321-a8d2-729712800862",
  "title": "Untitled Session",
  "mode": "hybrid"
}
[2025-11-19T03:40:21.575Z] INFO: Session completed
  Context: {
  "sessionId": "abc666b4-2e7d-4321-a8d2-729712800862",
  "title": "Untitled Session",
  "totalThoughts": 5
}

[90mstdout[2m | tests/integration/error-handling.test.ts[2m > [22m[2mError Handling and Edge Cases[2m > [22m[2mConcurrent Session Management[2m > [22m[2mshould maintain independence of multiple sessions[22m[39m
[2025-11-19T03:40:21.576Z] INFO: Session created
  Context: {
  "sessionId": "94945de0-3c8d-4898-a430-458f5d534b75",
  "title": "Session 1",
  "mode": "hybrid"
}
[2025-11-19T03:40:21.576Z] INFO: Session created
  Context: {
  "sessionId": "b2ed61b9-cdde-48ba-a829-55698756a4b4",
  "title": "Session 2",
  "mode": "hybrid"
}
[2025-11-19T03:40:21.576Z] INFO: Session completed
  Context: {
  "sessionId": "94945de0-3c8d-4898-a430-458f5d534b75",
  "title": "Session 1",
  "totalThoughts": 1
}
[2025-11-19T03:40:21.578Z] INFO: Session completed
  Context: {
  "sessionId": "b2ed61b9-cdde-48ba-a829-55698756a4b4",
  "title": "Session 2",
  "totalThoughts": 1
}

[90mstdout[2m | tests/integration/error-handling.test.ts[2m > [22m[2mError Handling and Edge Cases[2m > [22m[2mMode-Specific Edge Cases[2m > [22m[2mshould handle mathematics mode with missing optional fields[22m[39m
[2025-11-19T03:40:21.642Z] INFO: Session created
  Context: {
  "sessionId": "47a94102-49c6-43db-9a50-a1169661380b",
  "title": "Untitled Session",
  "mode": "mathematics"
}
[2025-11-19T03:40:21.642Z] INFO: Session completed
  Context: {
  "sessionId": "47a94102-49c6-43db-9a50-a1169661380b",
  "title": "Untitled Session",
  "totalThoughts": 1
}

[90mstdout[2m | tests/integration/error-handling.test.ts[2m > [22m[2mError Handling and Edge Cases[2m > [22m[2mMode-Specific Edge Cases[2m > [22m[2mshould handle Shannon mode without explicit stage[22m[39m
[2025-11-19T03:40:21.643Z] INFO: Session created
  Context: {
  "sessionId": "acc857bd-2e81-44c3-8d6c-d0730994838e",
  "title": "Untitled Session",
  "mode": "shannon"
}
[2025-11-19T03:40:21.643Z] INFO: Session completed
  Context: {
  "sessionId": "acc857bd-2e81-44c3-8d6c-d0730994838e",
  "title": "Untitled Session",
  "totalThoughts": 1
}

[90mstdout[2m | tests/integration/error-handling.test.ts[2m > [22m[2mError Handling and Edge Cases[2m > [22m[2mMode-Specific Edge Cases[2m > [22m[2mshould handle temporal mode with minimal event data[22m[39m
[2025-11-19T03:40:21.644Z] INFO: Session created
  Context: {
  "sessionId": "ccc2ff52-897d-42f2-8fc0-a9ea4718641d",
  "title": "Untitled Session",
  "mode": "temporal"
}
[2025-11-19T03:40:21.645Z] INFO: Session completed
  Context: {
  "sessionId": "ccc2ff52-897d-42f2-8fc0-a9ea4718641d",
  "title": "Untitled Session",
  "totalThoughts": 1
}

 [32m✓[39m tests/integration/error-handling.test.ts [2m ([22m[2m36 tests[22m[2m)[22m[33m 500[2mms[22m[39m
 [32m✓[39m tests/integration/session-workflow.test.ts [2m ([22m[2m7 tests[22m[2m)[22m[90m 44[2mms[22m[39m
[90mstdout[2m | tests/integration/session-workflow.test.ts[2m > [22m[2mSession Workflow Integration[2m > [22m[2mshould complete full sequential thinking workflow[22m[39m
[2025-11-19T03:40:21.770Z] INFO: Session created
  Context: {
  "sessionId": "e5c4ef6c-cb5d-4d13-9d25-742b698c4e64",
  "title": "Solve Prime Factorization Problem",
  "mode": "sequential"
}
[2025-11-19T03:40:21.784Z] INFO: Session completed
  Context: {
  "sessionId": "e5c4ef6c-cb5d-4d13-9d25-742b698c4e64",
  "title": "Solve Prime Factorization Problem",
  "totalThoughts": 5
}

[90mstdout[2m | tests/integration/session-workflow.test.ts[2m > [22m[2mSession Workflow Integration[2m > [22m[2mshould handle mathematics mode with validation[22m[39m
[2025-11-19T03:40:21.789Z] INFO: Session created
  Context: {
  "sessionId": "ca35f950-10e2-42f1-b9b6-7b88df80cc64",
  "title": "Prove Fundamental Theorem",
  "mode": "mathematics"
}
[2025-11-19T03:40:21.790Z] INFO: Session completed
  Context: {
  "sessionId": "ca35f950-10e2-42f1-b9b6-7b88df80cc64",
  "title": "Prove Fundamental Theorem",
  "totalThoughts": 3
}

[90mstdout[2m | tests/integration/session-workflow.test.ts[2m > [22m[2mSession Workflow Integration[2m > [22m[2mshould handle mode switching mid-session[22m[39m
[2025-11-19T03:40:21.791Z] INFO: Session created
  Context: {
  "sessionId": "759480c2-7a56-4759-b76a-e53998a75e5f",
  "title": "Problem Solving Session",
  "mode": "sequential"
}
[2025-11-19T03:40:21.792Z] INFO: Session mode switched
  Context: {
  "sessionId": "759480c2-7a56-4759-b76a-e53998a75e5f",
  "oldMode": "sequential",
  "newMode": "shannon",
  "reason": "Need more structure"
}
[2025-11-19T03:40:21.792Z] INFO: Session completed
  Context: {
  "sessionId": "759480c2-7a56-4759-b76a-e53998a75e5f",
  "title": "Problem Solving Session",
  "totalThoughts": 3
}

[90mstdout[2m | tests/integration/session-workflow.test.ts[2m > [22m[2mSession Workflow Integration[2m > [22m[2mshould track validation cache statistics[22m[39m
[2025-11-19T03:40:21.794Z] INFO: Session created
  Context: {
  "sessionId": "7563fad4-7500-4ed6-9298-68009f98c943",
  "title": "Cache Test Session",
  "mode": "sequential"
}
[2025-11-19T03:40:21.794Z] INFO: Session completed
  Context: {
  "sessionId": "7563fad4-7500-4ed6-9298-68009f98c943",
  "title": "Cache Test Session",
  "totalThoughts": 3
}

[90mstdout[2m | tests/integration/session-workflow.test.ts[2m > [22m[2mSession Workflow Integration[2m > [22m[2mshould handle multiple concurrent sessions[22m[39m
[2025-11-19T03:40:21.796Z] INFO: Session created
  Context: {
  "sessionId": "bc2a7a79-314c-41f7-8d03-a6f2556a0960",
  "title": "Session 1",
  "mode": "sequential"
}
[2025-11-19T03:40:21.796Z] INFO: Session created
  Context: {
  "sessionId": "101baa95-bd63-4cb2-b878-5373684a9616",
  "title": "Session 2",
  "mode": "mathematics"
}
[2025-11-19T03:40:21.796Z] INFO: Session created
  Context: {
  "sessionId": "44fce5ba-bce3-4551-97cb-6ef54800ac83",
  "title": "Session 3",
  "mode": "shannon"
}
[2025-11-19T03:40:21.797Z] INFO: Session completed
  Context: {
  "sessionId": "bc2a7a79-314c-41f7-8d03-a6f2556a0960",
  "title": "Session 1",
  "totalThoughts": 1
}
[2025-11-19T03:40:21.797Z] INFO: Session completed
  Context: {
  "sessionId": "101baa95-bd63-4cb2-b878-5373684a9616",
  "title": "Session 2",
  "totalThoughts": 1
}
[2025-11-19T03:40:21.797Z] INFO: Session completed
  Context: {
  "sessionId": "44fce5ba-bce3-4551-97cb-6ef54800ac83",
  "title": "Session 3",
  "totalThoughts": 1
}

[90mstdout[2m | tests/integration/session-workflow.test.ts[2m > [22m[2mSession Workflow Integration[2m > [22m[2mshould handle session deletion[22m[39m
[2025-11-19T03:40:21.799Z] INFO: Session created
  Context: {
  "sessionId": "97554aa2-9c38-4090-aab0-c5d22cdfc227",
  "title": "Temporary Session",
  "mode": "sequential"
}
[2025-11-19T03:40:21.800Z] INFO: Session completed
  Context: {
  "sessionId": "97554aa2-9c38-4090-aab0-c5d22cdfc227",
  "title": "Temporary Session",
  "totalThoughts": 1
}
[2025-11-19T03:40:21.800Z] INFO: Session deleted
  Context: {
  "sessionId": "97554aa2-9c38-4090-aab0-c5d22cdfc227",
  "title": "Temporary Session",
  "thoughtCount": 1
}

[90mstdout[2m | tests/integration/session-workflow.test.ts[2m > [22m[2mSession Workflow Integration[2m > [22m[2mshould maintain metrics accuracy across workflow[22m[39m
[2025-11-19T03:40:21.801Z] INFO: Session created
  Context: {
  "sessionId": "9ee02fd1-8dc0-4d81-867a-320b22f82218",
  "title": "Metrics Test",
  "mode": "sequential"
}
[2025-11-19T03:40:21.801Z] INFO: Session completed
  Context: {
  "sessionId": "9ee02fd1-8dc0-4d81-867a-320b22f82218",
  "title": "Metrics Test",
  "totalThoughts": 5
}


[2m Test Files [22m [1m[32m7 passed[39m[22m[90m (7)[39m
[2m      Tests [22m [1m[32m155 passed[39m[22m[90m (155)[39m
[2m   Start at [22m 22:40:14
[2m   Duration [22m 10.10s


[1m[7m[32m PASS [39m[27m[22m[32m Waiting for file changes...[39m
       [2mpress [22m[1mh[22m[2m to show help[22m[2m, [22m[2mpress [22m[1mq[22m[2m to quit[22m
[3Jc
[7m[1m[34m RERUN [39m[22m[27m[2m src/session/manager.ts[22m

[90mstdout[2m | tests/unit/session-manager.test.ts[2m > [22m[2mSessionManager[2m > [22m[2mcreateSession[2m > [22m[2mshould create a new session with default values[22m[39m
[2025-11-19T03:41:06.018Z] INFO: Session created
  Context: {
  "sessionId": "5fdc7b65-9ee4-477b-88b9-74f12fdab11b",
  "title": "Untitled Session",
  "mode": "hybrid"
}

[90mstdout[2m | tests/unit/session-manager.test.ts[2m > [22m[2mSessionManager[2m > [22m[2mcreateSession[2m > [22m[2mshould create a session with custom options[22m[39m
[2025-11-19T03:41:06.029Z] INFO: Session created
  Context: {
  "sessionId": "cd132e06-5a4a-48b1-b78e-ea859e99990a",
  "title": "My Problem",
  "mode": "mathematics",
  "domain": "number_theory",
  "author": "Test User"
}

[90mstdout[2m | tests/unit/session-manager.test.ts[2m > [22m[2mSessionManager[2m > [22m[2mcreateSession[2m > [22m[2mshould initialize metrics correctly[22m[39m
[2025-11-19T03:41:06.031Z] INFO: Session created
  Context: {
  "sessionId": "4e99a1d0-3344-4870-aafe-bd50621f2e9b",
  "title": "Untitled Session",
  "mode": "hybrid"
}

[90mstdout[2m | tests/unit/session-manager.test.ts[2m > [22m[2mSessionManager[2m > [22m[2mgetSession[2m > [22m[2mshould retrieve an existing session[22m[39m
[2025-11-19T03:41:06.051Z] INFO: Session created
  Context: {
  "sessionId": "f59b3280-ec9d-4718-8f16-d11944c6cc3f",
  "title": "Test Session",
  "mode": "hybrid"
}

[90mstdout[2m | tests/unit/session-manager.test.ts[2m > [22m[2mSessionManager[2m > [22m[2maddThought[2m > [22m[2mshould add a sequential thought to session[22m[39m
[2025-11-19T03:41:06.054Z] INFO: Session created
  Context: {
  "sessionId": "179e181f-8957-4bec-baf0-06294bbe6cf1",
  "title": "Untitled Session",
  "mode": "sequential"
}

[90mstdout[2m | tests/unit/session-manager.test.ts[2m > [22m[2mSessionManager[2m > [22m[2maddThought[2m > [22m[2mshould mark session as complete when nextThoughtNeeded is false[22m[39m
[2025-11-19T03:41:06.057Z] INFO: Session created
  Context: {
  "sessionId": "9d5580b5-d55d-4526-813d-4932c82793dd",
  "title": "Untitled Session",
  "mode": "hybrid"
}
[2025-11-19T03:41:06.058Z] INFO: Session completed
  Context: {
  "sessionId": "9d5580b5-d55d-4526-813d-4932c82793dd",
  "title": "Untitled Session",
  "totalThoughts": 1
}

[90mstdout[2m | tests/unit/session-manager.test.ts[2m > [22m[2mSessionManager[2m > [22m[2maddThought[2m > [22m[2mshould track revisions in metrics[22m[39m
[2025-11-19T03:41:06.059Z] INFO: Session created
  Context: {
  "sessionId": "b6ee4fa0-a278-44cd-b198-45ab1753966f",
  "title": "Untitled Session",
  "mode": "hybrid"
}

[90mstdout[2m | tests/unit/session-manager.test.ts[2m > [22m[2mSessionManager[2m > [22m[2maddThought[2m > [22m[2mshould calculate average uncertainty for Shannon thoughts[22m[39m
[2025-11-19T03:41:06.060Z] INFO: Session created
  Context: {
  "sessionId": "1b40de1b-4924-46f1-8008-86b5d364792a",
  "title": "Untitled Session",
  "mode": "shannon"
}

[90mstderr[2m | tests/unit/session-manager.test.ts[2m > [22m[2mSessionManager[2m > [22m[2maddThought[2m > [22m[2mshould throw error for non-existent session[22m[39m
[2025-11-19T03:41:06.062Z] ERROR: Session not found
  Context: {
  "sessionId": "00000000-0000-4000-8000-000000000000"
}

[90mstdout[2m | tests/unit/session-manager.test.ts[2m > [22m[2mSessionManager[2m > [22m[2mswitchMode[2m > [22m[2mshould switch session mode[22m[39m
[2025-11-19T03:41:06.078Z] INFO: Session created
  Context: {
  "sessionId": "397d2f07-a50c-4c6d-89a6-42974afd5e75",
  "title": "Untitled Session",
  "mode": "sequential"
}
[2025-11-19T03:41:06.079Z] INFO: Session mode switched
  Context: {
  "sessionId": "397d2f07-a50c-4c6d-89a6-42974afd5e75",
  "oldMode": "sequential",
  "newMode": "shannon",
  "reason": "Need systematic approach"
}

[90mstderr[2m | tests/unit/session-manager.test.ts[2m > [22m[2mSessionManager[2m > [22m[2mswitchMode[2m > [22m[2mshould throw error for non-existent session[22m[39m
[2025-11-19T03:41:06.080Z] ERROR: Session not found
  Context: {
  "sessionId": "00000000-0000-4000-8000-000000000000"
}

[90mstdout[2m | tests/unit/session-manager.test.ts[2m > [22m[2mSessionManager[2m > [22m[2mlistSessions[2m > [22m[2mshould list all sessions[22m[39m
[2025-11-19T03:41:06.082Z] INFO: Session created
  Context: {
  "sessionId": "f55b3ede-3306-4d19-93a0-456ed9b14c51",
  "title": "Session 1",
  "mode": "hybrid"
}
[2025-11-19T03:41:06.082Z] INFO: Session created
  Context: {
  "sessionId": "39fbecb7-0cf2-4eb5-beba-c46cce38400c",
  "title": "Session 2",
  "mode": "hybrid"
}
[2025-11-19T03:41:06.082Z] INFO: Session created
  Context: {
  "sessionId": "81326c67-2b91-4d8e-82f6-5eed443ba8f0",
  "title": "Session 3",
  "mode": "hybrid"
}

[90mstdout[2m | tests/unit/session-manager.test.ts[2m > [22m[2mSessionManager[2m > [22m[2mdeleteSession[2m > [22m[2mshould delete a session[22m[39m
[2025-11-19T03:41:06.087Z] INFO: Session created
  Context: {
  "sessionId": "04e86ef7-30b9-41be-8d3e-19749df5f3b2",
  "title": "Untitled Session",
  "mode": "hybrid"
}
[2025-11-19T03:41:06.087Z] INFO: Session deleted
  Context: {
  "sessionId": "04e86ef7-30b9-41be-8d3e-19749df5f3b2",
  "title": "Untitled Session",
  "thoughtCount": 0
}

[90mstdout[2m | tests/unit/session-manager.test.ts[2m > [22m[2mSessionManager[2m > [22m[2mgenerateSummary[2m > [22m[2mshould generate a summary of session[22m[39m
[2025-11-19T03:41:06.088Z] INFO: Session created
  Context: {
  "sessionId": "caf03acc-7c00-4adb-9054-4b6680861355",
  "title": "Test Problem",
  "mode": "hybrid"
}
[2025-11-19T03:41:06.089Z] INFO: Session completed
  Context: {
  "sessionId": "caf03acc-7c00-4adb-9054-4b6680861355",
  "title": "Test Problem",
  "totalThoughts": 1
}

 [32m✓[39m tests/unit/session-manager.test.ts [2m ([22m[2m16 tests[22m[2m)[22m[90m 91[2mms[22m[39m
[90mstdout[2m | tests/benchmarks/metrics-performance.test.ts[2m > [22m[2mMetrics Performance Benchmark[2m > [22m[2mshould show performance improvement with incremental calculation[22m[39m
[2025-11-19T03:41:06.153Z] INFO: Session created
  Context: {
  "sessionId": "4b5d123c-877b-4148-a0f1-356d9a3e7275",
  "title": "Performance Test",
  "mode": "sequential"
}

📊 Benchmark: Adding 1000 thoughts with uncertainty tracking
[2025-11-19T03:41:06.185Z] INFO: Session completed
  Context: {
  "sessionId": "4b5d123c-877b-4148-a0f1-356d9a3e7275",
  "title": "Performance Test",
  "totalThoughts": 1000
}
✅ Total time: 29.87ms
✅ Average time per thought: 0.0299ms
✅ Expected average uncertainty: 0.495555
✅ Actual average uncertainty: 0.495555
✅ Accuracy verified: PASS

🎯 Performance: EXCELLENT

[90mstdout[2m | tests/benchmarks/metrics-performance.test.ts[2m > [22m[2mMetrics Performance Benchmark[2m > [22m[2mshould maintain O(1) complexity regardless of session size[22m[39m

📈 Complexity Analysis: Testing O(1) behavior
[2025-11-19T03:41:06.191Z] INFO: Session created
  Context: {
  "sessionId": "5403c8bf-ba3e-445a-8c48-5e86787baa08",
  "title": "Test Session 100",
  "mode": "sequential"
}
[2025-11-19T03:41:06.193Z] INFO: Session completed
  Context: {
  "sessionId": "5403c8bf-ba3e-445a-8c48-5e86787baa08",
  "title": "Test Session 100",
  "totalThoughts": 100
}
  Session size 100: 0.0189ms per thought
[2025-11-19T03:41:06.194Z] INFO: Session created
  Context: {
  "sessionId": "74ece3e0-594b-4405-902e-8cd40c4843a7",
  "title": "Test Session 500",
  "mode": "sequential"
}
[2025-11-19T03:41:06.235Z] INFO: Session completed
  Context: {
  "sessionId": "74ece3e0-594b-4405-902e-8cd40c4843a7",
  "title": "Test Session 500",
  "totalThoughts": 500
}
  Session size 500: 0.0089ms per thought
[2025-11-19T03:41:06.236Z] INFO: Session created
  Context: {
  "sessionId": "0f59dbc3-37bb-43ba-b61e-9d96452fe1ea",
  "title": "Test Session 1000",
  "mode": "sequential"
}
[2025-11-19T03:41:06.244Z] INFO: Session completed
  Context: {
  "sessionId": "0f59dbc3-37bb-43ba-b61e-9d96452fe1ea",
  "title": "Test Session 1000",
  "totalThoughts": 1000
}
  Session size 1000: 0.0078ms per thought

  Min: 0.0078ms, Max: 0.0189ms, Overall Ratio: 2.41x
  Ratio (500 vs 1000): 1.14x
  Complexity: O(1) ✅

 [32m✓[39m tests/benchmarks/metrics-performance.test.ts [2m ([22m[2m2 tests[22m[2m)[22m[90m 102[2mms[22m[39m
[90mstdout[2m | tests/integration/multi-session.test.ts[2m > [22m[2mMulti-Session and Concurrent Scenarios[2m > [22m[2mMultiple Session Management[2m > [22m[2mshould create and manage multiple sessions independently[22m[39m
[2025-11-19T03:41:06.115Z] INFO: Session created
  Context: {
  "sessionId": "9d4c6d78-f235-450c-b59b-cb98f0b3c7ef",
  "title": "Session 1",
  "mode": "sequential"
}
[2025-11-19T03:41:06.118Z] INFO: Session created
  Context: {
  "sessionId": "1ea26360-3322-4be4-823a-06a8caf4e552",
  "title": "Session 2",
  "mode": "shannon"
}
[2025-11-19T03:41:06.118Z] INFO: Session created
  Context: {
  "sessionId": "eb6821b5-a8e0-4741-8c36-41614a9f4a1d",
  "title": "Session 3",
  "mode": "mathematics"
}
[2025-11-19T03:41:06.118Z] INFO: Session created
  Context: {
  "sessionId": "0366c205-abc7-47b5-a7df-2cb8459e96ef",
  "title": "Session 4",
  "mode": "physics"
}
[2025-11-19T03:41:06.119Z] INFO: Session created
  Context: {
  "sessionId": "3b4a8360-a9d3-448b-a385-561e660c3126",
  "title": "Session 5",
  "mode": "hybrid"
}

[90mstdout[2m | tests/integration/multi-session.test.ts[2m > [22m[2mMulti-Session and Concurrent Scenarios[2m > [22m[2mMultiple Session Management[2m > [22m[2mshould maintain session isolation (changes in one do not affect others)[22m[39m
[2025-11-19T03:41:06.148Z] INFO: Session created
  Context: {
  "sessionId": "33ae5b5c-e923-4334-ac94-ea713c12de68",
  "title": "Isolated Session 1",
  "mode": "sequential"
}
[2025-11-19T03:41:06.148Z] INFO: Session created
  Context: {
  "sessionId": "01c9f176-c565-4422-9333-c2a6f9b08466",
  "title": "Isolated Session 2",
  "mode": "sequential"
}

[90mstdout[2m | tests/integration/multi-session.test.ts[2m > [22m[2mMulti-Session and Concurrent Scenarios[2m > [22m[2mMultiple Session Management[2m > [22m[2mshould handle mode switching independently across sessions[22m[39m
[2025-11-19T03:41:06.152Z] INFO: Session created
  Context: {
  "sessionId": "bbb5c099-bb3b-4f21-8860-7aeecfdc1cd4",
  "title": "S1",
  "mode": "sequential"
}
[2025-11-19T03:41:06.153Z] INFO: Session created
  Context: {
  "sessionId": "00401591-8d3b-4ce6-be42-7b495442e2c4",
  "title": "S2",
  "mode": "sequential"
}
[2025-11-19T03:41:06.153Z] INFO: Session created
  Context: {
  "sessionId": "52781f37-e813-4faa-b87b-65047d49a303",
  "title": "S3",
  "mode": "sequential"
}
[2025-11-19T03:41:06.153Z] INFO: Session mode switched
  Context: {
  "sessionId": "bbb5c099-bb3b-4f21-8860-7aeecfdc1cd4",
  "oldMode": "sequential",
  "newMode": "mathematics",
  "reason": "Switch to math"
}
[2025-11-19T03:41:06.154Z] INFO: Session mode switched
  Context: {
  "sessionId": "00401591-8d3b-4ce6-be42-7b495442e2c4",
  "oldMode": "sequential",
  "newMode": "physics",
  "reason": "Switch to physics"
}

[90mstdout[2m | tests/integration/multi-session.test.ts[2m > [22m[2mMulti-Session and Concurrent Scenarios[2m > [22m[2mMultiple Session Management[2m > [22m[2mshould handle completion status independently across sessions[22m[39m
[2025-11-19T03:41:06.155Z] INFO: Session created
  Context: {
  "sessionId": "57abfe26-d266-425b-9243-d620e58ebe1c",
  "title": "S1",
  "mode": "sequential"
}
[2025-11-19T03:41:06.155Z] INFO: Session created
  Context: {
  "sessionId": "43768a53-37f7-453f-9258-78b4c89a350b",
  "title": "S2",
  "mode": "sequential"
}
[2025-11-19T03:41:06.155Z] INFO: Session completed
  Context: {
  "sessionId": "57abfe26-d266-425b-9243-d620e58ebe1c",
  "title": "S1",
  "totalThoughts": 1
}

[90mstdout[2m | tests/integration/multi-session.test.ts[2m > [22m[2mMulti-Session and Concurrent Scenarios[2m > [22m[2mConcurrent Operations on Same Session[2m > [22m[2mshould handle concurrent thought additions to same session[22m[39m
[2025-11-19T03:41:06.158Z] INFO: Session created
  Context: {
  "sessionId": "49d47d64-dffb-4f0b-b23a-22e1a3c8e72a",
  "title": "Concurrent Test",
  "mode": "sequential"
}
[2025-11-19T03:41:06.158Z] INFO: Session completed
  Context: {
  "sessionId": "49d47d64-dffb-4f0b-b23a-22e1a3c8e72a",
  "title": "Concurrent Test",
  "totalThoughts": 3
}

[90mstdout[2m | tests/integration/multi-session.test.ts[2m > [22m[2mMulti-Session and Concurrent Scenarios[2m > [22m[2mConcurrent Operations on Same Session[2m > [22m[2mshould handle concurrent retrieval of same session[22m[39m
[2025-11-19T03:41:06.159Z] INFO: Session created
  Context: {
  "sessionId": "fce019c2-a914-4272-869e-92a45f453ba5",
  "title": "Concurrent Retrieval",
  "mode": "sequential"
}

[90mstdout[2m | tests/integration/multi-session.test.ts[2m > [22m[2mMulti-Session and Concurrent Scenarios[2m > [22m[2mConcurrent Operations on Same Session[2m > [22m[2mshould handle concurrent mode switches on same session[22m[39m
[2025-11-19T03:41:06.167Z] INFO: Session created
  Context: {
  "sessionId": "de224031-5982-4e68-b4c3-3ba5351149c5",
  "title": "Mode Switch Race",
  "mode": "sequential"
}
[2025-11-19T03:41:06.168Z] INFO: Session mode switched
  Context: {
  "sessionId": "de224031-5982-4e68-b4c3-3ba5351149c5",
  "oldMode": "sequential",
  "newMode": "mathematics",
  "reason": "Switch 1"
}
[2025-11-19T03:41:06.168Z] INFO: Session mode switched
  Context: {
  "sessionId": "de224031-5982-4e68-b4c3-3ba5351149c5",
  "oldMode": "mathematics",
  "newMode": "physics",
  "reason": "Switch 2"
}
[2025-11-19T03:41:06.168Z] INFO: Session mode switched
  Context: {
  "sessionId": "de224031-5982-4e68-b4c3-3ba5351149c5",
  "oldMode": "physics",
  "newMode": "hybrid",
  "reason": "Switch 3"
}

[90mstdout[2m | tests/integration/multi-session.test.ts[2m > [22m[2mMulti-Session and Concurrent Scenarios[2m > [22m[2mConcurrent Operations Across Different Sessions[2m > [22m[2mshould handle concurrent operations on different sessions[22m[39m
[2025-11-19T03:41:06.171Z] INFO: Session created
  Context: {
  "sessionId": "55659f01-a15a-4716-85e4-e18e97b0644a",
  "title": "S1",
  "mode": "sequential"
}
[2025-11-19T03:41:06.171Z] INFO: Session created
  Context: {
  "sessionId": "0b036cc2-6047-4d13-a9b1-62152083da09",
  "title": "S2",
  "mode": "shannon"
}
[2025-11-19T03:41:06.171Z] INFO: Session created
  Context: {
  "sessionId": "efefdeea-2a3e-4582-a061-c456e6c6ff01",
  "title": "S3",
  "mode": "mathematics"
}
[2025-11-19T03:41:06.171Z] INFO: Session completed
  Context: {
  "sessionId": "55659f01-a15a-4716-85e4-e18e97b0644a",
  "title": "S1",
  "totalThoughts": 1
}
[2025-11-19T03:41:06.172Z] INFO: Session mode switched
  Context: {
  "sessionId": "0b036cc2-6047-4d13-a9b1-62152083da09",
  "oldMode": "shannon",
  "newMode": "physics",
  "reason": "Switch mode"
}

[90mstdout[2m | tests/integration/multi-session.test.ts[2m > [22m[2mMulti-Session and Concurrent Scenarios[2m > [22m[2mConcurrent Operations Across Different Sessions[2m > [22m[2mshould handle concurrent session creation[22m[39m
[2025-11-19T03:41:06.181Z] INFO: Session created
  Context: {
  "sessionId": "6bc9ca0b-d47e-4a59-9305-c37ea1c42799",
  "title": "Session 1",
  "mode": "sequential"
}
[2025-11-19T03:41:06.181Z] INFO: Session created
  Context: {
  "sessionId": "d79d22d1-e976-496e-b1ef-e198d21a0b6c",
  "title": "Session 2",
  "mode": "sequential"
}
[2025-11-19T03:41:06.182Z] INFO: Session created
  Context: {
  "sessionId": "0952f7a4-4a2c-4992-92b7-989b09590c38",
  "title": "Session 3",
  "mode": "sequential"
}
[2025-11-19T03:41:06.182Z] INFO: Session created
  Context: {
  "sessionId": "f31fb845-9671-42cf-8479-8739b8b003c8",
  "title": "Session 4",
  "mode": "sequential"
}
[2025-11-19T03:41:06.182Z] INFO: Session created
  Context: {
  "sessionId": "88eaefbd-f17c-40a2-88c4-9337cadf78a5",
  "title": "Session 5",
  "mode": "sequential"
}
[2025-11-19T03:41:06.182Z] INFO: Session created
  Context: {
  "sessionId": "1da531e1-d32d-4c05-a109-5f56524d1a00",
  "title": "Session 6",
  "mode": "sequential"
}
[2025-11-19T03:41:06.182Z] INFO: Session created
  Context: {
  "sessionId": "98aa94bc-a0d2-4b38-9d80-52561dcd496b",
  "title": "Session 7",
  "mode": "sequential"
}
[2025-11-19T03:41:06.182Z] INFO: Session created
  Context: {
  "sessionId": "c4b1fcf5-4a8f-4fee-8ed3-f8c98c5ab6bf",
  "title": "Session 8",
  "mode": "sequential"
}
[2025-11-19T03:41:06.182Z] INFO: Session created
  Context: {
  "sessionId": "5518d4f7-2b44-4a53-9959-01ad0d86a3aa",
  "title": "Session 9",
  "mode": "sequential"
}
[2025-11-19T03:41:06.182Z] INFO: Session created
  Context: {
  "sessionId": "731d24fc-a952-4696-9e03-cdcad18db076",
  "title": "Session 10",
  "mode": "sequential"
}
[2025-11-19T03:41:06.182Z] INFO: Session created
  Context: {
  "sessionId": "47f633cd-4d5d-4934-85a9-850529985d1b",
  "title": "Session 11",
  "mode": "sequential"
}
[2025-11-19T03:41:06.182Z] INFO: Session created
  Context: {
  "sessionId": "c8fb858b-ca34-49b7-9d98-f16f181e6778",
  "title": "Session 12",
  "mode": "sequential"
}
[2025-11-19T03:41:06.182Z] INFO: Session created
  Context: {
  "sessionId": "a2b20a5d-0080-4e38-bbd8-ad5042f197ed",
  "title": "Session 13",
  "mode": "sequential"
}
[2025-11-19T03:41:06.183Z] INFO: Session created
  Context: {
  "sessionId": "f35fbac6-f647-4e66-bfd4-ea92b9db66c0",
  "title": "Session 14",
  "mode": "sequential"
}
[2025-11-19T03:41:06.183Z] INFO: Session created
  Context: {
  "sessionId": "82571d77-6582-4b05-b71d-f73fbdba70ca",
  "title": "Session 15",
  "mode": "sequential"
}
[2025-11-19T03:41:06.183Z] INFO: Session created
  Context: {
  "sessionId": "07780a01-97ba-49fa-9f41-a5bc0452d16a",
  "title": "Session 16",
  "mode": "sequential"
}
[2025-11-19T03:41:06.183Z] INFO: Session created
  Context: {
  "sessionId": "79ffab5b-8880-4e22-9f75-dc3cd029e413",
  "title": "Session 17",
  "mode": "sequential"
}
[2025-11-19T03:41:06.183Z] INFO: Session created
  Context: {
  "sessionId": "6db43a93-b65e-472e-a3ac-e7f5d394806f",
  "title": "Session 18",
  "mode": "sequential"
}
[2025-11-19T03:41:06.183Z] INFO: Session created
  Context: {
  "sessionId": "034248e8-3cbe-4c97-b7b2-3d904fc7d134",
  "title": "Session 19",
  "mode": "sequential"
}
[2025-11-19T03:41:06.183Z] INFO: Session created
  Context: {
  "sessionId": "3938b7cb-d4c1-46d1-a78c-352dc5e47bba",
  "title": "Session 20",
  "mode": "sequential"
}

[90mstdout[2m | tests/integration/multi-session.test.ts[2m > [22m[2mMulti-Session and Concurrent Scenarios[2m > [22m[2mConcurrent Operations Across Different Sessions[2m > [22m[2mshould handle concurrent summary generation for different sessions[22m[39m
[2025-11-19T03:41:06.203Z] INFO: Session created
  Context: {
  "sessionId": "e1f26b1e-0fed-42ea-aa37-017fca00097d",
  "title": "S1",
  "mode": "sequential"
}
[2025-11-19T03:41:06.203Z] INFO: Session created
  Context: {
  "sessionId": "ddd233d4-0e9d-4947-a613-54eaf62b50a6",
  "title": "S2",
  "mode": "sequential"
}
[2025-11-19T03:41:06.203Z] INFO: Session created
  Context: {
  "sessionId": "a904d2fa-6c1d-465a-8a83-ae9b95717c5a",
  "title": "S3",
  "mode": "sequential"
}
[2025-11-19T03:41:06.204Z] INFO: Session completed
  Context: {
  "sessionId": "e1f26b1e-0fed-42ea-aa37-017fca00097d",
  "title": "S1",
  "totalThoughts": 1
}
[2025-11-19T03:41:06.204Z] INFO: Session completed
  Context: {
  "sessionId": "ddd233d4-0e9d-4947-a613-54eaf62b50a6",
  "title": "S2",
  "totalThoughts": 1
}
[2025-11-19T03:41:06.204Z] INFO: Session completed
  Context: {
  "sessionId": "a904d2fa-6c1d-465a-8a83-ae9b95717c5a",
  "title": "S3",
  "totalThoughts": 1
}

[90mstdout[2m | tests/integration/multi-session.test.ts[2m > [22m[2mMulti-Session and Concurrent Scenarios[2m > [22m[2mResource Management with Many Sessions[2m > [22m[2mshould handle creation of many sessions[22m[39m
[2025-11-19T03:41:06.207Z] INFO: Session created
  Context: {
  "sessionId": "f18e8d56-8ae9-4a65-87b3-8994160e88b9",
  "title": "Session 1",
  "mode": "sequential"
}
[2025-11-19T03:41:06.207Z] INFO: Session created
  Context: {
  "sessionId": "4eb5ad8d-45b9-46a4-a154-7928e643696e",
  "title": "Session 2",
  "mode": "sequential"
}
[2025-11-19T03:41:06.207Z] INFO: Session created
  Context: {
  "sessionId": "d473d9d0-fc53-42d4-96c4-e8e7db4cde58",
  "title": "Session 3",
  "mode": "sequential"
}
[2025-11-19T03:41:06.207Z] INFO: Session created
  Context: {
  "sessionId": "0c081115-cb4d-4300-a64d-8e6b3bb8fef4",
  "title": "Session 4",
  "mode": "sequential"
}
[2025-11-19T03:41:06.207Z] INFO: Session created
  Context: {
  "sessionId": "34682cf0-36c4-4217-856f-a3498ad3c813",
  "title": "Session 5",
  "mode": "sequential"
}
[2025-11-19T03:41:06.207Z] INFO: Session created
  Context: {
  "sessionId": "eb00ad5d-3dc4-42c4-b43c-9479873c8b96",
  "title": "Session 6",
  "mode": "sequential"
}
[2025-11-19T03:41:06.208Z] INFO: Session created
  Context: {
  "sessionId": "0db5f593-81a4-4da6-964e-9f516fd289cd",
  "title": "Session 7",
  "mode": "sequential"
}
[2025-11-19T03:41:06.208Z] INFO: Session created
  Context: {
  "sessionId": "2756964c-b735-4942-841f-fadd73fdc061",
  "title": "Session 8",
  "mode": "sequential"
}
[2025-11-19T03:41:06.208Z] INFO: Session created
  Context: {
  "sessionId": "d927fc5c-7d44-4e02-9763-2175a1f7235e",
  "title": "Session 9",
  "mode": "sequential"
}
[2025-11-19T03:41:06.208Z] INFO: Session created
  Context: {
  "sessionId": "6fcf57c8-b595-4833-83ab-e06d1697963c",
  "title": "Session 10",
  "mode": "sequential"
}
[2025-11-19T03:41:06.208Z] INFO: Session created
  Context: {
  "sessionId": "3c761ba2-1f9a-429c-aa1e-2bba824609d3",
  "title": "Session 11",
  "mode": "sequential"
}
[2025-11-19T03:41:06.208Z] INFO: Session created
  Context: {
  "sessionId": "cb503471-23bb-43bd-af5e-8a989d902649",
  "title": "Session 12",
  "mode": "sequential"
}
[2025-11-19T03:41:06.208Z] INFO: Session created
  Context: {
  "sessionId": "7972538a-661f-4681-8d84-545bea783ebb",
  "title": "Session 13",
  "mode": "sequential"
}
[2025-11-19T03:41:06.208Z] INFO: Session created
  Context: {
  "sessionId": "98b6e01d-3dd6-4379-8cfd-2a4f7700bc38",
  "title": "Session 14",
  "mode": "sequential"
}
[2025-11-19T03:41:06.208Z] INFO: Session created
  Context: {
  "sessionId": "93082fb6-781f-4440-9c52-ef3c7af81b94",
  "title": "Session 15",
  "mode": "sequential"
}
[2025-11-19T03:41:06.227Z] INFO: Session created
  Context: {
  "sessionId": "4dd7382c-c9d4-42d7-83c2-4b8f67c05cae",
  "title": "Session 16",
  "mode": "sequential"
}
[2025-11-19T03:41:06.227Z] INFO: Session created
  Context: {
  "sessionId": "db7ecb89-f25e-4584-9454-93fe26e1df77",
  "title": "Session 17",
  "mode": "sequential"
}
[2025-11-19T03:41:06.227Z] INFO: Session created
  Context: {
  "sessionId": "178531c3-858c-4c9a-b166-927fd0d40e45",
  "title": "Session 18",
  "mode": "sequential"
}
[2025-11-19T03:41:06.227Z] INFO: Session created
  Context: {
  "sessionId": "84a40761-3c27-48ee-a0f4-d753f4879f48",
  "title": "Session 19",
  "mode": "sequential"
}
[2025-11-19T03:41:06.227Z] INFO: Session created
  Context: {
  "sessionId": "f4c78353-b86e-47ae-b808-95e2ad395e2b",
  "title": "Session 20",
  "mode": "sequential"
}
[2025-11-19T03:41:06.227Z] INFO: Session created
  Context: {
  "sessionId": "27facfa3-c563-4254-a3f6-9e4d1a2a93b8",
  "title": "Session 21",
  "mode": "sequential"
}
[2025-11-19T03:41:06.227Z] INFO: Session created
  Context: {
  "sessionId": "0407f2f9-9817-4ff5-834e-908bb2b753d5",
  "title": "Session 22",
  "mode": "sequential"
}
[2025-11-19T03:41:06.227Z] INFO: Session created
  Context: {
  "sessionId": "e2915df6-aac1-4c5d-9d3a-4bfe7ca242d4",
  "title": "Session 23",
  "mode": "sequential"
}
[2025-11-19T03:41:06.228Z] INFO: Session created
  Context: {
  "sessionId": "57decfd2-bc47-4d07-8f7d-b30d302ed093",
  "title": "Session 24",
  "mode": "sequential"
}
[2025-11-19T03:41:06.228Z] INFO: Session created
  Context: {
  "sessionId": "8996fb02-3fdc-4059-b6b5-7f2a40417195",
  "title": "Session 25",
  "mode": "sequential"
}
[2025-11-19T03:41:06.228Z] INFO: Session created
  Context: {
  "sessionId": "a662d6c7-d8d2-4714-b372-32a08aa83d80",
  "title": "Session 26",
  "mode": "sequential"
}
[2025-11-19T03:41:06.228Z] INFO: Session created
  Context: {
  "sessionId": "30818eb9-dd96-4429-88a3-49f774042e9f",
  "title": "Session 27",
  "mode": "sequential"
}
[2025-11-19T03:41:06.228Z] INFO: Session created
  Context: {
  "sessionId": "2bfb2e4a-f079-4f0e-98f1-daabba322ecb",
  "title": "Session 28",
  "mode": "sequential"
}
[2025-11-19T03:41:06.228Z] INFO: Session created
  Context: {
  "sessionId": "cac29097-b0cd-4cba-974f-a079324f183c",
  "title": "Session 29",
  "mode": "sequential"
}
[2025-11-19T03:41:06.228Z] INFO: Session created
  Context: {
  "sessionId": "71819d8f-b182-4304-b374-5b3c0a293c16",
  "title": "Session 30",
  "mode": "sequential"
}
[2025-11-19T03:41:06.228Z] INFO: Session created
  Context: {
  "sessionId": "7f1baa6e-8d27-4ee3-a650-2983bab9b780",
  "title": "Session 31",
  "mode": "sequential"
}
[2025-11-19T03:41:06.228Z] INFO: Session created
  Context: {
  "sessionId": "a8a7e7e1-9a23-4e62-b9c5-77d5cebdde0d",
  "title": "Session 32",
  "mode": "sequential"
}
[2025-11-19T03:41:06.228Z] INFO: Session created
  Context: {
  "sessionId": "eb055dff-b80e-4350-a41b-7994f3a17945",
  "title": "Session 33",
  "mode": "sequential"
}
[2025-11-19T03:41:06.228Z] INFO: Session created
  Context: {
  "sessionId": "56280f62-3998-4884-bbf8-70fd5eae81eb",
  "title": "Session 34",
  "mode": "sequential"
}
[2025-11-19T03:41:06.228Z] INFO: Session created
  Context: {
  "sessionId": "a550cfce-b69a-4559-ad96-864f22c6a758",
  "title": "Session 35",
  "mode": "sequential"
}
[2025-11-19T03:41:06.228Z] INFO: Session created
  Context: {
  "sessionId": "f6ade2ee-ce13-475d-8353-96d76ce384bd",
  "title": "Session 36",
  "mode": "sequential"
}
[2025-11-19T03:41:06.228Z] INFO: Session created
  Context: {
  "sessionId": "c0d11ef3-b3ff-4d37-9ad6-36504478ccb5",
  "title": "Session 37",
  "mode": "sequential"
}
[2025-11-19T03:41:06.228Z] INFO: Session created
  Context: {
  "sessionId": "11f96316-0f92-4e5c-997c-f113472d3970",
  "title": "Session 38",
  "mode": "sequential"
}
[2025-11-19T03:41:06.229Z] INFO: Session created
  Context: {
  "sessionId": "c9c84a1f-2562-4ed1-9945-77b14c2f4111",
  "title": "Session 39",
  "mode": "sequential"
}
[2025-11-19T03:41:06.229Z] INFO: Session created
  Context: {
  "sessionId": "bcc02f70-69e0-4366-a09a-c3d6e639afcc",
  "title": "Session 40",
  "mode": "sequential"
}
[2025-11-19T03:41:06.229Z] INFO: Session created
  Context: {
  "sessionId": "103c5626-08a4-4603-8cd4-871605bb1c57",
  "title": "Session 41",
  "mode": "sequential"
}
[2025-11-19T03:41:06.229Z] INFO: Session created
  Context: {
  "sessionId": "7f24dbdb-2a3a-45a3-8b74-18f87099e881",
  "title": "Session 42",
  "mode": "sequential"
}
[2025-11-19T03:41:06.229Z] INFO: Session created
  Context: {
  "sessionId": "50f2cf48-a3d9-4cd7-a065-bda95d3bdbe5",
  "title": "Session 43",
  "mode": "sequential"
}
[2025-11-19T03:41:06.229Z] INFO: Session created
  Context: {
  "sessionId": "152a6635-4df3-49f4-bd81-81c1d7b598fa",
  "title": "Session 44",
  "mode": "sequential"
}
[2025-11-19T03:41:06.229Z] INFO: Session created
  Context: {
  "sessionId": "b5c1097c-b70a-41b8-a31e-4b3532e6f721",
  "title": "Session 45",
  "mode": "sequential"
}
[2025-11-19T03:41:06.229Z] INFO: Session created
  Context: {
  "sessionId": "1774ee5c-ecc3-414c-885d-e6c30c9d0141",
  "title": "Session 46",
  "mode": "sequential"
}
[2025-11-19T03:41:06.229Z] INFO: Session created
  Context: {
  "sessionId": "34505a13-cf92-41e4-a45f-535027a49eb7",
  "title": "Session 47",
  "mode": "sequential"
}
[2025-11-19T03:41:06.229Z] INFO: Session created
  Context: {
  "sessionId": "3a785522-5d90-4ba3-87fe-39c619a63604",
  "title": "Session 48",
  "mode": "sequential"
}
[2025-11-19T03:41:06.229Z] INFO: Session created
  Context: {
  "sessionId": "86ce354a-02df-4144-96c8-91779e885a6a",
  "title": "Session 49",
  "mode": "sequential"
}
[2025-11-19T03:41:06.229Z] INFO: Session created
  Context: {
  "sessionId": "c5ff5b0f-d890-4734-a57a-e966b953e5d0",
  "title": "Session 50",
  "mode": "sequential"
}

[90mstdout[2m | tests/integration/multi-session.test.ts[2m > [22m[2mMulti-Session and Concurrent Scenarios[2m > [22m[2mResource Management with Many Sessions[2m > [22m[2mshould retrieve sessions efficiently with many active sessions[22m[39m
[2025-11-19T03:41:06.231Z] INFO: Session created
  Context: {
  "sessionId": "f3db5314-4381-461a-bc73-d80538f217a9",
  "title": "Session 1",
  "mode": "sequential"
}
[2025-11-19T03:41:06.231Z] INFO: Session created
  Context: {
  "sessionId": "86c8bf96-c78b-4a0a-8864-250c67541c40",
  "title": "Session 2",
  "mode": "sequential"
}
[2025-11-19T03:41:06.231Z] INFO: Session created
  Context: {
  "sessionId": "eb286473-1ff7-4dd8-85cc-583e0677cdbb",
  "title": "Session 3",
  "mode": "sequential"
}
[2025-11-19T03:41:06.231Z] INFO: Session created
  Context: {
  "sessionId": "dd26ea8b-9089-44ad-9b95-d6f0f4710139",
  "title": "Session 4",
  "mode": "sequential"
}
[2025-11-19T03:41:06.231Z] INFO: Session created
  Context: {
  "sessionId": "4a4320b7-90af-47fd-9dd6-afc00f3d94f5",
  "title": "Session 5",
  "mode": "sequential"
}
[2025-11-19T03:41:06.231Z] INFO: Session created
  Context: {
  "sessionId": "39f98917-d115-46be-b533-2c1894fbeccc",
  "title": "Session 6",
  "mode": "sequential"
}
[2025-11-19T03:41:06.231Z] INFO: Session created
  Context: {
  "sessionId": "2ce7f1b1-709a-4c80-aa4a-93d89f823c49",
  "title": "Session 7",
  "mode": "sequential"
}
[2025-11-19T03:41:06.232Z] INFO: Session created
  Context: {
  "sessionId": "875a2312-0539-409e-9db3-f420473346ab",
  "title": "Session 8",
  "mode": "sequential"
}
[2025-11-19T03:41:06.232Z] INFO: Session created
  Context: {
  "sessionId": "225540a3-3856-4e4a-9021-1eacf236ece3",
  "title": "Session 9",
  "mode": "sequential"
}
[2025-11-19T03:41:06.233Z] INFO: Session created
  Context: {
  "sessionId": "8bd2a563-c759-4c38-a4b1-d5d7759f616e",
  "title": "Session 10",
  "mode": "sequential"
}

[90mstdout[2m | tests/integration/multi-session.test.ts[2m > [22m[2mMulti-Session and Concurrent Scenarios[2m > [22m[2mResource Management with Many Sessions[2m > [22m[2mshould list all sessions when many exist[22m[39m
[2025-11-19T03:41:06.234Z] INFO: Session created
  Context: {
  "sessionId": "e20df56f-22f0-490a-9db2-e01898949884",
  "title": "Session 1",
  "mode": "sequential"
}
[2025-11-19T03:41:06.234Z] INFO: Session created
  Context: {
  "sessionId": "6b3b6d25-08bb-4fdb-ba95-c5ecb7c449dc",
  "title": "Session 2",
  "mode": "sequential"
}
[2025-11-19T03:41:06.234Z] INFO: Session created
  Context: {
  "sessionId": "b8c737ff-c663-4d3a-87cc-c58bfb634b11",
  "title": "Session 3",
  "mode": "sequential"
}
[2025-11-19T03:41:06.234Z] INFO: Session created
  Context: {
  "sessionId": "3fac21f4-fe01-44b7-b60b-0a95864a983c",
  "title": "Session 4",
  "mode": "sequential"
}
[2025-11-19T03:41:06.234Z] INFO: Session created
  Context: {
  "sessionId": "2345b2b6-45a2-49ba-8011-0b2894de9881",
  "title": "Session 5",
  "mode": "sequential"
}
[2025-11-19T03:41:06.235Z] INFO: Session created
  Context: {
  "sessionId": "330de55b-1b70-4f25-ba2e-642e32699fbe",
  "title": "Session 6",
  "mode": "sequential"
}
[2025-11-19T03:41:06.235Z] INFO: Session created
  Context: {
  "sessionId": "548068f4-79b2-4cd6-a908-8c6ff3ae5fc7",
  "title": "Session 7",
  "mode": "sequential"
}
[2025-11-19T03:41:06.235Z] INFO: Session created
  Context: {
  "sessionId": "50c020d0-806b-4fcd-9b21-330bb45f5914",
  "title": "Session 8",
  "mode": "sequential"
}
[2025-11-19T03:41:06.235Z] INFO: Session created
  Context: {
  "sessionId": "91c34072-0e74-41db-b8b4-18054a91db8f",
  "title": "Session 9",
  "mode": "sequential"
}
[2025-11-19T03:41:06.235Z] INFO: Session created
  Context: {
  "sessionId": "3ccd1878-2f1d-465e-ad20-d8c25ef21f9c",
  "title": "Session 10",
  "mode": "sequential"
}
[2025-11-19T03:41:06.235Z] INFO: Session created
  Context: {
  "sessionId": "df45d8f7-04ed-4dc5-91c0-0f11a3d3a839",
  "title": "Session 11",
  "mode": "sequential"
}
[2025-11-19T03:41:06.235Z] INFO: Session created
  Context: {
  "sessionId": "f72fe982-340c-41b4-b8a8-19001e284929",
  "title": "Session 12",
  "mode": "sequential"
}
[2025-11-19T03:41:06.235Z] INFO: Session created
  Context: {
  "sessionId": "e2b31429-cc1c-4365-af2b-d23f53ced277",
  "title": "Session 13",
  "mode": "sequential"
}
[2025-11-19T03:41:06.235Z] INFO: Session created
  Context: {
  "sessionId": "c087d67e-3349-4066-ba64-3e8e2724af8e",
  "title": "Session 14",
  "mode": "sequential"
}
[2025-11-19T03:41:06.235Z] INFO: Session created
  Context: {
  "sessionId": "893ddd04-2be5-4c61-9096-2e4ba676c704",
  "title": "Session 15",
  "mode": "sequential"
}

[90mstdout[2m | tests/integration/multi-session.test.ts[2m > [22m[2mMulti-Session and Concurrent Scenarios[2m > [22m[2mSession State Consistency[2m > [22m[2mshould maintain consistent thought count across concurrent additions[22m[39m
[2025-11-19T03:41:06.237Z] INFO: Session created
  Context: {
  "sessionId": "74ed84b7-9d03-4bba-bcdd-6b0443089b18",
  "title": "Consistency Test",
  "mode": "sequential"
}
[2025-11-19T03:41:06.238Z] INFO: Session completed
  Context: {
  "sessionId": "74ed84b7-9d03-4bba-bcdd-6b0443089b18",
  "title": "Consistency Test",
  "totalThoughts": 10
}

[90mstdout[2m | tests/integration/multi-session.test.ts[2m > [22m[2mMulti-Session and Concurrent Scenarios[2m > [22m[2mSession State Consistency[2m > [22m[2mshould maintain correct status after concurrent operations[22m[39m
[2025-11-19T03:41:06.253Z] INFO: Session created
  Context: {
  "sessionId": "89c919f2-beed-416f-9d1b-42b18878d04b",
  "title": "Status Test",
  "mode": "sequential"
}
[2025-11-19T03:41:06.253Z] INFO: Session completed
  Context: {
  "sessionId": "89c919f2-beed-416f-9d1b-42b18878d04b",
  "title": "Status Test",
  "totalThoughts": 1
}

[90mstdout[2m | tests/integration/multi-session.test.ts[2m > [22m[2mMulti-Session and Concurrent Scenarios[2m > [22m[2mSession State Consistency[2m > [22m[2mshould handle concurrent thought additions with proper sequencing[22m[39m
[2025-11-19T03:41:06.255Z] INFO: Session created
  Context: {
  "sessionId": "11d9c5a4-2e2f-439e-8898-ccfa41648247",
  "title": "Sequence Test",
  "mode": "sequential"
}

[90mstdout[2m | tests/integration/multi-session.test.ts[2m > [22m[2mMulti-Session and Concurrent Scenarios[2m > [22m[2mError Handling in Concurrent Scenarios[2m > [22m[2mshould handle mixed success/failure scenarios gracefully[22m[39m
[2025-11-19T03:41:06.275Z] INFO: Session created
  Context: {
  "sessionId": "756ebc29-7eb5-4f53-8d3a-dcf0eb9d0dee",
  "title": "Mixed Test",
  "mode": "sequential"
}

 [32m✓[39m tests/integration/multi-session.test.ts [2m ([22m[2m18 tests[22m[2m)[22m[90m 181[2mms[22m[39m
 [32m✓[39m tests/integration/error-handling.test.ts [2m ([22m[2m36 tests[22m[2m)[22m[33m 322[2mms[22m[39m
[90mstderr[2m | tests/integration/error-handling.test.ts[2m > [22m[2mError Handling and Edge Cases[2m > [22m[2mInvalid Session Operations[2m > [22m[2mshould throw error for non-existent session ID[22m[39m
[2025-11-19T03:41:06.081Z] ERROR: Session not found
  Context: {
  "sessionId": "00000000-0000-4000-8000-000000000000"
}

[90mstdout[2m | tests/integration/error-handling.test.ts[2m > [22m[2mError Handling and Edge Cases[2m > [22m[2mInvalid Session Operations[2m > [22m[2mshould handle session deletion idempotently[22m[39m
[2025-11-19T03:41:06.131Z] INFO: Session created
  Context: {
  "sessionId": "114a5a13-c1a2-47fa-ad55-5bb3111d72c6",
  "title": "Test",
  "mode": "hybrid"
}
[2025-11-19T03:41:06.133Z] INFO: Session deleted
  Context: {
  "sessionId": "114a5a13-c1a2-47fa-ad55-5bb3111d72c6",
  "title": "Test",
  "thoughtCount": 0
}

[90mstderr[2m | tests/integration/error-handling.test.ts[2m > [22m[2mError Handling and Edge Cases[2m > [22m[2mInvalid Session Operations[2m > [22m[2mshould handle session deletion idempotently[22m[39m
[2025-11-19T03:41:06.133Z] WARN: Attempted to delete non-existent session from memory
  Context: {
  "sessionId": "114a5a13-c1a2-47fa-ad55-5bb3111d72c6"
}

[90mstdout[2m | tests/integration/error-handling.test.ts[2m > [22m[2mError Handling and Edge Cases[2m > [22m[2mValidation Errors[2m > [22m[2mshould accept thoughts with missing fields (lenient validation)[22m[39m
[2025-11-19T03:41:06.137Z] INFO: Session created
  Context: {
  "sessionId": "7b776dc4-5be1-44c2-a70e-80c86e67e142",
  "title": "Untitled Session",
  "mode": "hybrid"
}
[2025-11-19T03:41:06.138Z] INFO: Session completed
  Context: {
  "sessionId": "7b776dc4-5be1-44c2-a70e-80c86e67e142",
  "title": "Untitled Session",
  "totalThoughts": 1
}

[90mstdout[2m | tests/integration/error-handling.test.ts[2m > [22m[2mError Handling and Edge Cases[2m > [22m[2mValidation Errors[2m > [22m[2mshould accept invalid uncertainty values (lenient validation)[22m[39m
[2025-11-19T03:41:06.172Z] INFO: Session created
  Context: {
  "sessionId": "4ab96199-d1a3-4e44-8464-2f81e7862f20",
  "title": "Untitled Session",
  "mode": "hybrid"
}
[2025-11-19T03:41:06.172Z] INFO: Session completed
  Context: {
  "sessionId": "4ab96199-d1a3-4e44-8464-2f81e7862f20",
  "title": "Untitled Session",
  "totalThoughts": 1
}

[90mstdout[2m | tests/integration/error-handling.test.ts[2m > [22m[2mError Handling and Edge Cases[2m > [22m[2mValidation Errors[2m > [22m[2mshould accept negative thought numbers (lenient validation)[22m[39m
[2025-11-19T03:41:06.174Z] INFO: Session created
  Context: {
  "sessionId": "356fa18a-5cc1-419f-81a7-8cf51e0cddca",
  "title": "Untitled Session",
  "mode": "hybrid"
}
[2025-11-19T03:41:06.227Z] INFO: Session completed
  Context: {
  "sessionId": "356fa18a-5cc1-419f-81a7-8cf51e0cddca",
  "title": "Untitled Session",
  "totalThoughts": 1
}

[90mstdout[2m | tests/integration/error-handling.test.ts[2m > [22m[2mError Handling and Edge Cases[2m > [22m[2mValidation Errors[2m > [22m[2mshould accept zero thought numbers (lenient validation)[22m[39m
[2025-11-19T03:41:06.228Z] INFO: Session created
  Context: {
  "sessionId": "9dfa4960-0c44-4d41-8f5f-e2b837b82fe2",
  "title": "Untitled Session",
  "mode": "hybrid"
}
[2025-11-19T03:41:06.229Z] INFO: Session completed
  Context: {
  "sessionId": "9dfa4960-0c44-4d41-8f5f-e2b837b82fe2",
  "title": "Untitled Session",
  "totalThoughts": 1
}

[90mstdout[2m | tests/integration/error-handling.test.ts[2m > [22m[2mError Handling and Edge Cases[2m > [22m[2mValidation Errors[2m > [22m[2mshould accept invalid mode values (lenient validation)[22m[39m
[2025-11-19T03:41:06.230Z] INFO: Session created
  Context: {
  "sessionId": "911f22ff-9f99-438d-8f36-187d3bab8915",
  "title": "Untitled Session",
  "mode": "invalid_mode"
}

[90mstdout[2m | tests/integration/error-handling.test.ts[2m > [22m[2mError Handling and Edge Cases[2m > [22m[2mValidation Errors[2m > [22m[2mshould accept invalid Shannon stage (lenient validation)[22m[39m
[2025-11-19T03:41:06.232Z] INFO: Session created
  Context: {
  "sessionId": "c65e2397-aeae-4c6b-b709-75970542dfb2",
  "title": "Untitled Session",
  "mode": "shannon"
}
[2025-11-19T03:41:06.232Z] INFO: Session completed
  Context: {
  "sessionId": "c65e2397-aeae-4c6b-b709-75970542dfb2",
  "title": "Untitled Session",
  "totalThoughts": 1
}

[90mstdout[2m | tests/integration/error-handling.test.ts[2m > [22m[2mError Handling and Edge Cases[2m > [22m[2mBoundary Conditions[2m > [22m[2mshould handle uncertainty = 0 (perfect certainty)[22m[39m
[2025-11-19T03:41:06.233Z] INFO: Session created
  Context: {
  "sessionId": "f6624cde-8132-4637-bdbc-8cde4e44d62b",
  "title": "Untitled Session",
  "mode": "hybrid"
}
[2025-11-19T03:41:06.234Z] INFO: Session completed
  Context: {
  "sessionId": "f6624cde-8132-4637-bdbc-8cde4e44d62b",
  "title": "Untitled Session",
  "totalThoughts": 1
}

[90mstdout[2m | tests/integration/error-handling.test.ts[2m > [22m[2mError Handling and Edge Cases[2m > [22m[2mBoundary Conditions[2m > [22m[2mshould handle uncertainty = 1 (complete uncertainty)[22m[39m
[2025-11-19T03:41:06.235Z] INFO: Session created
  Context: {
  "sessionId": "ef608b00-21ce-4acb-b5fe-5baf1b74b16f",
  "title": "Untitled Session",
  "mode": "hybrid"
}
[2025-11-19T03:41:06.235Z] INFO: Session completed
  Context: {
  "sessionId": "ef608b00-21ce-4acb-b5fe-5baf1b74b16f",
  "title": "Untitled Session",
  "totalThoughts": 1
}

[90mstdout[2m | tests/integration/error-handling.test.ts[2m > [22m[2mError Handling and Edge Cases[2m > [22m[2mBoundary Conditions[2m > [22m[2mshould handle very large thoughtNumber[22m[39m
[2025-11-19T03:41:06.236Z] INFO: Session created
  Context: {
  "sessionId": "c38dc5ce-4e50-456f-ae01-5e87af3bf477",
  "title": "Untitled Session",
  "mode": "hybrid"
}
[2025-11-19T03:41:06.237Z] INFO: Session completed
  Context: {
  "sessionId": "c38dc5ce-4e50-456f-ae01-5e87af3bf477",
  "title": "Untitled Session",
  "totalThoughts": 1
}

[90mstdout[2m | tests/integration/error-handling.test.ts[2m > [22m[2mError Handling and Edge Cases[2m > [22m[2mBoundary Conditions[2m > [22m[2mshould handle totalThoughts = thoughtNumber (single thought)[22m[39m
[2025-11-19T03:41:06.238Z] INFO: Session created
  Context: {
  "sessionId": "f13b959b-bc76-4749-a64e-005b524b6662",
  "title": "Untitled Session",
  "mode": "hybrid"
}
[2025-11-19T03:41:06.238Z] INFO: Session completed
  Context: {
  "sessionId": "f13b959b-bc76-4749-a64e-005b524b6662",
  "title": "Untitled Session",
  "totalThoughts": 1
}

[90mstdout[2m | tests/integration/error-handling.test.ts[2m > [22m[2mError Handling and Edge Cases[2m > [22m[2mEdge Cases - Empty Data[2m > [22m[2mshould handle empty thought content[22m[39m
[2025-11-19T03:41:06.272Z] INFO: Session created
  Context: {
  "sessionId": "078e0f83-7210-47e9-b3d6-b1c3717fc45c",
  "title": "Untitled Session",
  "mode": "hybrid"
}
[2025-11-19T03:41:06.273Z] INFO: Session completed
  Context: {
  "sessionId": "078e0f83-7210-47e9-b3d6-b1c3717fc45c",
  "title": "Untitled Session",
  "totalThoughts": 1
}

[90mstdout[2m | tests/integration/error-handling.test.ts[2m > [22m[2mError Handling and Edge Cases[2m > [22m[2mEdge Cases - Empty Data[2m > [22m[2mshould handle empty session title with default[22m[39m
[2025-11-19T03:41:06.274Z] INFO: Session created
  Context: {
  "sessionId": "8747fc03-b88e-44da-8097-5e6d09b81624",
  "title": "Untitled Session",
  "mode": "hybrid"
}

[90mstdout[2m | tests/integration/error-handling.test.ts[2m > [22m[2mError Handling and Edge Cases[2m > [22m[2mEdge Cases - Empty Data[2m > [22m[2mshould handle empty arrays for optional fields[22m[39m
[2025-11-19T03:41:06.274Z] INFO: Session created
  Context: {
  "sessionId": "fc288345-354d-49d6-b2d9-4bf24216d655",
  "title": "Untitled Session",
  "mode": "hybrid"
}
[2025-11-19T03:41:06.275Z] INFO: Session completed
  Context: {
  "sessionId": "fc288345-354d-49d6-b2d9-4bf24216d655",
  "title": "Untitled Session",
  "totalThoughts": 1
}

[90mstdout[2m | tests/integration/error-handling.test.ts[2m > [22m[2mError Handling and Edge Cases[2m > [22m[2mEdge Cases - Empty Data[2m > [22m[2mshould handle session with no thoughts[22m[39m
[2025-11-19T03:41:06.276Z] INFO: Session created
  Context: {
  "sessionId": "f6e02d97-aa7d-4516-bd60-5dd30d9dc8c5",
  "title": "Untitled Session",
  "mode": "hybrid"
}

[90mstdout[2m | tests/integration/error-handling.test.ts[2m > [22m[2mError Handling and Edge Cases[2m > [22m[2mEdge Cases - Special Characters[2m > [22m[2mshould handle Unicode characters in thought content[22m[39m
[2025-11-19T03:41:06.278Z] INFO: Session created
  Context: {
  "sessionId": "7e290d6f-0aae-43f4-a897-ba080847ff16",
  "title": "Untitled Session",
  "mode": "hybrid"
}
[2025-11-19T03:41:06.278Z] INFO: Session completed
  Context: {
  "sessionId": "7e290d6f-0aae-43f4-a897-ba080847ff16",
  "title": "Untitled Session",
  "totalThoughts": 1
}

[90mstdout[2m | tests/integration/error-handling.test.ts[2m > [22m[2mError Handling and Edge Cases[2m > [22m[2mEdge Cases - Special Characters[2m > [22m[2mshould handle special characters in session title[22m[39m
[2025-11-19T03:41:06.279Z] INFO: Session created
  Context: {
  "sessionId": "8054a2d9-dbb8-40e5-a8cb-4a1a4136810a",
  "title": "<script>alert(\"xss\")</script>",
  "mode": "hybrid"
}

[90mstdout[2m | tests/integration/error-handling.test.ts[2m > [22m[2mError Handling and Edge Cases[2m > [22m[2mEdge Cases - Special Characters[2m > [22m[2mshould handle LaTeX with special characters[22m[39m
[2025-11-19T03:41:06.280Z] INFO: Session created
  Context: {
  "sessionId": "10f18f6b-6f82-4cd8-a3df-ed3bd9f0522e",
  "title": "Untitled Session",
  "mode": "mathematics"
}
[2025-11-19T03:41:06.280Z] INFO: Session completed
  Context: {
  "sessionId": "10f18f6b-6f82-4cd8-a3df-ed3bd9f0522e",
  "title": "Untitled Session",
  "totalThoughts": 1
}

[90mstdout[2m | tests/integration/error-handling.test.ts[2m > [22m[2mError Handling and Edge Cases[2m > [22m[2mEdge Cases - Special Characters[2m > [22m[2mshould handle newlines and tabs in thought content[22m[39m
[2025-11-19T03:41:06.281Z] INFO: Session created
  Context: {
  "sessionId": "70764b54-5e72-4a74-8b80-86d9c9d3a3e0",
  "title": "Untitled Session",
  "mode": "hybrid"
}
[2025-11-19T03:41:06.282Z] INFO: Session completed
  Context: {
  "sessionId": "70764b54-5e72-4a74-8b80-86d9c9d3a3e0",
  "title": "Untitled Session",
  "totalThoughts": 1
}

[90mstdout[2m | tests/integration/error-handling.test.ts[2m > [22m[2mError Handling and Edge Cases[2m > [22m[2mEdge Cases - Large Data[2m > [22m[2mshould handle very long thought content[22m[39m
[2025-11-19T03:41:06.283Z] INFO: Session created
  Context: {
  "sessionId": "88bb939d-5f16-4732-9d51-2db7dc1ac770",
  "title": "Untitled Session",
  "mode": "hybrid"
}
[2025-11-19T03:41:06.283Z] INFO: Session completed
  Context: {
  "sessionId": "88bb939d-5f16-4732-9d51-2db7dc1ac770",
  "title": "Untitled Session",
  "totalThoughts": 1
}

[90mstdout[2m | tests/integration/error-handling.test.ts[2m > [22m[2mError Handling and Edge Cases[2m > [22m[2mEdge Cases - Large Data[2m > [22m[2mshould handle sessions with many thoughts[22m[39m
[2025-11-19T03:41:06.284Z] INFO: Session created
  Context: {
  "sessionId": "8c01e5a7-3997-47f7-bb1e-c5dfa54cb4eb",
  "title": "Untitled Session",
  "mode": "hybrid"
}
[2025-11-19T03:41:06.287Z] INFO: Session completed
  Context: {
  "sessionId": "8c01e5a7-3997-47f7-bb1e-c5dfa54cb4eb",
  "title": "Untitled Session",
  "totalThoughts": 100
}

[90mstdout[2m | tests/integration/error-handling.test.ts[2m > [22m[2mError Handling and Edge Cases[2m > [22m[2mEdge Cases - Large Data[2m > [22m[2mshould handle large dependency arrays[22m[39m
[2025-11-19T03:41:06.288Z] INFO: Session created
  Context: {
  "sessionId": "9bec5abb-8c11-4079-940c-ab85b592c4b6",
  "title": "Untitled Session",
  "mode": "hybrid"
}
[2025-11-19T03:41:06.289Z] INFO: Session completed
  Context: {
  "sessionId": "9bec5abb-8c11-4079-940c-ab85b592c4b6",
  "title": "Untitled Session",
  "totalThoughts": 1
}

[90mstdout[2m | tests/integration/error-handling.test.ts[2m > [22m[2mError Handling and Edge Cases[2m > [22m[2mError Recovery[2m > [22m[2mshould maintain session integrity even with lenient validation[22m[39m
[2025-11-19T03:41:06.290Z] INFO: Session created
  Context: {
  "sessionId": "cf247ad8-b60c-4061-bcf7-32268d69fcee",
  "title": "Untitled Session",
  "mode": "hybrid"
}
[2025-11-19T03:41:06.290Z] INFO: Session completed
  Context: {
  "sessionId": "cf247ad8-b60c-4061-bcf7-32268d69fcee",
  "title": "Untitled Session",
  "totalThoughts": 1
}
[2025-11-19T03:41:06.330Z] INFO: Session completed
  Context: {
  "sessionId": "cf247ad8-b60c-4061-bcf7-32268d69fcee",
  "title": "Untitled Session",
  "totalThoughts": 2
}

[90mstdout[2m | tests/integration/error-handling.test.ts[2m > [22m[2mError Handling and Edge Cases[2m > [22m[2mError Recovery[2m > [22m[2mshould allow mode switch even after adding invalid data[22m[39m
[2025-11-19T03:41:06.331Z] INFO: Session created
  Context: {
  "sessionId": "2380584d-071a-4a9c-9a44-b0912757523e",
  "title": "Untitled Session",
  "mode": "sequential"
}
[2025-11-19T03:41:06.331Z] INFO: Session completed
  Context: {
  "sessionId": "2380584d-071a-4a9c-9a44-b0912757523e",
  "title": "Untitled Session",
  "totalThoughts": 1
}
[2025-11-19T03:41:06.332Z] INFO: Session mode switched
  Context: {
  "sessionId": "2380584d-071a-4a9c-9a44-b0912757523e",
  "oldMode": "sequential",
  "newMode": "shannon"
}

[90mstdout[2m | tests/integration/error-handling.test.ts[2m > [22m[2mError Handling and Edge Cases[2m > [22m[2mSummary Generation Edge Cases[2m > [22m[2mshould generate summary for empty session[22m[39m
[2025-11-19T03:41:06.333Z] INFO: Session created
  Context: {
  "sessionId": "ec1f3051-7af7-434f-ae48-c89ae08f30c1",
  "title": "Empty Session",
  "mode": "hybrid"
}

[90mstdout[2m | tests/integration/error-handling.test.ts[2m > [22m[2mError Handling and Edge Cases[2m > [22m[2mSummary Generation Edge Cases[2m > [22m[2mshould generate summary for single thought session[22m[39m
[2025-11-19T03:41:06.334Z] INFO: Session created
  Context: {
  "sessionId": "ebee6783-9044-487a-8cfe-8d9a88eecee1",
  "title": "Single Thought",
  "mode": "hybrid"
}
[2025-11-19T03:41:06.334Z] INFO: Session completed
  Context: {
  "sessionId": "ebee6783-9044-487a-8cfe-8d9a88eecee1",
  "title": "Single Thought",
  "totalThoughts": 1
}

[90mstdout[2m | tests/integration/error-handling.test.ts[2m > [22m[2mError Handling and Edge Cases[2m > [22m[2mSummary Generation Edge Cases[2m > [22m[2mshould handle summary for session with very long thoughts[22m[39m
[2025-11-19T03:41:06.335Z] INFO: Session created
  Context: {
  "sessionId": "ceba4b7b-321b-4f07-8ea4-e49caa3cf36f",
  "title": "Untitled Session",
  "mode": "hybrid"
}
[2025-11-19T03:41:06.336Z] INFO: Session completed
  Context: {
  "sessionId": "ceba4b7b-321b-4f07-8ea4-e49caa3cf36f",
  "title": "Untitled Session",
  "totalThoughts": 1
}

[90mstdout[2m | tests/integration/error-handling.test.ts[2m > [22m[2mError Handling and Edge Cases[2m > [22m[2mConcurrent Session Management[2m > [22m[2mshould handle rapid session creation[22m[39m
[2025-11-19T03:41:06.337Z] INFO: Session created
  Context: {
  "sessionId": "8d0f44d1-72b9-4c9c-b2a3-1978271fed2e",
  "title": "Session 0",
  "mode": "hybrid"
}
[2025-11-19T03:41:06.337Z] INFO: Session created
  Context: {
  "sessionId": "bc8fc0b0-7e16-4e5f-a74a-87e5aa709f94",
  "title": "Session 1",
  "mode": "hybrid"
}
[2025-11-19T03:41:06.337Z] INFO: Session created
  Context: {
  "sessionId": "65e316eb-a74a-4099-bf21-8b08158fec2a",
  "title": "Session 2",
  "mode": "hybrid"
}
[2025-11-19T03:41:06.337Z] INFO: Session created
  Context: {
  "sessionId": "670bcc34-5dbb-4c88-8ff2-6ae63b0496b8",
  "title": "Session 3",
  "mode": "hybrid"
}
[2025-11-19T03:41:06.337Z] INFO: Session created
  Context: {
  "sessionId": "2975f1da-2985-4a0c-b5ff-bbf8b5044f56",
  "title": "Session 4",
  "mode": "hybrid"
}
[2025-11-19T03:41:06.337Z] INFO: Session created
  Context: {
  "sessionId": "2b3c071c-2045-48c5-bcde-cb3e6cea06ca",
  "title": "Session 5",
  "mode": "hybrid"
}
[2025-11-19T03:41:06.338Z] INFO: Session created
  Context: {
  "sessionId": "86704421-0db5-4e81-8e07-b917b7337e0c",
  "title": "Session 6",
  "mode": "hybrid"
}
[2025-11-19T03:41:06.338Z] INFO: Session created
  Context: {
  "sessionId": "690733cf-3cc9-4c8c-a923-841a89235b7e",
  "title": "Session 7",
  "mode": "hybrid"
}
[2025-11-19T03:41:06.338Z] INFO: Session created
  Context: {
  "sessionId": "64cee9e9-4348-403e-b2ea-490a64e3b45b",
  "title": "Session 8",
  "mode": "hybrid"
}
[2025-11-19T03:41:06.338Z] INFO: Session created
  Context: {
  "sessionId": "475c59d8-1ec9-4b4c-aacb-fbe148e2b6e8",
  "title": "Session 9",
  "mode": "hybrid"
}

[90mstdout[2m | tests/integration/error-handling.test.ts[2m > [22m[2mError Handling and Edge Cases[2m > [22m[2mConcurrent Session Management[2m > [22m[2mshould handle concurrent thought additions to same session[22m[39m
[2025-11-19T03:41:06.341Z] INFO: Session created
  Context: {
  "sessionId": "a8b6b56c-4136-4214-b065-d942c1f5b275",
  "title": "Untitled Session",
  "mode": "hybrid"
}
[2025-11-19T03:41:06.341Z] INFO: Session completed
  Context: {
  "sessionId": "a8b6b56c-4136-4214-b065-d942c1f5b275",
  "title": "Untitled Session",
  "totalThoughts": 5
}

[90mstdout[2m | tests/integration/error-handling.test.ts[2m > [22m[2mError Handling and Edge Cases[2m > [22m[2mConcurrent Session Management[2m > [22m[2mshould maintain independence of multiple sessions[22m[39m
[2025-11-19T03:41:06.342Z] INFO: Session created
  Context: {
  "sessionId": "98b15fb8-0849-4433-a0e7-8562740420fe",
  "title": "Session 1",
  "mode": "hybrid"
}
[2025-11-19T03:41:06.343Z] INFO: Session created
  Context: {
  "sessionId": "9d7a6acb-30b2-4f1d-b99f-a403520c793a",
  "title": "Session 2",
  "mode": "hybrid"
}
[2025-11-19T03:41:06.343Z] INFO: Session completed
  Context: {
  "sessionId": "98b15fb8-0849-4433-a0e7-8562740420fe",
  "title": "Session 1",
  "totalThoughts": 1
}
[2025-11-19T03:41:06.343Z] INFO: Session completed
  Context: {
  "sessionId": "9d7a6acb-30b2-4f1d-b99f-a403520c793a",
  "title": "Session 2",
  "totalThoughts": 1
}

[90mstdout[2m | tests/integration/error-handling.test.ts[2m > [22m[2mError Handling and Edge Cases[2m > [22m[2mMode-Specific Edge Cases[2m > [22m[2mshould handle mathematics mode with missing optional fields[22m[39m
[2025-11-19T03:41:06.344Z] INFO: Session created
  Context: {
  "sessionId": "8db49b68-76fe-47c3-a754-020bd6519119",
  "title": "Untitled Session",
  "mode": "mathematics"
}
[2025-11-19T03:41:06.345Z] INFO: Session completed
  Context: {
  "sessionId": "8db49b68-76fe-47c3-a754-020bd6519119",
  "title": "Untitled Session",
  "totalThoughts": 1
}

[90mstdout[2m | tests/integration/error-handling.test.ts[2m > [22m[2mError Handling and Edge Cases[2m > [22m[2mMode-Specific Edge Cases[2m > [22m[2mshould handle Shannon mode without explicit stage[22m[39m
[2025-11-19T03:41:06.345Z] INFO: Session created
  Context: {
  "sessionId": "12dd0084-6350-4df9-a641-178752a71402",
  "title": "Untitled Session",
  "mode": "shannon"
}
[2025-11-19T03:41:06.346Z] INFO: Session completed
  Context: {
  "sessionId": "12dd0084-6350-4df9-a641-178752a71402",
  "title": "Untitled Session",
  "totalThoughts": 1
}

[90mstdout[2m | tests/integration/error-handling.test.ts[2m > [22m[2mError Handling and Edge Cases[2m > [22m[2mMode-Specific Edge Cases[2m > [22m[2mshould handle temporal mode with minimal event data[22m[39m
[2025-11-19T03:41:06.346Z] INFO: Session created
  Context: {
  "sessionId": "303e51ec-5cdd-4181-94b3-39eb75f0c7ba",
  "title": "Untitled Session",
  "mode": "temporal"
}
[2025-11-19T03:41:06.387Z] INFO: Session completed
  Context: {
  "sessionId": "303e51ec-5cdd-4181-94b3-39eb75f0c7ba",
  "title": "Untitled Session",
  "totalThoughts": 1
}

[90mstdout[2m | tests/integration/index-handlers.test.ts[2m > [22m[2mIndex.ts Handler Functions[2m > [22m[2mHandler Functions[2m > [22m[2mhandleAddThought()[2m > [22m[2mshould create new session if sessionId not provided[22m[39m
[2025-11-19T03:41:06.359Z] INFO: Session created
  Context: {
  "sessionId": "e3fd450a-1cd0-494a-80f7-25d660131882",
  "title": "Test Session",
  "mode": "sequential"
}

[90mstdout[2m | tests/integration/index-handlers.test.ts[2m > [22m[2mIndex.ts Handler Functions[2m > [22m[2mHandler Functions[2m > [22m[2mhandleAddThought()[2m > [22m[2mshould add thought to existing session[22m[39m
[2025-11-19T03:41:06.366Z] INFO: Session created
  Context: {
  "sessionId": "5aea93ac-5a8d-46f2-8709-732f7755918a",
  "title": "Test Session",
  "mode": "sequential"
}

[90mstdout[2m | tests/integration/index-handlers.test.ts[2m > [22m[2mIndex.ts Handler Functions[2m > [22m[2mHandler Functions[2m > [22m[2mhandleAddThought()[2m > [22m[2mshould handle all 13 modes in add_thought[22m[39m
[2025-11-19T03:41:06.369Z] INFO: Session created
  Context: {
  "sessionId": "6ac3d649-e7e9-4e94-b9e0-a185de8c5f47",
  "title": "Test sequential",
  "mode": "sequential"
}
[2025-11-19T03:41:06.370Z] INFO: Session completed
  Context: {
  "sessionId": "6ac3d649-e7e9-4e94-b9e0-a185de8c5f47",
  "title": "Test sequential",
  "totalThoughts": 1
}
[2025-11-19T03:41:06.371Z] INFO: Session created
  Context: {
  "sessionId": "fab16c87-908b-41db-8552-f0f5de22eb0a",
  "title": "Test shannon",
  "mode": "shannon"
}
[2025-11-19T03:41:06.372Z] INFO: Session completed
  Context: {
  "sessionId": "fab16c87-908b-41db-8552-f0f5de22eb0a",
  "title": "Test shannon",
  "totalThoughts": 1
}
[2025-11-19T03:41:06.373Z] INFO: Session created
  Context: {
  "sessionId": "303e4464-4af7-4e00-a269-b4103dc999ff",
  "title": "Test mathematics",
  "mode": "mathematics"
}
[2025-11-19T03:41:06.375Z] INFO: Session completed
  Context: {
  "sessionId": "303e4464-4af7-4e00-a269-b4103dc999ff",
  "title": "Test mathematics",
  "totalThoughts": 1
}
[2025-11-19T03:41:06.376Z] INFO: Session created
  Context: {
  "sessionId": "77dd6eaa-3185-4c05-996a-ff477bfe49ba",
  "title": "Test physics",
  "mode": "physics"
}
[2025-11-19T03:41:06.376Z] INFO: Session completed
  Context: {
  "sessionId": "77dd6eaa-3185-4c05-996a-ff477bfe49ba",
  "title": "Test physics",
  "totalThoughts": 1
}
[2025-11-19T03:41:06.377Z] INFO: Session created
  Context: {
  "sessionId": "1f2f8279-9e93-4a0a-bdff-ac6d939c1d39",
  "title": "Test hybrid",
  "mode": "hybrid"
}
[2025-11-19T03:41:06.377Z] INFO: Session completed
  Context: {
  "sessionId": "1f2f8279-9e93-4a0a-bdff-ac6d939c1d39",
  "title": "Test hybrid",
  "totalThoughts": 1
}
[2025-11-19T03:41:06.378Z] INFO: Session created
  Context: {
  "sessionId": "2735e9dc-a6a6-4a33-84ed-2f1773ee31f7",
  "title": "Test abductive",
  "mode": "abductive"
}
[2025-11-19T03:41:06.378Z] INFO: Session completed
  Context: {
  "sessionId": "2735e9dc-a6a6-4a33-84ed-2f1773ee31f7",
  "title": "Test abductive",
  "totalThoughts": 1
}
[2025-11-19T03:41:06.378Z] INFO: Session created
  Context: {
  "sessionId": "bc2943f3-b1d0-491f-9d76-18e00c8d338d",
  "title": "Test causal",
  "mode": "causal"
}
[2025-11-19T03:41:06.379Z] INFO: Session completed
  Context: {
  "sessionId": "bc2943f3-b1d0-491f-9d76-18e00c8d338d",
  "title": "Test causal",
  "totalThoughts": 1
}
[2025-11-19T03:41:06.379Z] INFO: Session created
  Context: {
  "sessionId": "19d1ad85-fa0e-4c60-82a5-a2beb8fdcb8f",
  "title": "Test bayesian",
  "mode": "bayesian"
}
[2025-11-19T03:41:06.380Z] INFO: Session completed
  Context: {
  "sessionId": "19d1ad85-fa0e-4c60-82a5-a2beb8fdcb8f",
  "title": "Test bayesian",
  "totalThoughts": 1
}
[2025-11-19T03:41:06.380Z] INFO: Session created
  Context: {
  "sessionId": "b970cf29-8d82-4c33-b353-ea2c4fa0a87a",
  "title": "Test counterfactual",
  "mode": "counterfactual"
}
[2025-11-19T03:41:06.381Z] INFO: Session completed
  Context: {
  "sessionId": "b970cf29-8d82-4c33-b353-ea2c4fa0a87a",
  "title": "Test counterfactual",
  "totalThoughts": 1
}
[2025-11-19T03:41:06.381Z] INFO: Session created
  Context: {
  "sessionId": "b17b3716-688c-4f78-b83a-8a497faa26b3",
  "title": "Test analogical",
  "mode": "analogical"
}
[2025-11-19T03:41:06.382Z] INFO: Session completed
  Context: {
  "sessionId": "b17b3716-688c-4f78-b83a-8a497faa26b3",
  "title": "Test analogical",
  "totalThoughts": 1
}
[2025-11-19T03:41:06.382Z] INFO: Session created
  Context: {
  "sessionId": "62f16656-12b9-4d3e-a502-39a7272ca0b7",
  "title": "Test temporal",
  "mode": "temporal"
}
[2025-11-19T03:41:06.382Z] INFO: Session completed
  Context: {
  "sessionId": "62f16656-12b9-4d3e-a502-39a7272ca0b7",
  "title": "Test temporal",
  "totalThoughts": 1
}
[2025-11-19T03:41:06.384Z] INFO: Session created
  Context: {
  "sessionId": "409767db-5701-4b8d-b1bc-e17cb259b6fd",
  "title": "Test gametheory",
  "mode": "gametheory"
}
[2025-11-19T03:41:06.389Z] INFO: Session completed
  Context: {
  "sessionId": "409767db-5701-4b8d-b1bc-e17cb259b6fd",
  "title": "Test gametheory",
  "totalThoughts": 1
}
[2025-11-19T03:41:06.390Z] INFO: Session created
  Context: {
  "sessionId": "9c0cc334-e828-436e-9081-f7a5153978a7",
  "title": "Test evidential",
  "mode": "evidential"
}
[2025-11-19T03:41:06.390Z] INFO: Session completed
  Context: {
  "sessionId": "9c0cc334-e828-436e-9081-f7a5153978a7",
  "title": "Test evidential",
  "totalThoughts": 1
}

[90mstdout[2m | tests/integration/index-handlers.test.ts[2m > [22m[2mIndex.ts Handler Functions[2m > [22m[2mHandler Functions[2m > [22m[2mhandleSummarize()[2m > [22m[2mshould generate summary for session with thoughts[22m[39m
[2025-11-19T03:41:06.396Z] INFO: Session created
  Context: {
  "sessionId": "07017be4-0499-4df5-b7ce-37d10a82da1e",
  "title": "Test Session",
  "mode": "sequential"
}

[90mstdout[2m | tests/integration/index-handlers.test.ts[2m > [22m[2mIndex.ts Handler Functions[2m > [22m[2mHandler Functions[2m > [22m[2mhandleSummarize()[2m > [22m[2mshould generate summary for empty session[22m[39m
[2025-11-19T03:41:06.399Z] INFO: Session created
  Context: {
  "sessionId": "cdef2913-d105-4bbd-892d-4c2b954bc8a8",
  "title": "Empty Session",
  "mode": "sequential"
}

[90mstdout[2m | tests/integration/index-handlers.test.ts[2m > [22m[2mIndex.ts Handler Functions[2m > [22m[2mHandler Functions[2m > [22m[2mhandleSwitchMode()[2m > [22m[2mshould switch mode successfully[22m[39m
[2025-11-19T03:41:06.402Z] INFO: Session created
  Context: {
  "sessionId": "8d572d68-be72-432c-8636-0e931d8de355",
  "title": "Test Session",
  "mode": "sequential"
}
[2025-11-19T03:41:06.402Z] INFO: Session mode switched
  Context: {
  "sessionId": "8d572d68-be72-432c-8636-0e931d8de355",
  "oldMode": "sequential",
  "newMode": "shannon",
  "reason": "User requested mode switch"
}

[90mstdout[2m | tests/integration/index-handlers.test.ts[2m > [22m[2mIndex.ts Handler Functions[2m > [22m[2mHandler Functions[2m > [22m[2mhandleSwitchMode()[2m > [22m[2mshould switch between all 13 modes[22m[39m
[2025-11-19T03:41:06.402Z] INFO: Session created
  Context: {
  "sessionId": "d41ccd30-c115-475d-9b91-d099da7f812c",
  "title": "Multi-mode Session",
  "mode": "hybrid"
}
[2025-11-19T03:41:06.403Z] INFO: Session mode switched
  Context: {
  "sessionId": "d41ccd30-c115-475d-9b91-d099da7f812c",
  "oldMode": "hybrid",
  "newMode": "sequential",
  "reason": "Switching to sequential"
}
[2025-11-19T03:41:06.403Z] INFO: Session mode switched
  Context: {
  "sessionId": "d41ccd30-c115-475d-9b91-d099da7f812c",
  "oldMode": "sequential",
  "newMode": "shannon",
  "reason": "Switching to shannon"
}
[2025-11-19T03:41:06.403Z] INFO: Session mode switched
  Context: {
  "sessionId": "d41ccd30-c115-475d-9b91-d099da7f812c",
  "oldMode": "shannon",
  "newMode": "mathematics",
  "reason": "Switching to mathematics"
}
[2025-11-19T03:41:06.403Z] INFO: Session mode switched
  Context: {
  "sessionId": "d41ccd30-c115-475d-9b91-d099da7f812c",
  "oldMode": "mathematics",
  "newMode": "physics",
  "reason": "Switching to physics"
}
[2025-11-19T03:41:06.403Z] INFO: Session mode switched
  Context: {
  "sessionId": "d41ccd30-c115-475d-9b91-d099da7f812c",
  "oldMode": "physics",
  "newMode": "abductive",
  "reason": "Switching to abductive"
}
[2025-11-19T03:41:06.403Z] INFO: Session mode switched
  Context: {
  "sessionId": "d41ccd30-c115-475d-9b91-d099da7f812c",
  "oldMode": "abductive",
  "newMode": "causal",
  "reason": "Switching to causal"
}
[2025-11-19T03:41:06.403Z] INFO: Session mode switched
  Context: {
  "sessionId": "d41ccd30-c115-475d-9b91-d099da7f812c",
  "oldMode": "causal",
  "newMode": "bayesian",
  "reason": "Switching to bayesian"
}
[2025-11-19T03:41:06.403Z] INFO: Session mode switched
  Context: {
  "sessionId": "d41ccd30-c115-475d-9b91-d099da7f812c",
  "oldMode": "bayesian",
  "newMode": "counterfactual",
  "reason": "Switching to counterfactual"
}
[2025-11-19T03:41:06.403Z] INFO: Session mode switched
  Context: {
  "sessionId": "d41ccd30-c115-475d-9b91-d099da7f812c",
  "oldMode": "counterfactual",
  "newMode": "analogical",
  "reason": "Switching to analogical"
}
[2025-11-19T03:41:06.404Z] INFO: Session mode switched
  Context: {
  "sessionId": "d41ccd30-c115-475d-9b91-d099da7f812c",
  "oldMode": "analogical",
  "newMode": "temporal",
  "reason": "Switching to temporal"
}
[2025-11-19T03:41:06.404Z] INFO: Session mode switched
  Context: {
  "sessionId": "d41ccd30-c115-475d-9b91-d099da7f812c",
  "oldMode": "temporal",
  "newMode": "gametheory",
  "reason": "Switching to gametheory"
}
[2025-11-19T03:41:06.404Z] INFO: Session mode switched
  Context: {
  "sessionId": "d41ccd30-c115-475d-9b91-d099da7f812c",
  "oldMode": "gametheory",
  "newMode": "evidential",
  "reason": "Switching to evidential"
}
[2025-11-19T03:41:06.404Z] INFO: Session mode switched
  Context: {
  "sessionId": "d41ccd30-c115-475d-9b91-d099da7f812c",
  "oldMode": "evidential",
  "newMode": "hybrid",
  "reason": "Switching to hybrid"
}

[90mstdout[2m | tests/integration/index-handlers.test.ts[2m > [22m[2mIndex.ts Handler Functions[2m > [22m[2mHandler Functions[2m > [22m[2mhandleGetSession()[2m > [22m[2mshould retrieve session with all properties[22m[39m
[2025-11-19T03:41:06.405Z] INFO: Session created
  Context: {
  "sessionId": "a8604f91-f812-49f7-80fb-6710fdbf9b0a",
  "title": "Test Session",
  "mode": "sequential"
}

[90mstdout[2m | tests/integration/index-handlers.test.ts[2m > [22m[2mIndex.ts Handler Functions[2m > [22m[2mHandler Functions[2m > [22m[2mhandleGetSession()[2m > [22m[2mshould retrieve session with thoughts[22m[39m
[2025-11-19T03:41:06.406Z] INFO: Session created
  Context: {
  "sessionId": "823943cb-95c4-494e-b5a4-666f8240b237",
  "title": "Session with Thoughts",
  "mode": "sequential"
}
[2025-11-19T03:41:06.406Z] INFO: Session completed
  Context: {
  "sessionId": "823943cb-95c4-494e-b5a4-666f8240b237",
  "title": "Session with Thoughts",
  "totalThoughts": 1
}

[90mstdout[2m | tests/integration/index-handlers.test.ts[2m > [22m[2mIndex.ts Handler Functions[2m > [22m[2mHandler Functions[2m > [22m[2mhandleExport()[2m > [22m[2mshould export session in JSON format[22m[39m
[2025-11-19T03:41:06.415Z] INFO: Session created
  Context: {
  "sessionId": "93ed553c-8a7f-469e-a1e2-176b9388fcde",
  "title": "Export Test",
  "mode": "sequential"
}
[2025-11-19T03:41:06.415Z] INFO: Session completed
  Context: {
  "sessionId": "93ed553c-8a7f-469e-a1e2-176b9388fcde",
  "title": "Export Test",
  "totalThoughts": 1
}

 [32m✓[39m tests/integration/index-handlers.test.ts [2m ([22m[2m33 tests[22m[2m)[22m[90m 139[2mms[22m[39m
 [32m✓[39m tests/integration/mcp-protocol.test.ts [2m ([22m[2m43 tests[22m[2m)[22m[33m 591[2mms[22m[39m
[90mstdout[2m | tests/integration/mcp-protocol.test.ts[2m > [22m[2mMCP Protocol Compliance[2m > [22m[2mMCP Response Format Compliance[2m > [22m[2mshould return MCP-compliant response for successful operation[22m[39m
[2025-11-19T03:41:07.046Z] INFO: Session created
  Context: {
  "sessionId": "0dcbcdc4-5a0f-4a63-8b51-d0df9bc64dca",
  "title": "Test Session",
  "mode": "sequential"
}

 [32m✓[39m tests/integration/session-workflow.test.ts [2m ([22m[2m7 tests[22m[2m)[22m[90m 41[2mms[22m[39m
[90mstdout[2m | tests/integration/session-workflow.test.ts[2m > [22m[2mSession Workflow Integration[2m > [22m[2mshould complete full sequential thinking workflow[22m[39m
[2025-11-19T03:41:08.254Z] INFO: Session created
  Context: {
  "sessionId": "0eb71563-58a8-4236-b3cc-f916e0d67e2c",
  "title": "Solve Prime Factorization Problem",
  "mode": "sequential"
}
[2025-11-19T03:41:08.265Z] INFO: Session completed
  Context: {
  "sessionId": "0eb71563-58a8-4236-b3cc-f916e0d67e2c",
  "title": "Solve Prime Factorization Problem",
  "totalThoughts": 5
}

[90mstdout[2m | tests/integration/session-workflow.test.ts[2m > [22m[2mSession Workflow Integration[2m > [22m[2mshould handle mathematics mode with validation[22m[39m
[2025-11-19T03:41:08.270Z] INFO: Session created
  Context: {
  "sessionId": "39b2699e-7841-46a2-83be-a5fe0608bb12",
  "title": "Prove Fundamental Theorem",
  "mode": "mathematics"
}
[2025-11-19T03:41:08.271Z] INFO: Session completed
  Context: {
  "sessionId": "39b2699e-7841-46a2-83be-a5fe0608bb12",
  "title": "Prove Fundamental Theorem",
  "totalThoughts": 3
}

[90mstdout[2m | tests/integration/session-workflow.test.ts[2m > [22m[2mSession Workflow Integration[2m > [22m[2mshould handle mode switching mid-session[22m[39m
[2025-11-19T03:41:08.273Z] INFO: Session created
  Context: {
  "sessionId": "16a7fe94-d17c-43bb-a52a-0b83612798ad",
  "title": "Problem Solving Session",
  "mode": "sequential"
}
[2025-11-19T03:41:08.274Z] INFO: Session mode switched
  Context: {
  "sessionId": "16a7fe94-d17c-43bb-a52a-0b83612798ad",
  "oldMode": "sequential",
  "newMode": "shannon",
  "reason": "Need more structure"
}
[2025-11-19T03:41:08.275Z] INFO: Session completed
  Context: {
  "sessionId": "16a7fe94-d17c-43bb-a52a-0b83612798ad",
  "title": "Problem Solving Session",
  "totalThoughts": 3
}

[90mstdout[2m | tests/integration/session-workflow.test.ts[2m > [22m[2mSession Workflow Integration[2m > [22m[2mshould track validation cache statistics[22m[39m
[2025-11-19T03:41:08.277Z] INFO: Session created
  Context: {
  "sessionId": "12307211-61d8-4b24-a727-576a01e7a863",
  "title": "Cache Test Session",
  "mode": "sequential"
}
[2025-11-19T03:41:08.278Z] INFO: Session completed
  Context: {
  "sessionId": "12307211-61d8-4b24-a727-576a01e7a863",
  "title": "Cache Test Session",
  "totalThoughts": 3
}

[90mstdout[2m | tests/integration/session-workflow.test.ts[2m > [22m[2mSession Workflow Integration[2m > [22m[2mshould handle multiple concurrent sessions[22m[39m
[2025-11-19T03:41:08.279Z] INFO: Session created
  Context: {
  "sessionId": "86297746-3220-4cf2-921f-3ae4d4e129fb",
  "title": "Session 1",
  "mode": "sequential"
}
[2025-11-19T03:41:08.280Z] INFO: Session created
  Context: {
  "sessionId": "93c9989b-31a6-4233-9d66-744a3bd159b1",
  "title": "Session 2",
  "mode": "mathematics"
}
[2025-11-19T03:41:08.280Z] INFO: Session created
  Context: {
  "sessionId": "21d9fad3-6e1b-4615-9b64-ffe6afaf7146",
  "title": "Session 3",
  "mode": "shannon"
}
[2025-11-19T03:41:08.280Z] INFO: Session completed
  Context: {
  "sessionId": "86297746-3220-4cf2-921f-3ae4d4e129fb",
  "title": "Session 1",
  "totalThoughts": 1
}
[2025-11-19T03:41:08.280Z] INFO: Session completed
  Context: {
  "sessionId": "93c9989b-31a6-4233-9d66-744a3bd159b1",
  "title": "Session 2",
  "totalThoughts": 1
}
[2025-11-19T03:41:08.280Z] INFO: Session completed
  Context: {
  "sessionId": "21d9fad3-6e1b-4615-9b64-ffe6afaf7146",
  "title": "Session 3",
  "totalThoughts": 1
}

[90mstdout[2m | tests/integration/session-workflow.test.ts[2m > [22m[2mSession Workflow Integration[2m > [22m[2mshould handle session deletion[22m[39m
[2025-11-19T03:41:08.283Z] INFO: Session created
  Context: {
  "sessionId": "f43ab726-36d2-4aaf-9fc7-b78263a36ac0",
  "title": "Temporary Session",
  "mode": "sequential"
}
[2025-11-19T03:41:08.283Z] INFO: Session completed
  Context: {
  "sessionId": "f43ab726-36d2-4aaf-9fc7-b78263a36ac0",
  "title": "Temporary Session",
  "totalThoughts": 1
}
[2025-11-19T03:41:08.284Z] INFO: Session deleted
  Context: {
  "sessionId": "f43ab726-36d2-4aaf-9fc7-b78263a36ac0",
  "title": "Temporary Session",
  "thoughtCount": 1
}

[90mstdout[2m | tests/integration/session-workflow.test.ts[2m > [22m[2mSession Workflow Integration[2m > [22m[2mshould maintain metrics accuracy across workflow[22m[39m
[2025-11-19T03:41:08.285Z] INFO: Session created
  Context: {
  "sessionId": "3cc8ed7b-9d0c-410c-a29d-3f550119a1b6",
  "title": "Metrics Test",
  "mode": "sequential"
}
[2025-11-19T03:41:08.285Z] INFO: Session completed
  Context: {
  "sessionId": "3cc8ed7b-9d0c-410c-a29d-3f550119a1b6",
  "title": "Metrics Test",
  "totalThoughts": 5
}


[2m Test Files [22m [1m[32m7 passed[39m[22m[90m (7)[39m
[2m      Tests [22m [1m[32m155 passed[39m[22m[90m (155)[39m
[2m   Start at [22m 22:41:01
[2m   Duration [22m 13.25s


[1m[7m[32m PASS [39m[27m[22m[32m Waiting for file changes...[39m
       [2mpress [22m[1mh[22m[2m to show help[22m[2m, [22m[2mpress [22m[1mq[22m[2m to quit[22m
[3Jc
[7m[1m[34m RERUN [39m[22m[27m[2m src/session/manager.ts[22m

[90mstdout[2m | tests/integration/multi-session.test.ts[2m > [22m[2mMulti-Session and Concurrent Scenarios[2m > [22m[2mMultiple Session Management[2m > [22m[2mshould create and manage multiple sessions independently[22m[39m
[2025-11-19T03:41:44.523Z] INFO: Session created
  Context: {
  "sessionId": "ca68754c-b243-4bea-9a61-6621377996ce",
  "title": "Session 1",
  "mode": "sequential"
}
[2025-11-19T03:41:44.525Z] INFO: Session created
  Context: {
  "sessionId": "7b588824-c1de-4e26-a014-efd15dceed06",
  "title": "Session 2",
  "mode": "shannon"
}
[2025-11-19T03:41:44.526Z] INFO: Session created
  Context: {
  "sessionId": "55d9d1d1-7320-4ae6-a796-642455b64dfd",
  "title": "Session 3",
  "mode": "mathematics"
}
[2025-11-19T03:41:44.526Z] INFO: Session created
  Context: {
  "sessionId": "7ffd1f04-a56f-4598-9831-7ca98c3e7777",
  "title": "Session 4",
  "mode": "physics"
}
[2025-11-19T03:41:44.526Z] INFO: Session created
  Context: {
  "sessionId": "dba79923-7dc2-4719-9148-bcbbd566a417",
  "title": "Session 5",
  "mode": "hybrid"
}

[90mstdout[2m | tests/integration/multi-session.test.ts[2m > [22m[2mMulti-Session and Concurrent Scenarios[2m > [22m[2mMultiple Session Management[2m > [22m[2mshould maintain session isolation (changes in one do not affect others)[22m[39m
[2025-11-19T03:41:44.535Z] INFO: Session created
  Context: {
  "sessionId": "482b0394-d2eb-4779-92b3-c888784a5c38",
  "title": "Isolated Session 1",
  "mode": "sequential"
}
[2025-11-19T03:41:44.535Z] INFO: Session created
  Context: {
  "sessionId": "c7045430-e0b6-4a78-b570-cda1590f1395",
  "title": "Isolated Session 2",
  "mode": "sequential"
}

[90mstdout[2m | tests/integration/multi-session.test.ts[2m > [22m[2mMulti-Session and Concurrent Scenarios[2m > [22m[2mMultiple Session Management[2m > [22m[2mshould handle mode switching independently across sessions[22m[39m
[2025-11-19T03:41:44.540Z] INFO: Session created
  Context: {
  "sessionId": "6f07919b-bf32-4156-8f30-93e1e5aa4bd7",
  "title": "S1",
  "mode": "sequential"
}
[2025-11-19T03:41:44.540Z] INFO: Session created
  Context: {
  "sessionId": "cf96d1b8-c92a-42c2-9c39-e61bc2fdc56d",
  "title": "S2",
  "mode": "sequential"
}
[2025-11-19T03:41:44.541Z] INFO: Session created
  Context: {
  "sessionId": "14616519-d856-4391-8d0a-c130f8473be9",
  "title": "S3",
  "mode": "sequential"
}
[2025-11-19T03:41:44.541Z] INFO: Session mode switched
  Context: {
  "sessionId": "6f07919b-bf32-4156-8f30-93e1e5aa4bd7",
  "oldMode": "sequential",
  "newMode": "mathematics",
  "reason": "Switch to math"
}
[2025-11-19T03:41:44.542Z] INFO: Session mode switched
  Context: {
  "sessionId": "cf96d1b8-c92a-42c2-9c39-e61bc2fdc56d",
  "oldMode": "sequential",
  "newMode": "physics",
  "reason": "Switch to physics"
}

[90mstdout[2m | tests/integration/multi-session.test.ts[2m > [22m[2mMulti-Session and Concurrent Scenarios[2m > [22m[2mMultiple Session Management[2m > [22m[2mshould handle completion status independently across sessions[22m[39m
[2025-11-19T03:41:44.543Z] INFO: Session created
  Context: {
  "sessionId": "93b01ce7-3f48-456b-8ead-10316c9c20c1",
  "title": "S1",
  "mode": "sequential"
}
[2025-11-19T03:41:44.543Z] INFO: Session created
  Context: {
  "sessionId": "16fecbe0-7ebc-49a3-b946-d524c4f7f87f",
  "title": "S2",
  "mode": "sequential"
}
[2025-11-19T03:41:44.543Z] INFO: Session completed
  Context: {
  "sessionId": "93b01ce7-3f48-456b-8ead-10316c9c20c1",
  "title": "S1",
  "totalThoughts": 1
}

[90mstdout[2m | tests/integration/multi-session.test.ts[2m > [22m[2mMulti-Session and Concurrent Scenarios[2m > [22m[2mConcurrent Operations on Same Session[2m > [22m[2mshould handle concurrent thought additions to same session[22m[39m
[2025-11-19T03:41:44.546Z] INFO: Session created
  Context: {
  "sessionId": "932b4a9b-2d14-4321-b516-9b988445a5d8",
  "title": "Concurrent Test",
  "mode": "sequential"
}
[2025-11-19T03:41:44.546Z] INFO: Session completed
  Context: {
  "sessionId": "932b4a9b-2d14-4321-b516-9b988445a5d8",
  "title": "Concurrent Test",
  "totalThoughts": 3
}

[90mstdout[2m | tests/integration/multi-session.test.ts[2m > [22m[2mMulti-Session and Concurrent Scenarios[2m > [22m[2mConcurrent Operations on Same Session[2m > [22m[2mshould handle concurrent retrieval of same session[22m[39m
[2025-11-19T03:41:44.548Z] INFO: Session created
  Context: {
  "sessionId": "f37d4ca0-60c2-4b38-861e-458743355604",
  "title": "Concurrent Retrieval",
  "mode": "sequential"
}

[90mstdout[2m | tests/integration/multi-session.test.ts[2m > [22m[2mMulti-Session and Concurrent Scenarios[2m > [22m[2mConcurrent Operations on Same Session[2m > [22m[2mshould handle concurrent mode switches on same session[22m[39m
[2025-11-19T03:41:44.549Z] INFO: Session created
  Context: {
  "sessionId": "9d8cce54-3f0e-49de-ab87-d8ef33a88bc2",
  "title": "Mode Switch Race",
  "mode": "sequential"
}
[2025-11-19T03:41:44.549Z] INFO: Session mode switched
  Context: {
  "sessionId": "9d8cce54-3f0e-49de-ab87-d8ef33a88bc2",
  "oldMode": "sequential",
  "newMode": "mathematics",
  "reason": "Switch 1"
}
[2025-11-19T03:41:44.549Z] INFO: Session mode switched
  Context: {
  "sessionId": "9d8cce54-3f0e-49de-ab87-d8ef33a88bc2",
  "oldMode": "mathematics",
  "newMode": "physics",
  "reason": "Switch 2"
}
[2025-11-19T03:41:44.549Z] INFO: Session mode switched
  Context: {
  "sessionId": "9d8cce54-3f0e-49de-ab87-d8ef33a88bc2",
  "oldMode": "physics",
  "newMode": "hybrid",
  "reason": "Switch 3"
}

[90mstdout[2m | tests/integration/multi-session.test.ts[2m > [22m[2mMulti-Session and Concurrent Scenarios[2m > [22m[2mConcurrent Operations Across Different Sessions[2m > [22m[2mshould handle concurrent operations on different sessions[22m[39m
[2025-11-19T03:41:44.559Z] INFO: Session created
  Context: {
  "sessionId": "ae9cc98b-898c-4a45-83a4-19f558b1f39a",
  "title": "S1",
  "mode": "sequential"
}
[2025-11-19T03:41:44.560Z] INFO: Session created
  Context: {
  "sessionId": "ee423e6c-e534-4ea6-ac3a-305911b8a3fa",
  "title": "S2",
  "mode": "shannon"
}
[2025-11-19T03:41:44.560Z] INFO: Session created
  Context: {
  "sessionId": "512da723-fdd6-4718-9bcc-30fe2f0dcedc",
  "title": "S3",
  "mode": "mathematics"
}
[2025-11-19T03:41:44.560Z] INFO: Session completed
  Context: {
  "sessionId": "ae9cc98b-898c-4a45-83a4-19f558b1f39a",
  "title": "S1",
  "totalThoughts": 1
}
[2025-11-19T03:41:44.560Z] INFO: Session mode switched
  Context: {
  "sessionId": "ee423e6c-e534-4ea6-ac3a-305911b8a3fa",
  "oldMode": "shannon",
  "newMode": "physics",
  "reason": "Switch mode"
}

[90mstdout[2m | tests/integration/multi-session.test.ts[2m > [22m[2mMulti-Session and Concurrent Scenarios[2m > [22m[2mConcurrent Operations Across Different Sessions[2m > [22m[2mshould handle concurrent session creation[22m[39m
[2025-11-19T03:41:44.563Z] INFO: Session created
  Context: {
  "sessionId": "5f00ebc8-4a64-4dc7-8510-e08cecd4427d",
  "title": "Session 1",
  "mode": "sequential"
}
[2025-11-19T03:41:44.563Z] INFO: Session created
  Context: {
  "sessionId": "bb58984a-d215-4c29-93f9-01432dde9536",
  "title": "Session 2",
  "mode": "sequential"
}
[2025-11-19T03:41:44.563Z] INFO: Session created
  Context: {
  "sessionId": "2cd47958-bd67-4064-9bfa-0eed94544f5b",
  "title": "Session 3",
  "mode": "sequential"
}
[2025-11-19T03:41:44.563Z] INFO: Session created
  Context: {
  "sessionId": "5877524c-79ef-4760-9f04-555f1e5ccf82",
  "title": "Session 4",
  "mode": "sequential"
}
[2025-11-19T03:41:44.563Z] INFO: Session created
  Context: {
  "sessionId": "d83a102e-7180-47d0-9262-5a53df757f93",
  "title": "Session 5",
  "mode": "sequential"
}
[2025-11-19T03:41:44.563Z] INFO: Session created
  Context: {
  "sessionId": "6b9392d8-80c5-45dc-bde5-3ec31df07788",
  "title": "Session 6",
  "mode": "sequential"
}
[2025-11-19T03:41:44.563Z] INFO: Session created
  Context: {
  "sessionId": "e47c5eb3-ff1d-40e8-af22-e7d76052a810",
  "title": "Session 7",
  "mode": "sequential"
}
[2025-11-19T03:41:44.563Z] INFO: Session created
  Context: {
  "sessionId": "e7b9254b-ae95-4b57-8637-1afabc1b9fa4",
  "title": "Session 8",
  "mode": "sequential"
}
[2025-11-19T03:41:44.563Z] INFO: Session created
  Context: {
  "sessionId": "135ef249-1c76-4b3b-ae46-35ff9a99745b",
  "title": "Session 9",
  "mode": "sequential"
}
[2025-11-19T03:41:44.563Z] INFO: Session created
  Context: {
  "sessionId": "a3ae606c-2ecd-478b-aea6-8c8373babf70",
  "title": "Session 10",
  "mode": "sequential"
}
[2025-11-19T03:41:44.564Z] INFO: Session created
  Context: {
  "sessionId": "d17ec8f0-91e2-4e01-8dcf-e215e6f2cd4c",
  "title": "Session 11",
  "mode": "sequential"
}
[2025-11-19T03:41:44.564Z] INFO: Session created
  Context: {
  "sessionId": "219bb938-bbfc-4b50-9e3d-6a793810836b",
  "title": "Session 12",
  "mode": "sequential"
}
[2025-11-19T03:41:44.564Z] INFO: Session created
  Context: {
  "sessionId": "a2ce830c-fc3a-4bd3-bc55-099ba41f146c",
  "title": "Session 13",
  "mode": "sequential"
}
[2025-11-19T03:41:44.564Z] INFO: Session created
  Context: {
  "sessionId": "c5317313-cd58-4ad8-893f-41dec9d9ea7e",
  "title": "Session 14",
  "mode": "sequential"
}
[2025-11-19T03:41:44.564Z] INFO: Session created
  Context: {
  "sessionId": "8c61e752-c3ec-4090-98f3-0a864b4be214",
  "title": "Session 15",
  "mode": "sequential"
}
[2025-11-19T03:41:44.564Z] INFO: Session created
  Context: {
  "sessionId": "26d383e1-a08f-4de7-b034-5e03c62dcff8",
  "title": "Session 16",
  "mode": "sequential"
}
[2025-11-19T03:41:44.564Z] INFO: Session created
  Context: {
  "sessionId": "f10c0e89-a3ee-4c7b-bf5b-c9fe1c87ee71",
  "title": "Session 17",
  "mode": "sequential"
}
[2025-11-19T03:41:44.564Z] INFO: Session created
  Context: {
  "sessionId": "fee81218-cf1a-413a-acfc-43d1f0843a76",
  "title": "Session 18",
  "mode": "sequential"
}
[2025-11-19T03:41:44.564Z] INFO: Session created
  Context: {
  "sessionId": "4b80dc31-8af8-4255-b22f-0a3e09ef8f53",
  "title": "Session 19",
  "mode": "sequential"
}
[2025-11-19T03:41:44.564Z] INFO: Session created
  Context: {
  "sessionId": "782a3bdf-2a38-49da-94c5-6f90f9345cba",
  "title": "Session 20",
  "mode": "sequential"
}

[90mstdout[2m | tests/integration/multi-session.test.ts[2m > [22m[2mMulti-Session and Concurrent Scenarios[2m > [22m[2mConcurrent Operations Across Different Sessions[2m > [22m[2mshould handle concurrent summary generation for different sessions[22m[39m
[2025-11-19T03:41:44.566Z] INFO: Session created
  Context: {
  "sessionId": "605ba1f1-927c-4fe1-8e08-415408b37507",
  "title": "S1",
  "mode": "sequential"
}
[2025-11-19T03:41:44.566Z] INFO: Session created
  Context: {
  "sessionId": "ae1a723e-a30e-4355-a7fd-88cba23d553b",
  "title": "S2",
  "mode": "sequential"
}
[2025-11-19T03:41:44.566Z] INFO: Session created
  Context: {
  "sessionId": "718783e1-19aa-4dde-b676-2d17903b96bb",
  "title": "S3",
  "mode": "sequential"
}
[2025-11-19T03:41:44.567Z] INFO: Session completed
  Context: {
  "sessionId": "605ba1f1-927c-4fe1-8e08-415408b37507",
  "title": "S1",
  "totalThoughts": 1
}
[2025-11-19T03:41:44.567Z] INFO: Session completed
  Context: {
  "sessionId": "ae1a723e-a30e-4355-a7fd-88cba23d553b",
  "title": "S2",
  "totalThoughts": 1
}
[2025-11-19T03:41:44.567Z] INFO: Session completed
  Context: {
  "sessionId": "718783e1-19aa-4dde-b676-2d17903b96bb",
  "title": "S3",
  "totalThoughts": 1
}

[90mstdout[2m | tests/integration/multi-session.test.ts[2m > [22m[2mMulti-Session and Concurrent Scenarios[2m > [22m[2mResource Management with Many Sessions[2m > [22m[2mshould handle creation of many sessions[22m[39m
[2025-11-19T03:41:44.569Z] INFO: Session created
  Context: {
  "sessionId": "cfeb9289-c5db-4bbc-9c50-2c5d961264ba",
  "title": "Session 1",
  "mode": "sequential"
}
[2025-11-19T03:41:44.569Z] INFO: Session created
  Context: {
  "sessionId": "b08738be-652e-451f-b13d-9ef039ebcc1d",
  "title": "Session 2",
  "mode": "sequential"
}
[2025-11-19T03:41:44.569Z] INFO: Session created
  Context: {
  "sessionId": "0265160a-1eeb-46fd-9d38-c69a1a91ebfa",
  "title": "Session 3",
  "mode": "sequential"
}
[2025-11-19T03:41:44.570Z] INFO: Session created
  Context: {
  "sessionId": "3893e170-a2c0-4081-a3af-df1502e736ea",
  "title": "Session 4",
  "mode": "sequential"
}
[2025-11-19T03:41:44.570Z] INFO: Session created
  Context: {
  "sessionId": "637841bd-92a3-4f0c-9a0c-89d2bdc268e0",
  "title": "Session 5",
  "mode": "sequential"
}
[2025-11-19T03:41:44.570Z] INFO: Session created
  Context: {
  "sessionId": "e642c9d6-3132-4aa6-9317-a6a1146babef",
  "title": "Session 6",
  "mode": "sequential"
}
[2025-11-19T03:41:44.570Z] INFO: Session created
  Context: {
  "sessionId": "59ce3264-e85f-493c-9c87-92b6b0e1aff5",
  "title": "Session 7",
  "mode": "sequential"
}
[2025-11-19T03:41:44.570Z] INFO: Session created
  Context: {
  "sessionId": "41b6d383-b329-4e85-b483-6237486308a7",
  "title": "Session 8",
  "mode": "sequential"
}
[2025-11-19T03:41:44.570Z] INFO: Session created
  Context: {
  "sessionId": "4afa5f05-e391-449b-9473-b6c9f31c8344",
  "title": "Session 9",
  "mode": "sequential"
}
[2025-11-19T03:41:44.570Z] INFO: Session created
  Context: {
  "sessionId": "4c56ceaf-8167-4c1d-88b5-6574792ddae1",
  "title": "Session 10",
  "mode": "sequential"
}
[2025-11-19T03:41:44.570Z] INFO: Session created
  Context: {
  "sessionId": "48854175-d317-4813-a66e-06f3ac583b78",
  "title": "Session 11",
  "mode": "sequential"
}
[2025-11-19T03:41:44.571Z] INFO: Session created
  Context: {
  "sessionId": "67af1337-2a77-4cd9-9fb2-8822d65d5328",
  "title": "Session 12",
  "mode": "sequential"
}
[2025-11-19T03:41:44.571Z] INFO: Session created
  Context: {
  "sessionId": "78d16b88-9405-4739-90e4-f3696c1deee9",
  "title": "Session 13",
  "mode": "sequential"
}
[2025-11-19T03:41:44.571Z] INFO: Session created
  Context: {
  "sessionId": "92b880f1-ec72-4c51-b2e5-035e0d64343d",
  "title": "Session 14",
  "mode": "sequential"
}
[2025-11-19T03:41:44.571Z] INFO: Session created
  Context: {
  "sessionId": "3856e6dc-8dc5-4515-953e-5e11d110b487",
  "title": "Session 15",
  "mode": "sequential"
}
[2025-11-19T03:41:44.571Z] INFO: Session created
  Context: {
  "sessionId": "3c5cd3f7-5529-4e9a-86d2-984f04bfd2e6",
  "title": "Session 16",
  "mode": "sequential"
}
[2025-11-19T03:41:44.571Z] INFO: Session created
  Context: {
  "sessionId": "361e200c-54f2-49ce-bcc3-11b61bb1cd49",
  "title": "Session 17",
  "mode": "sequential"
}
[2025-11-19T03:41:44.571Z] INFO: Session created
  Context: {
  "sessionId": "13d5c531-0c8a-45f9-8bbb-4f48c6bd1ba0",
  "title": "Session 18",
  "mode": "sequential"
}
[2025-11-19T03:41:44.571Z] INFO: Session created
  Context: {
  "sessionId": "79e8f360-bab6-46bc-8f98-2df826b6edbf",
  "title": "Session 19",
  "mode": "sequential"
}
[2025-11-19T03:41:44.571Z] INFO: Session created
  Context: {
  "sessionId": "a551c746-e672-4b54-8567-e849cacd8906",
  "title": "Session 20",
  "mode": "sequential"
}
[2025-11-19T03:41:44.571Z] INFO: Session created
  Context: {
  "sessionId": "21137a75-7f0e-4bfc-b091-0aacf23660eb",
  "title": "Session 21",
  "mode": "sequential"
}
[2025-11-19T03:41:44.571Z] INFO: Session created
  Context: {
  "sessionId": "3db7166b-1b42-44da-aba8-c6edcc5a93fd",
  "title": "Session 22",
  "mode": "sequential"
}
[2025-11-19T03:41:44.571Z] INFO: Session created
  Context: {
  "sessionId": "1e191c31-2e80-438a-b8f5-9f98f6f2da98",
  "title": "Session 23",
  "mode": "sequential"
}
[2025-11-19T03:41:44.571Z] INFO: Session created
  Context: {
  "sessionId": "2ca97345-e570-435d-974c-c87825254091",
  "title": "Session 24",
  "mode": "sequential"
}
[2025-11-19T03:41:44.572Z] INFO: Session created
  Context: {
  "sessionId": "0cc227b2-ca47-4ad9-b629-29715be87567",
  "title": "Session 25",
  "mode": "sequential"
}
[2025-11-19T03:41:44.572Z] INFO: Session created
  Context: {
  "sessionId": "18cc7846-2c19-4092-818a-041d4f6e34c1",
  "title": "Session 26",
  "mode": "sequential"
}
[2025-11-19T03:41:44.572Z] INFO: Session created
  Context: {
  "sessionId": "f2a21639-2987-479c-98a8-b2b1e87e416f",
  "title": "Session 27",
  "mode": "sequential"
}
[2025-11-19T03:41:44.572Z] INFO: Session created
  Context: {
  "sessionId": "78a066e9-4f34-4d62-a05b-555bc6c9011e",
  "title": "Session 28",
  "mode": "sequential"
}
[2025-11-19T03:41:44.572Z] INFO: Session created
  Context: {
  "sessionId": "15cb442b-c5eb-48ce-aa89-6fbe916cc104",
  "title": "Session 29",
  "mode": "sequential"
}
[2025-11-19T03:41:44.572Z] INFO: Session created
  Context: {
  "sessionId": "c1dce57d-02b8-46bc-a493-8e9a7b038cc0",
  "title": "Session 30",
  "mode": "sequential"
}
[2025-11-19T03:41:44.572Z] INFO: Session created
  Context: {
  "sessionId": "b9424a0e-1a9c-4165-ae1a-48ce21cb17b2",
  "title": "Session 31",
  "mode": "sequential"
}
[2025-11-19T03:41:44.572Z] INFO: Session created
  Context: {
  "sessionId": "05ef4d8a-7f46-43c2-8b2d-7d6ad7406c30",
  "title": "Session 32",
  "mode": "sequential"
}
[2025-11-19T03:41:44.572Z] INFO: Session created
  Context: {
  "sessionId": "3eb63a84-3dbc-4c45-844f-94f12efc5bee",
  "title": "Session 33",
  "mode": "sequential"
}
[2025-11-19T03:41:44.572Z] INFO: Session created
  Context: {
  "sessionId": "7caa89a1-1f5e-4dc2-95f3-62d7c52647cb",
  "title": "Session 34",
  "mode": "sequential"
}
[2025-11-19T03:41:44.572Z] INFO: Session created
  Context: {
  "sessionId": "298b433c-e422-4572-86ce-be80bfe9a159",
  "title": "Session 35",
  "mode": "sequential"
}
[2025-11-19T03:41:44.572Z] INFO: Session created
  Context: {
  "sessionId": "aff68ff4-6b87-4f61-b087-9a135c25051e",
  "title": "Session 36",
  "mode": "sequential"
}
[2025-11-19T03:41:44.573Z] INFO: Session created
  Context: {
  "sessionId": "9488d3df-b1c2-4c56-bc56-b25be4c09cbb",
  "title": "Session 37",
  "mode": "sequential"
}
[2025-11-19T03:41:44.573Z] INFO: Session created
  Context: {
  "sessionId": "6268cb88-3175-4240-aae6-48035931a71a",
  "title": "Session 38",
  "mode": "sequential"
}
[2025-11-19T03:41:44.573Z] INFO: Session created
  Context: {
  "sessionId": "32494b38-59fc-4446-8f98-b94a2ec32651",
  "title": "Session 39",
  "mode": "sequential"
}
[2025-11-19T03:41:44.573Z] INFO: Session created
  Context: {
  "sessionId": "7bb30137-ba6b-4f0f-8283-e938c621260f",
  "title": "Session 40",
  "mode": "sequential"
}
[2025-11-19T03:41:44.573Z] INFO: Session created
  Context: {
  "sessionId": "b9354453-e1bf-4465-98cf-217bcd9df3c6",
  "title": "Session 41",
  "mode": "sequential"
}
[2025-11-19T03:41:44.573Z] INFO: Session created
  Context: {
  "sessionId": "5f404e21-e2b9-41e2-af9b-8c2b62e9db3f",
  "title": "Session 42",
  "mode": "sequential"
}
[2025-11-19T03:41:44.573Z] INFO: Session created
  Context: {
  "sessionId": "cbd94f6e-cfc9-4b54-b482-adc79e31b5e7",
  "title": "Session 43",
  "mode": "sequential"
}
[2025-11-19T03:41:44.573Z] INFO: Session created
  Context: {
  "sessionId": "9352f109-62fe-48ed-a4bf-c72919ee1eb3",
  "title": "Session 44",
  "mode": "sequential"
}
[2025-11-19T03:41:44.573Z] INFO: Session created
  Context: {
  "sessionId": "1dceef7f-5cce-4e5b-9dd0-054085d528c8",
  "title": "Session 45",
  "mode": "sequential"
}
[2025-11-19T03:41:44.573Z] INFO: Session created
  Context: {
  "sessionId": "85272300-26d5-4014-af93-7717e0d8367e",
  "title": "Session 46",
  "mode": "sequential"
}
[2025-11-19T03:41:44.573Z] INFO: Session created
  Context: {
  "sessionId": "d919b3f2-e73d-41d4-907e-25d68880934e",
  "title": "Session 47",
  "mode": "sequential"
}
[2025-11-19T03:41:44.573Z] INFO: Session created
  Context: {
  "sessionId": "cc0cf689-ee4c-4219-9d50-a3b38d9c283f",
  "title": "Session 48",
  "mode": "sequential"
}
[2025-11-19T03:41:44.574Z] INFO: Session created
  Context: {
  "sessionId": "bef12c08-3db3-4574-bf9f-ccb8390bb5b3",
  "title": "Session 49",
  "mode": "sequential"
}
[2025-11-19T03:41:44.574Z] INFO: Session created
  Context: {
  "sessionId": "e2f82dc4-31ba-4d00-9746-47e4b8773e72",
  "title": "Session 50",
  "mode": "sequential"
}

[90mstdout[2m | tests/integration/multi-session.test.ts[2m > [22m[2mMulti-Session and Concurrent Scenarios[2m > [22m[2mResource Management with Many Sessions[2m > [22m[2mshould retrieve sessions efficiently with many active sessions[22m[39m
[2025-11-19T03:41:44.575Z] INFO: Session created
  Context: {
  "sessionId": "6d3b2491-f961-487c-9805-66f5df0b29c8",
  "title": "Session 1",
  "mode": "sequential"
}
[2025-11-19T03:41:44.575Z] INFO: Session created
  Context: {
  "sessionId": "c7f073d4-5246-4593-8e28-8dad061c9862",
  "title": "Session 2",
  "mode": "sequential"
}
[2025-11-19T03:41:44.576Z] INFO: Session created
  Context: {
  "sessionId": "5ef208d6-8087-4257-808f-8af219cbd3b7",
  "title": "Session 3",
  "mode": "sequential"
}
[2025-11-19T03:41:44.576Z] INFO: Session created
  Context: {
  "sessionId": "f93b9935-3f39-4239-be5a-1941f35e66f9",
  "title": "Session 4",
  "mode": "sequential"
}
[2025-11-19T03:41:44.576Z] INFO: Session created
  Context: {
  "sessionId": "3209ce8a-e7e6-4da6-862a-3c675417164c",
  "title": "Session 5",
  "mode": "sequential"
}
[2025-11-19T03:41:44.576Z] INFO: Session created
  Context: {
  "sessionId": "e0262b07-69c8-426d-9094-8769f14c4dc7",
  "title": "Session 6",
  "mode": "sequential"
}
[2025-11-19T03:41:44.576Z] INFO: Session created
  Context: {
  "sessionId": "a9108341-0bcc-42c0-8333-089406610b40",
  "title": "Session 7",
  "mode": "sequential"
}
[2025-11-19T03:41:44.576Z] INFO: Session created
  Context: {
  "sessionId": "52ff551b-caaa-4284-bd9b-221a2b18603b",
  "title": "Session 8",
  "mode": "sequential"
}
[2025-11-19T03:41:44.576Z] INFO: Session created
  Context: {
  "sessionId": "ec5ab1ff-2155-49e4-a7d1-7982098e6eda",
  "title": "Session 9",
  "mode": "sequential"
}
[2025-11-19T03:41:44.577Z] INFO: Session created
  Context: {
  "sessionId": "827debec-1f29-47bd-b45e-26bc7ed5253d",
  "title": "Session 10",
  "mode": "sequential"
}

[90mstdout[2m | tests/integration/multi-session.test.ts[2m > [22m[2mMulti-Session and Concurrent Scenarios[2m > [22m[2mResource Management with Many Sessions[2m > [22m[2mshould list all sessions when many exist[22m[39m
[2025-11-19T03:41:44.578Z] INFO: Session created
  Context: {
  "sessionId": "0c2d3d8c-b8be-48d2-83f0-88cb66010b48",
  "title": "Session 1",
  "mode": "sequential"
}
[2025-11-19T03:41:44.578Z] INFO: Session created
  Context: {
  "sessionId": "147b2152-0761-4e6b-8035-67fbac6ff075",
  "title": "Session 2",
  "mode": "sequential"
}
[2025-11-19T03:41:44.578Z] INFO: Session created
  Context: {
  "sessionId": "4fbc9f35-2cd2-463d-a6dd-c154d3f8aade",
  "title": "Session 3",
  "mode": "sequential"
}
[2025-11-19T03:41:44.579Z] INFO: Session created
  Context: {
  "sessionId": "9ae5d727-1aa1-4aa2-b4c2-424f38eab32b",
  "title": "Session 4",
  "mode": "sequential"
}
[2025-11-19T03:41:44.579Z] INFO: Session created
  Context: {
  "sessionId": "80e4160a-4985-4c84-8640-37897e0438c3",
  "title": "Session 5",
  "mode": "sequential"
}
[2025-11-19T03:41:44.579Z] INFO: Session created
  Context: {
  "sessionId": "9354bebe-96d5-42db-92c8-891b19acb4af",
  "title": "Session 6",
  "mode": "sequential"
}
[2025-11-19T03:41:44.579Z] INFO: Session created
  Context: {
  "sessionId": "8fd91cb4-aa18-438f-baa5-57789386809a",
  "title": "Session 7",
  "mode": "sequential"
}
[2025-11-19T03:41:44.579Z] INFO: Session created
  Context: {
  "sessionId": "22aef374-6726-467a-938e-5e8d28a45537",
  "title": "Session 8",
  "mode": "sequential"
}
[2025-11-19T03:41:44.579Z] INFO: Session created
  Context: {
  "sessionId": "69626feb-1dae-4b9a-ae5e-8bd29390f540",
  "title": "Session 9",
  "mode": "sequential"
}
[2025-11-19T03:41:44.579Z] INFO: Session created
  Context: {
  "sessionId": "1e962710-56fb-42e1-8e1a-4441fad63ea5",
  "title": "Session 10",
  "mode": "sequential"
}
[2025-11-19T03:41:44.579Z] INFO: Session created
  Context: {
  "sessionId": "8e99bd26-3ff0-4782-9e8b-c00e6b3cf88e",
  "title": "Session 11",
  "mode": "sequential"
}
[2025-11-19T03:41:44.579Z] INFO: Session created
  Context: {
  "sessionId": "d93dbecc-5e90-43b1-971e-e3d3d625d199",
  "title": "Session 12",
  "mode": "sequential"
}
[2025-11-19T03:41:44.580Z] INFO: Session created
  Context: {
  "sessionId": "8aca328d-b22a-4380-9423-944d8a2b76d3",
  "title": "Session 13",
  "mode": "sequential"
}
[2025-11-19T03:41:44.580Z] INFO: Session created
  Context: {
  "sessionId": "ee1012b4-d1d5-4abf-8027-da4f78b3e07f",
  "title": "Session 14",
  "mode": "sequential"
}
[2025-11-19T03:41:44.580Z] INFO: Session created
  Context: {
  "sessionId": "fe9c53a5-eaf6-49e2-bf1f-9434721b8b67",
  "title": "Session 15",
  "mode": "sequential"
}

[90mstdout[2m | tests/integration/multi-session.test.ts[2m > [22m[2mMulti-Session and Concurrent Scenarios[2m > [22m[2mSession State Consistency[2m > [22m[2mshould maintain consistent thought count across concurrent additions[22m[39m
[2025-11-19T03:41:44.583Z] INFO: Session created
  Context: {
  "sessionId": "2bde43de-9e98-40c0-98e3-ee7676b9fb1c",
  "title": "Consistency Test",
  "mode": "sequential"
}
[2025-11-19T03:41:44.584Z] INFO: Session completed
  Context: {
  "sessionId": "2bde43de-9e98-40c0-98e3-ee7676b9fb1c",
  "title": "Consistency Test",
  "totalThoughts": 10
}

[90mstdout[2m | tests/integration/multi-session.test.ts[2m > [22m[2mMulti-Session and Concurrent Scenarios[2m > [22m[2mSession State Consistency[2m > [22m[2mshould maintain correct status after concurrent operations[22m[39m
[2025-11-19T03:41:44.587Z] INFO: Session created
  Context: {
  "sessionId": "96066fe1-cbe2-4a04-b088-05f2cc9377f0",
  "title": "Status Test",
  "mode": "sequential"
}
[2025-11-19T03:41:44.588Z] INFO: Session completed
  Context: {
  "sessionId": "96066fe1-cbe2-4a04-b088-05f2cc9377f0",
  "title": "Status Test",
  "totalThoughts": 1
}

[90mstdout[2m | tests/integration/multi-session.test.ts[2m > [22m[2mMulti-Session and Concurrent Scenarios[2m > [22m[2mSession State Consistency[2m > [22m[2mshould handle concurrent thought additions with proper sequencing[22m[39m
[2025-11-19T03:41:44.589Z] INFO: Session created
  Context: {
  "sessionId": "89aabc5e-ef51-4d57-ab21-fe355351c25d",
  "title": "Sequence Test",
  "mode": "sequential"
}

[90mstdout[2m | tests/integration/multi-session.test.ts[2m > [22m[2mMulti-Session and Concurrent Scenarios[2m > [22m[2mError Handling in Concurrent Scenarios[2m > [22m[2mshould handle mixed success/failure scenarios gracefully[22m[39m
[2025-11-19T03:41:44.597Z] INFO: Session created
  Context: {
  "sessionId": "1f1d44a0-9076-417b-8039-0231e29421ae",
  "title": "Mixed Test",
  "mode": "sequential"
}

 [32m✓[39m tests/integration/multi-session.test.ts [2m ([22m[2m18 tests[22m[2m)[22m[90m 96[2mms[22m[39m
[90mstderr[2m | tests/integration/error-handling.test.ts[2m > [22m[2mError Handling and Edge Cases[2m > [22m[2mInvalid Session Operations[2m > [22m[2mshould throw error for non-existent session ID[22m[39m
[2025-11-19T03:41:45.181Z] ERROR: Session not found
  Context: {
  "sessionId": "00000000-0000-4000-8000-000000000000"
}

[90mstdout[2m | tests/integration/error-handling.test.ts[2m > [22m[2mError Handling and Edge Cases[2m > [22m[2mInvalid Session Operations[2m > [22m[2mshould handle session deletion idempotently[22m[39m
[2025-11-19T03:41:45.216Z] INFO: Session created
  Context: {
  "sessionId": "825e4fdd-947f-48f0-8abd-d3a87f2b0342",
  "title": "Test",
  "mode": "hybrid"
}
[2025-11-19T03:41:45.216Z] INFO: Session deleted
  Context: {
  "sessionId": "825e4fdd-947f-48f0-8abd-d3a87f2b0342",
  "title": "Test",
  "thoughtCount": 0
}

[90mstderr[2m | tests/integration/error-handling.test.ts[2m > [22m[2mError Handling and Edge Cases[2m > [22m[2mInvalid Session Operations[2m > [22m[2mshould handle session deletion idempotently[22m[39m
[2025-11-19T03:41:45.217Z] WARN: Attempted to delete non-existent session from memory
  Context: {
  "sessionId": "825e4fdd-947f-48f0-8abd-d3a87f2b0342"
}

[90mstdout[2m | tests/integration/error-handling.test.ts[2m > [22m[2mError Handling and Edge Cases[2m > [22m[2mValidation Errors[2m > [22m[2mshould accept thoughts with missing fields (lenient validation)[22m[39m
[2025-11-19T03:41:45.219Z] INFO: Session created
  Context: {
  "sessionId": "5e5bff49-c6a6-48ea-a781-64d63fccf643",
  "title": "Untitled Session",
  "mode": "hybrid"
}
[2025-11-19T03:41:45.221Z] INFO: Session completed
  Context: {
  "sessionId": "5e5bff49-c6a6-48ea-a781-64d63fccf643",
  "title": "Untitled Session",
  "totalThoughts": 1
}

[90mstdout[2m | tests/integration/error-handling.test.ts[2m > [22m[2mError Handling and Edge Cases[2m > [22m[2mValidation Errors[2m > [22m[2mshould accept invalid uncertainty values (lenient validation)[22m[39m
[2025-11-19T03:41:45.222Z] INFO: Session created
  Context: {
  "sessionId": "bf6ceaac-ae71-4746-acb2-91828b4b7eef",
  "title": "Untitled Session",
  "mode": "hybrid"
}
[2025-11-19T03:41:45.223Z] INFO: Session completed
  Context: {
  "sessionId": "bf6ceaac-ae71-4746-acb2-91828b4b7eef",
  "title": "Untitled Session",
  "totalThoughts": 1
}

[90mstdout[2m | tests/integration/error-handling.test.ts[2m > [22m[2mError Handling and Edge Cases[2m > [22m[2mValidation Errors[2m > [22m[2mshould accept negative thought numbers (lenient validation)[22m[39m
[2025-11-19T03:41:45.224Z] INFO: Session created
  Context: {
  "sessionId": "eb7b7fe2-f860-408a-9c4d-0a4383446559",
  "title": "Untitled Session",
  "mode": "hybrid"
}
[2025-11-19T03:41:45.247Z] INFO: Session completed
  Context: {
  "sessionId": "eb7b7fe2-f860-408a-9c4d-0a4383446559",
  "title": "Untitled Session",
  "totalThoughts": 1
}

[90mstdout[2m | tests/integration/error-handling.test.ts[2m > [22m[2mError Handling and Edge Cases[2m > [22m[2mValidation Errors[2m > [22m[2mshould accept zero thought numbers (lenient validation)[22m[39m
[2025-11-19T03:41:45.249Z] INFO: Session created
  Context: {
  "sessionId": "ed513840-59c7-480c-979a-e71a7913a8b1",
  "title": "Untitled Session",
  "mode": "hybrid"
}
[2025-11-19T03:41:45.249Z] INFO: Session completed
  Context: {
  "sessionId": "ed513840-59c7-480c-979a-e71a7913a8b1",
  "title": "Untitled Session",
  "totalThoughts": 1
}

[90mstdout[2m | tests/integration/error-handling.test.ts[2m > [22m[2mError Handling and Edge Cases[2m > [22m[2mValidation Errors[2m > [22m[2mshould accept invalid mode values (lenient validation)[22m[39m
[2025-11-19T03:41:45.250Z] INFO: Session created
  Context: {
  "sessionId": "6d9ef209-9295-47bf-b110-f4caa09f68e0",
  "title": "Untitled Session",
  "mode": "invalid_mode"
}

[90mstdout[2m | tests/integration/error-handling.test.ts[2m > [22m[2mError Handling and Edge Cases[2m > [22m[2mValidation Errors[2m > [22m[2mshould accept invalid Shannon stage (lenient validation)[22m[39m
[2025-11-19T03:41:45.252Z] INFO: Session created
  Context: {
  "sessionId": "c8f5993f-9107-4902-822f-415454798d40",
  "title": "Untitled Session",
  "mode": "shannon"
}
[2025-11-19T03:41:45.252Z] INFO: Session completed
  Context: {
  "sessionId": "c8f5993f-9107-4902-822f-415454798d40",
  "title": "Untitled Session",
  "totalThoughts": 1
}

[90mstdout[2m | tests/integration/error-handling.test.ts[2m > [22m[2mError Handling and Edge Cases[2m > [22m[2mBoundary Conditions[2m > [22m[2mshould handle uncertainty = 0 (perfect certainty)[22m[39m
[2025-11-19T03:41:45.258Z] INFO: Session created
  Context: {
  "sessionId": "cec7aa0e-1451-492b-a0ef-250c43c3ec18",
  "title": "Untitled Session",
  "mode": "hybrid"
}
[2025-11-19T03:41:45.258Z] INFO: Session completed
  Context: {
  "sessionId": "cec7aa0e-1451-492b-a0ef-250c43c3ec18",
  "title": "Untitled Session",
  "totalThoughts": 1
}

[90mstdout[2m | tests/integration/error-handling.test.ts[2m > [22m[2mError Handling and Edge Cases[2m > [22m[2mBoundary Conditions[2m > [22m[2mshould handle uncertainty = 1 (complete uncertainty)[22m[39m
[2025-11-19T03:41:45.259Z] INFO: Session created
  Context: {
  "sessionId": "804af502-79d1-498b-a148-8525686d9f82",
  "title": "Untitled Session",
  "mode": "hybrid"
}
[2025-11-19T03:41:45.259Z] INFO: Session completed
  Context: {
  "sessionId": "804af502-79d1-498b-a148-8525686d9f82",
  "title": "Untitled Session",
  "totalThoughts": 1
}

[90mstdout[2m | tests/integration/error-handling.test.ts[2m > [22m[2mError Handling and Edge Cases[2m > [22m[2mBoundary Conditions[2m > [22m[2mshould handle very large thoughtNumber[22m[39m
[2025-11-19T03:41:45.260Z] INFO: Session created
  Context: {
  "sessionId": "7c6d33a7-f3e4-4c01-9787-752f8913d3b1",
  "title": "Untitled Session",
  "mode": "hybrid"
}
[2025-11-19T03:41:45.261Z] INFO: Session completed
  Context: {
  "sessionId": "7c6d33a7-f3e4-4c01-9787-752f8913d3b1",
  "title": "Untitled Session",
  "totalThoughts": 1
}

[90mstdout[2m | tests/integration/error-handling.test.ts[2m > [22m[2mError Handling and Edge Cases[2m > [22m[2mBoundary Conditions[2m > [22m[2mshould handle totalThoughts = thoughtNumber (single thought)[22m[39m
[2025-11-19T03:41:45.265Z] INFO: Session created
  Context: {
  "sessionId": "a729f6cb-3b17-4117-ab93-9fb9ce0ecbe9",
  "title": "Untitled Session",
  "mode": "hybrid"
}
[2025-11-19T03:41:45.266Z] INFO: Session completed
  Context: {
  "sessionId": "a729f6cb-3b17-4117-ab93-9fb9ce0ecbe9",
  "title": "Untitled Session",
  "totalThoughts": 1
}

[90mstdout[2m | tests/integration/error-handling.test.ts[2m > [22m[2mError Handling and Edge Cases[2m > [22m[2mEdge Cases - Empty Data[2m > [22m[2mshould handle empty thought content[22m[39m
[2025-11-19T03:41:45.270Z] INFO: Session created
  Context: {
  "sessionId": "f48d55fc-6bf2-498d-8cdf-490594c4b3fe",
  "title": "Untitled Session",
  "mode": "hybrid"
}
[2025-11-19T03:41:45.270Z] INFO: Session completed
  Context: {
  "sessionId": "f48d55fc-6bf2-498d-8cdf-490594c4b3fe",
  "title": "Untitled Session",
  "totalThoughts": 1
}

[90mstdout[2m | tests/integration/error-handling.test.ts[2m > [22m[2mError Handling and Edge Cases[2m > [22m[2mEdge Cases - Empty Data[2m > [22m[2mshould handle empty session title with default[22m[39m
[2025-11-19T03:41:45.271Z] INFO: Session created
  Context: {
  "sessionId": "1dc554df-6593-4cf3-b057-c6681e11af71",
  "title": "Untitled Session",
  "mode": "hybrid"
}

[90mstdout[2m | tests/integration/error-handling.test.ts[2m > [22m[2mError Handling and Edge Cases[2m > [22m[2mEdge Cases - Empty Data[2m > [22m[2mshould handle empty arrays for optional fields[22m[39m
[2025-11-19T03:41:45.288Z] INFO: Session created
  Context: {
  "sessionId": "fee77ea5-6644-49c8-a60b-421fef0104ee",
  "title": "Untitled Session",
  "mode": "hybrid"
}
[2025-11-19T03:41:45.288Z] INFO: Session completed
  Context: {
  "sessionId": "fee77ea5-6644-49c8-a60b-421fef0104ee",
  "title": "Untitled Session",
  "totalThoughts": 1
}

[90mstdout[2m | tests/integration/error-handling.test.ts[2m > [22m[2mError Handling and Edge Cases[2m > [22m[2mEdge Cases - Empty Data[2m > [22m[2mshould handle session with no thoughts[22m[39m
[2025-11-19T03:41:45.290Z] INFO: Session created
  Context: {
  "sessionId": "f43b25a5-f3a1-45ef-926b-6e1da98dd1fc",
  "title": "Untitled Session",
  "mode": "hybrid"
}

[90mstdout[2m | tests/integration/error-handling.test.ts[2m > [22m[2mError Handling and Edge Cases[2m > [22m[2mEdge Cases - Special Characters[2m > [22m[2mshould handle Unicode characters in thought content[22m[39m
[2025-11-19T03:41:45.291Z] INFO: Session created
  Context: {
  "sessionId": "732b4819-efae-4b34-b4fd-aea418ceb22a",
  "title": "Untitled Session",
  "mode": "hybrid"
}
[2025-11-19T03:41:45.292Z] INFO: Session completed
  Context: {
  "sessionId": "732b4819-efae-4b34-b4fd-aea418ceb22a",
  "title": "Untitled Session",
  "totalThoughts": 1
}

[90mstdout[2m | tests/integration/error-handling.test.ts[2m > [22m[2mError Handling and Edge Cases[2m > [22m[2mEdge Cases - Special Characters[2m > [22m[2mshould handle special characters in session title[22m[39m
[2025-11-19T03:41:45.293Z] INFO: Session created
  Context: {
  "sessionId": "0f818f66-69c5-469c-84ef-1a2ff27d7d28",
  "title": "<script>alert(\"xss\")</script>",
  "mode": "hybrid"
}

[90mstdout[2m | tests/integration/error-handling.test.ts[2m > [22m[2mError Handling and Edge Cases[2m > [22m[2mEdge Cases - Special Characters[2m > [22m[2mshould handle LaTeX with special characters[22m[39m
[2025-11-19T03:41:45.294Z] INFO: Session created
  Context: {
  "sessionId": "0f122ddd-556e-46c0-a85e-33f5d756cf98",
  "title": "Untitled Session",
  "mode": "mathematics"
}
[2025-11-19T03:41:45.295Z] INFO: Session completed
  Context: {
  "sessionId": "0f122ddd-556e-46c0-a85e-33f5d756cf98",
  "title": "Untitled Session",
  "totalThoughts": 1
}

[90mstdout[2m | tests/integration/error-handling.test.ts[2m > [22m[2mError Handling and Edge Cases[2m > [22m[2mEdge Cases - Special Characters[2m > [22m[2mshould handle newlines and tabs in thought content[22m[39m
[2025-11-19T03:41:45.297Z] INFO: Session created
  Context: {
  "sessionId": "f9076402-8ab2-45b4-86ee-20edf46de8a3",
  "title": "Untitled Session",
  "mode": "hybrid"
}
[2025-11-19T03:41:45.297Z] INFO: Session completed
  Context: {
  "sessionId": "f9076402-8ab2-45b4-86ee-20edf46de8a3",
  "title": "Untitled Session",
  "totalThoughts": 1
}

[90mstdout[2m | tests/integration/error-handling.test.ts[2m > [22m[2mError Handling and Edge Cases[2m > [22m[2mEdge Cases - Large Data[2m > [22m[2mshould handle very long thought content[22m[39m
[2025-11-19T03:41:45.298Z] INFO: Session created
  Context: {
  "sessionId": "4bd9056d-24b1-4ad6-b238-b6aa5864bed4",
  "title": "Untitled Session",
  "mode": "hybrid"
}
[2025-11-19T03:41:45.298Z] INFO: Session completed
  Context: {
  "sessionId": "4bd9056d-24b1-4ad6-b238-b6aa5864bed4",
  "title": "Untitled Session",
  "totalThoughts": 1
}

[90mstdout[2m | tests/integration/error-handling.test.ts[2m > [22m[2mError Handling and Edge Cases[2m > [22m[2mEdge Cases - Large Data[2m > [22m[2mshould handle sessions with many thoughts[22m[39m
[2025-11-19T03:41:45.299Z] INFO: Session created
  Context: {
  "sessionId": "7516b0ba-f7f7-409d-8ceb-e0d1f42db3a9",
  "title": "Untitled Session",
  "mode": "hybrid"
}
[2025-11-19T03:41:45.302Z] INFO: Session completed
  Context: {
  "sessionId": "7516b0ba-f7f7-409d-8ceb-e0d1f42db3a9",
  "title": "Untitled Session",
  "totalThoughts": 100
}

[90mstdout[2m | tests/integration/error-handling.test.ts[2m > [22m[2mError Handling and Edge Cases[2m > [22m[2mEdge Cases - Large Data[2m > [22m[2mshould handle large dependency arrays[22m[39m
[2025-11-19T03:41:45.303Z] INFO: Session created
  Context: {
  "sessionId": "70b1c20e-88c2-4d87-94bc-3db3e94a6bc6",
  "title": "Untitled Session",
  "mode": "hybrid"
}
[2025-11-19T03:41:45.303Z] INFO: Session completed
  Context: {
  "sessionId": "70b1c20e-88c2-4d87-94bc-3db3e94a6bc6",
  "title": "Untitled Session",
  "totalThoughts": 1
}

[90mstdout[2m | tests/integration/error-handling.test.ts[2m > [22m[2mError Handling and Edge Cases[2m > [22m[2mError Recovery[2m > [22m[2mshould maintain session integrity even with lenient validation[22m[39m
[2025-11-19T03:41:45.305Z] INFO: Session created
  Context: {
  "sessionId": "9f890e51-2c3c-4d27-920b-48fe99d7eb4a",
  "title": "Untitled Session",
  "mode": "hybrid"
}
[2025-11-19T03:41:45.305Z] INFO: Session completed
  Context: {
  "sessionId": "9f890e51-2c3c-4d27-920b-48fe99d7eb4a",
  "title": "Untitled Session",
  "totalThoughts": 1
}
[2025-11-19T03:41:45.305Z] INFO: Session completed
  Context: {
  "sessionId": "9f890e51-2c3c-4d27-920b-48fe99d7eb4a",
  "title": "Untitled Session",
  "totalThoughts": 2
}

[90mstdout[2m | tests/integration/error-handling.test.ts[2m > [22m[2mError Handling and Edge Cases[2m > [22m[2mError Recovery[2m > [22m[2mshould allow mode switch even after adding invalid data[22m[39m
[2025-11-19T03:41:45.326Z] INFO: Session created
  Context: {
  "sessionId": "72e4e312-89bb-486e-b169-ae587fe16208",
  "title": "Untitled Session",
  "mode": "sequential"
}
[2025-11-19T03:41:45.326Z] INFO: Session completed
  Context: {
  "sessionId": "72e4e312-89bb-486e-b169-ae587fe16208",
  "title": "Untitled Session",
  "totalThoughts": 1
}
[2025-11-19T03:41:45.327Z] INFO: Session mode switched
  Context: {
  "sessionId": "72e4e312-89bb-486e-b169-ae587fe16208",
  "oldMode": "sequential",
  "newMode": "shannon"
}

[90mstdout[2m | tests/integration/error-handling.test.ts[2m > [22m[2mError Handling and Edge Cases[2m > [22m[2mSummary Generation Edge Cases[2m > [22m[2mshould generate summary for empty session[22m[39m
[2025-11-19T03:41:45.328Z] INFO: Session created
  Context: {
  "sessionId": "2474171d-c7c3-45fd-bc5f-4467c610a0f2",
  "title": "Empty Session",
  "mode": "hybrid"
}

[90mstdout[2m | tests/integration/error-handling.test.ts[2m > [22m[2mError Handling and Edge Cases[2m > [22m[2mSummary Generation Edge Cases[2m > [22m[2mshould generate summary for single thought session[22m[39m
[2025-11-19T03:41:45.329Z] INFO: Session created
  Context: {
  "sessionId": "5e4de45f-5614-433f-b93e-62f31a85da63",
  "title": "Single Thought",
  "mode": "hybrid"
}
[2025-11-19T03:41:45.329Z] INFO: Session completed
  Context: {
  "sessionId": "5e4de45f-5614-433f-b93e-62f31a85da63",
  "title": "Single Thought",
  "totalThoughts": 1
}

[90mstdout[2m | tests/integration/error-handling.test.ts[2m > [22m[2mError Handling and Edge Cases[2m > [22m[2mSummary Generation Edge Cases[2m > [22m[2mshould handle summary for session with very long thoughts[22m[39m
[2025-11-19T03:41:45.330Z] INFO: Session created
  Context: {
  "sessionId": "c9ee6761-15b5-4eda-834e-76b2093821b7",
  "title": "Untitled Session",
  "mode": "hybrid"
}
[2025-11-19T03:41:45.330Z] INFO: Session completed
  Context: {
  "sessionId": "c9ee6761-15b5-4eda-834e-76b2093821b7",
  "title": "Untitled Session",
  "totalThoughts": 1
}

[90mstdout[2m | tests/integration/error-handling.test.ts[2m > [22m[2mError Handling and Edge Cases[2m > [22m[2mConcurrent Session Management[2m > [22m[2mshould handle rapid session creation[22m[39m
[2025-11-19T03:41:45.332Z] INFO: Session created
  Context: {
  "sessionId": "8a6f0934-4db1-4621-b3c1-2d4dfad3e21e",
  "title": "Session 0",
  "mode": "hybrid"
}
[2025-11-19T03:41:45.332Z] INFO: Session created
  Context: {
  "sessionId": "23821af4-ebad-40bb-b624-39335dd75bf5",
  "title": "Session 1",
  "mode": "hybrid"
}
[2025-11-19T03:41:45.332Z] INFO: Session created
  Context: {
  "sessionId": "23915a38-989a-4813-bf46-53c82fb079fd",
  "title": "Session 2",
  "mode": "hybrid"
}
[2025-11-19T03:41:45.332Z] INFO: Session created
  Context: {
  "sessionId": "652e8738-9056-4cff-915a-eec96ca16a17",
  "title": "Session 3",
  "mode": "hybrid"
}
[2025-11-19T03:41:45.332Z] INFO: Session created
  Context: {
  "sessionId": "56bf9765-07f0-440d-b2af-4a675328bf97",
  "title": "Session 4",
  "mode": "hybrid"
}
[2025-11-19T03:41:45.332Z] INFO: Session created
  Context: {
  "sessionId": "c48a5be9-a478-4e30-875b-7c0939149db6",
  "title": "Session 5",
  "mode": "hybrid"
}
[2025-11-19T03:41:45.332Z] INFO: Session created
  Context: {
  "sessionId": "a70f0772-ca9e-4092-96c1-01b2822516c6",
  "title": "Session 6",
  "mode": "hybrid"
}
[2025-11-19T03:41:45.333Z] INFO: Session created
  Context: {
  "sessionId": "d8c4c30d-1e0f-460e-9437-29d1dd14c6b2",
  "title": "Session 7",
  "mode": "hybrid"
}
[2025-11-19T03:41:45.333Z] INFO: Session created
  Context: {
  "sessionId": "e0fed877-acb0-40f8-89c1-78e257c24c14",
  "title": "Session 8",
  "mode": "hybrid"
}
[2025-11-19T03:41:45.333Z] INFO: Session created
  Context: {
  "sessionId": "9b73e444-3bd3-4e3e-abad-6d76ac463552",
  "title": "Session 9",
  "mode": "hybrid"
}

[90mstdout[2m | tests/integration/error-handling.test.ts[2m > [22m[2mError Handling and Edge Cases[2m > [22m[2mConcurrent Session Management[2m > [22m[2mshould handle concurrent thought additions to same session[22m[39m
[2025-11-19T03:41:45.334Z] INFO: Session created
  Context: {
  "sessionId": "7bea4021-3c2b-4c35-a220-15ac5ab23546",
  "title": "Untitled Session",
  "mode": "hybrid"
}
[2025-11-19T03:41:45.334Z] INFO: Session completed
  Context: {
  "sessionId": "7bea4021-3c2b-4c35-a220-15ac5ab23546",
  "title": "Untitled Session",
  "totalThoughts": 5
}

[90mstdout[2m | tests/integration/error-handling.test.ts[2m > [22m[2mError Handling and Edge Cases[2m > [22m[2mConcurrent Session Management[2m > [22m[2mshould maintain independence of multiple sessions[22m[39m
[2025-11-19T03:41:45.335Z] INFO: Session created
  Context: {
  "sessionId": "6e0030b2-b068-4a72-8137-7111d30ec6a8",
  "title": "Session 1",
  "mode": "hybrid"
}
[2025-11-19T03:41:45.335Z] INFO: Session created
  Context: {
  "sessionId": "cab8eca8-f883-4b0f-91fa-2ec7a12e2ae5",
  "title": "Session 2",
  "mode": "hybrid"
}
[2025-11-19T03:41:45.335Z] INFO: Session completed
  Context: {
  "sessionId": "6e0030b2-b068-4a72-8137-7111d30ec6a8",
  "title": "Session 1",
  "totalThoughts": 1
}
[2025-11-19T03:41:45.335Z] INFO: Session completed
  Context: {
  "sessionId": "cab8eca8-f883-4b0f-91fa-2ec7a12e2ae5",
  "title": "Session 2",
  "totalThoughts": 1
}

[90mstdout[2m | tests/integration/error-handling.test.ts[2m > [22m[2mError Handling and Edge Cases[2m > [22m[2mMode-Specific Edge Cases[2m > [22m[2mshould handle mathematics mode with missing optional fields[22m[39m
[2025-11-19T03:41:45.338Z] INFO: Session created
  Context: {
  "sessionId": "5d9b885a-5aae-40ac-a175-9faeda138107",
  "title": "Untitled Session",
  "mode": "mathematics"
}
[2025-11-19T03:41:45.338Z] INFO: Session completed
  Context: {
  "sessionId": "5d9b885a-5aae-40ac-a175-9faeda138107",
  "title": "Untitled Session",
  "totalThoughts": 1
}

[90mstdout[2m | tests/integration/error-handling.test.ts[2m > [22m[2mError Handling and Edge Cases[2m > [22m[2mMode-Specific Edge Cases[2m > [22m[2mshould handle Shannon mode without explicit stage[22m[39m
[2025-11-19T03:41:45.339Z] INFO: Session created
  Context: {
  "sessionId": "2d6cbf0f-abc6-4fdd-b443-aed9eb8157d7",
  "title": "Untitled Session",
  "mode": "shannon"
}
[2025-11-19T03:41:45.339Z] INFO: Session completed
  Context: {
  "sessionId": "2d6cbf0f-abc6-4fdd-b443-aed9eb8157d7",
  "title": "Untitled Session",
  "totalThoughts": 1
}

[90mstdout[2m | tests/integration/error-handling.test.ts[2m > [22m[2mError Handling and Edge Cases[2m > [22m[2mMode-Specific Edge Cases[2m > [22m[2mshould handle temporal mode with minimal event data[22m[39m
[2025-11-19T03:41:45.340Z] INFO: Session created
  Context: {
  "sessionId": "db3d548f-9577-47a0-a884-719e40d16ffd",
  "title": "Untitled Session",
  "mode": "temporal"
}
[2025-11-19T03:41:45.340Z] INFO: Session completed
  Context: {
  "sessionId": "db3d548f-9577-47a0-a884-719e40d16ffd",
  "title": "Untitled Session",
  "totalThoughts": 1
}

 [32m✓[39m tests/integration/error-handling.test.ts [2m ([22m[2m36 tests[22m[2m)[22m[90m 169[2mms[22m[39m
[90mstdout[2m | tests/unit/session-manager.test.ts[2m > [22m[2mSessionManager[2m > [22m[2mcreateSession[2m > [22m[2mshould create a new session with default values[22m[39m
[2025-11-19T03:41:45.227Z] INFO: Session created
  Context: {
  "sessionId": "4cbeecce-ee7d-44bd-a1d7-f0fa69bce4aa",
  "title": "Untitled Session",
  "mode": "hybrid"
}

[90mstdout[2m | tests/unit/session-manager.test.ts[2m > [22m[2mSessionManager[2m > [22m[2mcreateSession[2m > [22m[2mshould create a session with custom options[22m[39m
[2025-11-19T03:41:45.265Z] INFO: Session created
  Context: {
  "sessionId": "f7dc8945-4be7-458e-879d-4b946382eb77",
  "title": "My Problem",
  "mode": "mathematics",
  "domain": "number_theory",
  "author": "Test User"
}

[90mstdout[2m | tests/unit/session-manager.test.ts[2m > [22m[2mSessionManager[2m > [22m[2mcreateSession[2m > [22m[2mshould initialize metrics correctly[22m[39m
[2025-11-19T03:41:45.322Z] INFO: Session created
  Context: {
  "sessionId": "31a55ba3-c41a-4b9e-8836-173447e73d7f",
  "title": "Untitled Session",
  "mode": "hybrid"
}

[90mstdout[2m | tests/unit/session-manager.test.ts[2m > [22m[2mSessionManager[2m > [22m[2mgetSession[2m > [22m[2mshould retrieve an existing session[22m[39m
[2025-11-19T03:41:45.377Z] INFO: Session created
  Context: {
  "sessionId": "57dd2efc-9015-457d-a4be-a5ef5b7936bd",
  "title": "Test Session",
  "mode": "hybrid"
}

[90mstdout[2m | tests/unit/session-manager.test.ts[2m > [22m[2mSessionManager[2m > [22m[2maddThought[2m > [22m[2mshould add a sequential thought to session[22m[39m
[2025-11-19T03:41:45.380Z] INFO: Session created
  Context: {
  "sessionId": "e45e3893-8d5f-4fac-97de-96121abc54bc",
  "title": "Untitled Session",
  "mode": "sequential"
}

[90mstdout[2m | tests/unit/session-manager.test.ts[2m > [22m[2mSessionManager[2m > [22m[2maddThought[2m > [22m[2mshould mark session as complete when nextThoughtNeeded is false[22m[39m
[2025-11-19T03:41:45.384Z] INFO: Session created
  Context: {
  "sessionId": "7e747a3f-f3a1-4fb2-a739-f4f9dea9ff2f",
  "title": "Untitled Session",
  "mode": "hybrid"
}
[2025-11-19T03:41:45.385Z] INFO: Session completed
  Context: {
  "sessionId": "7e747a3f-f3a1-4fb2-a739-f4f9dea9ff2f",
  "title": "Untitled Session",
  "totalThoughts": 1
}

[90mstdout[2m | tests/unit/session-manager.test.ts[2m > [22m[2mSessionManager[2m > [22m[2maddThought[2m > [22m[2mshould track revisions in metrics[22m[39m
[2025-11-19T03:41:45.386Z] INFO: Session created
  Context: {
  "sessionId": "a6b34217-3a06-434c-8aba-492a4cbeb4da",
  "title": "Untitled Session",
  "mode": "hybrid"
}

[90mstdout[2m | tests/unit/session-manager.test.ts[2m > [22m[2mSessionManager[2m > [22m[2maddThought[2m > [22m[2mshould calculate average uncertainty for Shannon thoughts[22m[39m
[2025-11-19T03:41:45.387Z] INFO: Session created
  Context: {
  "sessionId": "3e7e360a-f2ce-4ca9-a7fa-aadead7beb99",
  "title": "Untitled Session",
  "mode": "shannon"
}

[90mstderr[2m | tests/unit/session-manager.test.ts[2m > [22m[2mSessionManager[2m > [22m[2maddThought[2m > [22m[2mshould throw error for non-existent session[22m[39m
[2025-11-19T03:41:45.390Z] ERROR: Session not found
  Context: {
  "sessionId": "00000000-0000-4000-8000-000000000000"
}

[90mstdout[2m | tests/unit/session-manager.test.ts[2m > [22m[2mSessionManager[2m > [22m[2mswitchMode[2m > [22m[2mshould switch session mode[22m[39m
[2025-11-19T03:41:45.423Z] INFO: Session created
  Context: {
  "sessionId": "99f4d3fa-7bd1-4642-9125-27d3c56a21aa",
  "title": "Untitled Session",
  "mode": "sequential"
}
[2025-11-19T03:41:45.424Z] INFO: Session mode switched
  Context: {
  "sessionId": "99f4d3fa-7bd1-4642-9125-27d3c56a21aa",
  "oldMode": "sequential",
  "newMode": "shannon",
  "reason": "Need systematic approach"
}

[90mstderr[2m | tests/unit/session-manager.test.ts[2m > [22m[2mSessionManager[2m > [22m[2mswitchMode[2m > [22m[2mshould throw error for non-existent session[22m[39m
[2025-11-19T03:41:45.424Z] ERROR: Session not found
  Context: {
  "sessionId": "00000000-0000-4000-8000-000000000000"
}

[90mstdout[2m | tests/unit/session-manager.test.ts[2m > [22m[2mSessionManager[2m > [22m[2mlistSessions[2m > [22m[2mshould list all sessions[22m[39m
[2025-11-19T03:41:45.426Z] INFO: Session created
  Context: {
  "sessionId": "12a790e3-8349-475d-8075-44deaf85135c",
  "title": "Session 1",
  "mode": "hybrid"
}
[2025-11-19T03:41:45.426Z] INFO: Session created
  Context: {
  "sessionId": "63990b67-3892-45cd-905f-539a4d15a91e",
  "title": "Session 2",
  "mode": "hybrid"
}
[2025-11-19T03:41:45.427Z] INFO: Session created
  Context: {
  "sessionId": "ad0a177c-1e73-4125-8fab-3dcc9c72c725",
  "title": "Session 3",
  "mode": "hybrid"
}

[90mstdout[2m | tests/unit/session-manager.test.ts[2m > [22m[2mSessionManager[2m > [22m[2mdeleteSession[2m > [22m[2mshould delete a session[22m[39m
[2025-11-19T03:41:45.431Z] INFO: Session created
  Context: {
  "sessionId": "9529334a-ba5f-4548-be94-6e3a305aca7d",
  "title": "Untitled Session",
  "mode": "hybrid"
}
[2025-11-19T03:41:45.431Z] INFO: Session deleted
  Context: {
  "sessionId": "9529334a-ba5f-4548-be94-6e3a305aca7d",
  "title": "Untitled Session",
  "thoughtCount": 0
}

[90mstdout[2m | tests/unit/session-manager.test.ts[2m > [22m[2mSessionManager[2m > [22m[2mgenerateSummary[2m > [22m[2mshould generate a summary of session[22m[39m
[2025-11-19T03:41:45.432Z] INFO: Session created
  Context: {
  "sessionId": "f6006abb-d071-4618-87e7-57edae527877",
  "title": "Test Problem",
  "mode": "hybrid"
}
[2025-11-19T03:41:45.433Z] INFO: Session completed
  Context: {
  "sessionId": "f6006abb-d071-4618-87e7-57edae527877",
  "title": "Test Problem",
  "totalThoughts": 1
}

 [32m✓[39m tests/unit/session-manager.test.ts [2m ([22m[2m16 tests[22m[2m)[22m[90m 291[2mms[22m[39m
[90mstdout[2m | tests/integration/index-handlers.test.ts[2m > [22m[2mIndex.ts Handler Functions[2m > [22m[2mHandler Functions[2m > [22m[2mhandleAddThought()[2m > [22m[2mshould create new session if sessionId not provided[22m[39m
[2025-11-19T03:41:45.433Z] INFO: Session created
  Context: {
  "sessionId": "104b3c35-f15b-4690-b263-8338d7a50dbc",
  "title": "Test Session",
  "mode": "sequential"
}

[90mstdout[2m | tests/integration/index-handlers.test.ts[2m > [22m[2mIndex.ts Handler Functions[2m > [22m[2mHandler Functions[2m > [22m[2mhandleAddThought()[2m > [22m[2mshould add thought to existing session[22m[39m
[2025-11-19T03:41:45.460Z] INFO: Session created
  Context: {
  "sessionId": "90208164-448d-47e4-afb3-d04bdc295c5b",
  "title": "Test Session",
  "mode": "sequential"
}

[90mstdout[2m | tests/integration/index-handlers.test.ts[2m > [22m[2mIndex.ts Handler Functions[2m > [22m[2mHandler Functions[2m > [22m[2mhandleAddThought()[2m > [22m[2mshould handle all 13 modes in add_thought[22m[39m
[2025-11-19T03:41:45.464Z] INFO: Session created
  Context: {
  "sessionId": "36e65ea3-ddc8-4310-b43e-945912f889ad",
  "title": "Test sequential",
  "mode": "sequential"
}
[2025-11-19T03:41:45.465Z] INFO: Session completed
  Context: {
  "sessionId": "36e65ea3-ddc8-4310-b43e-945912f889ad",
  "title": "Test sequential",
  "totalThoughts": 1
}
[2025-11-19T03:41:45.466Z] INFO: Session created
  Context: {
  "sessionId": "0e026f2a-1ce4-4f7d-b601-c1a6e0aab419",
  "title": "Test shannon",
  "mode": "shannon"
}
[2025-11-19T03:41:45.466Z] INFO: Session completed
  Context: {
  "sessionId": "0e026f2a-1ce4-4f7d-b601-c1a6e0aab419",
  "title": "Test shannon",
  "totalThoughts": 1
}
[2025-11-19T03:41:45.467Z] INFO: Session created
  Context: {
  "sessionId": "40a50a2a-d173-4c2f-a688-0cadbf5e6566",
  "title": "Test mathematics",
  "mode": "mathematics"
}
[2025-11-19T03:41:45.467Z] INFO: Session completed
  Context: {
  "sessionId": "40a50a2a-d173-4c2f-a688-0cadbf5e6566",
  "title": "Test mathematics",
  "totalThoughts": 1
}
[2025-11-19T03:41:45.468Z] INFO: Session created
  Context: {
  "sessionId": "f4e2cf3d-84ee-4114-8a5f-84e4d08efaa0",
  "title": "Test physics",
  "mode": "physics"
}
[2025-11-19T03:41:45.468Z] INFO: Session completed
  Context: {
  "sessionId": "f4e2cf3d-84ee-4114-8a5f-84e4d08efaa0",
  "title": "Test physics",
  "totalThoughts": 1
}
[2025-11-19T03:41:45.469Z] INFO: Session created
  Context: {
  "sessionId": "c1781085-329f-4916-8f51-b8d77408553d",
  "title": "Test hybrid",
  "mode": "hybrid"
}
[2025-11-19T03:41:45.469Z] INFO: Session completed
  Context: {
  "sessionId": "c1781085-329f-4916-8f51-b8d77408553d",
  "title": "Test hybrid",
  "totalThoughts": 1
}
[2025-11-19T03:41:45.470Z] INFO: Session created
  Context: {
  "sessionId": "3559131e-9976-46ac-9260-20f5861ea005",
  "title": "Test abductive",
  "mode": "abductive"
}
[2025-11-19T03:41:45.470Z] INFO: Session completed
  Context: {
  "sessionId": "3559131e-9976-46ac-9260-20f5861ea005",
  "title": "Test abductive",
  "totalThoughts": 1
}
[2025-11-19T03:41:45.470Z] INFO: Session created
  Context: {
  "sessionId": "ba4b869f-137d-414b-b0fa-2911ee42b965",
  "title": "Test causal",
  "mode": "causal"
}
[2025-11-19T03:41:45.471Z] INFO: Session completed
  Context: {
  "sessionId": "ba4b869f-137d-414b-b0fa-2911ee42b965",
  "title": "Test causal",
  "totalThoughts": 1
}
[2025-11-19T03:41:45.471Z] INFO: Session created
  Context: {
  "sessionId": "844db169-e807-418e-89d9-b6e62054a4df",
  "title": "Test bayesian",
  "mode": "bayesian"
}
[2025-11-19T03:41:45.472Z] INFO: Session completed
  Context: {
  "sessionId": "844db169-e807-418e-89d9-b6e62054a4df",
  "title": "Test bayesian",
  "totalThoughts": 1
}
[2025-11-19T03:41:45.472Z] INFO: Session created
  Context: {
  "sessionId": "a22aa036-6c9d-4edd-9f6b-d00a6b716101",
  "title": "Test counterfactual",
  "mode": "counterfactual"
}
[2025-11-19T03:41:45.473Z] INFO: Session completed
  Context: {
  "sessionId": "a22aa036-6c9d-4edd-9f6b-d00a6b716101",
  "title": "Test counterfactual",
  "totalThoughts": 1
}
[2025-11-19T03:41:45.474Z] INFO: Session created
  Context: {
  "sessionId": "38be94f6-1403-4719-8171-748a3240d5be",
  "title": "Test analogical",
  "mode": "analogical"
}
[2025-11-19T03:41:45.474Z] INFO: Session completed
  Context: {
  "sessionId": "38be94f6-1403-4719-8171-748a3240d5be",
  "title": "Test analogical",
  "totalThoughts": 1
}
[2025-11-19T03:41:45.475Z] INFO: Session created
  Context: {
  "sessionId": "8c173464-34f6-4a3b-aa38-743480443096",
  "title": "Test temporal",
  "mode": "temporal"
}
[2025-11-19T03:41:45.475Z] INFO: Session completed
  Context: {
  "sessionId": "8c173464-34f6-4a3b-aa38-743480443096",
  "title": "Test temporal",
  "totalThoughts": 1
}
[2025-11-19T03:41:45.477Z] INFO: Session created
  Context: {
  "sessionId": "ace8152c-d713-4909-ab64-2a22471419a2",
  "title": "Test gametheory",
  "mode": "gametheory"
}
[2025-11-19T03:41:45.477Z] INFO: Session completed
  Context: {
  "sessionId": "ace8152c-d713-4909-ab64-2a22471419a2",
  "title": "Test gametheory",
  "totalThoughts": 1
}
[2025-11-19T03:41:45.478Z] INFO: Session created
  Context: {
  "sessionId": "5c24e63a-3ac5-449c-a8c7-63fa6a253cef",
  "title": "Test evidential",
  "mode": "evidential"
}
[2025-11-19T03:41:45.478Z] INFO: Session completed
  Context: {
  "sessionId": "5c24e63a-3ac5-449c-a8c7-63fa6a253cef",
  "title": "Test evidential",
  "totalThoughts": 1
}

[90mstdout[2m | tests/integration/index-handlers.test.ts[2m > [22m[2mIndex.ts Handler Functions[2m > [22m[2mHandler Functions[2m > [22m[2mhandleSummarize()[2m > [22m[2mshould generate summary for session with thoughts[22m[39m
[2025-11-19T03:41:45.483Z] INFO: Session created
  Context: {
  "sessionId": "25fb72bb-6d7f-4580-925b-4b86d1dc6bb7",
  "title": "Test Session",
  "mode": "sequential"
}

[90mstdout[2m | tests/integration/index-handlers.test.ts[2m > [22m[2mIndex.ts Handler Functions[2m > [22m[2mHandler Functions[2m > [22m[2mhandleSummarize()[2m > [22m[2mshould generate summary for empty session[22m[39m
[2025-11-19T03:41:45.484Z] INFO: Session created
  Context: {
  "sessionId": "fc72fa45-2aef-4a50-ae80-6783400a2971",
  "title": "Empty Session",
  "mode": "sequential"
}

[90mstdout[2m | tests/integration/index-handlers.test.ts[2m > [22m[2mIndex.ts Handler Functions[2m > [22m[2mHandler Functions[2m > [22m[2mhandleSwitchMode()[2m > [22m[2mshould switch mode successfully[22m[39m
[2025-11-19T03:41:45.488Z] INFO: Session created
  Context: {
  "sessionId": "aba8520e-ac37-41e4-a70e-e94d68b17725",
  "title": "Test Session",
  "mode": "sequential"
}
[2025-11-19T03:41:45.489Z] INFO: Session mode switched
  Context: {
  "sessionId": "aba8520e-ac37-41e4-a70e-e94d68b17725",
  "oldMode": "sequential",
  "newMode": "shannon",
  "reason": "User requested mode switch"
}

[90mstdout[2m | tests/integration/index-handlers.test.ts[2m > [22m[2mIndex.ts Handler Functions[2m > [22m[2mHandler Functions[2m > [22m[2mhandleSwitchMode()[2m > [22m[2mshould switch between all 13 modes[22m[39m
[2025-11-19T03:41:45.489Z] INFO: Session created
  Context: {
  "sessionId": "e5e34307-631a-4c25-93b8-48bf274c5221",
  "title": "Multi-mode Session",
  "mode": "hybrid"
}
[2025-11-19T03:41:45.490Z] INFO: Session mode switched
  Context: {
  "sessionId": "e5e34307-631a-4c25-93b8-48bf274c5221",
  "oldMode": "hybrid",
  "newMode": "sequential",
  "reason": "Switching to sequential"
}
[2025-11-19T03:41:45.490Z] INFO: Session mode switched
  Context: {
  "sessionId": "e5e34307-631a-4c25-93b8-48bf274c5221",
  "oldMode": "sequential",
  "newMode": "shannon",
  "reason": "Switching to shannon"
}
[2025-11-19T03:41:45.490Z] INFO: Session mode switched
  Context: {
  "sessionId": "e5e34307-631a-4c25-93b8-48bf274c5221",
  "oldMode": "shannon",
  "newMode": "mathematics",
  "reason": "Switching to mathematics"
}
[2025-11-19T03:41:45.490Z] INFO: Session mode switched
  Context: {
  "sessionId": "e5e34307-631a-4c25-93b8-48bf274c5221",
  "oldMode": "mathematics",
  "newMode": "physics",
  "reason": "Switching to physics"
}
[2025-11-19T03:41:45.490Z] INFO: Session mode switched
  Context: {
  "sessionId": "e5e34307-631a-4c25-93b8-48bf274c5221",
  "oldMode": "physics",
  "newMode": "abductive",
  "reason": "Switching to abductive"
}
[2025-11-19T03:41:45.490Z] INFO: Session mode switched
  Context: {
  "sessionId": "e5e34307-631a-4c25-93b8-48bf274c5221",
  "oldMode": "abductive",
  "newMode": "causal",
  "reason": "Switching to causal"
}
[2025-11-19T03:41:45.490Z] INFO: Session mode switched
  Context: {
  "sessionId": "e5e34307-631a-4c25-93b8-48bf274c5221",
  "oldMode": "causal",
  "newMode": "bayesian",
  "reason": "Switching to bayesian"
}
[2025-11-19T03:41:45.490Z] INFO: Session mode switched
  Context: {
  "sessionId": "e5e34307-631a-4c25-93b8-48bf274c5221",
  "oldMode": "bayesian",
  "newMode": "counterfactual",
  "reason": "Switching to counterfactual"
}
[2025-11-19T03:41:45.491Z] INFO: Session mode switched
  Context: {
  "sessionId": "e5e34307-631a-4c25-93b8-48bf274c5221",
  "oldMode": "counterfactual",
  "newMode": "analogical",
  "reason": "Switching to analogical"
}
[2025-11-19T03:41:45.491Z] INFO: Session mode switched
  Context: {
  "sessionId": "e5e34307-631a-4c25-93b8-48bf274c5221",
  "oldMode": "analogical",
  "newMode": "temporal",
  "reason": "Switching to temporal"
}
[2025-11-19T03:41:45.491Z] INFO: Session mode switched
  Context: {
  "sessionId": "e5e34307-631a-4c25-93b8-48bf274c5221",
  "oldMode": "temporal",
  "newMode": "gametheory",
  "reason": "Switching to gametheory"
}
[2025-11-19T03:41:45.491Z] INFO: Session mode switched
  Context: {
  "sessionId": "e5e34307-631a-4c25-93b8-48bf274c5221",
  "oldMode": "gametheory",
  "newMode": "evidential",
  "reason": "Switching to evidential"
}
[2025-11-19T03:41:45.491Z] INFO: Session mode switched
  Context: {
  "sessionId": "e5e34307-631a-4c25-93b8-48bf274c5221",
  "oldMode": "evidential",
  "newMode": "hybrid",
  "reason": "Switching to hybrid"
}

[90mstdout[2m | tests/integration/index-handlers.test.ts[2m > [22m[2mIndex.ts Handler Functions[2m > [22m[2mHandler Functions[2m > [22m[2mhandleGetSession()[2m > [22m[2mshould retrieve session with all properties[22m[39m
[2025-11-19T03:41:45.492Z] INFO: Session created
  Context: {
  "sessionId": "abdb47d1-4f91-4a77-b811-d3172dc46ade",
  "title": "Test Session",
  "mode": "sequential"
}

[90mstdout[2m | tests/integration/index-handlers.test.ts[2m > [22m[2mIndex.ts Handler Functions[2m > [22m[2mHandler Functions[2m > [22m[2mhandleGetSession()[2m > [22m[2mshould retrieve session with thoughts[22m[39m
[2025-11-19T03:41:45.493Z] INFO: Session created
  Context: {
  "sessionId": "b67425ce-d8c7-4b48-8546-826747f6d684",
  "title": "Session with Thoughts",
  "mode": "sequential"
}
[2025-11-19T03:41:45.494Z] INFO: Session completed
  Context: {
  "sessionId": "b67425ce-d8c7-4b48-8546-826747f6d684",
  "title": "Session with Thoughts",
  "totalThoughts": 1
}

[90mstdout[2m | tests/integration/index-handlers.test.ts[2m > [22m[2mIndex.ts Handler Functions[2m > [22m[2mHandler Functions[2m > [22m[2mhandleExport()[2m > [22m[2mshould export session in JSON format[22m[39m
[2025-11-19T03:41:45.502Z] INFO: Session created
  Context: {
  "sessionId": "db3acc40-9eb2-4888-b8af-786feeb88f93",
  "title": "Export Test",
  "mode": "sequential"
}
[2025-11-19T03:41:45.503Z] INFO: Session completed
  Context: {
  "sessionId": "db3acc40-9eb2-4888-b8af-786feeb88f93",
  "title": "Export Test",
  "totalThoughts": 1
}

 [32m✓[39m tests/integration/index-handlers.test.ts [2m ([22m[2m33 tests[22m[2m)[22m[33m 335[2mms[22m[39m
[90mstdout[2m | tests/benchmarks/metrics-performance.test.ts[2m > [22m[2mMetrics Performance Benchmark[2m > [22m[2mshould show performance improvement with incremental calculation[22m[39m
[2025-11-19T03:41:45.962Z] INFO: Session created
  Context: {
  "sessionId": "21023c89-0d23-4ac6-9e06-22bad245c871",
  "title": "Performance Test",
  "mode": "sequential"
}

📊 Benchmark: Adding 1000 thoughts with uncertainty tracking
[2025-11-19T03:41:46.011Z] INFO: Session completed
  Context: {
  "sessionId": "21023c89-0d23-4ac6-9e06-22bad245c871",
  "title": "Performance Test",
  "totalThoughts": 1000
}
✅ Total time: 46.58ms
✅ Average time per thought: 0.0466ms
✅ Expected average uncertainty: 0.503943
✅ Actual average uncertainty: 0.503943
✅ Accuracy verified: PASS

🎯 Performance: EXCELLENT

[90mstdout[2m | tests/benchmarks/metrics-performance.test.ts[2m > [22m[2mMetrics Performance Benchmark[2m > [22m[2mshould maintain O(1) complexity regardless of session size[22m[39m

📈 Complexity Analysis: Testing O(1) behavior
[2025-11-19T03:41:46.042Z] INFO: Session created
  Context: {
  "sessionId": "7ec33696-0535-4ef3-9eac-9d550034787d",
  "title": "Test Session 100",
  "mode": "sequential"
}
[2025-11-19T03:41:46.059Z] INFO: Session completed
  Context: {
  "sessionId": "7ec33696-0535-4ef3-9eac-9d550034787d",
  "title": "Test Session 100",
  "totalThoughts": 100
}
  Session size 100: 0.1721ms per thought
[2025-11-19T03:41:46.060Z] INFO: Session created
  Context: {
  "sessionId": "a7abc49d-3b2e-46d1-9a37-d78b9ca86263",
  "title": "Test Session 500",
  "mode": "sequential"
}
[2025-11-19T03:41:46.068Z] INFO: Session completed
  Context: {
  "sessionId": "a7abc49d-3b2e-46d1-9a37-d78b9ca86263",
  "title": "Test Session 500",
  "totalThoughts": 500
}
  Session size 500: 0.0068ms per thought
[2025-11-19T03:41:46.068Z] INFO: Session created
  Context: {
  "sessionId": "1dcec1ca-4c7c-4a9d-ad52-41753707c53e",
  "title": "Test Session 1000",
  "mode": "sequential"
}
[2025-11-19T03:41:46.075Z] INFO: Session completed
  Context: {
  "sessionId": "1dcec1ca-4c7c-4a9d-ad52-41753707c53e",
  "title": "Test Session 1000",
  "totalThoughts": 1000
}
  Session size 1000: 0.0076ms per thought

  Min: 0.0068ms, Max: 0.1721ms, Overall Ratio: 25.18x
  Ratio (500 vs 1000): 1.11x
  Complexity: O(1) ✅

 [32m✓[39m tests/benchmarks/metrics-performance.test.ts [2m ([22m[2m2 tests[22m[2m)[22m[90m 126[2mms[22m[39m
[90mstdout[2m | tests/integration/mcp-protocol.test.ts[2m > [22m[2mMCP Protocol Compliance[2m > [22m[2mMCP Response Format Compliance[2m > [22m[2mshould return MCP-compliant response for successful operation[22m[39m
[2025-11-19T03:41:47.019Z] INFO: Session created
  Context: {
  "sessionId": "8325a818-1b35-4533-a55a-187ba201bffd",
  "title": "Test Session",
  "mode": "sequential"
}

 [32m✓[39m tests/integration/mcp-protocol.test.ts [2m ([22m[2m43 tests[22m[2m)[22m[33m 413[2mms[22m[39m
 [32m✓[39m tests/integration/session-workflow.test.ts [2m ([22m[2m7 tests[22m[2m)[22m[90m 51[2mms[22m[39m
[90mstdout[2m | tests/integration/session-workflow.test.ts[2m > [22m[2mSession Workflow Integration[2m > [22m[2mshould complete full sequential thinking workflow[22m[39m
[2025-11-19T03:41:48.819Z] INFO: Session created
  Context: {
  "sessionId": "b26cec6e-55d7-4000-943d-8b03a608b65a",
  "title": "Solve Prime Factorization Problem",
  "mode": "sequential"
}
[2025-11-19T03:41:48.831Z] INFO: Session completed
  Context: {
  "sessionId": "b26cec6e-55d7-4000-943d-8b03a608b65a",
  "title": "Solve Prime Factorization Problem",
  "totalThoughts": 5
}

[90mstdout[2m | tests/integration/session-workflow.test.ts[2m > [22m[2mSession Workflow Integration[2m > [22m[2mshould handle mathematics mode with validation[22m[39m
[2025-11-19T03:41:48.840Z] INFO: Session created
  Context: {
  "sessionId": "0b4736b7-50e9-47da-bb53-98f36a80df40",
  "title": "Prove Fundamental Theorem",
  "mode": "mathematics"
}
[2025-11-19T03:41:48.841Z] INFO: Session completed
  Context: {
  "sessionId": "0b4736b7-50e9-47da-bb53-98f36a80df40",
  "title": "Prove Fundamental Theorem",
  "totalThoughts": 3
}

[90mstdout[2m | tests/integration/session-workflow.test.ts[2m > [22m[2mSession Workflow Integration[2m > [22m[2mshould handle mode switching mid-session[22m[39m
[2025-11-19T03:41:48.842Z] INFO: Session created
  Context: {
  "sessionId": "3cab1865-2057-4e95-b779-bb75cb442adf",
  "title": "Problem Solving Session",
  "mode": "sequential"
}
[2025-11-19T03:41:48.843Z] INFO: Session mode switched
  Context: {
  "sessionId": "3cab1865-2057-4e95-b779-bb75cb442adf",
  "oldMode": "sequential",
  "newMode": "shannon",
  "reason": "Need more structure"
}
[2025-11-19T03:41:48.843Z] INFO: Session completed
  Context: {
  "sessionId": "3cab1865-2057-4e95-b779-bb75cb442adf",
  "title": "Problem Solving Session",
  "totalThoughts": 3
}

[90mstdout[2m | tests/integration/session-workflow.test.ts[2m > [22m[2mSession Workflow Integration[2m > [22m[2mshould track validation cache statistics[22m[39m
[2025-11-19T03:41:48.844Z] INFO: Session created
  Context: {
  "sessionId": "49201651-d6d4-4593-bef4-185796ed6d62",
  "title": "Cache Test Session",
  "mode": "sequential"
}
[2025-11-19T03:41:48.845Z] INFO: Session completed
  Context: {
  "sessionId": "49201651-d6d4-4593-bef4-185796ed6d62",
  "title": "Cache Test Session",
  "totalThoughts": 3
}

[90mstdout[2m | tests/integration/session-workflow.test.ts[2m > [22m[2mSession Workflow Integration[2m > [22m[2mshould handle multiple concurrent sessions[22m[39m
[2025-11-19T03:41:48.846Z] INFO: Session created
  Context: {
  "sessionId": "6a318ab2-b090-4b70-879b-945a3be42cc2",
  "title": "Session 1",
  "mode": "sequential"
}
[2025-11-19T03:41:48.847Z] INFO: Session created
  Context: {
  "sessionId": "1c7d00a4-5b74-4cd2-9ef5-263aa98b433b",
  "title": "Session 2",
  "mode": "mathematics"
}
[2025-11-19T03:41:48.847Z] INFO: Session created
  Context: {
  "sessionId": "817a94b2-c83c-413b-95e7-cfc23a6ffc7a",
  "title": "Session 3",
  "mode": "shannon"
}
[2025-11-19T03:41:48.847Z] INFO: Session completed
  Context: {
  "sessionId": "6a318ab2-b090-4b70-879b-945a3be42cc2",
  "title": "Session 1",
  "totalThoughts": 1
}
[2025-11-19T03:41:48.847Z] INFO: Session completed
  Context: {
  "sessionId": "1c7d00a4-5b74-4cd2-9ef5-263aa98b433b",
  "title": "Session 2",
  "totalThoughts": 1
}
[2025-11-19T03:41:48.847Z] INFO: Session completed
  Context: {
  "sessionId": "817a94b2-c83c-413b-95e7-cfc23a6ffc7a",
  "title": "Session 3",
  "totalThoughts": 1
}

[90mstdout[2m | tests/integration/session-workflow.test.ts[2m > [22m[2mSession Workflow Integration[2m > [22m[2mshould handle session deletion[22m[39m
[2025-11-19T03:41:48.849Z] INFO: Session created
  Context: {
  "sessionId": "9eb3ab72-619b-412e-8059-5b897e8874eb",
  "title": "Temporary Session",
  "mode": "sequential"
}
[2025-11-19T03:41:48.849Z] INFO: Session completed
  Context: {
  "sessionId": "9eb3ab72-619b-412e-8059-5b897e8874eb",
  "title": "Temporary Session",
  "totalThoughts": 1
}
[2025-11-19T03:41:48.849Z] INFO: Session deleted
  Context: {
  "sessionId": "9eb3ab72-619b-412e-8059-5b897e8874eb",
  "title": "Temporary Session",
  "thoughtCount": 1
}

[90mstdout[2m | tests/integration/session-workflow.test.ts[2m > [22m[2mSession Workflow Integration[2m > [22m[2mshould maintain metrics accuracy across workflow[22m[39m
[2025-11-19T03:41:48.851Z] INFO: Session created
  Context: {
  "sessionId": "b1036c73-3197-46bc-b6f7-baddaa12c50a",
  "title": "Metrics Test",
  "mode": "sequential"
}
[2025-11-19T03:41:48.851Z] INFO: Session completed
  Context: {
  "sessionId": "b1036c73-3197-46bc-b6f7-baddaa12c50a",
  "title": "Metrics Test",
  "totalThoughts": 5
}


[2m Test Files [22m [1m[32m7 passed[39m[22m[90m (7)[39m
[2m      Tests [22m [1m[32m155 passed[39m[22m[90m (155)[39m
[2m   Start at [22m 22:41:41
[2m   Duration [22m 9.48s


[1m[7m[32m PASS [39m[27m[22m[32m Waiting for file changes...[39m
       [2mpress [22m[1mh[22m[2m to show help[22m[2m, [22m[2mpress [22m[1mq[22m[2m to quit[22m
[3Jc
[7m[1m[34m RERUN [39m[22m[27m[2m src/session/manager.ts[22m

[90mstdout[2m | tests/integration/index-handlers.test.ts[2m > [22m[2mIndex.ts Handler Functions[2m > [22m[2mHandler Functions[2m > [22m[2mhandleAddThought()[2m > [22m[2mshould create new session if sessionId not provided[22m[39m
[2025-11-19T03:44:45.922Z] INFO: Session created
  Context: {
  "sessionId": "f42da0ed-0276-41a2-87ed-88b88a84b4fc",
  "title": "Test Session",
  "mode": "sequential"
}

[90mstdout[2m | tests/integration/index-handlers.test.ts[2m > [22m[2mIndex.ts Handler Functions[2m > [22m[2mHandler Functions[2m > [22m[2mhandleAddThought()[2m > [22m[2mshould add thought to existing session[22m[39m
[2025-11-19T03:44:45.936Z] INFO: Session created
  Context: {
  "sessionId": "38d5ecb1-a43c-4b77-8730-d1ab743fe8fc",
  "title": "Test Session",
  "mode": "sequential"
}

[90mstdout[2m | tests/integration/index-handlers.test.ts[2m > [22m[2mIndex.ts Handler Functions[2m > [22m[2mHandler Functions[2m > [22m[2mhandleAddThought()[2m > [22m[2mshould handle all 13 modes in add_thought[22m[39m
[2025-11-19T03:44:45.941Z] INFO: Session created
  Context: {
  "sessionId": "8b9b7bc0-aee7-4654-a238-bfacb14ce498",
  "title": "Test sequential",
  "mode": "sequential"
}
[2025-11-19T03:44:45.941Z] INFO: Session completed
  Context: {
  "sessionId": "8b9b7bc0-aee7-4654-a238-bfacb14ce498",
  "title": "Test sequential",
  "totalThoughts": 1
}
[2025-11-19T03:44:45.944Z] INFO: Session created
  Context: {
  "sessionId": "a009a6c2-0ab5-4b9f-bf94-eadf72147995",
  "title": "Test shannon",
  "mode": "shannon"
}
[2025-11-19T03:44:45.944Z] INFO: Session completed
  Context: {
  "sessionId": "a009a6c2-0ab5-4b9f-bf94-eadf72147995",
  "title": "Test shannon",
  "totalThoughts": 1
}
[2025-11-19T03:44:45.945Z] INFO: Session created
  Context: {
  "sessionId": "112e1c97-8331-4b12-a176-29e49cb8a3e3",
  "title": "Test mathematics",
  "mode": "mathematics"
}
[2025-11-19T03:44:45.946Z] INFO: Session completed
  Context: {
  "sessionId": "112e1c97-8331-4b12-a176-29e49cb8a3e3",
  "title": "Test mathematics",
  "totalThoughts": 1
}
[2025-11-19T03:44:45.946Z] INFO: Session created
  Context: {
  "sessionId": "42c11b5f-cc82-45df-bd4f-b9d754174b11",
  "title": "Test physics",
  "mode": "physics"
}
[2025-11-19T03:44:45.947Z] INFO: Session completed
  Context: {
  "sessionId": "42c11b5f-cc82-45df-bd4f-b9d754174b11",
  "title": "Test physics",
  "totalThoughts": 1
}
[2025-11-19T03:44:45.948Z] INFO: Session created
  Context: {
  "sessionId": "8f9fc9af-5dd1-493c-845a-deaf63caa931",
  "title": "Test hybrid",
  "mode": "hybrid"
}
[2025-11-19T03:44:45.948Z] INFO: Session completed
  Context: {
  "sessionId": "8f9fc9af-5dd1-493c-845a-deaf63caa931",
  "title": "Test hybrid",
  "totalThoughts": 1
}
[2025-11-19T03:44:45.949Z] INFO: Session created
  Context: {
  "sessionId": "da01ee80-5532-46e4-9f2a-02ef810c86cb",
  "title": "Test abductive",
  "mode": "abductive"
}
[2025-11-19T03:44:45.949Z] INFO: Session completed
  Context: {
  "sessionId": "da01ee80-5532-46e4-9f2a-02ef810c86cb",
  "title": "Test abductive",
  "totalThoughts": 1
}
[2025-11-19T03:44:45.950Z] INFO: Session created
  Context: {
  "sessionId": "bcd345d2-f895-4b85-a917-613b3fc30cd3",
  "title": "Test causal",
  "mode": "causal"
}
[2025-11-19T03:44:45.950Z] INFO: Session completed
  Context: {
  "sessionId": "bcd345d2-f895-4b85-a917-613b3fc30cd3",
  "title": "Test causal",
  "totalThoughts": 1
}
[2025-11-19T03:44:45.951Z] INFO: Session created
  Context: {
  "sessionId": "801f14ac-57aa-4695-a1c4-df07bd35d8a8",
  "title": "Test bayesian",
  "mode": "bayesian"
}
[2025-11-19T03:44:45.951Z] INFO: Session completed
  Context: {
  "sessionId": "801f14ac-57aa-4695-a1c4-df07bd35d8a8",
  "title": "Test bayesian",
  "totalThoughts": 1
}
[2025-11-19T03:44:45.952Z] INFO: Session created
  Context: {
  "sessionId": "ab82ab5f-1d89-4adc-a7b6-9b10b5049a47",
  "title": "Test counterfactual",
  "mode": "counterfactual"
}
[2025-11-19T03:44:45.952Z] INFO: Session completed
  Context: {
  "sessionId": "ab82ab5f-1d89-4adc-a7b6-9b10b5049a47",
  "title": "Test counterfactual",
  "totalThoughts": 1
}
[2025-11-19T03:44:45.953Z] INFO: Session created
  Context: {
  "sessionId": "346f3296-13fb-4456-af86-3726c58cb80b",
  "title": "Test analogical",
  "mode": "analogical"
}
[2025-11-19T03:44:45.953Z] INFO: Session completed
  Context: {
  "sessionId": "346f3296-13fb-4456-af86-3726c58cb80b",
  "title": "Test analogical",
  "totalThoughts": 1
}
[2025-11-19T03:44:45.953Z] INFO: Session created
  Context: {
  "sessionId": "b6ac8498-0670-4f70-a99a-73c7c6799cdd",
  "title": "Test temporal",
  "mode": "temporal"
}
[2025-11-19T03:44:45.954Z] INFO: Session completed
  Context: {
  "sessionId": "b6ac8498-0670-4f70-a99a-73c7c6799cdd",
  "title": "Test temporal",
  "totalThoughts": 1
}
[2025-11-19T03:44:45.954Z] INFO: Session created
  Context: {
  "sessionId": "79836334-3ba9-4b0b-8ae3-7f14a70f859a",
  "title": "Test gametheory",
  "mode": "gametheory"
}
[2025-11-19T03:44:45.954Z] INFO: Session completed
  Context: {
  "sessionId": "79836334-3ba9-4b0b-8ae3-7f14a70f859a",
  "title": "Test gametheory",
  "totalThoughts": 1
}
[2025-11-19T03:44:45.955Z] INFO: Session created
  Context: {
  "sessionId": "97de03b6-1871-4f75-8e6b-b7b8a7e84777",
  "title": "Test evidential",
  "mode": "evidential"
}
[2025-11-19T03:44:45.956Z] INFO: Session completed
  Context: {
  "sessionId": "97de03b6-1871-4f75-8e6b-b7b8a7e84777",
  "title": "Test evidential",
  "totalThoughts": 1
}

[90mstdout[2m | tests/integration/index-handlers.test.ts[2m > [22m[2mIndex.ts Handler Functions[2m > [22m[2mHandler Functions[2m > [22m[2mhandleSummarize()[2m > [22m[2mshould generate summary for session with thoughts[22m[39m
[2025-11-19T03:44:45.961Z] INFO: Session created
  Context: {
  "sessionId": "54b8058e-ad11-44c2-a3bc-e73fa4ae8dcb",
  "title": "Test Session",
  "mode": "sequential"
}

[90mstdout[2m | tests/integration/index-handlers.test.ts[2m > [22m[2mIndex.ts Handler Functions[2m > [22m[2mHandler Functions[2m > [22m[2mhandleSummarize()[2m > [22m[2mshould generate summary for empty session[22m[39m
[2025-11-19T03:44:45.963Z] INFO: Session created
  Context: {
  "sessionId": "9d4e5752-9f7d-4183-9b80-df397e118baa",
  "title": "Empty Session",
  "mode": "sequential"
}

[90mstdout[2m | tests/integration/index-handlers.test.ts[2m > [22m[2mIndex.ts Handler Functions[2m > [22m[2mHandler Functions[2m > [22m[2mhandleSwitchMode()[2m > [22m[2mshould switch mode successfully[22m[39m
[2025-11-19T03:44:45.967Z] INFO: Session created
  Context: {
  "sessionId": "2aacb9d7-c8e0-40c2-b3ae-692572eefd81",
  "title": "Test Session",
  "mode": "sequential"
}
[2025-11-19T03:44:45.967Z] INFO: Session mode switched
  Context: {
  "sessionId": "2aacb9d7-c8e0-40c2-b3ae-692572eefd81",
  "oldMode": "sequential",
  "newMode": "shannon",
  "reason": "User requested mode switch"
}

[90mstdout[2m | tests/integration/index-handlers.test.ts[2m > [22m[2mIndex.ts Handler Functions[2m > [22m[2mHandler Functions[2m > [22m[2mhandleSwitchMode()[2m > [22m[2mshould switch between all 13 modes[22m[39m
[2025-11-19T03:44:45.968Z] INFO: Session created
  Context: {
  "sessionId": "020ff540-20d1-4112-ab59-8077d249ed24",
  "title": "Multi-mode Session",
  "mode": "hybrid"
}
[2025-11-19T03:44:45.968Z] INFO: Session mode switched
  Context: {
  "sessionId": "020ff540-20d1-4112-ab59-8077d249ed24",
  "oldMode": "hybrid",
  "newMode": "sequential",
  "reason": "Switching to sequential"
}
[2025-11-19T03:44:45.968Z] INFO: Session mode switched
  Context: {
  "sessionId": "020ff540-20d1-4112-ab59-8077d249ed24",
  "oldMode": "sequential",
  "newMode": "shannon",
  "reason": "Switching to shannon"
}
[2025-11-19T03:44:45.969Z] INFO: Session mode switched
  Context: {
  "sessionId": "020ff540-20d1-4112-ab59-8077d249ed24",
  "oldMode": "shannon",
  "newMode": "mathematics",
  "reason": "Switching to mathematics"
}
[2025-11-19T03:44:45.969Z] INFO: Session mode switched
  Context: {
  "sessionId": "020ff540-20d1-4112-ab59-8077d249ed24",
  "oldMode": "mathematics",
  "newMode": "physics",
  "reason": "Switching to physics"
}
[2025-11-19T03:44:45.969Z] INFO: Session mode switched
  Context: {
  "sessionId": "020ff540-20d1-4112-ab59-8077d249ed24",
  "oldMode": "physics",
  "newMode": "abductive",
  "reason": "Switching to abductive"
}
[2025-11-19T03:44:45.969Z] INFO: Session mode switched
  Context: {
  "sessionId": "020ff540-20d1-4112-ab59-8077d249ed24",
  "oldMode": "abductive",
  "newMode": "causal",
  "reason": "Switching to causal"
}
[2025-11-19T03:44:45.969Z] INFO: Session mode switched
  Context: {
  "sessionId": "020ff540-20d1-4112-ab59-8077d249ed24",
  "oldMode": "causal",
  "newMode": "bayesian",
  "reason": "Switching to bayesian"
}
[2025-11-19T03:44:45.969Z] INFO: Session mode switched
  Context: {
  "sessionId": "020ff540-20d1-4112-ab59-8077d249ed24",
  "oldMode": "bayesian",
  "newMode": "counterfactual",
  "reason": "Switching to counterfactual"
}
[2025-11-19T03:44:45.984Z] INFO: Session mode switched
  Context: {
  "sessionId": "020ff540-20d1-4112-ab59-8077d249ed24",
  "oldMode": "counterfactual",
  "newMode": "analogical",
  "reason": "Switching to analogical"
}
[2025-11-19T03:44:45.984Z] INFO: Session mode switched
  Context: {
  "sessionId": "020ff540-20d1-4112-ab59-8077d249ed24",
  "oldMode": "analogical",
  "newMode": "temporal",
  "reason": "Switching to temporal"
}
[2025-11-19T03:44:45.984Z] INFO: Session mode switched
  Context: {
  "sessionId": "020ff540-20d1-4112-ab59-8077d249ed24",
  "oldMode": "temporal",
  "newMode": "gametheory",
  "reason": "Switching to gametheory"
}
[2025-11-19T03:44:45.985Z] INFO: Session mode switched
  Context: {
  "sessionId": "020ff540-20d1-4112-ab59-8077d249ed24",
  "oldMode": "gametheory",
  "newMode": "evidential",
  "reason": "Switching to evidential"
}
[2025-11-19T03:44:45.985Z] INFO: Session mode switched
  Context: {
  "sessionId": "020ff540-20d1-4112-ab59-8077d249ed24",
  "oldMode": "evidential",
  "newMode": "hybrid",
  "reason": "Switching to hybrid"
}

[90mstdout[2m | tests/integration/index-handlers.test.ts[2m > [22m[2mIndex.ts Handler Functions[2m > [22m[2mHandler Functions[2m > [22m[2mhandleGetSession()[2m > [22m[2mshould retrieve session with all properties[22m[39m
[2025-11-19T03:44:45.986Z] INFO: Session created
  Context: {
  "sessionId": "c88ffc1c-0700-422b-9f5f-001f567c66e2",
  "title": "Test Session",
  "mode": "sequential"
}

[90mstdout[2m | tests/integration/index-handlers.test.ts[2m > [22m[2mIndex.ts Handler Functions[2m > [22m[2mHandler Functions[2m > [22m[2mhandleGetSession()[2m > [22m[2mshould retrieve session with thoughts[22m[39m
[2025-11-19T03:44:45.987Z] INFO: Session created
  Context: {
  "sessionId": "5f22722b-5d6b-413c-a8d5-e815bda077ef",
  "title": "Session with Thoughts",
  "mode": "sequential"
}
[2025-11-19T03:44:45.988Z] INFO: Session completed
  Context: {
  "sessionId": "5f22722b-5d6b-413c-a8d5-e815bda077ef",
  "title": "Session with Thoughts",
  "totalThoughts": 1
}

[90mstdout[2m | tests/integration/index-handlers.test.ts[2m > [22m[2mIndex.ts Handler Functions[2m > [22m[2mHandler Functions[2m > [22m[2mhandleExport()[2m > [22m[2mshould export session in JSON format[22m[39m
[2025-11-19T03:44:45.989Z] INFO: Session created
  Context: {
  "sessionId": "a892f8b9-3b79-4215-8e33-c10d4bab7780",
  "title": "Export Test",
  "mode": "sequential"
}
[2025-11-19T03:44:45.989Z] INFO: Session completed
  Context: {
  "sessionId": "a892f8b9-3b79-4215-8e33-c10d4bab7780",
  "title": "Export Test",
  "totalThoughts": 1
}

 [32m✓[39m tests/integration/index-handlers.test.ts [2m ([22m[2m33 tests[22m[2m)[22m[90m 123[2mms[22m[39m
[90mstdout[2m | tests/integration/mcp-protocol.test.ts[2m > [22m[2mMCP Protocol Compliance[2m > [22m[2mMCP Response Format Compliance[2m > [22m[2mshould return MCP-compliant response for successful operation[22m[39m
[2025-11-19T03:44:46.228Z] INFO: Session created
  Context: {
  "sessionId": "2aa73a05-3b8c-4978-8498-d545dc729c6c",
  "title": "Test Session",
  "mode": "sequential"
}

 [32m✓[39m tests/integration/mcp-protocol.test.ts [2m ([22m[2m43 tests[22m[2m)[22m[90m 225[2mms[22m[39m
[90mstdout[2m | tests/unit/session-manager.test.ts[2m > [22m[2mSessionManager[2m > [22m[2mcreateSession[2m > [22m[2mshould create a new session with default values[22m[39m
[2025-11-19T03:44:46.254Z] INFO: Session created
  Context: {
  "sessionId": "4e8357f9-ef62-4950-9761-0d93f4e17fb4",
  "title": "Untitled Session",
  "mode": "hybrid"
}

[90mstdout[2m | tests/unit/session-manager.test.ts[2m > [22m[2mSessionManager[2m > [22m[2mcreateSession[2m > [22m[2mshould create a session with custom options[22m[39m
[2025-11-19T03:44:46.265Z] INFO: Session created
  Context: {
  "sessionId": "0eb6eacf-1127-45c1-9463-61c0399b7e31",
  "title": "My Problem",
  "mode": "mathematics",
  "domain": "number_theory",
  "author": "Test User"
}

[90mstdout[2m | tests/unit/session-manager.test.ts[2m > [22m[2mSessionManager[2m > [22m[2mcreateSession[2m > [22m[2mshould initialize metrics correctly[22m[39m
[2025-11-19T03:44:46.266Z] INFO: Session created
  Context: {
  "sessionId": "25bfb032-fe6a-4c15-a379-ac4ae0cf79d5",
  "title": "Untitled Session",
  "mode": "hybrid"
}

[90mstdout[2m | tests/unit/session-manager.test.ts[2m > [22m[2mSessionManager[2m > [22m[2mgetSession[2m > [22m[2mshould retrieve an existing session[22m[39m
[2025-11-19T03:44:46.269Z] INFO: Session created
  Context: {
  "sessionId": "914638cf-b25f-47f9-b4c6-d99e66742ed3",
  "title": "Test Session",
  "mode": "hybrid"
}

[90mstdout[2m | tests/unit/session-manager.test.ts[2m > [22m[2mSessionManager[2m > [22m[2maddThought[2m > [22m[2mshould add a sequential thought to session[22m[39m
[2025-11-19T03:44:46.271Z] INFO: Session created
  Context: {
  "sessionId": "d28dfe44-4f4b-4c61-81c9-b3b91f734350",
  "title": "Untitled Session",
  "mode": "sequential"
}

[90mstdout[2m | tests/unit/session-manager.test.ts[2m > [22m[2mSessionManager[2m > [22m[2maddThought[2m > [22m[2mshould mark session as complete when nextThoughtNeeded is false[22m[39m
[2025-11-19T03:44:46.275Z] INFO: Session created
  Context: {
  "sessionId": "b43fb84b-32d4-4822-bf4a-876194244bf4",
  "title": "Untitled Session",
  "mode": "hybrid"
}
[2025-11-19T03:44:46.276Z] INFO: Session completed
  Context: {
  "sessionId": "b43fb84b-32d4-4822-bf4a-876194244bf4",
  "title": "Untitled Session",
  "totalThoughts": 1
}

[90mstdout[2m | tests/unit/session-manager.test.ts[2m > [22m[2mSessionManager[2m > [22m[2maddThought[2m > [22m[2mshould track revisions in metrics[22m[39m
[2025-11-19T03:44:46.277Z] INFO: Session created
  Context: {
  "sessionId": "258b8762-157a-4c38-a7be-6d6c261f00e4",
  "title": "Untitled Session",
  "mode": "hybrid"
}

[90mstdout[2m | tests/unit/session-manager.test.ts[2m > [22m[2mSessionManager[2m > [22m[2maddThought[2m > [22m[2mshould calculate average uncertainty for Shannon thoughts[22m[39m
[2025-11-19T03:44:46.278Z] INFO: Session created
  Context: {
  "sessionId": "0fd82f64-6342-44a8-a924-980487f2ff10",
  "title": "Untitled Session",
  "mode": "shannon"
}

[90mstderr[2m | tests/unit/session-manager.test.ts[2m > [22m[2mSessionManager[2m > [22m[2maddThought[2m > [22m[2mshould throw error for non-existent session[22m[39m
[2025-11-19T03:44:46.280Z] ERROR: Session not found
  Context: {
  "sessionId": "00000000-0000-4000-8000-000000000000"
}

[90mstdout[2m | tests/unit/session-manager.test.ts[2m > [22m[2mSessionManager[2m > [22m[2mswitchMode[2m > [22m[2mshould switch session mode[22m[39m
[2025-11-19T03:44:46.325Z] INFO: Session created
  Context: {
  "sessionId": "84206e96-3a6a-4c7b-b965-734964840745",
  "title": "Untitled Session",
  "mode": "sequential"
}
[2025-11-19T03:44:46.326Z] INFO: Session mode switched
  Context: {
  "sessionId": "84206e96-3a6a-4c7b-b965-734964840745",
  "oldMode": "sequential",
  "newMode": "shannon",
  "reason": "Need systematic approach"
}

[90mstderr[2m | tests/unit/session-manager.test.ts[2m > [22m[2mSessionManager[2m > [22m[2mswitchMode[2m > [22m[2mshould throw error for non-existent session[22m[39m
[2025-11-19T03:44:46.327Z] ERROR: Session not found
  Context: {
  "sessionId": "00000000-0000-4000-8000-000000000000"
}

[90mstdout[2m | tests/unit/session-manager.test.ts[2m > [22m[2mSessionManager[2m > [22m[2mlistSessions[2m > [22m[2mshould list all sessions[22m[39m
[2025-11-19T03:44:46.329Z] INFO: Session created
  Context: {
  "sessionId": "2c51d066-4343-4286-b7df-e6d64b7a8b59",
  "title": "Session 1",
  "mode": "hybrid"
}
[2025-11-19T03:44:46.329Z] INFO: Session created
  Context: {
  "sessionId": "3733bff4-c3a9-4904-8475-3a4a164cc0b5",
  "title": "Session 2",
  "mode": "hybrid"
}
[2025-11-19T03:44:46.329Z] INFO: Session created
  Context: {
  "sessionId": "58d623f8-9634-4e66-8f8f-86d4abdf9948",
  "title": "Session 3",
  "mode": "hybrid"
}

[90mstdout[2m | tests/unit/session-manager.test.ts[2m > [22m[2mSessionManager[2m > [22m[2mdeleteSession[2m > [22m[2mshould delete a session[22m[39m
[2025-11-19T03:44:46.334Z] INFO: Session created
  Context: {
  "sessionId": "857be9f4-ad75-4622-a263-a5e6f195c8e5",
  "title": "Untitled Session",
  "mode": "hybrid"
}
[2025-11-19T03:44:46.334Z] INFO: Session deleted
  Context: {
  "sessionId": "857be9f4-ad75-4622-a263-a5e6f195c8e5",
  "title": "Untitled Session",
  "thoughtCount": 0
}

[90mstdout[2m | tests/unit/session-manager.test.ts[2m > [22m[2mSessionManager[2m > [22m[2mgenerateSummary[2m > [22m[2mshould generate a summary of session[22m[39m
[2025-11-19T03:44:46.336Z] INFO: Session created
  Context: {
  "sessionId": "d9933f82-4975-4da0-87f2-b86a54ce1744",
  "title": "Test Problem",
  "mode": "hybrid"
}
[2025-11-19T03:44:46.336Z] INFO: Session completed
  Context: {
  "sessionId": "d9933f82-4975-4da0-87f2-b86a54ce1744",
  "title": "Test Problem",
  "totalThoughts": 1
}

 [32m✓[39m tests/unit/session-manager.test.ts [2m ([22m[2m16 tests[22m[2m)[22m[90m 89[2mms[22m[39m
[90mstderr[2m | tests/integration/error-handling.test.ts[2m > [22m[2mError Handling and Edge Cases[2m > [22m[2mInvalid Session Operations[2m > [22m[2mshould throw error for non-existent session ID[22m[39m
[2025-11-19T03:44:46.275Z] ERROR: Session not found
  Context: {
  "sessionId": "00000000-0000-4000-8000-000000000000"
}

[90mstdout[2m | tests/integration/error-handling.test.ts[2m > [22m[2mError Handling and Edge Cases[2m > [22m[2mInvalid Session Operations[2m > [22m[2mshould handle session deletion idempotently[22m[39m
[2025-11-19T03:44:46.324Z] INFO: Session created
  Context: {
  "sessionId": "19df0355-499a-4c38-878e-2c1b202464f7",
  "title": "Test",
  "mode": "hybrid"
}
[2025-11-19T03:44:46.325Z] INFO: Session deleted
  Context: {
  "sessionId": "19df0355-499a-4c38-878e-2c1b202464f7",
  "title": "Test",
  "thoughtCount": 0
}

[90mstderr[2m | tests/integration/error-handling.test.ts[2m > [22m[2mError Handling and Edge Cases[2m > [22m[2mInvalid Session Operations[2m > [22m[2mshould handle session deletion idempotently[22m[39m
[2025-11-19T03:44:46.326Z] WARN: Attempted to delete non-existent session from memory
  Context: {
  "sessionId": "19df0355-499a-4c38-878e-2c1b202464f7"
}

[90mstdout[2m | tests/integration/error-handling.test.ts[2m > [22m[2mError Handling and Edge Cases[2m > [22m[2mValidation Errors[2m > [22m[2mshould accept thoughts with missing fields (lenient validation)[22m[39m
[2025-11-19T03:44:46.328Z] INFO: Session created
  Context: {
  "sessionId": "6ea54490-d1d7-4ffc-8345-3aee1e51b3a2",
  "title": "Untitled Session",
  "mode": "hybrid"
}
[2025-11-19T03:44:46.330Z] INFO: Session completed
  Context: {
  "sessionId": "6ea54490-d1d7-4ffc-8345-3aee1e51b3a2",
  "title": "Untitled Session",
  "totalThoughts": 1
}

[90mstdout[2m | tests/integration/error-handling.test.ts[2m > [22m[2mError Handling and Edge Cases[2m > [22m[2mValidation Errors[2m > [22m[2mshould accept invalid uncertainty values (lenient validation)[22m[39m
[2025-11-19T03:44:46.331Z] INFO: Session created
  Context: {
  "sessionId": "33d58a7b-95b7-4c85-85e7-73e1183ffecb",
  "title": "Untitled Session",
  "mode": "hybrid"
}
[2025-11-19T03:44:46.332Z] INFO: Session completed
  Context: {
  "sessionId": "33d58a7b-95b7-4c85-85e7-73e1183ffecb",
  "title": "Untitled Session",
  "totalThoughts": 1
}

[90mstdout[2m | tests/integration/error-handling.test.ts[2m > [22m[2mError Handling and Edge Cases[2m > [22m[2mValidation Errors[2m > [22m[2mshould accept negative thought numbers (lenient validation)[22m[39m
[2025-11-19T03:44:46.334Z] INFO: Session created
  Context: {
  "sessionId": "5f87d4c2-fb0c-4c12-a335-ca37342e8d28",
  "title": "Untitled Session",
  "mode": "hybrid"
}
[2025-11-19T03:44:46.334Z] INFO: Session completed
  Context: {
  "sessionId": "5f87d4c2-fb0c-4c12-a335-ca37342e8d28",
  "title": "Untitled Session",
  "totalThoughts": 1
}

[90mstdout[2m | tests/integration/error-handling.test.ts[2m > [22m[2mError Handling and Edge Cases[2m > [22m[2mValidation Errors[2m > [22m[2mshould accept zero thought numbers (lenient validation)[22m[39m
[2025-11-19T03:44:46.335Z] INFO: Session created
  Context: {
  "sessionId": "67cac462-8f13-4b57-a4c6-044612824cdd",
  "title": "Untitled Session",
  "mode": "hybrid"
}
[2025-11-19T03:44:46.336Z] INFO: Session completed
  Context: {
  "sessionId": "67cac462-8f13-4b57-a4c6-044612824cdd",
  "title": "Untitled Session",
  "totalThoughts": 1
}

[90mstdout[2m | tests/integration/error-handling.test.ts[2m > [22m[2mError Handling and Edge Cases[2m > [22m[2mValidation Errors[2m > [22m[2mshould accept invalid mode values (lenient validation)[22m[39m
[2025-11-19T03:44:46.337Z] INFO: Session created
  Context: {
  "sessionId": "0a5d6934-e481-4479-ab3b-200e1af5cb3f",
  "title": "Untitled Session",
  "mode": "invalid_mode"
}

[90mstdout[2m | tests/integration/error-handling.test.ts[2m > [22m[2mError Handling and Edge Cases[2m > [22m[2mValidation Errors[2m > [22m[2mshould accept invalid Shannon stage (lenient validation)[22m[39m
[2025-11-19T03:44:46.339Z] INFO: Session created
  Context: {
  "sessionId": "9d9c0fd1-78c1-4e34-bed7-f0dedb5dd168",
  "title": "Untitled Session",
  "mode": "shannon"
}
[2025-11-19T03:44:46.339Z] INFO: Session completed
  Context: {
  "sessionId": "9d9c0fd1-78c1-4e34-bed7-f0dedb5dd168",
  "title": "Untitled Session",
  "totalThoughts": 1
}

[90mstdout[2m | tests/integration/error-handling.test.ts[2m > [22m[2mError Handling and Edge Cases[2m > [22m[2mBoundary Conditions[2m > [22m[2mshould handle uncertainty = 0 (perfect certainty)[22m[39m
[2025-11-19T03:44:46.340Z] INFO: Session created
  Context: {
  "sessionId": "d198f7ee-6656-4ce7-8f21-1d8e71aa79c5",
  "title": "Untitled Session",
  "mode": "hybrid"
}
[2025-11-19T03:44:46.340Z] INFO: Session completed
  Context: {
  "sessionId": "d198f7ee-6656-4ce7-8f21-1d8e71aa79c5",
  "title": "Untitled Session",
  "totalThoughts": 1
}

[90mstdout[2m | tests/integration/error-handling.test.ts[2m > [22m[2mError Handling and Edge Cases[2m > [22m[2mBoundary Conditions[2m > [22m[2mshould handle uncertainty = 1 (complete uncertainty)[22m[39m
[2025-11-19T03:44:46.342Z] INFO: Session created
  Context: {
  "sessionId": "45b4b1fb-0a86-4e55-a080-51be3350352f",
  "title": "Untitled Session",
  "mode": "hybrid"
}
[2025-11-19T03:44:46.342Z] INFO: Session completed
  Context: {
  "sessionId": "45b4b1fb-0a86-4e55-a080-51be3350352f",
  "title": "Untitled Session",
  "totalThoughts": 1
}

[90mstdout[2m | tests/integration/error-handling.test.ts[2m > [22m[2mError Handling and Edge Cases[2m > [22m[2mBoundary Conditions[2m > [22m[2mshould handle very large thoughtNumber[22m[39m
[2025-11-19T03:44:46.343Z] INFO: Session created
  Context: {
  "sessionId": "12e677d3-4950-430d-b9ff-3db3204070d9",
  "title": "Untitled Session",
  "mode": "hybrid"
}
[2025-11-19T03:44:46.343Z] INFO: Session completed
  Context: {
  "sessionId": "12e677d3-4950-430d-b9ff-3db3204070d9",
  "title": "Untitled Session",
  "totalThoughts": 1
}

[90mstdout[2m | tests/integration/error-handling.test.ts[2m > [22m[2mError Handling and Edge Cases[2m > [22m[2mBoundary Conditions[2m > [22m[2mshould handle totalThoughts = thoughtNumber (single thought)[22m[39m
[2025-11-19T03:44:46.344Z] INFO: Session created
  Context: {
  "sessionId": "5871a932-7c6e-41a6-a2d8-bdc0b06df999",
  "title": "Untitled Session",
  "mode": "hybrid"
}
[2025-11-19T03:44:46.345Z] INFO: Session completed
  Context: {
  "sessionId": "5871a932-7c6e-41a6-a2d8-bdc0b06df999",
  "title": "Untitled Session",
  "totalThoughts": 1
}

[90mstdout[2m | tests/integration/error-handling.test.ts[2m > [22m[2mError Handling and Edge Cases[2m > [22m[2mEdge Cases - Empty Data[2m > [22m[2mshould handle empty thought content[22m[39m
[2025-11-19T03:44:46.354Z] INFO: Session created
  Context: {
  "sessionId": "5d2f29eb-62fd-4a62-a13e-475edb828965",
  "title": "Untitled Session",
  "mode": "hybrid"
}
[2025-11-19T03:44:46.355Z] INFO: Session completed
  Context: {
  "sessionId": "5d2f29eb-62fd-4a62-a13e-475edb828965",
  "title": "Untitled Session",
  "totalThoughts": 1
}

[90mstdout[2m | tests/integration/error-handling.test.ts[2m > [22m[2mError Handling and Edge Cases[2m > [22m[2mEdge Cases - Empty Data[2m > [22m[2mshould handle empty session title with default[22m[39m
[2025-11-19T03:44:46.356Z] INFO: Session created
  Context: {
  "sessionId": "63bd30fc-9a12-4512-9eb0-f350e3d733d8",
  "title": "Untitled Session",
  "mode": "hybrid"
}

[90mstdout[2m | tests/integration/error-handling.test.ts[2m > [22m[2mError Handling and Edge Cases[2m > [22m[2mEdge Cases - Empty Data[2m > [22m[2mshould handle empty arrays for optional fields[22m[39m
[2025-11-19T03:44:46.356Z] INFO: Session created
  Context: {
  "sessionId": "2a2a1b29-7ff3-4a0c-8bda-11299e9aa75e",
  "title": "Untitled Session",
  "mode": "hybrid"
}
[2025-11-19T03:44:46.357Z] INFO: Session completed
  Context: {
  "sessionId": "2a2a1b29-7ff3-4a0c-8bda-11299e9aa75e",
  "title": "Untitled Session",
  "totalThoughts": 1
}

[90mstdout[2m | tests/integration/error-handling.test.ts[2m > [22m[2mError Handling and Edge Cases[2m > [22m[2mEdge Cases - Empty Data[2m > [22m[2mshould handle session with no thoughts[22m[39m
[2025-11-19T03:44:46.358Z] INFO: Session created
  Context: {
  "sessionId": "9d986461-3ff5-4746-9d00-31ad7ce80dab",
  "title": "Untitled Session",
  "mode": "hybrid"
}

[90mstdout[2m | tests/integration/error-handling.test.ts[2m > [22m[2mError Handling and Edge Cases[2m > [22m[2mEdge Cases - Special Characters[2m > [22m[2mshould handle Unicode characters in thought content[22m[39m
[2025-11-19T03:44:46.359Z] INFO: Session created
  Context: {
  "sessionId": "8beae49f-1bf6-4b73-9449-42135f179010",
  "title": "Untitled Session",
  "mode": "hybrid"
}
[2025-11-19T03:44:46.360Z] INFO: Session completed
  Context: {
  "sessionId": "8beae49f-1bf6-4b73-9449-42135f179010",
  "title": "Untitled Session",
  "totalThoughts": 1
}

[90mstdout[2m | tests/integration/error-handling.test.ts[2m > [22m[2mError Handling and Edge Cases[2m > [22m[2mEdge Cases - Special Characters[2m > [22m[2mshould handle special characters in session title[22m[39m
[2025-11-19T03:44:46.361Z] INFO: Session created
  Context: {
  "sessionId": "54275b13-545c-4fe4-80d9-3ab269dab05b",
  "title": "<script>alert(\"xss\")</script>",
  "mode": "hybrid"
}

[90mstdout[2m | tests/integration/error-handling.test.ts[2m > [22m[2mError Handling and Edge Cases[2m > [22m[2mEdge Cases - Special Characters[2m > [22m[2mshould handle LaTeX with special characters[22m[39m
[2025-11-19T03:44:46.362Z] INFO: Session created
  Context: {
  "sessionId": "3fbc937f-7075-437a-ad91-d286a271422e",
  "title": "Untitled Session",
  "mode": "mathematics"
}
[2025-11-19T03:44:46.362Z] INFO: Session completed
  Context: {
  "sessionId": "3fbc937f-7075-437a-ad91-d286a271422e",
  "title": "Untitled Session",
  "totalThoughts": 1
}

[90mstdout[2m | tests/integration/error-handling.test.ts[2m > [22m[2mError Handling and Edge Cases[2m > [22m[2mEdge Cases - Special Characters[2m > [22m[2mshould handle newlines and tabs in thought content[22m[39m
[2025-11-19T03:44:46.363Z] INFO: Session created
  Context: {
  "sessionId": "4080ab27-84c5-4947-89cc-e3b1338b7e45",
  "title": "Untitled Session",
  "mode": "hybrid"
}
[2025-11-19T03:44:46.363Z] INFO: Session completed
  Context: {
  "sessionId": "4080ab27-84c5-4947-89cc-e3b1338b7e45",
  "title": "Untitled Session",
  "totalThoughts": 1
}

[90mstdout[2m | tests/integration/error-handling.test.ts[2m > [22m[2mError Handling and Edge Cases[2m > [22m[2mEdge Cases - Large Data[2m > [22m[2mshould handle very long thought content[22m[39m
[2025-11-19T03:44:46.364Z] INFO: Session created
  Context: {
  "sessionId": "98db1553-8338-4545-9d74-745d1210b3a9",
  "title": "Untitled Session",
  "mode": "hybrid"
}
[2025-11-19T03:44:46.365Z] INFO: Session completed
  Context: {
  "sessionId": "98db1553-8338-4545-9d74-745d1210b3a9",
  "title": "Untitled Session",
  "totalThoughts": 1
}

[90mstdout[2m | tests/integration/error-handling.test.ts[2m > [22m[2mError Handling and Edge Cases[2m > [22m[2mEdge Cases - Large Data[2m > [22m[2mshould handle sessions with many thoughts[22m[39m
[2025-11-19T03:44:46.366Z] INFO: Session created
  Context: {
  "sessionId": "b1afc275-40b0-4996-addb-6a47a705c28c",
  "title": "Untitled Session",
  "mode": "hybrid"
}
[2025-11-19T03:44:46.368Z] INFO: Session completed
  Context: {
  "sessionId": "b1afc275-40b0-4996-addb-6a47a705c28c",
  "title": "Untitled Session",
  "totalThoughts": 100
}

[90mstdout[2m | tests/integration/error-handling.test.ts[2m > [22m[2mError Handling and Edge Cases[2m > [22m[2mEdge Cases - Large Data[2m > [22m[2mshould handle large dependency arrays[22m[39m
[2025-11-19T03:44:46.369Z] INFO: Session created
  Context: {
  "sessionId": "3c53f10b-08bb-416e-8513-7830e034c51e",
  "title": "Untitled Session",
  "mode": "hybrid"
}
[2025-11-19T03:44:46.369Z] INFO: Session completed
  Context: {
  "sessionId": "3c53f10b-08bb-416e-8513-7830e034c51e",
  "title": "Untitled Session",
  "totalThoughts": 1
}

[90mstdout[2m | tests/integration/error-handling.test.ts[2m > [22m[2mError Handling and Edge Cases[2m > [22m[2mError Recovery[2m > [22m[2mshould maintain session integrity even with lenient validation[22m[39m
[2025-11-19T03:44:46.371Z] INFO: Session created
  Context: {
  "sessionId": "bbad4c42-93e0-4b4a-99b0-7be45c4a4aac",
  "title": "Untitled Session",
  "mode": "hybrid"
}
[2025-11-19T03:44:46.371Z] INFO: Session completed
  Context: {
  "sessionId": "bbad4c42-93e0-4b4a-99b0-7be45c4a4aac",
  "title": "Untitled Session",
  "totalThoughts": 1
}
[2025-11-19T03:44:46.371Z] INFO: Session completed
  Context: {
  "sessionId": "bbad4c42-93e0-4b4a-99b0-7be45c4a4aac",
  "title": "Untitled Session",
  "totalThoughts": 2
}

[90mstdout[2m | tests/integration/error-handling.test.ts[2m > [22m[2mError Handling and Edge Cases[2m > [22m[2mError Recovery[2m > [22m[2mshould allow mode switch even after adding invalid data[22m[39m
[2025-11-19T03:44:46.372Z] INFO: Session created
  Context: {
  "sessionId": "8af0d024-cdee-452e-89a2-61eb0138e363",
  "title": "Untitled Session",
  "mode": "sequential"
}
[2025-11-19T03:44:46.372Z] INFO: Session completed
  Context: {
  "sessionId": "8af0d024-cdee-452e-89a2-61eb0138e363",
  "title": "Untitled Session",
  "totalThoughts": 1
}
[2025-11-19T03:44:46.373Z] INFO: Session mode switched
  Context: {
  "sessionId": "8af0d024-cdee-452e-89a2-61eb0138e363",
  "oldMode": "sequential",
  "newMode": "shannon"
}

[90mstdout[2m | tests/integration/error-handling.test.ts[2m > [22m[2mError Handling and Edge Cases[2m > [22m[2mSummary Generation Edge Cases[2m > [22m[2mshould generate summary for empty session[22m[39m
[2025-11-19T03:44:46.374Z] INFO: Session created
  Context: {
  "sessionId": "9d655a3d-34ec-4691-b611-cd33f3cb585b",
  "title": "Empty Session",
  "mode": "hybrid"
}

[90mstdout[2m | tests/integration/error-handling.test.ts[2m > [22m[2mError Handling and Edge Cases[2m > [22m[2mSummary Generation Edge Cases[2m > [22m[2mshould generate summary for single thought session[22m[39m
[2025-11-19T03:44:46.375Z] INFO: Session created
  Context: {
  "sessionId": "6a592745-6b5b-4276-ba07-5b0eed1202de",
  "title": "Single Thought",
  "mode": "hybrid"
}
[2025-11-19T03:44:46.376Z] INFO: Session completed
  Context: {
  "sessionId": "6a592745-6b5b-4276-ba07-5b0eed1202de",
  "title": "Single Thought",
  "totalThoughts": 1
}

[90mstdout[2m | tests/integration/error-handling.test.ts[2m > [22m[2mError Handling and Edge Cases[2m > [22m[2mSummary Generation Edge Cases[2m > [22m[2mshould handle summary for session with very long thoughts[22m[39m
[2025-11-19T03:44:46.376Z] INFO: Session created
  Context: {
  "sessionId": "dd138bcb-f985-445d-b3e3-2136fc7347ff",
  "title": "Untitled Session",
  "mode": "hybrid"
}
[2025-11-19T03:44:46.377Z] INFO: Session completed
  Context: {
  "sessionId": "dd138bcb-f985-445d-b3e3-2136fc7347ff",
  "title": "Untitled Session",
  "totalThoughts": 1
}

[90mstdout[2m | tests/integration/error-handling.test.ts[2m > [22m[2mError Handling and Edge Cases[2m > [22m[2mConcurrent Session Management[2m > [22m[2mshould handle rapid session creation[22m[39m
[2025-11-19T03:44:46.379Z] INFO: Session created
  Context: {
  "sessionId": "084a1947-b177-408a-bdd2-e267648a8b58",
  "title": "Session 0",
  "mode": "hybrid"
}
[2025-11-19T03:44:46.379Z] INFO: Session created
  Context: {
  "sessionId": "7ba561f2-e35b-46e9-a89f-4ba9889aa466",
  "title": "Session 1",
  "mode": "hybrid"
}
[2025-11-19T03:44:46.379Z] INFO: Session created
  Context: {
  "sessionId": "61222dd5-d9bc-45eb-b62d-0e562ab712db",
  "title": "Session 2",
  "mode": "hybrid"
}
[2025-11-19T03:44:46.379Z] INFO: Session created
  Context: {
  "sessionId": "6daa73c7-49b9-4c3a-9c98-72517f46fa6d",
  "title": "Session 3",
  "mode": "hybrid"
}
[2025-11-19T03:44:46.379Z] INFO: Session created
  Context: {
  "sessionId": "84034a1b-e6b3-4be4-8d7c-822f6559df9c",
  "title": "Session 4",
  "mode": "hybrid"
}
[2025-11-19T03:44:46.379Z] INFO: Session created
  Context: {
  "sessionId": "29271c1b-8a6b-4be2-b3e6-04d15757ed7d",
  "title": "Session 5",
  "mode": "hybrid"
}
[2025-11-19T03:44:46.380Z] INFO: Session created
  Context: {
  "sessionId": "09382f2b-1241-450d-93a1-8d365e791a80",
  "title": "Session 6",
  "mode": "hybrid"
}
[2025-11-19T03:44:46.380Z] INFO: Session created
  Context: {
  "sessionId": "2e79f889-963f-4b52-9144-8625cd395366",
  "title": "Session 7",
  "mode": "hybrid"
}
[2025-11-19T03:44:46.380Z] INFO: Session created
  Context: {
  "sessionId": "960c8384-6ab0-4bd9-9ee3-af70c98e237b",
  "title": "Session 8",
  "mode": "hybrid"
}
[2025-11-19T03:44:46.380Z] INFO: Session created
  Context: {
  "sessionId": "20b25de2-ab2f-4e06-b528-3afef1914854",
  "title": "Session 9",
  "mode": "hybrid"
}

[90mstdout[2m | tests/integration/error-handling.test.ts[2m > [22m[2mError Handling and Edge Cases[2m > [22m[2mConcurrent Session Management[2m > [22m[2mshould handle concurrent thought additions to same session[22m[39m
[2025-11-19T03:44:46.381Z] INFO: Session created
  Context: {
  "sessionId": "49873878-3263-432e-b71e-6fdad31c037f",
  "title": "Untitled Session",
  "mode": "hybrid"
}
[2025-11-19T03:44:46.381Z] INFO: Session completed
  Context: {
  "sessionId": "49873878-3263-432e-b71e-6fdad31c037f",
  "title": "Untitled Session",
  "totalThoughts": 5
}

[90mstdout[2m | tests/integration/error-handling.test.ts[2m > [22m[2mError Handling and Edge Cases[2m > [22m[2mConcurrent Session Management[2m > [22m[2mshould maintain independence of multiple sessions[22m[39m
[2025-11-19T03:44:46.382Z] INFO: Session created
  Context: {
  "sessionId": "804f3d48-654b-44b9-85f1-4c7f6455a4c9",
  "title": "Session 1",
  "mode": "hybrid"
}
[2025-11-19T03:44:46.382Z] INFO: Session created
  Context: {
  "sessionId": "d996739a-a7ad-44f9-84ef-ba05a5da574c",
  "title": "Session 2",
  "mode": "hybrid"
}
[2025-11-19T03:44:46.383Z] INFO: Session completed
  Context: {
  "sessionId": "804f3d48-654b-44b9-85f1-4c7f6455a4c9",
  "title": "Session 1",
  "totalThoughts": 1
}
[2025-11-19T03:44:46.383Z] INFO: Session completed
  Context: {
  "sessionId": "d996739a-a7ad-44f9-84ef-ba05a5da574c",
  "title": "Session 2",
  "totalThoughts": 1
}

[90mstdout[2m | tests/integration/error-handling.test.ts[2m > [22m[2mError Handling and Edge Cases[2m > [22m[2mMode-Specific Edge Cases[2m > [22m[2mshould handle mathematics mode with missing optional fields[22m[39m
[2025-11-19T03:44:46.384Z] INFO: Session created
  Context: {
  "sessionId": "31f5dbdb-318e-4a83-b4ca-7c4ce5321df0",
  "title": "Untitled Session",
  "mode": "mathematics"
}
[2025-11-19T03:44:46.403Z] INFO: Session completed
  Context: {
  "sessionId": "31f5dbdb-318e-4a83-b4ca-7c4ce5321df0",
  "title": "Untitled Session",
  "totalThoughts": 1
}

[90mstdout[2m | tests/integration/error-handling.test.ts[2m > [22m[2mError Handling and Edge Cases[2m > [22m[2mMode-Specific Edge Cases[2m > [22m[2mshould handle Shannon mode without explicit stage[22m[39m
[2025-11-19T03:44:46.403Z] INFO: Session created
  Context: {
  "sessionId": "489ddb49-ba01-4131-8c96-7bb3fd78dc9f",
  "title": "Untitled Session",
  "mode": "shannon"
}
[2025-11-19T03:44:46.404Z] INFO: Session completed
  Context: {
  "sessionId": "489ddb49-ba01-4131-8c96-7bb3fd78dc9f",
  "title": "Untitled Session",
  "totalThoughts": 1
}

[90mstdout[2m | tests/integration/error-handling.test.ts[2m > [22m[2mError Handling and Edge Cases[2m > [22m[2mMode-Specific Edge Cases[2m > [22m[2mshould handle temporal mode with minimal event data[22m[39m
[2025-11-19T03:44:46.404Z] INFO: Session created
  Context: {
  "sessionId": "da205e37-619b-47f7-beaa-b9669da7c85b",
  "title": "Untitled Session",
  "mode": "temporal"
}
[2025-11-19T03:44:46.405Z] INFO: Session completed
  Context: {
  "sessionId": "da205e37-619b-47f7-beaa-b9669da7c85b",
  "title": "Untitled Session",
  "totalThoughts": 1
}

 [32m✓[39m tests/integration/error-handling.test.ts [2m ([22m[2m36 tests[22m[2m)[22m[90m 155[2mms[22m[39m
[90mstdout[2m | tests/benchmarks/metrics-performance.test.ts[2m > [22m[2mMetrics Performance Benchmark[2m > [22m[2mshould show performance improvement with incremental calculation[22m[39m
[2025-11-19T03:44:48.680Z] INFO: Session created
  Context: {
  "sessionId": "ec3cb144-5c37-4bc0-a687-ff2f72fec636",
  "title": "Performance Test",
  "mode": "sequential"
}

📊 Benchmark: Adding 1000 thoughts with uncertainty tracking
[2025-11-19T03:44:48.699Z] INFO: Session completed
  Context: {
  "sessionId": "ec3cb144-5c37-4bc0-a687-ff2f72fec636",
  "title": "Performance Test",
  "totalThoughts": 1000
}
✅ Total time: 13.36ms
✅ Average time per thought: 0.0134ms
✅ Expected average uncertainty: 0.506765
✅ Actual average uncertainty: 0.506765
✅ Accuracy verified: PASS

🎯 Performance: EXCELLENT

[90mstdout[2m | tests/benchmarks/metrics-performance.test.ts[2m > [22m[2mMetrics Performance Benchmark[2m > [22m[2mshould maintain O(1) complexity regardless of session size[22m[39m

📈 Complexity Analysis: Testing O(1) behavior
[2025-11-19T03:44:48.709Z] INFO: Session created
  Context: {
  "sessionId": "4b32dc4e-af9e-4471-a195-2441ec6647f0",
  "title": "Test Session 100",
  "mode": "sequential"
}
[2025-11-19T03:44:48.823Z] INFO: Session completed
  Context: {
  "sessionId": "4b32dc4e-af9e-4471-a195-2441ec6647f0",
  "title": "Test Session 100",
  "totalThoughts": 100
}
  Session size 100: 1.1383ms per thought
[2025-11-19T03:44:48.823Z] INFO: Session created
  Context: {
  "sessionId": "1db76aa7-fc98-4f94-b3a8-35ce5b8e673e",
  "title": "Test Session 500",
  "mode": "sequential"
}
[2025-11-19T03:44:48.826Z] INFO: Session completed
  Context: {
  "sessionId": "1db76aa7-fc98-4f94-b3a8-35ce5b8e673e",
  "title": "Test Session 500",
  "totalThoughts": 500
}
  Session size 500: 0.0077ms per thought
[2025-11-19T03:44:48.827Z] INFO: Session created
  Context: {
  "sessionId": "75b4df7b-30b2-47dd-b215-07616632c9b0",
  "title": "Test Session 1000",
  "mode": "sequential"
}
[2025-11-19T03:44:48.836Z] INFO: Session completed
  Context: {
  "sessionId": "75b4df7b-30b2-47dd-b215-07616632c9b0",
  "title": "Test Session 1000",
  "totalThoughts": 1000
}
  Session size 1000: 0.0057ms per thought

  Min: 0.0057ms, Max: 1.1383ms, Overall Ratio: 201.12x
  Ratio (500 vs 1000): 1.35x
  Complexity: O(1) ✅

 [32m✓[39m tests/benchmarks/metrics-performance.test.ts [2m ([22m[2m2 tests[22m[2m)[22m[90m 167[2mms[22m[39m
[90mstdout[2m | tests/integration/multi-session.test.ts[2m > [22m[2mMulti-Session and Concurrent Scenarios[2m > [22m[2mMultiple Session Management[2m > [22m[2mshould create and manage multiple sessions independently[22m[39m
[2025-11-19T03:44:48.360Z] INFO: Session created
  Context: {
  "sessionId": "6699e343-8b6b-4bd3-a90b-8e6abfb1aeda",
  "title": "Session 1",
  "mode": "sequential"
}
[2025-11-19T03:44:48.363Z] INFO: Session created
  Context: {
  "sessionId": "a7d6305d-8541-4cb3-9658-336d36e2a5be",
  "title": "Session 2",
  "mode": "shannon"
}
[2025-11-19T03:44:48.363Z] INFO: Session created
  Context: {
  "sessionId": "21ff2b1e-0e2b-40cc-a499-4a2f8ce1d90c",
  "title": "Session 3",
  "mode": "mathematics"
}
[2025-11-19T03:44:48.364Z] INFO: Session created
  Context: {
  "sessionId": "2110d6f1-fbaf-42fd-bacd-e245b81ede24",
  "title": "Session 4",
  "mode": "physics"
}
[2025-11-19T03:44:48.366Z] INFO: Session created
  Context: {
  "sessionId": "9d8a184d-34d6-4e51-a99d-b764e2a6b029",
  "title": "Session 5",
  "mode": "hybrid"
}

[90mstdout[2m | tests/integration/multi-session.test.ts[2m > [22m[2mMulti-Session and Concurrent Scenarios[2m > [22m[2mMultiple Session Management[2m > [22m[2mshould maintain session isolation (changes in one do not affect others)[22m[39m
[2025-11-19T03:44:48.377Z] INFO: Session created
  Context: {
  "sessionId": "892a2db2-385f-4aff-ac85-079c382b16c4",
  "title": "Isolated Session 1",
  "mode": "sequential"
}
[2025-11-19T03:44:48.377Z] INFO: Session created
  Context: {
  "sessionId": "35d4955e-9b76-4ad5-8f67-c57a53093c4c",
  "title": "Isolated Session 2",
  "mode": "sequential"
}

[90mstdout[2m | tests/integration/multi-session.test.ts[2m > [22m[2mMulti-Session and Concurrent Scenarios[2m > [22m[2mMultiple Session Management[2m > [22m[2mshould handle mode switching independently across sessions[22m[39m
[2025-11-19T03:44:48.383Z] INFO: Session created
  Context: {
  "sessionId": "0469e80d-bec6-45dc-b9ab-cada422c4033",
  "title": "S1",
  "mode": "sequential"
}
[2025-11-19T03:44:48.384Z] INFO: Session created
  Context: {
  "sessionId": "85891de0-fd5d-4e5f-90f1-e8e479120fd6",
  "title": "S2",
  "mode": "sequential"
}
[2025-11-19T03:44:48.386Z] INFO: Session created
  Context: {
  "sessionId": "19644672-3839-43bf-b170-1af3810e4e39",
  "title": "S3",
  "mode": "sequential"
}
[2025-11-19T03:44:48.390Z] INFO: Session mode switched
  Context: {
  "sessionId": "0469e80d-bec6-45dc-b9ab-cada422c4033",
  "oldMode": "sequential",
  "newMode": "mathematics",
  "reason": "Switch to math"
}
[2025-11-19T03:44:48.391Z] INFO: Session mode switched
  Context: {
  "sessionId": "85891de0-fd5d-4e5f-90f1-e8e479120fd6",
  "oldMode": "sequential",
  "newMode": "physics",
  "reason": "Switch to physics"
}

[90mstdout[2m | tests/integration/multi-session.test.ts[2m > [22m[2mMulti-Session and Concurrent Scenarios[2m > [22m[2mMultiple Session Management[2m > [22m[2mshould handle completion status independently across sessions[22m[39m
[2025-11-19T03:44:48.393Z] INFO: Session created
  Context: {
  "sessionId": "a0ea0ca9-a2a1-4ff2-a52c-8ac199c507fe",
  "title": "S1",
  "mode": "sequential"
}
[2025-11-19T03:44:48.393Z] INFO: Session created
  Context: {
  "sessionId": "79d2e73f-d8b4-4d29-835a-3cd1b5a4cacb",
  "title": "S2",
  "mode": "sequential"
}
[2025-11-19T03:44:48.466Z] INFO: Session completed
  Context: {
  "sessionId": "a0ea0ca9-a2a1-4ff2-a52c-8ac199c507fe",
  "title": "S1",
  "totalThoughts": 1
}

[90mstdout[2m | tests/integration/multi-session.test.ts[2m > [22m[2mMulti-Session and Concurrent Scenarios[2m > [22m[2mConcurrent Operations on Same Session[2m > [22m[2mshould handle concurrent thought additions to same session[22m[39m
[2025-11-19T03:44:48.475Z] INFO: Session created
  Context: {
  "sessionId": "653a6123-2c64-4705-9895-4d2feb529a8a",
  "title": "Concurrent Test",
  "mode": "sequential"
}
[2025-11-19T03:44:48.488Z] INFO: Session completed
  Context: {
  "sessionId": "653a6123-2c64-4705-9895-4d2feb529a8a",
  "title": "Concurrent Test",
  "totalThoughts": 3
}

[90mstdout[2m | tests/integration/multi-session.test.ts[2m > [22m[2mMulti-Session and Concurrent Scenarios[2m > [22m[2mConcurrent Operations on Same Session[2m > [22m[2mshould handle concurrent retrieval of same session[22m[39m
[2025-11-19T03:44:48.517Z] INFO: Session created
  Context: {
  "sessionId": "29f9ad2b-596d-4720-9709-9020cb19168e",
  "title": "Concurrent Retrieval",
  "mode": "sequential"
}

[90mstdout[2m | tests/integration/multi-session.test.ts[2m > [22m[2mMulti-Session and Concurrent Scenarios[2m > [22m[2mConcurrent Operations on Same Session[2m > [22m[2mshould handle concurrent mode switches on same session[22m[39m
[2025-11-19T03:44:48.521Z] INFO: Session created
  Context: {
  "sessionId": "f68b400f-5b6d-4907-b0a5-b85c3bc5cd48",
  "title": "Mode Switch Race",
  "mode": "sequential"
}
[2025-11-19T03:44:48.521Z] INFO: Session mode switched
  Context: {
  "sessionId": "f68b400f-5b6d-4907-b0a5-b85c3bc5cd48",
  "oldMode": "sequential",
  "newMode": "mathematics",
  "reason": "Switch 1"
}
[2025-11-19T03:44:48.521Z] INFO: Session mode switched
  Context: {
  "sessionId": "f68b400f-5b6d-4907-b0a5-b85c3bc5cd48",
  "oldMode": "mathematics",
  "newMode": "physics",
  "reason": "Switch 2"
}
[2025-11-19T03:44:48.521Z] INFO: Session mode switched
  Context: {
  "sessionId": "f68b400f-5b6d-4907-b0a5-b85c3bc5cd48",
  "oldMode": "physics",
  "newMode": "hybrid",
  "reason": "Switch 3"
}

[90mstdout[2m | tests/integration/multi-session.test.ts[2m > [22m[2mMulti-Session and Concurrent Scenarios[2m > [22m[2mConcurrent Operations Across Different Sessions[2m > [22m[2mshould handle concurrent operations on different sessions[22m[39m
[2025-11-19T03:44:48.523Z] INFO: Session created
  Context: {
  "sessionId": "ab995d8b-81d2-48ea-a6ff-0d690d0f97a8",
  "title": "S1",
  "mode": "sequential"
}
[2025-11-19T03:44:48.524Z] INFO: Session created
  Context: {
  "sessionId": "f0878a72-e185-457a-9454-ab9940e7b473",
  "title": "S2",
  "mode": "shannon"
}
[2025-11-19T03:44:48.524Z] INFO: Session created
  Context: {
  "sessionId": "1b4a66dd-90d8-489c-9dc8-b1b102ef0cad",
  "title": "S3",
  "mode": "mathematics"
}
[2025-11-19T03:44:48.524Z] INFO: Session completed
  Context: {
  "sessionId": "ab995d8b-81d2-48ea-a6ff-0d690d0f97a8",
  "title": "S1",
  "totalThoughts": 1
}
[2025-11-19T03:44:48.524Z] INFO: Session mode switched
  Context: {
  "sessionId": "f0878a72-e185-457a-9454-ab9940e7b473",
  "oldMode": "shannon",
  "newMode": "physics",
  "reason": "Switch mode"
}

[90mstdout[2m | tests/integration/multi-session.test.ts[2m > [22m[2mMulti-Session and Concurrent Scenarios[2m > [22m[2mConcurrent Operations Across Different Sessions[2m > [22m[2mshould handle concurrent session creation[22m[39m
[2025-11-19T03:44:48.526Z] INFO: Session created
  Context: {
  "sessionId": "b850bd2b-fb20-4d6c-9389-f7eaf33a3be3",
  "title": "Session 1",
  "mode": "sequential"
}
[2025-11-19T03:44:48.526Z] INFO: Session created
  Context: {
  "sessionId": "584118c0-0b3a-4759-9b36-cdd07074f626",
  "title": "Session 2",
  "mode": "sequential"
}
[2025-11-19T03:44:48.527Z] INFO: Session created
  Context: {
  "sessionId": "7574a71e-e420-44f8-a0df-dc18507fa9d4",
  "title": "Session 3",
  "mode": "sequential"
}
[2025-11-19T03:44:48.527Z] INFO: Session created
  Context: {
  "sessionId": "38c28743-b707-4ccb-8287-02db8d1aa41e",
  "title": "Session 4",
  "mode": "sequential"
}
[2025-11-19T03:44:48.527Z] INFO: Session created
  Context: {
  "sessionId": "ecaabc53-9663-4812-9d14-164bf45d6f83",
  "title": "Session 5",
  "mode": "sequential"
}
[2025-11-19T03:44:48.527Z] INFO: Session created
  Context: {
  "sessionId": "311469a1-93c9-4482-add6-5923502614f2",
  "title": "Session 6",
  "mode": "sequential"
}
[2025-11-19T03:44:48.527Z] INFO: Session created
  Context: {
  "sessionId": "0421115a-b8b0-48fc-b6ff-c6d5336d3b7b",
  "title": "Session 7",
  "mode": "sequential"
}
[2025-11-19T03:44:48.527Z] INFO: Session created
  Context: {
  "sessionId": "6df271f9-2e49-4a2d-b8b8-0976a2f04ae4",
  "title": "Session 8",
  "mode": "sequential"
}
[2025-11-19T03:44:48.527Z] INFO: Session created
  Context: {
  "sessionId": "c8375478-6ed8-4f51-a708-8859df61dcc5",
  "title": "Session 9",
  "mode": "sequential"
}
[2025-11-19T03:44:48.527Z] INFO: Session created
  Context: {
  "sessionId": "3cb01e5c-d3ee-4201-a912-4b4217567bcd",
  "title": "Session 10",
  "mode": "sequential"
}
[2025-11-19T03:44:48.527Z] INFO: Session created
  Context: {
  "sessionId": "ef96fda8-4fdd-44d2-b94c-16f375a79386",
  "title": "Session 11",
  "mode": "sequential"
}
[2025-11-19T03:44:48.527Z] INFO: Session created
  Context: {
  "sessionId": "593e0813-00cf-4cc2-96c3-6feb1f859fcd",
  "title": "Session 12",
  "mode": "sequential"
}
[2025-11-19T03:44:48.527Z] INFO: Session created
  Context: {
  "sessionId": "5f1b451d-b9e5-4247-9e5e-bfe8e5ddc0f0",
  "title": "Session 13",
  "mode": "sequential"
}
[2025-11-19T03:44:48.528Z] INFO: Session created
  Context: {
  "sessionId": "459035d6-047b-4594-afa3-cf6d6305f516",
  "title": "Session 14",
  "mode": "sequential"
}
[2025-11-19T03:44:48.528Z] INFO: Session created
  Context: {
  "sessionId": "9bff38de-6d45-4e1e-ab55-c1466c769d7c",
  "title": "Session 15",
  "mode": "sequential"
}
[2025-11-19T03:44:48.528Z] INFO: Session created
  Context: {
  "sessionId": "6f2b6b8b-c1b4-4cc5-9a11-841a9fe66c9e",
  "title": "Session 16",
  "mode": "sequential"
}
[2025-11-19T03:44:48.528Z] INFO: Session created
  Context: {
  "sessionId": "b96f8ae1-e38a-4efb-8636-4dbdae2a2490",
  "title": "Session 17",
  "mode": "sequential"
}
[2025-11-19T03:44:48.528Z] INFO: Session created
  Context: {
  "sessionId": "480c8b58-56b6-4553-aa58-ad81afa21b4a",
  "title": "Session 18",
  "mode": "sequential"
}
[2025-11-19T03:44:48.528Z] INFO: Session created
  Context: {
  "sessionId": "ca427f0f-f777-44a0-b089-4dead0775efc",
  "title": "Session 19",
  "mode": "sequential"
}
[2025-11-19T03:44:48.528Z] INFO: Session created
  Context: {
  "sessionId": "ac6345da-2629-41a8-a609-2c30b16cc0b1",
  "title": "Session 20",
  "mode": "sequential"
}

[90mstdout[2m | tests/integration/multi-session.test.ts[2m > [22m[2mMulti-Session and Concurrent Scenarios[2m > [22m[2mConcurrent Operations Across Different Sessions[2m > [22m[2mshould handle concurrent summary generation for different sessions[22m[39m
[2025-11-19T03:44:48.682Z] INFO: Session created
  Context: {
  "sessionId": "82ed5a2b-762a-4baf-b56f-68c9b36022ff",
  "title": "S1",
  "mode": "sequential"
}
[2025-11-19T03:44:48.682Z] INFO: Session created
  Context: {
  "sessionId": "000d252d-759d-49cc-8651-00bfeb47ec69",
  "title": "S2",
  "mode": "sequential"
}
[2025-11-19T03:44:48.682Z] INFO: Session created
  Context: {
  "sessionId": "252fe61c-48c8-4b6d-b7c4-61b5005f714c",
  "title": "S3",
  "mode": "sequential"
}
[2025-11-19T03:44:48.683Z] INFO: Session completed
  Context: {
  "sessionId": "82ed5a2b-762a-4baf-b56f-68c9b36022ff",
  "title": "S1",
  "totalThoughts": 1
}
[2025-11-19T03:44:48.683Z] INFO: Session completed
  Context: {
  "sessionId": "000d252d-759d-49cc-8651-00bfeb47ec69",
  "title": "S2",
  "totalThoughts": 1
}
[2025-11-19T03:44:48.684Z] INFO: Session completed
  Context: {
  "sessionId": "252fe61c-48c8-4b6d-b7c4-61b5005f714c",
  "title": "S3",
  "totalThoughts": 1
}

[90mstdout[2m | tests/integration/multi-session.test.ts[2m > [22m[2mMulti-Session and Concurrent Scenarios[2m > [22m[2mResource Management with Many Sessions[2m > [22m[2mshould handle creation of many sessions[22m[39m
[2025-11-19T03:44:48.783Z] INFO: Session created
  Context: {
  "sessionId": "76756bed-a08c-4671-bd2c-99d722784245",
  "title": "Session 1",
  "mode": "sequential"
}
[2025-11-19T03:44:48.783Z] INFO: Session created
  Context: {
  "sessionId": "5a10e2ef-a563-448b-abf8-99ce9f64ff3c",
  "title": "Session 2",
  "mode": "sequential"
}
[2025-11-19T03:44:48.783Z] INFO: Session created
  Context: {
  "sessionId": "7b6ac74e-59dc-4d4f-90be-ed5b53c27bc2",
  "title": "Session 3",
  "mode": "sequential"
}
[2025-11-19T03:44:48.784Z] INFO: Session created
  Context: {
  "sessionId": "4fd6f96a-f569-4ec6-babe-9c2d744155c7",
  "title": "Session 4",
  "mode": "sequential"
}
[2025-11-19T03:44:48.784Z] INFO: Session created
  Context: {
  "sessionId": "9716ce13-56ab-492a-adb6-dc94c18b3781",
  "title": "Session 5",
  "mode": "sequential"
}
[2025-11-19T03:44:48.784Z] INFO: Session created
  Context: {
  "sessionId": "fc8414c1-64b2-4f76-aae2-379db77dad97",
  "title": "Session 6",
  "mode": "sequential"
}
[2025-11-19T03:44:48.784Z] INFO: Session created
  Context: {
  "sessionId": "85e950e1-4a75-4819-abfb-809a44dcc9fd",
  "title": "Session 7",
  "mode": "sequential"
}
[2025-11-19T03:44:48.784Z] INFO: Session created
  Context: {
  "sessionId": "fa9d4daa-e91d-4fe8-86aa-e5cb72bb54f5",
  "title": "Session 8",
  "mode": "sequential"
}
[2025-11-19T03:44:48.784Z] INFO: Session created
  Context: {
  "sessionId": "48ca656d-cfbf-401e-9ade-a87a5a80b512",
  "title": "Session 9",
  "mode": "sequential"
}
[2025-11-19T03:44:48.784Z] INFO: Session created
  Context: {
  "sessionId": "744fb51f-e88b-4075-afc7-705797b99129",
  "title": "Session 10",
  "mode": "sequential"
}
[2025-11-19T03:44:48.896Z] INFO: Session created
  Context: {
  "sessionId": "5e002d48-3c6e-40dd-adb2-0f947166bba3",
  "title": "Session 11",
  "mode": "sequential"
}
[2025-11-19T03:44:48.896Z] INFO: Session created
  Context: {
  "sessionId": "cf930e38-d889-4e95-ad5b-d85700114e15",
  "title": "Session 12",
  "mode": "sequential"
}
[2025-11-19T03:44:48.896Z] INFO: Session created
  Context: {
  "sessionId": "c2c40e6f-063e-4c33-a3b0-7045ba865ffc",
  "title": "Session 13",
  "mode": "sequential"
}
[2025-11-19T03:44:48.896Z] INFO: Session created
  Context: {
  "sessionId": "54313e4c-2a9b-451a-b9c8-86e675343f13",
  "title": "Session 14",
  "mode": "sequential"
}
[2025-11-19T03:44:48.896Z] INFO: Session created
  Context: {
  "sessionId": "bb01974a-c922-492e-aba8-2f3b3c7da9e9",
  "title": "Session 15",
  "mode": "sequential"
}
[2025-11-19T03:44:48.896Z] INFO: Session created
  Context: {
  "sessionId": "84d26b82-0eca-4f3e-b04c-9da30d03be60",
  "title": "Session 16",
  "mode": "sequential"
}
[2025-11-19T03:44:48.896Z] INFO: Session created
  Context: {
  "sessionId": "08af05ce-7755-41b6-b9fd-fa1eaecf19e9",
  "title": "Session 17",
  "mode": "sequential"
}
[2025-11-19T03:44:48.896Z] INFO: Session created
  Context: {
  "sessionId": "6b6bb8e4-25a7-4b09-a63a-e544228ac681",
  "title": "Session 18",
  "mode": "sequential"
}
[2025-11-19T03:44:48.896Z] INFO: Session created
  Context: {
  "sessionId": "38de62a1-2a45-4174-b86a-31f74b90ef1b",
  "title": "Session 19",
  "mode": "sequential"
}
[2025-11-19T03:44:48.896Z] INFO: Session created
  Context: {
  "sessionId": "d43d307b-8473-4fb0-be28-148ba503b364",
  "title": "Session 20",
  "mode": "sequential"
}
[2025-11-19T03:44:48.897Z] INFO: Session created
  Context: {
  "sessionId": "8f141007-9093-428e-8087-c32fbe25845a",
  "title": "Session 21",
  "mode": "sequential"
}
[2025-11-19T03:44:48.897Z] INFO: Session created
  Context: {
  "sessionId": "981dc32e-7b00-4ff2-b60d-863636d975f5",
  "title": "Session 22",
  "mode": "sequential"
}
[2025-11-19T03:44:48.897Z] INFO: Session created
  Context: {
  "sessionId": "5b386ad3-34ca-4339-9220-d70c7f995766",
  "title": "Session 23",
  "mode": "sequential"
}
[2025-11-19T03:44:48.897Z] INFO: Session created
  Context: {
  "sessionId": "8ab90d39-ce71-403f-8a84-27ac5d578111",
  "title": "Session 24",
  "mode": "sequential"
}
[2025-11-19T03:44:48.897Z] INFO: Session created
  Context: {
  "sessionId": "8d843e40-be07-44d9-a29e-3abad84bcbe2",
  "title": "Session 25",
  "mode": "sequential"
}
[2025-11-19T03:44:48.897Z] INFO: Session created
  Context: {
  "sessionId": "6e43d20b-9b6d-41df-8a0b-60451da57017",
  "title": "Session 26",
  "mode": "sequential"
}
[2025-11-19T03:44:48.897Z] INFO: Session created
  Context: {
  "sessionId": "3f2774b8-1df5-4647-9cc1-a0feaeb01f1b",
  "title": "Session 27",
  "mode": "sequential"
}
[2025-11-19T03:44:48.897Z] INFO: Session created
  Context: {
  "sessionId": "4fba016d-0f2e-4815-91fe-d2c7f085eeb8",
  "title": "Session 28",
  "mode": "sequential"
}
[2025-11-19T03:44:48.897Z] INFO: Session created
  Context: {
  "sessionId": "58489306-f5a7-4ff1-8afe-7f83c081440e",
  "title": "Session 29",
  "mode": "sequential"
}
[2025-11-19T03:44:48.897Z] INFO: Session created
  Context: {
  "sessionId": "acb64145-c485-42ee-9ef0-2244ed308220",
  "title": "Session 30",
  "mode": "sequential"
}
[2025-11-19T03:44:48.898Z] INFO: Session created
  Context: {
  "sessionId": "f22adcf9-33ea-43d9-b505-ecfc43ce248c",
  "title": "Session 31",
  "mode": "sequential"
}
[2025-11-19T03:44:48.898Z] INFO: Session created
  Context: {
  "sessionId": "57622f9a-397e-4b57-866e-1d09bf5ef220",
  "title": "Session 32",
  "mode": "sequential"
}
[2025-11-19T03:44:48.898Z] INFO: Session created
  Context: {
  "sessionId": "5a88f305-d7e1-4d16-8aca-6e85ab12f71e",
  "title": "Session 33",
  "mode": "sequential"
}
[2025-11-19T03:44:48.898Z] INFO: Session created
  Context: {
  "sessionId": "644c0368-1d2a-4a8e-a94a-ef061f06feb0",
  "title": "Session 34",
  "mode": "sequential"
}
[2025-11-19T03:44:48.898Z] INFO: Session created
  Context: {
  "sessionId": "d705f934-c7b5-447f-b8db-179938ce7fbc",
  "title": "Session 35",
  "mode": "sequential"
}
[2025-11-19T03:44:48.898Z] INFO: Session created
  Context: {
  "sessionId": "82220a44-4b2d-466a-a776-43b045f68218",
  "title": "Session 36",
  "mode": "sequential"
}
[2025-11-19T03:44:48.898Z] INFO: Session created
  Context: {
  "sessionId": "2acfddc9-a54e-4b74-be8b-6ec4a3c50aa3",
  "title": "Session 37",
  "mode": "sequential"
}
[2025-11-19T03:44:48.898Z] INFO: Session created
  Context: {
  "sessionId": "5cce202b-841f-4d84-8438-27673d106a56",
  "title": "Session 38",
  "mode": "sequential"
}
[2025-11-19T03:44:48.898Z] INFO: Session created
  Context: {
  "sessionId": "56fdcfd0-4568-4f5d-b60c-0fa9c8ae013a",
  "title": "Session 39",
  "mode": "sequential"
}
[2025-11-19T03:44:48.898Z] INFO: Session created
  Context: {
  "sessionId": "75a3e5d3-61ee-45ca-af6c-bcf65d7789fe",
  "title": "Session 40",
  "mode": "sequential"
}
[2025-11-19T03:44:48.898Z] INFO: Session created
  Context: {
  "sessionId": "c61a4821-36f4-411e-b830-9af5ba66c2d6",
  "title": "Session 41",
  "mode": "sequential"
}
[2025-11-19T03:44:48.898Z] INFO: Session created
  Context: {
  "sessionId": "3e351878-be73-4da0-8ecd-af4368f165ef",
  "title": "Session 42",
  "mode": "sequential"
}
[2025-11-19T03:44:48.898Z] INFO: Session created
  Context: {
  "sessionId": "bed41978-8ea4-473f-81b1-c56966cf6711",
  "title": "Session 43",
  "mode": "sequential"
}
[2025-11-19T03:44:48.899Z] INFO: Session created
  Context: {
  "sessionId": "6f23a1f2-dbdf-4db3-9596-944265b40e8e",
  "title": "Session 44",
  "mode": "sequential"
}
[2025-11-19T03:44:48.899Z] INFO: Session created
  Context: {
  "sessionId": "00f77983-955c-4809-bba7-6cea21534422",
  "title": "Session 45",
  "mode": "sequential"
}
[2025-11-19T03:44:48.899Z] INFO: Session created
  Context: {
  "sessionId": "fa05efdf-d7d7-4e23-820f-ad3ca1dcb6fe",
  "title": "Session 46",
  "mode": "sequential"
}
[2025-11-19T03:44:48.899Z] INFO: Session created
  Context: {
  "sessionId": "2f7b4176-ba57-473f-90fa-37085d24c55d",
  "title": "Session 47",
  "mode": "sequential"
}
[2025-11-19T03:44:48.899Z] INFO: Session created
  Context: {
  "sessionId": "a645aa4e-b71a-4994-8b32-b013cb3cd059",
  "title": "Session 48",
  "mode": "sequential"
}
[2025-11-19T03:44:48.899Z] INFO: Session created
  Context: {
  "sessionId": "a11e2c00-f5ad-43ca-9025-95fa37af95c6",
  "title": "Session 49",
  "mode": "sequential"
}
[2025-11-19T03:44:48.899Z] INFO: Session created
  Context: {
  "sessionId": "beff1884-4cf6-4618-9392-3c04537dfbab",
  "title": "Session 50",
  "mode": "sequential"
}

[90mstdout[2m | tests/integration/multi-session.test.ts[2m > [22m[2mMulti-Session and Concurrent Scenarios[2m > [22m[2mResource Management with Many Sessions[2m > [22m[2mshould retrieve sessions efficiently with many active sessions[22m[39m
[2025-11-19T03:44:48.902Z] INFO: Session created
  Context: {
  "sessionId": "b6974369-2f43-46a6-973c-eb2a60f03d10",
  "title": "Session 1",
  "mode": "sequential"
}
[2025-11-19T03:44:48.902Z] INFO: Session created
  Context: {
  "sessionId": "900f166d-76ce-480c-9cac-56aa70a69ca8",
  "title": "Session 2",
  "mode": "sequential"
}
[2025-11-19T03:44:48.902Z] INFO: Session created
  Context: {
  "sessionId": "27070144-f55f-453d-8f10-6b2e8ead9c3c",
  "title": "Session 3",
  "mode": "sequential"
}
[2025-11-19T03:44:48.902Z] INFO: Session created
  Context: {
  "sessionId": "8d49fc3b-03b3-423e-a285-762972ca6584",
  "title": "Session 4",
  "mode": "sequential"
}
[2025-11-19T03:44:48.902Z] INFO: Session created
  Context: {
  "sessionId": "ed0450a5-f3bc-48d8-83a9-0c24857f058e",
  "title": "Session 5",
  "mode": "sequential"
}
[2025-11-19T03:44:48.902Z] INFO: Session created
  Context: {
  "sessionId": "d5128e84-7887-4628-965a-a49742c5bbef",
  "title": "Session 6",
  "mode": "sequential"
}
[2025-11-19T03:44:48.902Z] INFO: Session created
  Context: {
  "sessionId": "40b9b852-fb18-4b98-b060-5b894eea71f8",
  "title": "Session 7",
  "mode": "sequential"
}
[2025-11-19T03:44:48.903Z] INFO: Session created
  Context: {
  "sessionId": "c96d1a7f-cd59-43e5-b7b2-c6d21506c5bd",
  "title": "Session 8",
  "mode": "sequential"
}
[2025-11-19T03:44:48.903Z] INFO: Session created
  Context: {
  "sessionId": "065124d5-9d13-46a4-99da-aecc061a19c8",
  "title": "Session 9",
  "mode": "sequential"
}
[2025-11-19T03:44:48.903Z] INFO: Session created
  Context: {
  "sessionId": "0c707f4b-bd50-40ff-9f80-5697a3641ef0",
  "title": "Session 10",
  "mode": "sequential"
}

[90mstdout[2m | tests/integration/multi-session.test.ts[2m > [22m[2mMulti-Session and Concurrent Scenarios[2m > [22m[2mResource Management with Many Sessions[2m > [22m[2mshould list all sessions when many exist[22m[39m
[2025-11-19T03:44:48.906Z] INFO: Session created
  Context: {
  "sessionId": "e86bd001-8d33-48bd-8a10-252079e68e2e",
  "title": "Session 1",
  "mode": "sequential"
}
[2025-11-19T03:44:48.906Z] INFO: Session created
  Context: {
  "sessionId": "f241bc7e-06a5-408b-92af-15c4f70fda8c",
  "title": "Session 2",
  "mode": "sequential"
}
[2025-11-19T03:44:48.906Z] INFO: Session created
  Context: {
  "sessionId": "d908f2a2-59bc-48a9-8ddb-0e5c358b0f2d",
  "title": "Session 3",
  "mode": "sequential"
}
[2025-11-19T03:44:48.906Z] INFO: Session created
  Context: {
  "sessionId": "fbe0b72f-58da-4843-8a12-c71c68affef5",
  "title": "Session 4",
  "mode": "sequential"
}
[2025-11-19T03:44:48.906Z] INFO: Session created
  Context: {
  "sessionId": "a7379e2c-7cff-4b7e-af98-b147326d970b",
  "title": "Session 5",
  "mode": "sequential"
}
[2025-11-19T03:44:48.906Z] INFO: Session created
  Context: {
  "sessionId": "400c11c1-a788-444c-aaf4-e35c2287e80a",
  "title": "Session 6",
  "mode": "sequential"
}
[2025-11-19T03:44:48.906Z] INFO: Session created
  Context: {
  "sessionId": "bca31b4d-0146-4999-90f4-d24065f315d6",
  "title": "Session 7",
  "mode": "sequential"
}
[2025-11-19T03:44:48.906Z] INFO: Session created
  Context: {
  "sessionId": "5356b3e2-834f-4a20-b97e-c1e432b39013",
  "title": "Session 8",
  "mode": "sequential"
}
[2025-11-19T03:44:48.906Z] INFO: Session created
  Context: {
  "sessionId": "303a5f2d-80b3-46ec-b9b3-cb88c3daf6fa",
  "title": "Session 9",
  "mode": "sequential"
}
[2025-11-19T03:44:48.906Z] INFO: Session created
  Context: {
  "sessionId": "6af5444f-87fe-4c6c-924a-e857b291d951",
  "title": "Session 10",
  "mode": "sequential"
}
[2025-11-19T03:44:48.907Z] INFO: Session created
  Context: {
  "sessionId": "abc3159e-3a47-41e6-bc00-992cdbe7c588",
  "title": "Session 11",
  "mode": "sequential"
}
[2025-11-19T03:44:48.907Z] INFO: Session created
  Context: {
  "sessionId": "251ec54a-d224-46ad-94ff-b4364e614ab3",
  "title": "Session 12",
  "mode": "sequential"
}
[2025-11-19T03:44:48.907Z] INFO: Session created
  Context: {
  "sessionId": "ae57e058-75fc-4aa8-946b-68a2ae8be98b",
  "title": "Session 13",
  "mode": "sequential"
}
[2025-11-19T03:44:48.907Z] INFO: Session created
  Context: {
  "sessionId": "5931861e-fa83-4680-9504-ccc66bc1e9c7",
  "title": "Session 14",
  "mode": "sequential"
}
[2025-11-19T03:44:48.907Z] INFO: Session created
  Context: {
  "sessionId": "4f5d47ec-6615-49f9-84d1-7d0cc53733b5",
  "title": "Session 15",
  "mode": "sequential"
}

[90mstdout[2m | tests/integration/multi-session.test.ts[2m > [22m[2mMulti-Session and Concurrent Scenarios[2m > [22m[2mSession State Consistency[2m > [22m[2mshould maintain consistent thought count across concurrent additions[22m[39m
[2025-11-19T03:44:49.028Z] INFO: Session created
  Context: {
  "sessionId": "d4175ac8-3b62-4e92-a8df-943b8458a53c",
  "title": "Consistency Test",
  "mode": "sequential"
}
[2025-11-19T03:44:49.031Z] INFO: Session completed
  Context: {
  "sessionId": "d4175ac8-3b62-4e92-a8df-943b8458a53c",
  "title": "Consistency Test",
  "totalThoughts": 10
}

[90mstdout[2m | tests/integration/multi-session.test.ts[2m > [22m[2mMulti-Session and Concurrent Scenarios[2m > [22m[2mSession State Consistency[2m > [22m[2mshould maintain correct status after concurrent operations[22m[39m
[2025-11-19T03:44:49.034Z] INFO: Session created
  Context: {
  "sessionId": "11e1e476-2c87-4c08-8ae7-f8abcd6f4e7e",
  "title": "Status Test",
  "mode": "sequential"
}
[2025-11-19T03:44:49.034Z] INFO: Session completed
  Context: {
  "sessionId": "11e1e476-2c87-4c08-8ae7-f8abcd6f4e7e",
  "title": "Status Test",
  "totalThoughts": 1
}

[90mstdout[2m | tests/integration/multi-session.test.ts[2m > [22m[2mMulti-Session and Concurrent Scenarios[2m > [22m[2mSession State Consistency[2m > [22m[2mshould handle concurrent thought additions with proper sequencing[22m[39m
[2025-11-19T03:44:49.035Z] INFO: Session created
  Context: {
  "sessionId": "3bcb8deb-1d5d-4f99-b812-89e0bd8072f0",
  "title": "Sequence Test",
  "mode": "sequential"
}

[90mstdout[2m | tests/integration/multi-session.test.ts[2m > [22m[2mMulti-Session and Concurrent Scenarios[2m > [22m[2mError Handling in Concurrent Scenarios[2m > [22m[2mshould handle mixed success/failure scenarios gracefully[22m[39m
[2025-11-19T03:44:49.107Z] INFO: Session created
  Context: {
  "sessionId": "305bc9f6-4d0e-49fc-acd1-8f5ed225d273",
  "title": "Mixed Test",
  "mode": "sequential"
}

 [32m✓[39m tests/integration/multi-session.test.ts [2m ([22m[2m18 tests[22m[2m)[22m[33m 781[2mms[22m[39m
[90mstdout[2m | tests/integration/session-workflow.test.ts[2m > [22m[2mSession Workflow Integration[2m > [22m[2mshould complete full sequential thinking workflow[22m[39m
[2025-11-19T03:44:49.327Z] INFO: Session created
  Context: {
  "sessionId": "1069c39f-1fb0-4202-bc1d-6eca71da1757",
  "title": "Solve Prime Factorization Problem",
  "mode": "sequential"
}
[2025-11-19T03:44:49.340Z] INFO: Session completed
  Context: {
  "sessionId": "1069c39f-1fb0-4202-bc1d-6eca71da1757",
  "title": "Solve Prime Factorization Problem",
  "totalThoughts": 5
}

[90mstdout[2m | tests/integration/session-workflow.test.ts[2m > [22m[2mSession Workflow Integration[2m > [22m[2mshould handle mathematics mode with validation[22m[39m
[2025-11-19T03:44:49.349Z] INFO: Session created
  Context: {
  "sessionId": "c355887f-bf63-4b36-8393-e37175fa5d2d",
  "title": "Prove Fundamental Theorem",
  "mode": "mathematics"
}
[2025-11-19T03:44:49.349Z] INFO: Session completed
  Context: {
  "sessionId": "c355887f-bf63-4b36-8393-e37175fa5d2d",
  "title": "Prove Fundamental Theorem",
  "totalThoughts": 3
}

[90mstdout[2m | tests/integration/session-workflow.test.ts[2m > [22m[2mSession Workflow Integration[2m > [22m[2mshould handle mode switching mid-session[22m[39m
[2025-11-19T03:44:49.351Z] INFO: Session created
  Context: {
  "sessionId": "7dba2562-abfe-4943-919e-a0ed1cf00cb1",
  "title": "Problem Solving Session",
  "mode": "sequential"
}
[2025-11-19T03:44:49.353Z] INFO: Session mode switched
  Context: {
  "sessionId": "7dba2562-abfe-4943-919e-a0ed1cf00cb1",
  "oldMode": "sequential",
  "newMode": "shannon",
  "reason": "Need more structure"
}
[2025-11-19T03:44:49.354Z] INFO: Session completed
  Context: {
  "sessionId": "7dba2562-abfe-4943-919e-a0ed1cf00cb1",
  "title": "Problem Solving Session",
  "totalThoughts": 3
}

[90mstdout[2m | tests/integration/session-workflow.test.ts[2m > [22m[2mSession Workflow Integration[2m > [22m[2mshould track validation cache statistics[22m[39m
[2025-11-19T03:44:49.356Z] INFO: Session created
  Context: {
  "sessionId": "11088a92-c52e-4c71-b185-6b1ebb83a895",
  "title": "Cache Test Session",
  "mode": "sequential"
}
[2025-11-19T03:44:49.356Z] INFO: Session completed
  Context: {
  "sessionId": "11088a92-c52e-4c71-b185-6b1ebb83a895",
  "title": "Cache Test Session",
  "totalThoughts": 3
}

[90mstdout[2m | tests/integration/session-workflow.test.ts[2m > [22m[2mSession Workflow Integration[2m > [22m[2mshould handle multiple concurrent sessions[22m[39m
[2025-11-19T03:44:49.358Z] INFO: Session created
  Context: {
  "sessionId": "acea1310-7534-4704-9f4a-507405f03039",
  "title": "Session 1",
  "mode": "sequential"
}
[2025-11-19T03:44:49.359Z] INFO: Session created
  Context: {
  "sessionId": "1799d436-318f-4356-a9e2-c0f24fe77bc9",
  "title": "Session 2",
  "mode": "mathematics"
}
[2025-11-19T03:44:49.359Z] INFO: Session created
  Context: {
  "sessionId": "3bcc5012-4263-42b1-b571-8b9036a58ef0",
  "title": "Session 3",
  "mode": "shannon"
}
[2025-11-19T03:44:49.359Z] INFO: Session completed
  Context: {
  "sessionId": "acea1310-7534-4704-9f4a-507405f03039",
  "title": "Session 1",
  "totalThoughts": 1
}
[2025-11-19T03:44:49.359Z] INFO: Session completed
  Context: {
  "sessionId": "1799d436-318f-4356-a9e2-c0f24fe77bc9",
  "title": "Session 2",
  "totalThoughts": 1
}
[2025-11-19T03:44:49.359Z] INFO: Session completed
  Context: {
  "sessionId": "3bcc5012-4263-42b1-b571-8b9036a58ef0",
  "title": "Session 3",
  "totalThoughts": 1
}

[90mstdout[2m | tests/integration/session-workflow.test.ts[2m > [22m[2mSession Workflow Integration[2m > [22m[2mshould handle session deletion[22m[39m
[2025-11-19T03:44:49.361Z] INFO: Session created
  Context: {
  "sessionId": "10a7069a-32c4-42cd-b980-f64467c27d7c",
  "title": "Temporary Session",
  "mode": "sequential"
}
[2025-11-19T03:44:49.361Z] INFO: Session completed
  Context: {
  "sessionId": "10a7069a-32c4-42cd-b980-f64467c27d7c",
  "title": "Temporary Session",
  "totalThoughts": 1
}
[2025-11-19T03:44:49.362Z] INFO: Session deleted
  Context: {
  "sessionId": "10a7069a-32c4-42cd-b980-f64467c27d7c",
  "title": "Temporary Session",
  "thoughtCount": 1
}

[90mstdout[2m | tests/integration/session-workflow.test.ts[2m > [22m[2mSession Workflow Integration[2m > [22m[2mshould maintain metrics accuracy across workflow[22m[39m
[2025-11-19T03:44:49.363Z] INFO: Session created
  Context: {
  "sessionId": "42d4490c-cec7-4725-8e5b-779973fbf495",
  "title": "Metrics Test",
  "mode": "sequential"
}
[2025-11-19T03:44:49.363Z] INFO: Session completed
  Context: {
  "sessionId": "42d4490c-cec7-4725-8e5b-779973fbf495",
  "title": "Metrics Test",
  "totalThoughts": 5
}

 [32m✓[39m tests/integration/session-workflow.test.ts [2m ([22m[2m7 tests[22m[2m)[22m[90m 46[2mms[22m[39m

[2m Test Files [22m [1m[32m7 passed[39m[22m[90m (7)[39m
[2m      Tests [22m [1m[32m155 passed[39m[22m[90m (155)[39m
[2m   Start at [22m 22:44:43
[2m   Duration [22m 7.84s


[1m[7m[32m PASS [39m[27m[22m[32m Waiting for file changes...[39m
       [2mpress [22m[1mh[22m[2m to show help[22m[2m, [22m[2mpress [22m[1mq[22m[2m to quit[22m
[3Jc
[7m[1m[34m RERUN [39m[22m[27m[2m src/session/storage/file-store.ts[22m [34mx5[39m

[90mstdout[2m | tests/unit/file-store.test.ts[2m > [22m[2mFileSessionStore[2m > [22m[2minitialization[2m > [22m[2mshould create necessary directories[22m[39m
[2025-11-19T03:46:46.721Z] INFO: FileSessionStore initialized
  Context: {
  "baseDir": "C:\\Users\\danie\\AppData\\Local\\Temp\\deepthinking-test-36842325-c441-48bf-a828-72cdc4668360",
  "config": {
    "autoSave": true,
    "autoSaveDelay": 1000,
    "enableCompression": false,
    "maxSessions": 1000,
    "maxSessionAge": 2592000000,
    "enableEncryption": false,
    "serialization": {
      "prettyPrint": false,
      "includeMetadata": true
    }
  }
}

[90mstdout[2m | tests/unit/file-store.test.ts[2m > [22m[2mFileSessionStore[2m > [22m[2minitialization[2m > [22m[2mshould create necessary directories[22m[39m
[2025-11-19T03:46:46.735Z] INFO: FileSessionStore closed

[90mstdout[2m | tests/unit/file-store.test.ts[2m > [22m[2mFileSessionStore[2m > [22m[2minitialization[2m > [22m[2mshould handle multiple initialization calls[22m[39m
[2025-11-19T03:46:46.752Z] INFO: FileSessionStore initialized
  Context: {
  "baseDir": "C:\\Users\\danie\\AppData\\Local\\Temp\\deepthinking-test-cb92d242-b494-4830-bea9-cb3c50366e58",
  "config": {
    "autoSave": true,
    "autoSaveDelay": 1000,
    "enableCompression": false,
    "maxSessions": 1000,
    "maxSessionAge": 2592000000,
    "enableEncryption": false,
    "serialization": {
      "prettyPrint": false,
      "includeMetadata": true
    }
  }
}
[2025-11-19T03:46:46.754Z] INFO: FileSessionStore closed

[90mstdout[2m | tests/unit/file-store.test.ts[2m > [22m[2mFileSessionStore[2m > [22m[2msaveSession[2m > [22m[2mshould save a session to disk[22m[39m
[2025-11-19T03:46:46.772Z] INFO: FileSessionStore initialized
  Context: {
  "baseDir": "C:\\Users\\danie\\AppData\\Local\\Temp\\deepthinking-test-9a0cc491-555c-45f0-b4d1-85bb8f84372d",
  "config": {
    "autoSave": true,
    "autoSaveDelay": 1000,
    "enableCompression": false,
    "maxSessions": 1000,
    "maxSessionAge": 2592000000,
    "enableEncryption": false,
    "serialization": {
      "prettyPrint": false,
      "includeMetadata": true
    }
  }
}

[90mstdout[2m | tests/unit/file-store.test.ts[2m > [22m[2mFileSessionStore[2m > [22m[2msaveSession[2m > [22m[2mshould save a session to disk[22m[39m
[2025-11-19T03:46:46.788Z] INFO: FileSessionStore closed

[90mstdout[2m | tests/unit/file-store.test.ts[2m > [22m[2mFileSessionStore[2m > [22m[2msaveSession[2m > [22m[2mshould save session with correct content[22m[39m
[2025-11-19T03:46:46.804Z] INFO: FileSessionStore initialized
  Context: {
  "baseDir": "C:\\Users\\danie\\AppData\\Local\\Temp\\deepthinking-test-9e5c168b-0e83-43df-9546-0cbd5672b0e5",
  "config": {
    "autoSave": true,
    "autoSaveDelay": 1000,
    "enableCompression": false,
    "maxSessions": 1000,
    "maxSessionAge": 2592000000,
    "enableEncryption": false,
    "serialization": {
      "prettyPrint": false,
      "includeMetadata": true
    }
  }
}

[90mstdout[2m | tests/unit/file-store.test.ts[2m > [22m[2mFileSessionStore[2m > [22m[2msaveSession[2m > [22m[2mshould save session with correct content[22m[39m
[2025-11-19T03:46:46.816Z] INFO: FileSessionStore closed

[90mstdout[2m | tests/unit/file-store.test.ts[2m > [22m[2mFileSessionStore[2m > [22m[2msaveSession[2m > [22m[2mshould update metadata index[22m[39m
[2025-11-19T03:46:46.831Z] INFO: FileSessionStore initialized
  Context: {
  "baseDir": "C:\\Users\\danie\\AppData\\Local\\Temp\\deepthinking-test-bb212a15-2505-44ab-8a5e-841bc06f0bda",
  "config": {
    "autoSave": true,
    "autoSaveDelay": 1000,
    "enableCompression": false,
    "maxSessions": 1000,
    "maxSessionAge": 2592000000,
    "enableEncryption": false,
    "serialization": {
      "prettyPrint": false,
      "includeMetadata": true
    }
  }
}

[90mstdout[2m | tests/unit/file-store.test.ts[2m > [22m[2mFileSessionStore[2m > [22m[2msaveSession[2m > [22m[2mshould update metadata index[22m[39m
[2025-11-19T03:46:46.849Z] INFO: FileSessionStore closed

[90mstdout[2m | tests/unit/file-store.test.ts[2m > [22m[2mFileSessionStore[2m > [22m[2msaveSession[2m > [22m[2mshould overwrite existing session[22m[39m
[2025-11-19T03:46:46.865Z] INFO: FileSessionStore initialized
  Context: {
  "baseDir": "C:\\Users\\danie\\AppData\\Local\\Temp\\deepthinking-test-1833066f-4f02-43cc-b85b-6641a5d41b20",
  "config": {
    "autoSave": true,
    "autoSaveDelay": 1000,
    "enableCompression": false,
    "maxSessions": 1000,
    "maxSessionAge": 2592000000,
    "enableEncryption": false,
    "serialization": {
      "prettyPrint": false,
      "includeMetadata": true
    }
  }
}

[90mstdout[2m | tests/unit/file-store.test.ts[2m > [22m[2mFileSessionStore[2m > [22m[2msaveSession[2m > [22m[2mshould overwrite existing session[22m[39m
[2025-11-19T03:46:46.886Z] INFO: FileSessionStore closed

[90mstdout[2m | tests/unit/file-store.test.ts[2m > [22m[2mFileSessionStore[2m > [22m[2mloadSession[2m > [22m[2mshould load an existing session[22m[39m
[2025-11-19T03:46:46.900Z] INFO: FileSessionStore initialized
  Context: {
  "baseDir": "C:\\Users\\danie\\AppData\\Local\\Temp\\deepthinking-test-b87bbf5d-a896-4df6-bae5-67b8eabd6910",
  "config": {
    "autoSave": true,
    "autoSaveDelay": 1000,
    "enableCompression": false,
    "maxSessions": 1000,
    "maxSessionAge": 2592000000,
    "enableEncryption": false,
    "serialization": {
      "prettyPrint": false,
      "includeMetadata": true
    }
  }
}

[90mstdout[2m | tests/unit/file-store.test.ts[2m > [22m[2mFileSessionStore[2m > [22m[2mloadSession[2m > [22m[2mshould load an existing session[22m[39m
[2025-11-19T03:46:46.912Z] INFO: FileSessionStore closed

[90mstdout[2m | tests/unit/file-store.test.ts[2m > [22m[2mFileSessionStore[2m > [22m[2mloadSession[2m > [22m[2mshould return null for non-existent session[22m[39m
[2025-11-19T03:46:46.931Z] INFO: FileSessionStore initialized
  Context: {
  "baseDir": "C:\\Users\\danie\\AppData\\Local\\Temp\\deepthinking-test-ce678ffc-07f0-470c-b6fb-de37940b49c5",
  "config": {
    "autoSave": true,
    "autoSaveDelay": 1000,
    "enableCompression": false,
    "maxSessions": 1000,
    "maxSessionAge": 2592000000,
    "enableEncryption": false,
    "serialization": {
      "prettyPrint": false,
      "includeMetadata": true
    }
  }
}

[90mstdout[2m | tests/unit/file-store.test.ts[2m > [22m[2mFileSessionStore[2m > [22m[2mloadSession[2m > [22m[2mshould return null for non-existent session[22m[39m
[2025-11-19T03:46:46.933Z] INFO: FileSessionStore closed

[90mstdout[2m | tests/unit/file-store.test.ts[2m > [22m[2mFileSessionStore[2m > [22m[2mloadSession[2m > [22m[2mshould preserve Date objects[22m[39m
[2025-11-19T03:46:46.949Z] INFO: FileSessionStore initialized
  Context: {
  "baseDir": "C:\\Users\\danie\\AppData\\Local\\Temp\\deepthinking-test-ba06102f-8d49-431b-b00f-6938545401f9",
  "config": {
    "autoSave": true,
    "autoSaveDelay": 1000,
    "enableCompression": false,
    "maxSessions": 1000,
    "maxSessionAge": 2592000000,
    "enableEncryption": false,
    "serialization": {
      "prettyPrint": false,
      "includeMetadata": true
    }
  }
}

[90mstdout[2m | tests/unit/file-store.test.ts[2m > [22m[2mFileSessionStore[2m > [22m[2mloadSession[2m > [22m[2mshould preserve Date objects[22m[39m
[2025-11-19T03:46:46.961Z] INFO: FileSessionStore closed

[90mstdout[2m | tests/unit/file-store.test.ts[2m > [22m[2mFileSessionStore[2m > [22m[2mloadSession[2m > [22m[2mshould preserve Map objects[22m[39m
[2025-11-19T03:46:46.989Z] INFO: FileSessionStore initialized
  Context: {
  "baseDir": "C:\\Users\\danie\\AppData\\Local\\Temp\\deepthinking-test-4ecc9c2d-3c14-44e9-b853-675ecdecc666",
  "config": {
    "autoSave": true,
    "autoSaveDelay": 1000,
    "enableCompression": false,
    "maxSessions": 1000,
    "maxSessionAge": 2592000000,
    "enableEncryption": false,
    "serialization": {
      "prettyPrint": false,
      "includeMetadata": true
    }
  }
}

[90mstdout[2m | tests/unit/file-store.test.ts[2m > [22m[2mFileSessionStore[2m > [22m[2mloadSession[2m > [22m[2mshould preserve Map objects[22m[39m
[2025-11-19T03:46:47.002Z] INFO: FileSessionStore closed

[90mstdout[2m | tests/unit/file-store.test.ts[2m > [22m[2mFileSessionStore[2m > [22m[2mdeleteSession[2m > [22m[2mshould delete an existing session[22m[39m
[2025-11-19T03:46:47.026Z] INFO: FileSessionStore initialized
  Context: {
  "baseDir": "C:\\Users\\danie\\AppData\\Local\\Temp\\deepthinking-test-8c2df36b-ff70-448f-ae09-b96277259712",
  "config": {
    "autoSave": true,
    "autoSaveDelay": 1000,
    "enableCompression": false,
    "maxSessions": 1000,
    "maxSessionAge": 2592000000,
    "enableEncryption": false,
    "serialization": {
      "prettyPrint": false,
      "includeMetadata": true
    }
  }
}

[90mstdout[2m | tests/unit/file-store.test.ts[2m > [22m[2mFileSessionStore[2m > [22m[2mdeleteSession[2m > [22m[2mshould delete an existing session[22m[39m
[2025-11-19T03:46:47.043Z] INFO: Session deleted
  Context: {
  "sessionId": "f87ec703-e244-4d48-b351-ecc81a81ae7d"
}

[90mstdout[2m | tests/unit/file-store.test.ts[2m > [22m[2mFileSessionStore[2m > [22m[2mdeleteSession[2m > [22m[2mshould delete an existing session[22m[39m
[2025-11-19T03:46:47.048Z] INFO: FileSessionStore closed

[90mstdout[2m | tests/unit/file-store.test.ts[2m > [22m[2mFileSessionStore[2m > [22m[2mdeleteSession[2m > [22m[2mshould return false for non-existent session[22m[39m
[2025-11-19T03:46:47.064Z] INFO: FileSessionStore initialized
  Context: {
  "baseDir": "C:\\Users\\danie\\AppData\\Local\\Temp\\deepthinking-test-4fae6843-dbd8-4406-9c79-4d67923d880c",
  "config": {
    "autoSave": true,
    "autoSaveDelay": 1000,
    "enableCompression": false,
    "maxSessions": 1000,
    "maxSessionAge": 2592000000,
    "enableEncryption": false,
    "serialization": {
      "prettyPrint": false,
      "includeMetadata": true
    }
  }
}

[90mstdout[2m | tests/unit/file-store.test.ts[2m > [22m[2mFileSessionStore[2m > [22m[2mdeleteSession[2m > [22m[2mshould return false for non-existent session[22m[39m
[2025-11-19T03:46:47.067Z] INFO: FileSessionStore closed

[90mstdout[2m | tests/unit/file-store.test.ts[2m > [22m[2mFileSessionStore[2m > [22m[2mdeleteSession[2m > [22m[2mshould update metadata index after deletion[22m[39m
[2025-11-19T03:46:47.082Z] INFO: FileSessionStore initialized
  Context: {
  "baseDir": "C:\\Users\\danie\\AppData\\Local\\Temp\\deepthinking-test-9cd731f8-b2c1-442b-9bc3-67402d4b152d",
  "config": {
    "autoSave": true,
    "autoSaveDelay": 1000,
    "enableCompression": false,
    "maxSessions": 1000,
    "maxSessionAge": 2592000000,
    "enableEncryption": false,
    "serialization": {
      "prettyPrint": false,
      "includeMetadata": true
    }
  }
}

[90mstdout[2m | tests/unit/file-store.test.ts[2m > [22m[2mFileSessionStore[2m > [22m[2mdeleteSession[2m > [22m[2mshould update metadata index after deletion[22m[39m
[2025-11-19T03:46:47.099Z] INFO: Session deleted
  Context: {
  "sessionId": "970618ba-5876-465e-b499-8077128fffbe"
}
[2025-11-19T03:46:47.100Z] INFO: FileSessionStore closed

[90mstdout[2m | tests/unit/file-store.test.ts[2m > [22m[2mFileSessionStore[2m > [22m[2mlistSessions[2m > [22m[2mshould list all sessions[22m[39m
[2025-11-19T03:46:47.112Z] INFO: FileSessionStore initialized
  Context: {
  "baseDir": "C:\\Users\\danie\\AppData\\Local\\Temp\\deepthinking-test-e9d7cd70-6bde-4190-b9db-4695be17b16c",
  "config": {
    "autoSave": true,
    "autoSaveDelay": 1000,
    "enableCompression": false,
    "maxSessions": 1000,
    "maxSessionAge": 2592000000,
    "enableEncryption": false,
    "serialization": {
      "prettyPrint": false,
      "includeMetadata": true
    }
  }
}

[90mstdout[2m | tests/unit/file-store.test.ts[2m > [22m[2mFileSessionStore[2m > [22m[2mlistSessions[2m > [22m[2mshould list all sessions[22m[39m
[2025-11-19T03:46:47.129Z] INFO: FileSessionStore closed

[90mstdout[2m | tests/unit/file-store.test.ts[2m > [22m[2mFileSessionStore[2m > [22m[2mlistSessions[2m > [22m[2mshould return empty array when no sessions exist[22m[39m
[2025-11-19T03:46:47.143Z] INFO: FileSessionStore initialized
  Context: {
  "baseDir": "C:\\Users\\danie\\AppData\\Local\\Temp\\deepthinking-test-fb8e1a77-5236-4d35-89e9-adb19b4c5ef5",
  "config": {
    "autoSave": true,
    "autoSaveDelay": 1000,
    "enableCompression": false,
    "maxSessions": 1000,
    "maxSessionAge": 2592000000,
    "enableEncryption": false,
    "serialization": {
      "prettyPrint": false,
      "includeMetadata": true
    }
  }
}
[2025-11-19T03:46:47.144Z] INFO: FileSessionStore closed

[90mstdout[2m | tests/unit/file-store.test.ts[2m > [22m[2mFileSessionStore[2m > [22m[2mlistSessions[2m > [22m[2mshould include correct metadata fields[22m[39m
[2025-11-19T03:46:47.157Z] INFO: FileSessionStore initialized
  Context: {
  "baseDir": "C:\\Users\\danie\\AppData\\Local\\Temp\\deepthinking-test-906fc61b-9949-4a50-8db5-70e6b9ee88f6",
  "config": {
    "autoSave": true,
    "autoSaveDelay": 1000,
    "enableCompression": false,
    "maxSessions": 1000,
    "maxSessionAge": 2592000000,
    "enableEncryption": false,
    "serialization": {
      "prettyPrint": false,
      "includeMetadata": true
    }
  }
}

[90mstdout[2m | tests/unit/file-store.test.ts[2m > [22m[2mFileSessionStore[2m > [22m[2mlistSessions[2m > [22m[2mshould include correct metadata fields[22m[39m
[2025-11-19T03:46:47.164Z] INFO: FileSessionStore closed

[90mstdout[2m | tests/unit/file-store.test.ts[2m > [22m[2mFileSessionStore[2m > [22m[2mexists[2m > [22m[2mshould return true for existing session[22m[39m
[2025-11-19T03:46:47.176Z] INFO: FileSessionStore initialized
  Context: {
  "baseDir": "C:\\Users\\danie\\AppData\\Local\\Temp\\deepthinking-test-77b89b0b-1094-415b-a857-5babf3150fd9",
  "config": {
    "autoSave": true,
    "autoSaveDelay": 1000,
    "enableCompression": false,
    "maxSessions": 1000,
    "maxSessionAge": 2592000000,
    "enableEncryption": false,
    "serialization": {
      "prettyPrint": false,
      "includeMetadata": true
    }
  }
}

[90mstdout[2m | tests/unit/file-store.test.ts[2m > [22m[2mFileSessionStore[2m > [22m[2mexists[2m > [22m[2mshould return true for existing session[22m[39m
[2025-11-19T03:46:47.181Z] INFO: FileSessionStore closed

[90mstdout[2m | tests/unit/file-store.test.ts[2m > [22m[2mFileSessionStore[2m > [22m[2mexists[2m > [22m[2mshould return false for non-existent session[22m[39m
[2025-11-19T03:46:47.191Z] INFO: FileSessionStore initialized
  Context: {
  "baseDir": "C:\\Users\\danie\\AppData\\Local\\Temp\\deepthinking-test-800cab80-4e83-4f4b-8542-ff9bbedd55e4",
  "config": {
    "autoSave": true,
    "autoSaveDelay": 1000,
    "enableCompression": false,
    "maxSessions": 1000,
    "maxSessionAge": 2592000000,
    "enableEncryption": false,
    "serialization": {
      "prettyPrint": false,
      "includeMetadata": true
    }
  }
}
[2025-11-19T03:46:47.192Z] INFO: FileSessionStore closed

[90mstdout[2m | tests/unit/file-store.test.ts[2m > [22m[2mFileSessionStore[2m > [22m[2mgetStats[2m > [22m[2mshould return storage statistics[22m[39m
[2025-11-19T03:46:47.201Z] INFO: FileSessionStore initialized
  Context: {
  "baseDir": "C:\\Users\\danie\\AppData\\Local\\Temp\\deepthinking-test-83ea86c3-9ac7-4213-97e0-c25158203a5d",
  "config": {
    "autoSave": true,
    "autoSaveDelay": 1000,
    "enableCompression": false,
    "maxSessions": 1000,
    "maxSessionAge": 2592000000,
    "enableEncryption": false,
    "serialization": {
      "prettyPrint": false,
      "includeMetadata": true
    }
  }
}

[90mstdout[2m | tests/unit/file-store.test.ts[2m > [22m[2mFileSessionStore[2m > [22m[2mgetStats[2m > [22m[2mshould return storage statistics[22m[39m
[2025-11-19T03:46:47.213Z] INFO: FileSessionStore closed

[90mstdout[2m | tests/unit/file-store.test.ts[2m > [22m[2mFileSessionStore[2m > [22m[2mgetStats[2m > [22m[2mshould calculate total thoughts correctly[22m[39m
[2025-11-19T03:46:47.229Z] INFO: FileSessionStore initialized
  Context: {
  "baseDir": "C:\\Users\\danie\\AppData\\Local\\Temp\\deepthinking-test-d6e1d9cc-6c0a-4484-9f27-4bdf88d09012",
  "config": {
    "autoSave": true,
    "autoSaveDelay": 1000,
    "enableCompression": false,
    "maxSessions": 1000,
    "maxSessionAge": 2592000000,
    "enableEncryption": false,
    "serialization": {
      "prettyPrint": false,
      "includeMetadata": true
    }
  }
}

[90mstdout[2m | tests/unit/file-store.test.ts[2m > [22m[2mFileSessionStore[2m > [22m[2mgetStats[2m > [22m[2mshould calculate total thoughts correctly[22m[39m
[2025-11-19T03:46:47.245Z] INFO: FileSessionStore closed

[90mstdout[2m | tests/unit/file-store.test.ts[2m > [22m[2mFileSessionStore[2m > [22m[2mgetStats[2m > [22m[2mshould identify storage health status[22m[39m
[2025-11-19T03:46:47.261Z] INFO: FileSessionStore initialized
  Context: {
  "baseDir": "C:\\Users\\danie\\AppData\\Local\\Temp\\deepthinking-test-85ceab5a-ceda-45a4-bbf0-b0b3194177b8",
  "config": {
    "autoSave": true,
    "autoSaveDelay": 1000,
    "enableCompression": false,
    "maxSessions": 1000,
    "maxSessionAge": 2592000000,
    "enableEncryption": false,
    "serialization": {
      "prettyPrint": false,
      "includeMetadata": true
    }
  }
}

[90mstdout[2m | tests/unit/file-store.test.ts[2m > [22m[2mFileSessionStore[2m > [22m[2mgetStats[2m > [22m[2mshould identify storage health status[22m[39m
[2025-11-19T03:46:47.265Z] INFO: FileSessionStore initialized
  Context: {
  "baseDir": "C:\\Users\\danie\\AppData\\Local\\Temp\\deepthinking-test-85ceab5a-ceda-45a4-bbf0-b0b3194177b8",
  "config": {
    "autoSave": true,
    "autoSaveDelay": 1000,
    "enableCompression": false,
    "maxSessions": 10,
    "maxSessionAge": 2592000000,
    "enableEncryption": false,
    "serialization": {
      "prettyPrint": false,
      "includeMetadata": true
    }
  }
}

[90mstdout[2m | tests/unit/file-store.test.ts[2m > [22m[2mFileSessionStore[2m > [22m[2mgetStats[2m > [22m[2mshould identify storage health status[22m[39m
[2025-11-19T03:46:47.324Z] INFO: FileSessionStore closed
[2025-11-19T03:46:47.325Z] INFO: FileSessionStore closed

[90mstdout[2m | tests/unit/file-store.test.ts[2m > [22m[2mFileSessionStore[2m > [22m[2mcleanup[2m > [22m[2mshould clean up old sessions[22m[39m
[2025-11-19T03:46:47.341Z] INFO: FileSessionStore initialized
  Context: {
  "baseDir": "C:\\Users\\danie\\AppData\\Local\\Temp\\deepthinking-test-41bbf895-bb67-46a5-8a1f-7f3061bc94f2",
  "config": {
    "autoSave": true,
    "autoSaveDelay": 1000,
    "enableCompression": false,
    "maxSessions": 1000,
    "maxSessionAge": 2592000000,
    "enableEncryption": false,
    "serialization": {
      "prettyPrint": false,
      "includeMetadata": true
    }
  }
}

[90mstdout[2m | tests/unit/file-store.test.ts[2m > [22m[2mFileSessionStore[2m > [22m[2mcleanup[2m > [22m[2mshould clean up old sessions[22m[39m
[2025-11-19T03:46:47.358Z] INFO: Session deleted
  Context: {
  "sessionId": "498caa67-f71b-453e-8aa3-7e51e9197ca6"
}
[2025-11-19T03:46:47.358Z] INFO: Cleanup completed
  Context: {
  "cleanedCount": 1,
  "maxAgeMs": 604800000,
  "remaining": 1
}
[2025-11-19T03:46:47.359Z] INFO: FileSessionStore closed

[90mstdout[2m | tests/unit/file-store.test.ts[2m > [22m[2mFileSessionStore[2m > [22m[2mcleanup[2m > [22m[2mshould return 0 when no sessions need cleanup[22m[39m
[2025-11-19T03:46:47.374Z] INFO: FileSessionStore initialized
  Context: {
  "baseDir": "C:\\Users\\danie\\AppData\\Local\\Temp\\deepthinking-test-5072b7ab-8830-469c-a198-43ba9f061f7d",
  "config": {
    "autoSave": true,
    "autoSaveDelay": 1000,
    "enableCompression": false,
    "maxSessions": 1000,
    "maxSessionAge": 2592000000,
    "enableEncryption": false,
    "serialization": {
      "prettyPrint": false,
      "includeMetadata": true
    }
  }
}

[90mstdout[2m | tests/unit/file-store.test.ts[2m > [22m[2mFileSessionStore[2m > [22m[2mcleanup[2m > [22m[2mshould return 0 when no sessions need cleanup[22m[39m
[2025-11-19T03:46:47.382Z] INFO: FileSessionStore closed

[90mstdout[2m | tests/unit/file-store.test.ts[2m > [22m[2mFileSessionStore[2m > [22m[2mconcurrent operations[2m > [22m[2mshould handle concurrent saves[22m[39m
[2025-11-19T03:46:47.396Z] INFO: FileSessionStore initialized
  Context: {
  "baseDir": "C:\\Users\\danie\\AppData\\Local\\Temp\\deepthinking-test-de535ed9-edb0-478d-96be-1ea8fb385f7a",
  "config": {
    "autoSave": true,
    "autoSaveDelay": 1000,
    "enableCompression": false,
    "maxSessions": 1000,
    "maxSessionAge": 2592000000,
    "enableEncryption": false,
    "serialization": {
      "prettyPrint": false,
      "includeMetadata": true
    }
  }
}

[90mstdout[2m | tests/unit/file-store.test.ts[2m > [22m[2mFileSessionStore[2m > [22m[2mconcurrent operations[2m > [22m[2mshould handle concurrent saves[22m[39m
[2025-11-19T03:46:47.436Z] INFO: FileSessionStore closed

[90mstdout[2m | tests/unit/file-store.test.ts[2m > [22m[2mFileSessionStore[2m > [22m[2mconcurrent operations[2m > [22m[2mshould handle concurrent reads[22m[39m
[2025-11-19T03:46:47.485Z] INFO: FileSessionStore initialized
  Context: {
  "baseDir": "C:\\Users\\danie\\AppData\\Local\\Temp\\deepthinking-test-c83cfe47-b201-40e9-a775-baf7288c4164",
  "config": {
    "autoSave": true,
    "autoSaveDelay": 1000,
    "enableCompression": false,
    "maxSessions": 1000,
    "maxSessionAge": 2592000000,
    "enableEncryption": false,
    "serialization": {
      "prettyPrint": false,
      "includeMetadata": true
    }
  }
}

[90mstdout[2m | tests/unit/file-store.test.ts[2m > [22m[2mFileSessionStore[2m > [22m[2mconcurrent operations[2m > [22m[2mshould handle concurrent reads[22m[39m
[2025-11-19T03:46:47.525Z] INFO: FileSessionStore closed

[90mstdout[2m | tests/unit/file-store.test.ts[2m > [22m[2mFileSessionStore[2m > [22m[2merror handling[2m > [22m[2mshould handle invalid session data gracefully[22m[39m
[2025-11-19T03:46:47.551Z] INFO: FileSessionStore initialized
  Context: {
  "baseDir": "C:\\Users\\danie\\AppData\\Local\\Temp\\deepthinking-test-8e9efbc1-0afd-4446-a19a-3c75a1a52365",
  "config": {
    "autoSave": true,
    "autoSaveDelay": 1000,
    "enableCompression": false,
    "maxSessions": 1000,
    "maxSessionAge": 2592000000,
    "enableEncryption": false,
    "serialization": {
      "prettyPrint": false,
      "includeMetadata": true
    }
  }
}

[90mstderr[2m | tests/unit/file-store.test.ts[2m > [22m[2mFileSessionStore[2m > [22m[2merror handling[2m > [22m[2mshould handle invalid session data gracefully[22m[39m
[2025-11-19T03:46:47.579Z] ERROR: Failed to load session
  Error: undefined

[90mstdout[2m | tests/unit/file-store.test.ts[2m > [22m[2mFileSessionStore[2m > [22m[2merror handling[2m > [22m[2mshould handle invalid session data gracefully[22m[39m
[2025-11-19T03:46:47.582Z] INFO: FileSessionStore closed

[90mstdout[2m | tests/unit/file-store.test.ts[2m > [22m[2mFileSessionStore[2m > [22m[2merror handling[2m > [22m[2mshould handle operations before initialization[22m[39m
[2025-11-19T03:46:47.602Z] INFO: FileSessionStore initialized
  Context: {
  "baseDir": "C:\\Users\\danie\\AppData\\Local\\Temp\\deepthinking-test-13174771-4dd0-47f8-bf14-c65b8564105d",
  "config": {
    "autoSave": true,
    "autoSaveDelay": 1000,
    "enableCompression": false,
    "maxSessions": 1000,
    "maxSessionAge": 2592000000,
    "enableEncryption": false,
    "serialization": {
      "prettyPrint": false,
      "includeMetadata": true
    }
  }
}

[90mstdout[2m | tests/unit/file-store.test.ts[2m > [22m[2mFileSessionStore[2m > [22m[2merror handling[2m > [22m[2mshould handle operations before initialization[22m[39m
[2025-11-19T03:46:47.611Z] INFO: FileSessionStore initialized
  Context: {
  "baseDir": "C:\\Users\\danie\\AppData\\Local\\Temp\\deepthinking-test-13174771-4dd0-47f8-bf14-c65b8564105d",
  "config": {
    "autoSave": true,
    "autoSaveDelay": 1000,
    "enableCompression": false,
    "maxSessions": 1000,
    "maxSessionAge": 2592000000,
    "enableEncryption": false,
    "serialization": {
      "prettyPrint": false,
      "includeMetadata": true
    }
  }
}

[90mstdout[2m | tests/unit/file-store.test.ts[2m > [22m[2mFileSessionStore[2m > [22m[2merror handling[2m > [22m[2mshould handle operations before initialization[22m[39m
[2025-11-19T03:46:47.620Z] INFO: FileSessionStore closed
[2025-11-19T03:46:47.620Z] INFO: FileSessionStore closed

 [32m✓[39m tests/unit/file-store.test.ts [2m ([22m[2m27 tests[22m[2m)[22m[33m 933[2mms[22m[39m

[2m Test Files [22m [1m[32m1 passed[39m[22m[90m (1)[39m
[2m      Tests [22m [1m[32m27 passed[39m[22m[90m (27)[39m
[2m   Start at [22m 22:46:45
[2m   Duration [22m 1.12s


[1m[7m[32m PASS [39m[27m[22m[32m Waiting for file changes...[39m
       [2mpress [22m[1mh[22m[2m to show help[22m[2m, [22m[2mpress [22m[1mq[22m[2m to quit[22m
       [34mrerun x5[39m
[2K[1A[2K[G       [90mrerun x5[39m
[2K[1A[2K[G       [2m[90mrerun x5[39m[22m
[2K[1A[2K[G[3Jc
[7m[1m[34m RERUN [39m[22m[27m[2m src/session/storage/file-store.ts[22m [34mx6[39m

[90mstdout[2m | tests/unit/file-store.test.ts[2m > [22m[2mFileSessionStore[2m > [22m[2minitialization[2m > [22m[2mshould create necessary directories[22m[39m
[2025-11-19T03:48:57.078Z] INFO: FileSessionStore initialized
  Context: {
  "baseDir": "C:\\Users\\danie\\AppData\\Local\\Temp\\deepthinking-test-915a4cb0-d6d8-4757-9188-ec7fd1239edc",
  "config": {
    "autoSave": true,
    "autoSaveDelay": 1000,
    "enableCompression": false,
    "maxSessions": 1000,
    "maxSessionAge": 2592000000,
    "enableEncryption": false,
    "serialization": {
      "prettyPrint": false,
      "includeMetadata": true
    }
  }
}

[90mstdout[2m | tests/unit/file-store.test.ts[2m > [22m[2mFileSessionStore[2m > [22m[2minitialization[2m > [22m[2mshould create necessary directories[22m[39m
[2025-11-19T03:48:57.087Z] INFO: FileSessionStore closed

[90mstdout[2m | tests/unit/file-store.test.ts[2m > [22m[2mFileSessionStore[2m > [22m[2minitialization[2m > [22m[2mshould handle multiple initialization calls[22m[39m
[2025-11-19T03:48:57.099Z] INFO: FileSessionStore initialized
  Context: {
  "baseDir": "C:\\Users\\danie\\AppData\\Local\\Temp\\deepthinking-test-9c043d03-6ea2-4bb2-abfb-3dc8fe8c8473",
  "config": {
    "autoSave": true,
    "autoSaveDelay": 1000,
    "enableCompression": false,
    "maxSessions": 1000,
    "maxSessionAge": 2592000000,
    "enableEncryption": false,
    "serialization": {
      "prettyPrint": false,
      "includeMetadata": true
    }
  }
}
[2025-11-19T03:48:57.100Z] INFO: FileSessionStore closed

[90mstdout[2m | tests/unit/file-store.test.ts[2m > [22m[2mFileSessionStore[2m > [22m[2msaveSession[2m > [22m[2mshould save a session to disk[22m[39m
[2025-11-19T03:48:57.110Z] INFO: FileSessionStore initialized
  Context: {
  "baseDir": "C:\\Users\\danie\\AppData\\Local\\Temp\\deepthinking-test-2c772e6a-dbdb-4501-895e-f16ad615df32",
  "config": {
    "autoSave": true,
    "autoSaveDelay": 1000,
    "enableCompression": false,
    "maxSessions": 1000,
    "maxSessionAge": 2592000000,
    "enableEncryption": false,
    "serialization": {
      "prettyPrint": false,
      "includeMetadata": true
    }
  }
}

[90mstdout[2m | tests/unit/file-store.test.ts[2m > [22m[2mFileSessionStore[2m > [22m[2msaveSession[2m > [22m[2mshould save a session to disk[22m[39m
[2025-11-19T03:48:57.123Z] INFO: FileSessionStore closed

[90mstdout[2m | tests/unit/file-store.test.ts[2m > [22m[2mFileSessionStore[2m > [22m[2msaveSession[2m > [22m[2mshould save session with correct content[22m[39m
[2025-11-19T03:48:57.135Z] INFO: FileSessionStore initialized
  Context: {
  "baseDir": "C:\\Users\\danie\\AppData\\Local\\Temp\\deepthinking-test-241c46ef-d30b-4d25-b016-290c342febd9",
  "config": {
    "autoSave": true,
    "autoSaveDelay": 1000,
    "enableCompression": false,
    "maxSessions": 1000,
    "maxSessionAge": 2592000000,
    "enableEncryption": false,
    "serialization": {
      "prettyPrint": false,
      "includeMetadata": true
    }
  }
}

[90mstdout[2m | tests/unit/file-store.test.ts[2m > [22m[2mFileSessionStore[2m > [22m[2msaveSession[2m > [22m[2mshould save session with correct content[22m[39m
[2025-11-19T03:48:57.146Z] INFO: FileSessionStore closed

[90mstdout[2m | tests/unit/file-store.test.ts[2m > [22m[2mFileSessionStore[2m > [22m[2msaveSession[2m > [22m[2mshould update metadata index[22m[39m
[2025-11-19T03:48:57.159Z] INFO: FileSessionStore initialized
  Context: {
  "baseDir": "C:\\Users\\danie\\AppData\\Local\\Temp\\deepthinking-test-24862c7b-92d3-4c5e-9ab4-ba998251fffe",
  "config": {
    "autoSave": true,
    "autoSaveDelay": 1000,
    "enableCompression": false,
    "maxSessions": 1000,
    "maxSessionAge": 2592000000,
    "enableEncryption": false,
    "serialization": {
      "prettyPrint": false,
      "includeMetadata": true
    }
  }
}

[90mstdout[2m | tests/unit/file-store.test.ts[2m > [22m[2mFileSessionStore[2m > [22m[2msaveSession[2m > [22m[2mshould update metadata index[22m[39m
[2025-11-19T03:48:57.172Z] INFO: FileSessionStore closed

[90mstdout[2m | tests/unit/file-store.test.ts[2m > [22m[2mFileSessionStore[2m > [22m[2msaveSession[2m > [22m[2mshould overwrite existing session[22m[39m
[2025-11-19T03:48:57.185Z] INFO: FileSessionStore initialized
  Context: {
  "baseDir": "C:\\Users\\danie\\AppData\\Local\\Temp\\deepthinking-test-83427a74-b23a-4761-822b-f091a4d1515c",
  "config": {
    "autoSave": true,
    "autoSaveDelay": 1000,
    "enableCompression": false,
    "maxSessions": 1000,
    "maxSessionAge": 2592000000,
    "enableEncryption": false,
    "serialization": {
      "prettyPrint": false,
      "includeMetadata": true
    }
  }
}

[90mstdout[2m | tests/unit/file-store.test.ts[2m > [22m[2mFileSessionStore[2m > [22m[2msaveSession[2m > [22m[2mshould overwrite existing session[22m[39m
[2025-11-19T03:48:57.200Z] INFO: FileSessionStore closed

[90mstdout[2m | tests/unit/file-store.test.ts[2m > [22m[2mFileSessionStore[2m > [22m[2mloadSession[2m > [22m[2mshould load an existing session[22m[39m
[2025-11-19T03:48:57.214Z] INFO: FileSessionStore initialized
  Context: {
  "baseDir": "C:\\Users\\danie\\AppData\\Local\\Temp\\deepthinking-test-7501b25d-d0ed-4b08-94af-23c04d89c420",
  "config": {
    "autoSave": true,
    "autoSaveDelay": 1000,
    "enableCompression": false,
    "maxSessions": 1000,
    "maxSessionAge": 2592000000,
    "enableEncryption": false,
    "serialization": {
      "prettyPrint": false,
      "includeMetadata": true
    }
  }
}

[90mstdout[2m | tests/unit/file-store.test.ts[2m > [22m[2mFileSessionStore[2m > [22m[2mloadSession[2m > [22m[2mshould load an existing session[22m[39m
[2025-11-19T03:48:57.225Z] INFO: FileSessionStore closed

[90mstdout[2m | tests/unit/file-store.test.ts[2m > [22m[2mFileSessionStore[2m > [22m[2mloadSession[2m > [22m[2mshould return null for non-existent session[22m[39m
[2025-11-19T03:48:57.238Z] INFO: FileSessionStore initialized
  Context: {
  "baseDir": "C:\\Users\\danie\\AppData\\Local\\Temp\\deepthinking-test-ee90d9bb-831c-4376-a051-857be66358a1",
  "config": {
    "autoSave": true,
    "autoSaveDelay": 1000,
    "enableCompression": false,
    "maxSessions": 1000,
    "maxSessionAge": 2592000000,
    "enableEncryption": false,
    "serialization": {
      "prettyPrint": false,
      "includeMetadata": true
    }
  }
}

[90mstdout[2m | tests/unit/file-store.test.ts[2m > [22m[2mFileSessionStore[2m > [22m[2mloadSession[2m > [22m[2mshould return null for non-existent session[22m[39m
[2025-11-19T03:48:57.240Z] INFO: FileSessionStore closed

[90mstdout[2m | tests/unit/file-store.test.ts[2m > [22m[2mFileSessionStore[2m > [22m[2mloadSession[2m > [22m[2mshould preserve Date objects[22m[39m
[2025-11-19T03:48:57.251Z] INFO: FileSessionStore initialized
  Context: {
  "baseDir": "C:\\Users\\danie\\AppData\\Local\\Temp\\deepthinking-test-8c4622d3-5688-4d2c-bd98-6c779b276c1a",
  "config": {
    "autoSave": true,
    "autoSaveDelay": 1000,
    "enableCompression": false,
    "maxSessions": 1000,
    "maxSessionAge": 2592000000,
    "enableEncryption": false,
    "serialization": {
      "prettyPrint": false,
      "includeMetadata": true
    }
  }
}

[90mstdout[2m | tests/unit/file-store.test.ts[2m > [22m[2mFileSessionStore[2m > [22m[2mloadSession[2m > [22m[2mshould preserve Date objects[22m[39m
[2025-11-19T03:48:57.261Z] INFO: FileSessionStore closed

[90mstdout[2m | tests/unit/file-store.test.ts[2m > [22m[2mFileSessionStore[2m > [22m[2mloadSession[2m > [22m[2mshould preserve Map objects[22m[39m
[2025-11-19T03:48:57.276Z] INFO: FileSessionStore initialized
  Context: {
  "baseDir": "C:\\Users\\danie\\AppData\\Local\\Temp\\deepthinking-test-f1e974b1-ced0-4e54-93b7-b5fa05b65ce3",
  "config": {
    "autoSave": true,
    "autoSaveDelay": 1000,
    "enableCompression": false,
    "maxSessions": 1000,
    "maxSessionAge": 2592000000,
    "enableEncryption": false,
    "serialization": {
      "prettyPrint": false,
      "includeMetadata": true
    }
  }
}

[90mstdout[2m | tests/unit/file-store.test.ts[2m > [22m[2mFileSessionStore[2m > [22m[2mloadSession[2m > [22m[2mshould preserve Map objects[22m[39m
[2025-11-19T03:48:57.286Z] INFO: FileSessionStore closed

[90mstdout[2m | tests/unit/file-store.test.ts[2m > [22m[2mFileSessionStore[2m > [22m[2mdeleteSession[2m > [22m[2mshould delete an existing session[22m[39m
[2025-11-19T03:48:57.303Z] INFO: FileSessionStore initialized
  Context: {
  "baseDir": "C:\\Users\\danie\\AppData\\Local\\Temp\\deepthinking-test-bf53ca42-739d-43ce-9104-846744373f76",
  "config": {
    "autoSave": true,
    "autoSaveDelay": 1000,
    "enableCompression": false,
    "maxSessions": 1000,
    "maxSessionAge": 2592000000,
    "enableEncryption": false,
    "serialization": {
      "prettyPrint": false,
      "includeMetadata": true
    }
  }
}

[90mstdout[2m | tests/unit/file-store.test.ts[2m > [22m[2mFileSessionStore[2m > [22m[2mdeleteSession[2m > [22m[2mshould delete an existing session[22m[39m
[2025-11-19T03:48:57.315Z] INFO: Session deleted
  Context: {
  "sessionId": "27ff7e39-778e-42fe-b452-9116bcd4e1f4"
}

[90mstdout[2m | tests/unit/file-store.test.ts[2m > [22m[2mFileSessionStore[2m > [22m[2mdeleteSession[2m > [22m[2mshould delete an existing session[22m[39m
[2025-11-19T03:48:57.320Z] INFO: FileSessionStore closed

[90mstdout[2m | tests/unit/file-store.test.ts[2m > [22m[2mFileSessionStore[2m > [22m[2mdeleteSession[2m > [22m[2mshould return false for non-existent session[22m[39m
[2025-11-19T03:48:57.335Z] INFO: FileSessionStore initialized
  Context: {
  "baseDir": "C:\\Users\\danie\\AppData\\Local\\Temp\\deepthinking-test-628aaf7a-7ef0-40ea-952a-fa67ef4c7eae",
  "config": {
    "autoSave": true,
    "autoSaveDelay": 1000,
    "enableCompression": false,
    "maxSessions": 1000,
    "maxSessionAge": 2592000000,
    "enableEncryption": false,
    "serialization": {
      "prettyPrint": false,
      "includeMetadata": true
    }
  }
}

[90mstdout[2m | tests/unit/file-store.test.ts[2m > [22m[2mFileSessionStore[2m > [22m[2mdeleteSession[2m > [22m[2mshould return false for non-existent session[22m[39m
[2025-11-19T03:48:57.337Z] INFO: FileSessionStore closed

[90mstdout[2m | tests/unit/file-store.test.ts[2m > [22m[2mFileSessionStore[2m > [22m[2mdeleteSession[2m > [22m[2mshould update metadata index after deletion[22m[39m
[2025-11-19T03:48:57.350Z] INFO: FileSessionStore initialized
  Context: {
  "baseDir": "C:\\Users\\danie\\AppData\\Local\\Temp\\deepthinking-test-d8a56d99-67df-4f98-bded-ac36fdd57eb3",
  "config": {
    "autoSave": true,
    "autoSaveDelay": 1000,
    "enableCompression": false,
    "maxSessions": 1000,
    "maxSessionAge": 2592000000,
    "enableEncryption": false,
    "serialization": {
      "prettyPrint": false,
      "includeMetadata": true
    }
  }
}

[90mstdout[2m | tests/unit/file-store.test.ts[2m > [22m[2mFileSessionStore[2m > [22m[2mdeleteSession[2m > [22m[2mshould update metadata index after deletion[22m[39m
[2025-11-19T03:48:57.361Z] INFO: Session deleted
  Context: {
  "sessionId": "2e735a22-7c50-4b5a-b82c-334c3e4b3fcb"
}
[2025-11-19T03:48:57.363Z] INFO: FileSessionStore closed

[90mstdout[2m | tests/unit/file-store.test.ts[2m > [22m[2mFileSessionStore[2m > [22m[2mlistSessions[2m > [22m[2mshould list all sessions[22m[39m
[2025-11-19T03:48:57.383Z] INFO: FileSessionStore initialized
  Context: {
  "baseDir": "C:\\Users\\danie\\AppData\\Local\\Temp\\deepthinking-test-c8263686-8e40-4edc-bc3a-113230d893f2",
  "config": {
    "autoSave": true,
    "autoSaveDelay": 1000,
    "enableCompression": false,
    "maxSessions": 1000,
    "maxSessionAge": 2592000000,
    "enableEncryption": false,
    "serialization": {
      "prettyPrint": false,
      "includeMetadata": true
    }
  }
}

[90mstdout[2m | tests/unit/file-store.test.ts[2m > [22m[2mFileSessionStore[2m > [22m[2mlistSessions[2m > [22m[2mshould list all sessions[22m[39m
[2025-11-19T03:48:57.408Z] INFO: FileSessionStore closed

[90mstdout[2m | tests/unit/file-store.test.ts[2m > [22m[2mFileSessionStore[2m > [22m[2mlistSessions[2m > [22m[2mshould return empty array when no sessions exist[22m[39m
[2025-11-19T03:48:57.427Z] INFO: FileSessionStore initialized
  Context: {
  "baseDir": "C:\\Users\\danie\\AppData\\Local\\Temp\\deepthinking-test-1c2e709a-9c7e-4d4e-b862-bca74cb6bd3a",
  "config": {
    "autoSave": true,
    "autoSaveDelay": 1000,
    "enableCompression": false,
    "maxSessions": 1000,
    "maxSessionAge": 2592000000,
    "enableEncryption": false,
    "serialization": {
      "prettyPrint": false,
      "includeMetadata": true
    }
  }
}
[2025-11-19T03:48:57.429Z] INFO: FileSessionStore closed

[90mstdout[2m | tests/unit/file-store.test.ts[2m > [22m[2mFileSessionStore[2m > [22m[2mlistSessions[2m > [22m[2mshould include correct metadata fields[22m[39m
[2025-11-19T03:48:57.447Z] INFO: FileSessionStore initialized
  Context: {
  "baseDir": "C:\\Users\\danie\\AppData\\Local\\Temp\\deepthinking-test-e0d5af10-4ab8-4900-a67a-76dfbff60277",
  "config": {
    "autoSave": true,
    "autoSaveDelay": 1000,
    "enableCompression": false,
    "maxSessions": 1000,
    "maxSessionAge": 2592000000,
    "enableEncryption": false,
    "serialization": {
      "prettyPrint": false,
      "includeMetadata": true
    }
  }
}

[90mstdout[2m | tests/unit/file-store.test.ts[2m > [22m[2mFileSessionStore[2m > [22m[2mlistSessions[2m > [22m[2mshould include correct metadata fields[22m[39m
[2025-11-19T03:48:57.454Z] INFO: FileSessionStore closed

[90mstdout[2m | tests/unit/file-store.test.ts[2m > [22m[2mFileSessionStore[2m > [22m[2mexists[2m > [22m[2mshould return true for existing session[22m[39m
[2025-11-19T03:48:57.469Z] INFO: FileSessionStore initialized
  Context: {
  "baseDir": "C:\\Users\\danie\\AppData\\Local\\Temp\\deepthinking-test-05f820ac-d3fa-4d47-9e18-1541177025d0",
  "config": {
    "autoSave": true,
    "autoSaveDelay": 1000,
    "enableCompression": false,
    "maxSessions": 1000,
    "maxSessionAge": 2592000000,
    "enableEncryption": false,
    "serialization": {
      "prettyPrint": false,
      "includeMetadata": true
    }
  }
}

[90mstdout[2m | tests/unit/file-store.test.ts[2m > [22m[2mFileSessionStore[2m > [22m[2mexists[2m > [22m[2mshould return true for existing session[22m[39m
[2025-11-19T03:48:57.475Z] INFO: FileSessionStore closed

[90mstdout[2m | tests/unit/file-store.test.ts[2m > [22m[2mFileSessionStore[2m > [22m[2mexists[2m > [22m[2mshould return false for non-existent session[22m[39m
[2025-11-19T03:48:57.489Z] INFO: FileSessionStore initialized
  Context: {
  "baseDir": "C:\\Users\\danie\\AppData\\Local\\Temp\\deepthinking-test-cc6df090-2be0-413d-8264-d9cbe6d564c9",
  "config": {
    "autoSave": true,
    "autoSaveDelay": 1000,
    "enableCompression": false,
    "maxSessions": 1000,
    "maxSessionAge": 2592000000,
    "enableEncryption": false,
    "serialization": {
      "prettyPrint": false,
      "includeMetadata": true
    }
  }
}
[2025-11-19T03:48:57.490Z] INFO: FileSessionStore closed

[90mstdout[2m | tests/unit/file-store.test.ts[2m > [22m[2mFileSessionStore[2m > [22m[2mgetStats[2m > [22m[2mshould return storage statistics[22m[39m
[2025-11-19T03:48:57.501Z] INFO: FileSessionStore initialized
  Context: {
  "baseDir": "C:\\Users\\danie\\AppData\\Local\\Temp\\deepthinking-test-5807134f-16aa-461e-88da-2549fee2aae6",
  "config": {
    "autoSave": true,
    "autoSaveDelay": 1000,
    "enableCompression": false,
    "maxSessions": 1000,
    "maxSessionAge": 2592000000,
    "enableEncryption": false,
    "serialization": {
      "prettyPrint": false,
      "includeMetadata": true
    }
  }
}

[90mstdout[2m | tests/unit/file-store.test.ts[2m > [22m[2mFileSessionStore[2m > [22m[2mgetStats[2m > [22m[2mshould return storage statistics[22m[39m
[2025-11-19T03:48:57.518Z] INFO: FileSessionStore closed

[90mstdout[2m | tests/unit/file-store.test.ts[2m > [22m[2mFileSessionStore[2m > [22m[2mgetStats[2m > [22m[2mshould calculate total thoughts correctly[22m[39m
[2025-11-19T03:48:57.539Z] INFO: FileSessionStore initialized
  Context: {
  "baseDir": "C:\\Users\\danie\\AppData\\Local\\Temp\\deepthinking-test-5d23cc08-994d-43dd-8e13-9d8ff3ab936c",
  "config": {
    "autoSave": true,
    "autoSaveDelay": 1000,
    "enableCompression": false,
    "maxSessions": 1000,
    "maxSessionAge": 2592000000,
    "enableEncryption": false,
    "serialization": {
      "prettyPrint": false,
      "includeMetadata": true
    }
  }
}

[90mstdout[2m | tests/unit/file-store.test.ts[2m > [22m[2mFileSessionStore[2m > [22m[2mgetStats[2m > [22m[2mshould calculate total thoughts correctly[22m[39m
[2025-11-19T03:48:57.553Z] INFO: FileSessionStore closed

[90mstdout[2m | tests/unit/file-store.test.ts[2m > [22m[2mFileSessionStore[2m > [22m[2mgetStats[2m > [22m[2mshould identify storage health status[22m[39m
[2025-11-19T03:48:57.565Z] INFO: FileSessionStore initialized
  Context: {
  "baseDir": "C:\\Users\\danie\\AppData\\Local\\Temp\\deepthinking-test-a3b1f492-ad6d-4433-ac80-42de92149abd",
  "config": {
    "autoSave": true,
    "autoSaveDelay": 1000,
    "enableCompression": false,
    "maxSessions": 1000,
    "maxSessionAge": 2592000000,
    "enableEncryption": false,
    "serialization": {
      "prettyPrint": false,
      "includeMetadata": true
    }
  }
}

[90mstdout[2m | tests/unit/file-store.test.ts[2m > [22m[2mFileSessionStore[2m > [22m[2mgetStats[2m > [22m[2mshould identify storage health status[22m[39m
[2025-11-19T03:48:57.569Z] INFO: FileSessionStore initialized
  Context: {
  "baseDir": "C:\\Users\\danie\\AppData\\Local\\Temp\\deepthinking-test-a3b1f492-ad6d-4433-ac80-42de92149abd",
  "config": {
    "autoSave": true,
    "autoSaveDelay": 1000,
    "enableCompression": false,
    "maxSessions": 10,
    "maxSessionAge": 2592000000,
    "enableEncryption": false,
    "serialization": {
      "prettyPrint": false,
      "includeMetadata": true
    }
  }
}

[90mstdout[2m | tests/unit/file-store.test.ts[2m > [22m[2mFileSessionStore[2m > [22m[2mgetStats[2m > [22m[2mshould identify storage health status[22m[39m
[2025-11-19T03:48:57.619Z] INFO: FileSessionStore closed
[2025-11-19T03:48:57.619Z] INFO: FileSessionStore closed

[90mstdout[2m | tests/unit/file-store.test.ts[2m > [22m[2mFileSessionStore[2m > [22m[2mcleanup[2m > [22m[2mshould clean up old sessions[22m[39m
[2025-11-19T03:48:57.635Z] INFO: FileSessionStore initialized
  Context: {
  "baseDir": "C:\\Users\\danie\\AppData\\Local\\Temp\\deepthinking-test-3a8ee29f-2d91-4b75-a59e-910f9ff896bb",
  "config": {
    "autoSave": true,
    "autoSaveDelay": 1000,
    "enableCompression": false,
    "maxSessions": 1000,
    "maxSessionAge": 2592000000,
    "enableEncryption": false,
    "serialization": {
      "prettyPrint": false,
      "includeMetadata": true
    }
  }
}

[90mstdout[2m | tests/unit/file-store.test.ts[2m > [22m[2mFileSessionStore[2m > [22m[2mcleanup[2m > [22m[2mshould clean up old sessions[22m[39m
[2025-11-19T03:48:57.687Z] INFO: Session deleted
  Context: {
  "sessionId": "9b4d928f-80e6-43a8-9cf1-06ad655194cf"
}
[2025-11-19T03:48:57.687Z] INFO: Cleanup completed
  Context: {
  "cleanedCount": 1,
  "maxAgeMs": 604800000,
  "remaining": 1
}
[2025-11-19T03:48:57.694Z] INFO: FileSessionStore closed

[90mstdout[2m | tests/unit/file-store.test.ts[2m > [22m[2mFileSessionStore[2m > [22m[2mcleanup[2m > [22m[2mshould return 0 when no sessions need cleanup[22m[39m
[2025-11-19T03:48:57.721Z] INFO: FileSessionStore initialized
  Context: {
  "baseDir": "C:\\Users\\danie\\AppData\\Local\\Temp\\deepthinking-test-61dbb9cd-db7e-475b-8bd3-1ea030352ba0",
  "config": {
    "autoSave": true,
    "autoSaveDelay": 1000,
    "enableCompression": false,
    "maxSessions": 1000,
    "maxSessionAge": 2592000000,
    "enableEncryption": false,
    "serialization": {
      "prettyPrint": false,
      "includeMetadata": true
    }
  }
}

[90mstdout[2m | tests/unit/file-store.test.ts[2m > [22m[2mFileSessionStore[2m > [22m[2mcleanup[2m > [22m[2mshould return 0 when no sessions need cleanup[22m[39m
[2025-11-19T03:48:57.732Z] INFO: FileSessionStore closed

[90mstdout[2m | tests/unit/file-store.test.ts[2m > [22m[2mFileSessionStore[2m > [22m[2mconcurrent operations[2m > [22m[2mshould handle concurrent saves[22m[39m
[2025-11-19T03:48:57.756Z] INFO: FileSessionStore initialized
  Context: {
  "baseDir": "C:\\Users\\danie\\AppData\\Local\\Temp\\deepthinking-test-9c8d43ab-e48c-4eeb-befa-0cd5926490b1",
  "config": {
    "autoSave": true,
    "autoSaveDelay": 1000,
    "enableCompression": false,
    "maxSessions": 1000,
    "maxSessionAge": 2592000000,
    "enableEncryption": false,
    "serialization": {
      "prettyPrint": false,
      "includeMetadata": true
    }
  }
}

[90mstdout[2m | tests/unit/file-store.test.ts[2m > [22m[2mFileSessionStore[2m > [22m[2mconcurrent operations[2m > [22m[2mshould handle concurrent saves[22m[39m
[2025-11-19T03:48:57.794Z] INFO: FileSessionStore closed

[90mstdout[2m | tests/unit/file-store.test.ts[2m > [22m[2mFileSessionStore[2m > [22m[2mconcurrent operations[2m > [22m[2mshould handle concurrent reads[22m[39m
[2025-11-19T03:48:57.808Z] INFO: FileSessionStore initialized
  Context: {
  "baseDir": "C:\\Users\\danie\\AppData\\Local\\Temp\\deepthinking-test-27b0b443-d31e-4992-8871-9cd68bf357b4",
  "config": {
    "autoSave": true,
    "autoSaveDelay": 1000,
    "enableCompression": false,
    "maxSessions": 1000,
    "maxSessionAge": 2592000000,
    "enableEncryption": false,
    "serialization": {
      "prettyPrint": false,
      "includeMetadata": true
    }
  }
}

[90mstdout[2m | tests/unit/file-store.test.ts[2m > [22m[2mFileSessionStore[2m > [22m[2mconcurrent operations[2m > [22m[2mshould handle concurrent reads[22m[39m
[2025-11-19T03:48:57.839Z] INFO: FileSessionStore closed

[90mstdout[2m | tests/unit/file-store.test.ts[2m > [22m[2mFileSessionStore[2m > [22m[2merror handling[2m > [22m[2mshould handle invalid session data gracefully[22m[39m
[2025-11-19T03:48:57.869Z] INFO: FileSessionStore initialized
  Context: {
  "baseDir": "C:\\Users\\danie\\AppData\\Local\\Temp\\deepthinking-test-3355c9cf-3420-4d0f-a387-c915c9b467ca",
  "config": {
    "autoSave": true,
    "autoSaveDelay": 1000,
    "enableCompression": false,
    "maxSessions": 1000,
    "maxSessionAge": 2592000000,
    "enableEncryption": false,
    "serialization": {
      "prettyPrint": false,
      "includeMetadata": true
    }
  }
}

[90mstderr[2m | tests/unit/file-store.test.ts[2m > [22m[2mFileSessionStore[2m > [22m[2merror handling[2m > [22m[2mshould handle invalid session data gracefully[22m[39m
[2025-11-19T03:48:57.903Z] ERROR: Failed to load session
  Error: undefined

[90mstdout[2m | tests/unit/file-store.test.ts[2m > [22m[2mFileSessionStore[2m > [22m[2merror handling[2m > [22m[2mshould handle invalid session data gracefully[22m[39m
[2025-11-19T03:48:57.905Z] INFO: FileSessionStore closed

[90mstdout[2m | tests/unit/file-store.test.ts[2m > [22m[2mFileSessionStore[2m > [22m[2merror handling[2m > [22m[2mshould handle operations before initialization[22m[39m
[2025-11-19T03:48:57.920Z] INFO: FileSessionStore initialized
  Context: {
  "baseDir": "C:\\Users\\danie\\AppData\\Local\\Temp\\deepthinking-test-893498e2-dcd4-4d4c-a5c3-98eb83f6f418",
  "config": {
    "autoSave": true,
    "autoSaveDelay": 1000,
    "enableCompression": false,
    "maxSessions": 1000,
    "maxSessionAge": 2592000000,
    "enableEncryption": false,
    "serialization": {
      "prettyPrint": false,
      "includeMetadata": true
    }
  }
}

[90mstdout[2m | tests/unit/file-store.test.ts[2m > [22m[2mFileSessionStore[2m > [22m[2merror handling[2m > [22m[2mshould handle operations before initialization[22m[39m
[2025-11-19T03:48:57.924Z] INFO: FileSessionStore initialized
  Context: {
  "baseDir": "C:\\Users\\danie\\AppData\\Local\\Temp\\deepthinking-test-893498e2-dcd4-4d4c-a5c3-98eb83f6f418",
  "config": {
    "autoSave": true,
    "autoSaveDelay": 1000,
    "enableCompression": false,
    "maxSessions": 1000,
    "maxSessionAge": 2592000000,
    "enableEncryption": false,
    "serialization": {
      "prettyPrint": false,
      "includeMetadata": true
    }
  }
}

[90mstdout[2m | tests/unit/file-store.test.ts[2m > [22m[2mFileSessionStore[2m > [22m[2merror handling[2m > [22m[2mshould handle operations before initialization[22m[39m
[2025-11-19T03:48:57.937Z] INFO: FileSessionStore closed
[2025-11-19T03:48:57.937Z] INFO: FileSessionStore closed

 [32m✓[39m tests/unit/file-store.test.ts [2m ([22m[2m27 tests[22m[2m)[22m[33m 880[2mms[22m[39m

[2m Test Files [22m [1m[32m1 passed[39m[22m[90m (1)[39m
[2m      Tests [22m [1m[32m27 passed[39m[22m[90m (27)[39m
[2m   Start at [22m 22:48:56
[2m   Duration [22m 1000ms


[1m[7m[32m PASS [39m[27m[22m[32m Waiting for file changes...[39m
       [2mpress [22m[1mh[22m[2m to show help[22m[2m, [22m[2mpress [22m[1mq[22m[2m to quit[22m
       [34mrerun x6[39m
[2K[1A[2K[G       [90mrerun x6[39m
[2K[1A[2K[G       [2m[90mrerun x6[39m[22m
[2K[1A[2K[G[3Jc
[7m[1m[34m RERUN [39m[22m[27m[2m src/session/storage/file-store.ts[22m [34mx7[39m

[90mstdout[2m | tests/unit/file-store.test.ts[2m > [22m[2mFileSessionStore[2m > [22m[2minitialization[2m > [22m[2mshould create necessary directories[22m[39m
[2025-11-19T03:49:01.867Z] INFO: FileSessionStore initialized
  Context: {
  "baseDir": "C:\\Users\\danie\\AppData\\Local\\Temp\\deepthinking-test-003680d3-ff98-4520-8f7e-9bbf0a58c2ac",
  "config": {
    "autoSave": true,
    "autoSaveDelay": 1000,
    "enableCompression": false,
    "maxSessions": 1000,
    "maxSessionAge": 2592000000,
    "enableEncryption": false,
    "serialization": {
      "prettyPrint": false,
      "includeMetadata": true
    }
  }
}

[90mstdout[2m | tests/unit/file-store.test.ts[2m > [22m[2mFileSessionStore[2m > [22m[2minitialization[2m > [22m[2mshould create necessary directories[22m[39m
[2025-11-19T03:49:01.878Z] INFO: FileSessionStore closed

[90mstdout[2m | tests/unit/file-store.test.ts[2m > [22m[2mFileSessionStore[2m > [22m[2minitialization[2m > [22m[2mshould handle multiple initialization calls[22m[39m
[2025-11-19T03:49:01.905Z] INFO: FileSessionStore initialized
  Context: {
  "baseDir": "C:\\Users\\danie\\AppData\\Local\\Temp\\deepthinking-test-d34e3981-e29b-4727-8cb4-c095745493f8",
  "config": {
    "autoSave": true,
    "autoSaveDelay": 1000,
    "enableCompression": false,
    "maxSessions": 1000,
    "maxSessionAge": 2592000000,
    "enableEncryption": false,
    "serialization": {
      "prettyPrint": false,
      "includeMetadata": true
    }
  }
}
[2025-11-19T03:49:01.907Z] INFO: FileSessionStore closed

[90mstdout[2m | tests/unit/file-store.test.ts[2m > [22m[2mFileSessionStore[2m > [22m[2msaveSession[2m > [22m[2mshould save a session to disk[22m[39m
[2025-11-19T03:49:01.923Z] INFO: FileSessionStore initialized
  Context: {
  "baseDir": "C:\\Users\\danie\\AppData\\Local\\Temp\\deepthinking-test-6ec09d4b-336e-4b66-8165-c935e40e2212",
  "config": {
    "autoSave": true,
    "autoSaveDelay": 1000,
    "enableCompression": false,
    "maxSessions": 1000,
    "maxSessionAge": 2592000000,
    "enableEncryption": false,
    "serialization": {
      "prettyPrint": false,
      "includeMetadata": true
    }
  }
}

[90mstdout[2m | tests/unit/file-store.test.ts[2m > [22m[2mFileSessionStore[2m > [22m[2msaveSession[2m > [22m[2mshould save a session to disk[22m[39m
[2025-11-19T03:49:01.938Z] INFO: FileSessionStore closed

[90mstdout[2m | tests/unit/file-store.test.ts[2m > [22m[2mFileSessionStore[2m > [22m[2msaveSession[2m > [22m[2mshould save session with correct content[22m[39m
[2025-11-19T03:49:01.963Z] INFO: FileSessionStore initialized
  Context: {
  "baseDir": "C:\\Users\\danie\\AppData\\Local\\Temp\\deepthinking-test-f45265b2-ac23-4a52-8af8-009d480e86d3",
  "config": {
    "autoSave": true,
    "autoSaveDelay": 1000,
    "enableCompression": false,
    "maxSessions": 1000,
    "maxSessionAge": 2592000000,
    "enableEncryption": false,
    "serialization": {
      "prettyPrint": false,
      "includeMetadata": true
    }
  }
}

[90mstdout[2m | tests/unit/file-store.test.ts[2m > [22m[2mFileSessionStore[2m > [22m[2msaveSession[2m > [22m[2mshould save session with correct content[22m[39m
[2025-11-19T03:49:01.984Z] INFO: FileSessionStore closed

[90mstdout[2m | tests/unit/file-store.test.ts[2m > [22m[2mFileSessionStore[2m > [22m[2msaveSession[2m > [22m[2mshould update metadata index[22m[39m
[2025-11-19T03:49:02.018Z] INFO: FileSessionStore initialized
  Context: {
  "baseDir": "C:\\Users\\danie\\AppData\\Local\\Temp\\deepthinking-test-ff9351f5-03e3-430b-b854-1007924640c1",
  "config": {
    "autoSave": true,
    "autoSaveDelay": 1000,
    "enableCompression": false,
    "maxSessions": 1000,
    "maxSessionAge": 2592000000,
    "enableEncryption": false,
    "serialization": {
      "prettyPrint": false,
      "includeMetadata": true
    }
  }
}

[90mstdout[2m | tests/unit/file-store.test.ts[2m > [22m[2mFileSessionStore[2m > [22m[2msaveSession[2m > [22m[2mshould update metadata index[22m[39m
[2025-11-19T03:49:02.032Z] INFO: FileSessionStore closed

[90mstdout[2m | tests/unit/file-store.test.ts[2m > [22m[2mFileSessionStore[2m > [22m[2msaveSession[2m > [22m[2mshould overwrite existing session[22m[39m
[2025-11-19T03:49:02.058Z] INFO: FileSessionStore initialized
  Context: {
  "baseDir": "C:\\Users\\danie\\AppData\\Local\\Temp\\deepthinking-test-2c842f11-c8e3-40f1-a60e-b24568c14919",
  "config": {
    "autoSave": true,
    "autoSaveDelay": 1000,
    "enableCompression": false,
    "maxSessions": 1000,
    "maxSessionAge": 2592000000,
    "enableEncryption": false,
    "serialization": {
      "prettyPrint": false,
      "includeMetadata": true
    }
  }
}

[90mstdout[2m | tests/unit/file-store.test.ts[2m > [22m[2mFileSessionStore[2m > [22m[2msaveSession[2m > [22m[2mshould overwrite existing session[22m[39m
[2025-11-19T03:49:02.094Z] INFO: FileSessionStore closed

[90mstdout[2m | tests/unit/file-store.test.ts[2m > [22m[2mFileSessionStore[2m > [22m[2mloadSession[2m > [22m[2mshould load an existing session[22m[39m
[2025-11-19T03:49:02.127Z] INFO: FileSessionStore initialized
  Context: {
  "baseDir": "C:\\Users\\danie\\AppData\\Local\\Temp\\deepthinking-test-dce4041d-4b69-4f58-926f-6d70012119a2",
  "config": {
    "autoSave": true,
    "autoSaveDelay": 1000,
    "enableCompression": false,
    "maxSessions": 1000,
    "maxSessionAge": 2592000000,
    "enableEncryption": false,
    "serialization": {
      "prettyPrint": false,
      "includeMetadata": true
    }
  }
}

[90mstdout[2m | tests/unit/file-store.test.ts[2m > [22m[2mFileSessionStore[2m > [22m[2mloadSession[2m > [22m[2mshould load an existing session[22m[39m
[2025-11-19T03:49:02.149Z] INFO: FileSessionStore closed

[90mstdout[2m | tests/unit/file-store.test.ts[2m > [22m[2mFileSessionStore[2m > [22m[2mloadSession[2m > [22m[2mshould return null for non-existent session[22m[39m
[2025-11-19T03:49:02.181Z] INFO: FileSessionStore initialized
  Context: {
  "baseDir": "C:\\Users\\danie\\AppData\\Local\\Temp\\deepthinking-test-e9bde1fa-1201-4673-94fe-36339be6eb4e",
  "config": {
    "autoSave": true,
    "autoSaveDelay": 1000,
    "enableCompression": false,
    "maxSessions": 1000,
    "maxSessionAge": 2592000000,
    "enableEncryption": false,
    "serialization": {
      "prettyPrint": false,
      "includeMetadata": true
    }
  }
}

[90mstdout[2m | tests/unit/file-store.test.ts[2m > [22m[2mFileSessionStore[2m > [22m[2mloadSession[2m > [22m[2mshould return null for non-existent session[22m[39m
[2025-11-19T03:49:02.186Z] INFO: FileSessionStore closed

[90mstdout[2m | tests/unit/file-store.test.ts[2m > [22m[2mFileSessionStore[2m > [22m[2mloadSession[2m > [22m[2mshould preserve Date objects[22m[39m
[2025-11-19T03:49:02.209Z] INFO: FileSessionStore initialized
  Context: {
  "baseDir": "C:\\Users\\danie\\AppData\\Local\\Temp\\deepthinking-test-cc5ef1cb-a5ea-4059-989b-11534737c398",
  "config": {
    "autoSave": true,
    "autoSaveDelay": 1000,
    "enableCompression": false,
    "maxSessions": 1000,
    "maxSessionAge": 2592000000,
    "enableEncryption": false,
    "serialization": {
      "prettyPrint": false,
      "includeMetadata": true
    }
  }
}

[90mstdout[2m | tests/unit/file-store.test.ts[2m > [22m[2mFileSessionStore[2m > [22m[2mloadSession[2m > [22m[2mshould preserve Date objects[22m[39m
[2025-11-19T03:49:02.225Z] INFO: FileSessionStore closed

[90mstdout[2m | tests/unit/file-store.test.ts[2m > [22m[2mFileSessionStore[2m > [22m[2mloadSession[2m > [22m[2mshould preserve Map objects[22m[39m
[2025-11-19T03:49:02.254Z] INFO: FileSessionStore initialized
  Context: {
  "baseDir": "C:\\Users\\danie\\AppData\\Local\\Temp\\deepthinking-test-ed3063da-1221-4e59-a933-801e4285d073",
  "config": {
    "autoSave": true,
    "autoSaveDelay": 1000,
    "enableCompression": false,
    "maxSessions": 1000,
    "maxSessionAge": 2592000000,
    "enableEncryption": false,
    "serialization": {
      "prettyPrint": false,
      "includeMetadata": true
    }
  }
}

[90mstdout[2m | tests/unit/file-store.test.ts[2m > [22m[2mFileSessionStore[2m > [22m[2mloadSession[2m > [22m[2mshould preserve Map objects[22m[39m
[2025-11-19T03:49:02.280Z] INFO: FileSessionStore closed

[90mstdout[2m | tests/unit/file-store.test.ts[2m > [22m[2mFileSessionStore[2m > [22m[2mdeleteSession[2m > [22m[2mshould delete an existing session[22m[39m
[2025-11-19T03:49:02.331Z] INFO: FileSessionStore initialized
  Context: {
  "baseDir": "C:\\Users\\danie\\AppData\\Local\\Temp\\deepthinking-test-d29269f5-32c9-473a-850a-477ac65d39f5",
  "config": {
    "autoSave": true,
    "autoSaveDelay": 1000,
    "enableCompression": false,
    "maxSessions": 1000,
    "maxSessionAge": 2592000000,
    "enableEncryption": false,
    "serialization": {
      "prettyPrint": false,
      "includeMetadata": true
    }
  }
}

[90mstdout[2m | tests/unit/file-store.test.ts[2m > [22m[2mFileSessionStore[2m > [22m[2mdeleteSession[2m > [22m[2mshould delete an existing session[22m[39m
[2025-11-19T03:49:02.347Z] INFO: Session deleted
  Context: {
  "sessionId": "06310bd1-8c80-4044-9e55-6b397830616c"
}

[90mstdout[2m | tests/unit/file-store.test.ts[2m > [22m[2mFileSessionStore[2m > [22m[2mdeleteSession[2m > [22m[2mshould delete an existing session[22m[39m
[2025-11-19T03:49:02.356Z] INFO: FileSessionStore closed

[90mstdout[2m | tests/unit/file-store.test.ts[2m > [22m[2mFileSessionStore[2m > [22m[2mdeleteSession[2m > [22m[2mshould return false for non-existent session[22m[39m
[2025-11-19T03:49:02.378Z] INFO: FileSessionStore initialized
  Context: {
  "baseDir": "C:\\Users\\danie\\AppData\\Local\\Temp\\deepthinking-test-a2dc3518-b0a2-4ed7-8e6b-0267c1e89a55",
  "config": {
    "autoSave": true,
    "autoSaveDelay": 1000,
    "enableCompression": false,
    "maxSessions": 1000,
    "maxSessionAge": 2592000000,
    "enableEncryption": false,
    "serialization": {
      "prettyPrint": false,
      "includeMetadata": true
    }
  }
}

[90mstdout[2m | tests/unit/file-store.test.ts[2m > [22m[2mFileSessionStore[2m > [22m[2mdeleteSession[2m > [22m[2mshould return false for non-existent session[22m[39m
[2025-11-19T03:49:02.380Z] INFO: FileSessionStore closed

[90mstdout[2m | tests/unit/file-store.test.ts[2m > [22m[2mFileSessionStore[2m > [22m[2mdeleteSession[2m > [22m[2mshould update metadata index after deletion[22m[39m
[2025-11-19T03:49:02.412Z] INFO: FileSessionStore initialized
  Context: {
  "baseDir": "C:\\Users\\danie\\AppData\\Local\\Temp\\deepthinking-test-3f4cdebb-f422-4055-a55d-6263c15eb8ce",
  "config": {
    "autoSave": true,
    "autoSaveDelay": 1000,
    "enableCompression": false,
    "maxSessions": 1000,
    "maxSessionAge": 2592000000,
    "enableEncryption": false,
    "serialization": {
      "prettyPrint": false,
      "includeMetadata": true
    }
  }
}

[90mstdout[2m | tests/unit/file-store.test.ts[2m > [22m[2mFileSessionStore[2m > [22m[2mdeleteSession[2m > [22m[2mshould update metadata index after deletion[22m[39m
[2025-11-19T03:49:02.438Z] INFO: Session deleted
  Context: {
  "sessionId": "43268375-3af8-4502-a1a4-b29891f7b981"
}
[2025-11-19T03:49:02.439Z] INFO: FileSessionStore closed

[90mstdout[2m | tests/unit/file-store.test.ts[2m > [22m[2mFileSessionStore[2m > [22m[2mlistSessions[2m > [22m[2mshould list all sessions[22m[39m
[2025-11-19T03:49:02.458Z] INFO: FileSessionStore initialized
  Context: {
  "baseDir": "C:\\Users\\danie\\AppData\\Local\\Temp\\deepthinking-test-412ba5a1-b387-4157-85da-6652184935b4",
  "config": {
    "autoSave": true,
    "autoSaveDelay": 1000,
    "enableCompression": false,
    "maxSessions": 1000,
    "maxSessionAge": 2592000000,
    "enableEncryption": false,
    "serialization": {
      "prettyPrint": false,
      "includeMetadata": true
    }
  }
}

[90mstdout[2m | tests/unit/file-store.test.ts[2m > [22m[2mFileSessionStore[2m > [22m[2mlistSessions[2m > [22m[2mshould list all sessions[22m[39m
[2025-11-19T03:49:02.494Z] INFO: FileSessionStore closed

[90mstdout[2m | tests/unit/file-store.test.ts[2m > [22m[2mFileSessionStore[2m > [22m[2mlistSessions[2m > [22m[2mshould return empty array when no sessions exist[22m[39m
[2025-11-19T03:49:02.525Z] INFO: FileSessionStore initialized
  Context: {
  "baseDir": "C:\\Users\\danie\\AppData\\Local\\Temp\\deepthinking-test-5f2046ba-6def-4247-a390-b46ea00f5ff7",
  "config": {
    "autoSave": true,
    "autoSaveDelay": 1000,
    "enableCompression": false,
    "maxSessions": 1000,
    "maxSessionAge": 2592000000,
    "enableEncryption": false,
    "serialization": {
      "prettyPrint": false,
      "includeMetadata": true
    }
  }
}
[2025-11-19T03:49:02.526Z] INFO: FileSessionStore closed

[90mstdout[2m | tests/unit/file-store.test.ts[2m > [22m[2mFileSessionStore[2m > [22m[2mlistSessions[2m > [22m[2mshould include correct metadata fields[22m[39m
[2025-11-19T03:49:02.541Z] INFO: FileSessionStore initialized
  Context: {
  "baseDir": "C:\\Users\\danie\\AppData\\Local\\Temp\\deepthinking-test-83847ca2-39e1-488e-a3a3-0456d8f9513a",
  "config": {
    "autoSave": true,
    "autoSaveDelay": 1000,
    "enableCompression": false,
    "maxSessions": 1000,
    "maxSessionAge": 2592000000,
    "enableEncryption": false,
    "serialization": {
      "prettyPrint": false,
      "includeMetadata": true
    }
  }
}

[90mstdout[2m | tests/unit/file-store.test.ts[2m > [22m[2mFileSessionStore[2m > [22m[2mlistSessions[2m > [22m[2mshould include correct metadata fields[22m[39m
[2025-11-19T03:49:02.547Z] INFO: FileSessionStore closed

[90mstdout[2m | tests/unit/file-store.test.ts[2m > [22m[2mFileSessionStore[2m > [22m[2mexists[2m > [22m[2mshould return true for existing session[22m[39m
[2025-11-19T03:49:02.559Z] INFO: FileSessionStore initialized
  Context: {
  "baseDir": "C:\\Users\\danie\\AppData\\Local\\Temp\\deepthinking-test-45dd9886-7b37-40f6-a3b3-89b290a07a72",
  "config": {
    "autoSave": true,
    "autoSaveDelay": 1000,
    "enableCompression": false,
    "maxSessions": 1000,
    "maxSessionAge": 2592000000,
    "enableEncryption": false,
    "serialization": {
      "prettyPrint": false,
      "includeMetadata": true
    }
  }
}

[90mstdout[2m | tests/unit/file-store.test.ts[2m > [22m[2mFileSessionStore[2m > [22m[2mexists[2m > [22m[2mshould return true for existing session[22m[39m
[2025-11-19T03:49:02.565Z] INFO: FileSessionStore closed

[90mstdout[2m | tests/unit/file-store.test.ts[2m > [22m[2mFileSessionStore[2m > [22m[2mexists[2m > [22m[2mshould return false for non-existent session[22m[39m
[2025-11-19T03:49:02.581Z] INFO: FileSessionStore initialized
  Context: {
  "baseDir": "C:\\Users\\danie\\AppData\\Local\\Temp\\deepthinking-test-ce1d6895-5d83-4b21-aa39-6d933d022ad7",
  "config": {
    "autoSave": true,
    "autoSaveDelay": 1000,
    "enableCompression": false,
    "maxSessions": 1000,
    "maxSessionAge": 2592000000,
    "enableEncryption": false,
    "serialization": {
      "prettyPrint": false,
      "includeMetadata": true
    }
  }
}
[2025-11-19T03:49:02.582Z] INFO: FileSessionStore closed

[90mstdout[2m | tests/unit/file-store.test.ts[2m > [22m[2mFileSessionStore[2m > [22m[2mgetStats[2m > [22m[2mshould return storage statistics[22m[39m
[2025-11-19T03:49:02.594Z] INFO: FileSessionStore initialized
  Context: {
  "baseDir": "C:\\Users\\danie\\AppData\\Local\\Temp\\deepthinking-test-bf25857a-8b26-47ee-94e4-156a174ce29c",
  "config": {
    "autoSave": true,
    "autoSaveDelay": 1000,
    "enableCompression": false,
    "maxSessions": 1000,
    "maxSessionAge": 2592000000,
    "enableEncryption": false,
    "serialization": {
      "prettyPrint": false,
      "includeMetadata": true
    }
  }
}

[90mstdout[2m | tests/unit/file-store.test.ts[2m > [22m[2mFileSessionStore[2m > [22m[2mgetStats[2m > [22m[2mshould return storage statistics[22m[39m
[2025-11-19T03:49:02.612Z] INFO: FileSessionStore closed

[90mstdout[2m | tests/unit/file-store.test.ts[2m > [22m[2mFileSessionStore[2m > [22m[2mgetStats[2m > [22m[2mshould calculate total thoughts correctly[22m[39m
[2025-11-19T03:49:02.635Z] INFO: FileSessionStore initialized
  Context: {
  "baseDir": "C:\\Users\\danie\\AppData\\Local\\Temp\\deepthinking-test-2bcd939d-84ff-4d86-9c24-1d609bf279a8",
  "config": {
    "autoSave": true,
    "autoSaveDelay": 1000,
    "enableCompression": false,
    "maxSessions": 1000,
    "maxSessionAge": 2592000000,
    "enableEncryption": false,
    "serialization": {
      "prettyPrint": false,
      "includeMetadata": true
    }
  }
}

[90mstdout[2m | tests/unit/file-store.test.ts[2m > [22m[2mFileSessionStore[2m > [22m[2mgetStats[2m > [22m[2mshould calculate total thoughts correctly[22m[39m
[2025-11-19T03:49:02.673Z] INFO: FileSessionStore closed

[90mstdout[2m | tests/unit/file-store.test.ts[2m > [22m[2mFileSessionStore[2m > [22m[2mgetStats[2m > [22m[2mshould identify storage health status[22m[39m
[2025-11-19T03:49:02.702Z] INFO: FileSessionStore initialized
  Context: {
  "baseDir": "C:\\Users\\danie\\AppData\\Local\\Temp\\deepthinking-test-f880b095-a60a-4c67-bc94-7903f7ed091b",
  "config": {
    "autoSave": true,
    "autoSaveDelay": 1000,
    "enableCompression": false,
    "maxSessions": 1000,
    "maxSessionAge": 2592000000,
    "enableEncryption": false,
    "serialization": {
      "prettyPrint": false,
      "includeMetadata": true
    }
  }
}

[90mstdout[2m | tests/unit/file-store.test.ts[2m > [22m[2mFileSessionStore[2m > [22m[2mgetStats[2m > [22m[2mshould identify storage health status[22m[39m
[2025-11-19T03:49:02.707Z] INFO: FileSessionStore initialized
  Context: {
  "baseDir": "C:\\Users\\danie\\AppData\\Local\\Temp\\deepthinking-test-f880b095-a60a-4c67-bc94-7903f7ed091b",
  "config": {
    "autoSave": true,
    "autoSaveDelay": 1000,
    "enableCompression": false,
    "maxSessions": 10,
    "maxSessionAge": 2592000000,
    "enableEncryption": false,
    "serialization": {
      "prettyPrint": false,
      "includeMetadata": true
    }
  }
}

[90mstdout[2m | tests/unit/file-store.test.ts[2m > [22m[2mFileSessionStore[2m > [22m[2mgetStats[2m > [22m[2mshould identify storage health status[22m[39m
[2025-11-19T03:49:02.792Z] INFO: FileSessionStore closed
[2025-11-19T03:49:02.793Z] INFO: FileSessionStore closed

[90mstdout[2m | tests/unit/file-store.test.ts[2m > [22m[2mFileSessionStore[2m > [22m[2mcleanup[2m > [22m[2mshould clean up old sessions[22m[39m
[2025-11-19T03:49:02.815Z] INFO: FileSessionStore initialized
  Context: {
  "baseDir": "C:\\Users\\danie\\AppData\\Local\\Temp\\deepthinking-test-a87e0d77-7606-4911-ab28-995e9458f898",
  "config": {
    "autoSave": true,
    "autoSaveDelay": 1000,
    "enableCompression": false,
    "maxSessions": 1000,
    "maxSessionAge": 2592000000,
    "enableEncryption": false,
    "serialization": {
      "prettyPrint": false,
      "includeMetadata": true
    }
  }
}

[90mstdout[2m | tests/unit/file-store.test.ts[2m > [22m[2mFileSessionStore[2m > [22m[2mcleanup[2m > [22m[2mshould clean up old sessions[22m[39m
[2025-11-19T03:49:02.853Z] INFO: Session deleted
  Context: {
  "sessionId": "a9e6cf21-50ca-43e7-9c4b-3a93cada4241"
}
[2025-11-19T03:49:02.853Z] INFO: Cleanup completed
  Context: {
  "cleanedCount": 1,
  "maxAgeMs": 604800000,
  "remaining": 1
}
[2025-11-19T03:49:02.854Z] INFO: FileSessionStore closed

[90mstdout[2m | tests/unit/file-store.test.ts[2m > [22m[2mFileSessionStore[2m > [22m[2mcleanup[2m > [22m[2mshould return 0 when no sessions need cleanup[22m[39m
[2025-11-19T03:49:02.864Z] INFO: FileSessionStore initialized
  Context: {
  "baseDir": "C:\\Users\\danie\\AppData\\Local\\Temp\\deepthinking-test-d0840c59-feca-4b4b-b236-f4447864a9dd",
  "config": {
    "autoSave": true,
    "autoSaveDelay": 1000,
    "enableCompression": false,
    "maxSessions": 1000,
    "maxSessionAge": 2592000000,
    "enableEncryption": false,
    "serialization": {
      "prettyPrint": false,
      "includeMetadata": true
    }
  }
}

[90mstdout[2m | tests/unit/file-store.test.ts[2m > [22m[2mFileSessionStore[2m > [22m[2mcleanup[2m > [22m[2mshould return 0 when no sessions need cleanup[22m[39m
[2025-11-19T03:49:02.869Z] INFO: FileSessionStore closed

[90mstdout[2m | tests/unit/file-store.test.ts[2m > [22m[2mFileSessionStore[2m > [22m[2mconcurrent operations[2m > [22m[2mshould handle concurrent saves[22m[39m
[2025-11-19T03:49:02.879Z] INFO: FileSessionStore initialized
  Context: {
  "baseDir": "C:\\Users\\danie\\AppData\\Local\\Temp\\deepthinking-test-d39a23c0-ac39-4e48-abc4-c341212b31a7",
  "config": {
    "autoSave": true,
    "autoSaveDelay": 1000,
    "enableCompression": false,
    "maxSessions": 1000,
    "maxSessionAge": 2592000000,
    "enableEncryption": false,
    "serialization": {
      "prettyPrint": false,
      "includeMetadata": true
    }
  }
}

[90mstdout[2m | tests/unit/file-store.test.ts[2m > [22m[2mFileSessionStore[2m > [22m[2mconcurrent operations[2m > [22m[2mshould handle concurrent saves[22m[39m
[2025-11-19T03:49:02.898Z] INFO: FileSessionStore closed

[90mstdout[2m | tests/unit/file-store.test.ts[2m > [22m[2mFileSessionStore[2m > [22m[2mconcurrent operations[2m > [22m[2mshould handle concurrent reads[22m[39m
[2025-11-19T03:49:02.916Z] INFO: FileSessionStore initialized
  Context: {
  "baseDir": "C:\\Users\\danie\\AppData\\Local\\Temp\\deepthinking-test-cf05bac3-1457-4538-b8b1-e9c951be758b",
  "config": {
    "autoSave": true,
    "autoSaveDelay": 1000,
    "enableCompression": false,
    "maxSessions": 1000,
    "maxSessionAge": 2592000000,
    "enableEncryption": false,
    "serialization": {
      "prettyPrint": false,
      "includeMetadata": true
    }
  }
}

[90mstdout[2m | tests/unit/file-store.test.ts[2m > [22m[2mFileSessionStore[2m > [22m[2mconcurrent operations[2m > [22m[2mshould handle concurrent reads[22m[39m
[2025-11-19T03:49:02.937Z] INFO: FileSessionStore closed

[90mstdout[2m | tests/unit/file-store.test.ts[2m > [22m[2mFileSessionStore[2m > [22m[2merror handling[2m > [22m[2mshould handle invalid session data gracefully[22m[39m
[2025-11-19T03:49:02.953Z] INFO: FileSessionStore initialized
  Context: {
  "baseDir": "C:\\Users\\danie\\AppData\\Local\\Temp\\deepthinking-test-2e7686d2-bf51-48bb-a2e4-72711cd2e6af",
  "config": {
    "autoSave": true,
    "autoSaveDelay": 1000,
    "enableCompression": false,
    "maxSessions": 1000,
    "maxSessionAge": 2592000000,
    "enableEncryption": false,
    "serialization": {
      "prettyPrint": false,
      "includeMetadata": true
    }
  }
}

[90mstderr[2m | tests/unit/file-store.test.ts[2m > [22m[2mFileSessionStore[2m > [22m[2merror handling[2m > [22m[2mshould handle invalid session data gracefully[22m[39m
[2025-11-19T03:49:02.966Z] ERROR: Failed to load session
  Error: undefined

[90mstdout[2m | tests/unit/file-store.test.ts[2m > [22m[2mFileSessionStore[2m > [22m[2merror handling[2m > [22m[2mshould handle invalid session data gracefully[22m[39m
[2025-11-19T03:49:02.967Z] INFO: FileSessionStore closed

[90mstdout[2m | tests/unit/file-store.test.ts[2m > [22m[2mFileSessionStore[2m > [22m[2merror handling[2m > [22m[2mshould handle operations before initialization[22m[39m
[2025-11-19T03:49:02.989Z] INFO: FileSessionStore initialized
  Context: {
  "baseDir": "C:\\Users\\danie\\AppData\\Local\\Temp\\deepthinking-test-d54a705a-573c-465b-9ff4-291739db529f",
  "config": {
    "autoSave": true,
    "autoSaveDelay": 1000,
    "enableCompression": false,
    "maxSessions": 1000,
    "maxSessionAge": 2592000000,
    "enableEncryption": false,
    "serialization": {
      "prettyPrint": false,
      "includeMetadata": true
    }
  }
}

[90mstdout[2m | tests/unit/file-store.test.ts[2m > [22m[2mFileSessionStore[2m > [22m[2merror handling[2m > [22m[2mshould handle operations before initialization[22m[39m
[2025-11-19T03:49:02.994Z] INFO: FileSessionStore initialized
  Context: {
  "baseDir": "C:\\Users\\danie\\AppData\\Local\\Temp\\deepthinking-test-d54a705a-573c-465b-9ff4-291739db529f",
  "config": {
    "autoSave": true,
    "autoSaveDelay": 1000,
    "enableCompression": false,
    "maxSessions": 1000,
    "maxSessionAge": 2592000000,
    "enableEncryption": false,
    "serialization": {
      "prettyPrint": false,
      "includeMetadata": true
    }
  }
}

[90mstdout[2m | tests/unit/file-store.test.ts[2m > [22m[2mFileSessionStore[2m > [22m[2merror handling[2m > [22m[2mshould handle operations before initialization[22m[39m
[2025-11-19T03:49:03.002Z] INFO: FileSessionStore closed
[2025-11-19T03:49:03.002Z] INFO: FileSessionStore closed

 [32m✓[39m tests/unit/file-store.test.ts [2m ([22m[2m27 tests[22m[2m)[22m[33m 1174[2mms[22m[39m

[2m Test Files [22m [1m[32m1 passed[39m[22m[90m (1)[39m
[2m      Tests [22m [1m[32m27 passed[39m[22m[90m (27)[39m
[2m   Start at [22m 22:49:01
[2m   Duration [22m 1.43s


[1m[7m[32m PASS [39m[27m[22m[32m Waiting for file changes...[39m
       [2mpress [22m[1mh[22m[2m to show help[22m[2m, [22m[2mpress [22m[1mq[22m[2m to quit[22m
       [34mrerun x7[39m
[2K[1A[2K[G       [90mrerun x7[39m
[2K[1A[2K[G       [2m[90mrerun x7[39m[22m
[2K[1A[2K[G[3Jc
[7m[1m[34m RERUN [39m[22m[27m[2m src/session/storage/file-store.ts[22m [34mx8[39m

[90mstdout[2m | tests/unit/file-store.test.ts[2m > [22m[2mFileSessionStore[2m > [22m[2minitialization[2m > [22m[2mshould create necessary directories[22m[39m
[2025-11-19T03:49:06.738Z] INFO: FileSessionStore initialized
  Context: {
  "baseDir": "C:\\Users\\danie\\AppData\\Local\\Temp\\deepthinking-test-41a6f3c2-48ce-4bc1-8139-21fdb18c1663",
  "config": {
    "autoSave": true,
    "autoSaveDelay": 1000,
    "enableCompression": false,
    "maxSessions": 1000,
    "maxSessionAge": 2592000000,
    "enableEncryption": false,
    "serialization": {
      "prettyPrint": false,
      "includeMetadata": true
    }
  }
}

[90mstdout[2m | tests/unit/file-store.test.ts[2m > [22m[2mFileSessionStore[2m > [22m[2minitialization[2m > [22m[2mshould create necessary directories[22m[39m
[2025-11-19T03:49:06.758Z] INFO: FileSessionStore closed

[90mstdout[2m | tests/unit/file-store.test.ts[2m > [22m[2mFileSessionStore[2m > [22m[2minitialization[2m > [22m[2mshould handle multiple initialization calls[22m[39m
[2025-11-19T03:49:06.788Z] INFO: FileSessionStore initialized
  Context: {
  "baseDir": "C:\\Users\\danie\\AppData\\Local\\Temp\\deepthinking-test-9082f21c-650c-4f38-871f-1338dd8248fb",
  "config": {
    "autoSave": true,
    "autoSaveDelay": 1000,
    "enableCompression": false,
    "maxSessions": 1000,
    "maxSessionAge": 2592000000,
    "enableEncryption": false,
    "serialization": {
      "prettyPrint": false,
      "includeMetadata": true
    }
  }
}
[2025-11-19T03:49:06.789Z] INFO: FileSessionStore closed

[90mstdout[2m | tests/unit/file-store.test.ts[2m > [22m[2mFileSessionStore[2m > [22m[2msaveSession[2m > [22m[2mshould save a session to disk[22m[39m
[2025-11-19T03:49:06.807Z] INFO: FileSessionStore initialized
  Context: {
  "baseDir": "C:\\Users\\danie\\AppData\\Local\\Temp\\deepthinking-test-dd5e80e8-0136-4a55-a1d2-6eb602a73ed2",
  "config": {
    "autoSave": true,
    "autoSaveDelay": 1000,
    "enableCompression": false,
    "maxSessions": 1000,
    "maxSessionAge": 2592000000,
    "enableEncryption": false,
    "serialization": {
      "prettyPrint": false,
      "includeMetadata": true
    }
  }
}

[90mstdout[2m | tests/unit/file-store.test.ts[2m > [22m[2mFileSessionStore[2m > [22m[2msaveSession[2m > [22m[2mshould save a session to disk[22m[39m
[2025-11-19T03:49:06.818Z] INFO: FileSessionStore closed

[90mstdout[2m | tests/unit/file-store.test.ts[2m > [22m[2mFileSessionStore[2m > [22m[2msaveSession[2m > [22m[2mshould save session with correct content[22m[39m
[2025-11-19T03:49:06.830Z] INFO: FileSessionStore initialized
  Context: {
  "baseDir": "C:\\Users\\danie\\AppData\\Local\\Temp\\deepthinking-test-0f448a35-ddcd-45c9-8ec2-211c7cb42947",
  "config": {
    "autoSave": true,
    "autoSaveDelay": 1000,
    "enableCompression": false,
    "maxSessions": 1000,
    "maxSessionAge": 2592000000,
    "enableEncryption": false,
    "serialization": {
      "prettyPrint": false,
      "includeMetadata": true
    }
  }
}

[90mstdout[2m | tests/unit/file-store.test.ts[2m > [22m[2mFileSessionStore[2m > [22m[2msaveSession[2m > [22m[2mshould save session with correct content[22m[39m
[2025-11-19T03:49:06.838Z] INFO: FileSessionStore closed

[90mstdout[2m | tests/unit/file-store.test.ts[2m > [22m[2mFileSessionStore[2m > [22m[2msaveSession[2m > [22m[2mshould update metadata index[22m[39m
[2025-11-19T03:49:06.849Z] INFO: FileSessionStore initialized
  Context: {
  "baseDir": "C:\\Users\\danie\\AppData\\Local\\Temp\\deepthinking-test-06e95c03-a924-4803-8d16-179ed772be04",
  "config": {
    "autoSave": true,
    "autoSaveDelay": 1000,
    "enableCompression": false,
    "maxSessions": 1000,
    "maxSessionAge": 2592000000,
    "enableEncryption": false,
    "serialization": {
      "prettyPrint": false,
      "includeMetadata": true
    }
  }
}

[90mstdout[2m | tests/unit/file-store.test.ts[2m > [22m[2mFileSessionStore[2m > [22m[2msaveSession[2m > [22m[2mshould update metadata index[22m[39m
[2025-11-19T03:49:06.860Z] INFO: FileSessionStore closed

[90mstdout[2m | tests/unit/file-store.test.ts[2m > [22m[2mFileSessionStore[2m > [22m[2msaveSession[2m > [22m[2mshould overwrite existing session[22m[39m
[2025-11-19T03:49:06.870Z] INFO: FileSessionStore initialized
  Context: {
  "baseDir": "C:\\Users\\danie\\AppData\\Local\\Temp\\deepthinking-test-331265d8-8ec1-4481-b720-e1c74874c597",
  "config": {
    "autoSave": true,
    "autoSaveDelay": 1000,
    "enableCompression": false,
    "maxSessions": 1000,
    "maxSessionAge": 2592000000,
    "enableEncryption": false,
    "serialization": {
      "prettyPrint": false,
      "includeMetadata": true
    }
  }
}

[90mstdout[2m | tests/unit/file-store.test.ts[2m > [22m[2mFileSessionStore[2m > [22m[2msaveSession[2m > [22m[2mshould overwrite existing session[22m[39m
[2025-11-19T03:49:06.883Z] INFO: FileSessionStore closed

[90mstdout[2m | tests/unit/file-store.test.ts[2m > [22m[2mFileSessionStore[2m > [22m[2mloadSession[2m > [22m[2mshould load an existing session[22m[39m
[2025-11-19T03:49:06.895Z] INFO: FileSessionStore initialized
  Context: {
  "baseDir": "C:\\Users\\danie\\AppData\\Local\\Temp\\deepthinking-test-08d20398-d7e4-4bfe-a06b-072408b21c73",
  "config": {
    "autoSave": true,
    "autoSaveDelay": 1000,
    "enableCompression": false,
    "maxSessions": 1000,
    "maxSessionAge": 2592000000,
    "enableEncryption": false,
    "serialization": {
      "prettyPrint": false,
      "includeMetadata": true
    }
  }
}

[90mstdout[2m | tests/unit/file-store.test.ts[2m > [22m[2mFileSessionStore[2m > [22m[2mloadSession[2m > [22m[2mshould load an existing session[22m[39m
[2025-11-19T03:49:06.904Z] INFO: FileSessionStore closed

[90mstdout[2m | tests/unit/file-store.test.ts[2m > [22m[2mFileSessionStore[2m > [22m[2mloadSession[2m > [22m[2mshould return null for non-existent session[22m[39m
[2025-11-19T03:49:06.915Z] INFO: FileSessionStore initialized
  Context: {
  "baseDir": "C:\\Users\\danie\\AppData\\Local\\Temp\\deepthinking-test-80670edb-96b1-4452-bcb7-4d213a87669c",
  "config": {
    "autoSave": true,
    "autoSaveDelay": 1000,
    "enableCompression": false,
    "maxSessions": 1000,
    "maxSessionAge": 2592000000,
    "enableEncryption": false,
    "serialization": {
      "prettyPrint": false,
      "includeMetadata": true
    }
  }
}

[90mstdout[2m | tests/unit/file-store.test.ts[2m > [22m[2mFileSessionStore[2m > [22m[2mloadSession[2m > [22m[2mshould return null for non-existent session[22m[39m
[2025-11-19T03:49:06.917Z] INFO: FileSessionStore closed

[90mstdout[2m | tests/unit/file-store.test.ts[2m > [22m[2mFileSessionStore[2m > [22m[2mloadSession[2m > [22m[2mshould preserve Date objects[22m[39m
[2025-11-19T03:49:06.926Z] INFO: FileSessionStore initialized
  Context: {
  "baseDir": "C:\\Users\\danie\\AppData\\Local\\Temp\\deepthinking-test-aed34370-2e3d-4ad9-88f7-ba01231b51f6",
  "config": {
    "autoSave": true,
    "autoSaveDelay": 1000,
    "enableCompression": false,
    "maxSessions": 1000,
    "maxSessionAge": 2592000000,
    "enableEncryption": false,
    "serialization": {
      "prettyPrint": false,
      "includeMetadata": true
    }
  }
}

[90mstdout[2m | tests/unit/file-store.test.ts[2m > [22m[2mFileSessionStore[2m > [22m[2mloadSession[2m > [22m[2mshould preserve Date objects[22m[39m
[2025-11-19T03:49:06.947Z] INFO: FileSessionStore closed

[90mstdout[2m | tests/unit/file-store.test.ts[2m > [22m[2mFileSessionStore[2m > [22m[2mloadSession[2m > [22m[2mshould preserve Map objects[22m[39m
[2025-11-19T03:49:06.964Z] INFO: FileSessionStore initialized
  Context: {
  "baseDir": "C:\\Users\\danie\\AppData\\Local\\Temp\\deepthinking-test-05ad93c7-3cc4-430e-997c-dd8491e6dbc8",
  "config": {
    "autoSave": true,
    "autoSaveDelay": 1000,
    "enableCompression": false,
    "maxSessions": 1000,
    "maxSessionAge": 2592000000,
    "enableEncryption": false,
    "serialization": {
      "prettyPrint": false,
      "includeMetadata": true
    }
  }
}

[90mstdout[2m | tests/unit/file-store.test.ts[2m > [22m[2mFileSessionStore[2m > [22m[2mloadSession[2m > [22m[2mshould preserve Map objects[22m[39m
[2025-11-19T03:49:06.975Z] INFO: FileSessionStore closed

[90mstdout[2m | tests/unit/file-store.test.ts[2m > [22m[2mFileSessionStore[2m > [22m[2mdeleteSession[2m > [22m[2mshould delete an existing session[22m[39m
[2025-11-19T03:49:06.990Z] INFO: FileSessionStore initialized
  Context: {
  "baseDir": "C:\\Users\\danie\\AppData\\Local\\Temp\\deepthinking-test-0966a8cc-433b-4e7c-a712-1b9c84777ceb",
  "config": {
    "autoSave": true,
    "autoSaveDelay": 1000,
    "enableCompression": false,
    "maxSessions": 1000,
    "maxSessionAge": 2592000000,
    "enableEncryption": false,
    "serialization": {
      "prettyPrint": false,
      "includeMetadata": true
    }
  }
}

[90mstdout[2m | tests/unit/file-store.test.ts[2m > [22m[2mFileSessionStore[2m > [22m[2mdeleteSession[2m > [22m[2mshould delete an existing session[22m[39m
[2025-11-19T03:49:07.000Z] INFO: Session deleted
  Context: {
  "sessionId": "a34d1326-5ebb-44b5-ab18-2ab510dc2af2"
}

[90mstdout[2m | tests/unit/file-store.test.ts[2m > [22m[2mFileSessionStore[2m > [22m[2mdeleteSession[2m > [22m[2mshould delete an existing session[22m[39m
[2025-11-19T03:49:07.004Z] INFO: FileSessionStore closed

[90mstdout[2m | tests/unit/file-store.test.ts[2m > [22m[2mFileSessionStore[2m > [22m[2mdeleteSession[2m > [22m[2mshould return false for non-existent session[22m[39m
[2025-11-19T03:49:07.018Z] INFO: FileSessionStore initialized
  Context: {
  "baseDir": "C:\\Users\\danie\\AppData\\Local\\Temp\\deepthinking-test-0cf74200-6b22-44f1-b9f0-2a78d62e278c",
  "config": {
    "autoSave": true,
    "autoSaveDelay": 1000,
    "enableCompression": false,
    "maxSessions": 1000,
    "maxSessionAge": 2592000000,
    "enableEncryption": false,
    "serialization": {
      "prettyPrint": false,
      "includeMetadata": true
    }
  }
}
[2025-11-19T03:49:07.020Z] INFO: FileSessionStore closed

[90mstdout[2m | tests/unit/file-store.test.ts[2m > [22m[2mFileSessionStore[2m > [22m[2mdeleteSession[2m > [22m[2mshould update metadata index after deletion[22m[39m
[2025-11-19T03:49:07.038Z] INFO: FileSessionStore initialized
  Context: {
  "baseDir": "C:\\Users\\danie\\AppData\\Local\\Temp\\deepthinking-test-3b06f21a-f5de-4287-bc34-7d142fee50c9",
  "config": {
    "autoSave": true,
    "autoSaveDelay": 1000,
    "enableCompression": false,
    "maxSessions": 1000,
    "maxSessionAge": 2592000000,
    "enableEncryption": false,
    "serialization": {
      "prettyPrint": false,
      "includeMetadata": true
    }
  }
}

[90mstdout[2m | tests/unit/file-store.test.ts[2m > [22m[2mFileSessionStore[2m > [22m[2mdeleteSession[2m > [22m[2mshould update metadata index after deletion[22m[39m
[2025-11-19T03:49:07.047Z] INFO: Session deleted
  Context: {
  "sessionId": "6fcf96a9-9a60-442b-98f5-ffe82881b8e9"
}
[2025-11-19T03:49:07.048Z] INFO: FileSessionStore closed

[90mstdout[2m | tests/unit/file-store.test.ts[2m > [22m[2mFileSessionStore[2m > [22m[2mlistSessions[2m > [22m[2mshould list all sessions[22m[39m
[2025-11-19T03:49:07.061Z] INFO: FileSessionStore initialized
  Context: {
  "baseDir": "C:\\Users\\danie\\AppData\\Local\\Temp\\deepthinking-test-73d6a78e-4340-48fb-9a8d-98fc93f50b80",
  "config": {
    "autoSave": true,
    "autoSaveDelay": 1000,
    "enableCompression": false,
    "maxSessions": 1000,
    "maxSessionAge": 2592000000,
    "enableEncryption": false,
    "serialization": {
      "prettyPrint": false,
      "includeMetadata": true
    }
  }
}

[90mstdout[2m | tests/unit/file-store.test.ts[2m > [22m[2mFileSessionStore[2m > [22m[2mlistSessions[2m > [22m[2mshould list all sessions[22m[39m
[2025-11-19T03:49:07.079Z] INFO: FileSessionStore closed

[90mstdout[2m | tests/unit/file-store.test.ts[2m > [22m[2mFileSessionStore[2m > [22m[2mlistSessions[2m > [22m[2mshould return empty array when no sessions exist[22m[39m
[2025-11-19T03:49:07.091Z] INFO: FileSessionStore initialized
  Context: {
  "baseDir": "C:\\Users\\danie\\AppData\\Local\\Temp\\deepthinking-test-92de651a-dbaf-48d8-9dbe-1465cef1cdaf",
  "config": {
    "autoSave": true,
    "autoSaveDelay": 1000,
    "enableCompression": false,
    "maxSessions": 1000,
    "maxSessionAge": 2592000000,
    "enableEncryption": false,
    "serialization": {
      "prettyPrint": false,
      "includeMetadata": true
    }
  }
}
[2025-11-19T03:49:07.092Z] INFO: FileSessionStore closed

[90mstdout[2m | tests/unit/file-store.test.ts[2m > [22m[2mFileSessionStore[2m > [22m[2mlistSessions[2m > [22m[2mshould include correct metadata fields[22m[39m
[2025-11-19T03:49:07.102Z] INFO: FileSessionStore initialized
  Context: {
  "baseDir": "C:\\Users\\danie\\AppData\\Local\\Temp\\deepthinking-test-6fc2b121-9fe5-454c-91bb-acf1e6a99528",
  "config": {
    "autoSave": true,
    "autoSaveDelay": 1000,
    "enableCompression": false,
    "maxSessions": 1000,
    "maxSessionAge": 2592000000,
    "enableEncryption": false,
    "serialization": {
      "prettyPrint": false,
      "includeMetadata": true
    }
  }
}

[90mstdout[2m | tests/unit/file-store.test.ts[2m > [22m[2mFileSessionStore[2m > [22m[2mlistSessions[2m > [22m[2mshould include correct metadata fields[22m[39m
[2025-11-19T03:49:07.110Z] INFO: FileSessionStore closed

[90mstdout[2m | tests/unit/file-store.test.ts[2m > [22m[2mFileSessionStore[2m > [22m[2mexists[2m > [22m[2mshould return true for existing session[22m[39m
[2025-11-19T03:49:07.123Z] INFO: FileSessionStore initialized
  Context: {
  "baseDir": "C:\\Users\\danie\\AppData\\Local\\Temp\\deepthinking-test-221323d7-fda6-4ce1-910a-d281d5d0a794",
  "config": {
    "autoSave": true,
    "autoSaveDelay": 1000,
    "enableCompression": false,
    "maxSessions": 1000,
    "maxSessionAge": 2592000000,
    "enableEncryption": false,
    "serialization": {
      "prettyPrint": false,
      "includeMetadata": true
    }
  }
}

[90mstdout[2m | tests/unit/file-store.test.ts[2m > [22m[2mFileSessionStore[2m > [22m[2mexists[2m > [22m[2mshould return true for existing session[22m[39m
[2025-11-19T03:49:07.130Z] INFO: FileSessionStore closed

[90mstdout[2m | tests/unit/file-store.test.ts[2m > [22m[2mFileSessionStore[2m > [22m[2mexists[2m > [22m[2mshould return false for non-existent session[22m[39m
[2025-11-19T03:49:07.141Z] INFO: FileSessionStore initialized
  Context: {
  "baseDir": "C:\\Users\\danie\\AppData\\Local\\Temp\\deepthinking-test-5b573c30-e3ea-4a07-baf3-1ed61b1db027",
  "config": {
    "autoSave": true,
    "autoSaveDelay": 1000,
    "enableCompression": false,
    "maxSessions": 1000,
    "maxSessionAge": 2592000000,
    "enableEncryption": false,
    "serialization": {
      "prettyPrint": false,
      "includeMetadata": true
    }
  }
}
[2025-11-19T03:49:07.142Z] INFO: FileSessionStore closed

[90mstdout[2m | tests/unit/file-store.test.ts[2m > [22m[2mFileSessionStore[2m > [22m[2mgetStats[2m > [22m[2mshould return storage statistics[22m[39m
[2025-11-19T03:49:07.151Z] INFO: FileSessionStore initialized
  Context: {
  "baseDir": "C:\\Users\\danie\\AppData\\Local\\Temp\\deepthinking-test-c501d780-43d6-4947-ada1-7629856c12cf",
  "config": {
    "autoSave": true,
    "autoSaveDelay": 1000,
    "enableCompression": false,
    "maxSessions": 1000,
    "maxSessionAge": 2592000000,
    "enableEncryption": false,
    "serialization": {
      "prettyPrint": false,
      "includeMetadata": true
    }
  }
}

[90mstdout[2m | tests/unit/file-store.test.ts[2m > [22m[2mFileSessionStore[2m > [22m[2mgetStats[2m > [22m[2mshould return storage statistics[22m[39m
[2025-11-19T03:49:07.164Z] INFO: FileSessionStore closed

[90mstdout[2m | tests/unit/file-store.test.ts[2m > [22m[2mFileSessionStore[2m > [22m[2mgetStats[2m > [22m[2mshould calculate total thoughts correctly[22m[39m
[2025-11-19T03:49:07.174Z] INFO: FileSessionStore initialized
  Context: {
  "baseDir": "C:\\Users\\danie\\AppData\\Local\\Temp\\deepthinking-test-67fcf330-4286-479f-9d5a-1e2db1560edb",
  "config": {
    "autoSave": true,
    "autoSaveDelay": 1000,
    "enableCompression": false,
    "maxSessions": 1000,
    "maxSessionAge": 2592000000,
    "enableEncryption": false,
    "serialization": {
      "prettyPrint": false,
      "includeMetadata": true
    }
  }
}

[90mstdout[2m | tests/unit/file-store.test.ts[2m > [22m[2mFileSessionStore[2m > [22m[2mgetStats[2m > [22m[2mshould calculate total thoughts correctly[22m[39m
[2025-11-19T03:49:07.186Z] INFO: FileSessionStore closed

[90mstdout[2m | tests/unit/file-store.test.ts[2m > [22m[2mFileSessionStore[2m > [22m[2mgetStats[2m > [22m[2mshould identify storage health status[22m[39m
[2025-11-19T03:49:07.198Z] INFO: FileSessionStore initialized
  Context: {
  "baseDir": "C:\\Users\\danie\\AppData\\Local\\Temp\\deepthinking-test-fbf5fa88-666a-4459-827f-beccc24847be",
  "config": {
    "autoSave": true,
    "autoSaveDelay": 1000,
    "enableCompression": false,
    "maxSessions": 1000,
    "maxSessionAge": 2592000000,
    "enableEncryption": false,
    "serialization": {
      "prettyPrint": false,
      "includeMetadata": true
    }
  }
}

[90mstdout[2m | tests/unit/file-store.test.ts[2m > [22m[2mFileSessionStore[2m > [22m[2mgetStats[2m > [22m[2mshould identify storage health status[22m[39m
[2025-11-19T03:49:07.202Z] INFO: FileSessionStore initialized
  Context: {
  "baseDir": "C:\\Users\\danie\\AppData\\Local\\Temp\\deepthinking-test-fbf5fa88-666a-4459-827f-beccc24847be",
  "config": {
    "autoSave": true,
    "autoSaveDelay": 1000,
    "enableCompression": false,
    "maxSessions": 10,
    "maxSessionAge": 2592000000,
    "enableEncryption": false,
    "serialization": {
      "prettyPrint": false,
      "includeMetadata": true
    }
  }
}

[90mstdout[2m | tests/unit/file-store.test.ts[2m > [22m[2mFileSessionStore[2m > [22m[2mgetStats[2m > [22m[2mshould identify storage health status[22m[39m
[2025-11-19T03:49:07.243Z] INFO: FileSessionStore closed
[2025-11-19T03:49:07.244Z] INFO: FileSessionStore closed

[90mstdout[2m | tests/unit/file-store.test.ts[2m > [22m[2mFileSessionStore[2m > [22m[2mcleanup[2m > [22m[2mshould clean up old sessions[22m[39m
[2025-11-19T03:49:07.259Z] INFO: FileSessionStore initialized
  Context: {
  "baseDir": "C:\\Users\\danie\\AppData\\Local\\Temp\\deepthinking-test-1f350550-886e-4f65-974c-0be3dfc82a3b",
  "config": {
    "autoSave": true,
    "autoSaveDelay": 1000,
    "enableCompression": false,
    "maxSessions": 1000,
    "maxSessionAge": 2592000000,
    "enableEncryption": false,
    "serialization": {
      "prettyPrint": false,
      "includeMetadata": true
    }
  }
}

[90mstdout[2m | tests/unit/file-store.test.ts[2m > [22m[2mFileSessionStore[2m > [22m[2mcleanup[2m > [22m[2mshould clean up old sessions[22m[39m
[2025-11-19T03:49:07.278Z] INFO: Session deleted
  Context: {
  "sessionId": "cd126d80-79f4-4a9b-8592-e48e95a47908"
}
[2025-11-19T03:49:07.278Z] INFO: Cleanup completed
  Context: {
  "cleanedCount": 1,
  "maxAgeMs": 604800000,
  "remaining": 1
}
[2025-11-19T03:49:07.279Z] INFO: FileSessionStore closed

[90mstdout[2m | tests/unit/file-store.test.ts[2m > [22m[2mFileSessionStore[2m > [22m[2mcleanup[2m > [22m[2mshould return 0 when no sessions need cleanup[22m[39m
[2025-11-19T03:49:07.292Z] INFO: FileSessionStore initialized
  Context: {
  "baseDir": "C:\\Users\\danie\\AppData\\Local\\Temp\\deepthinking-test-a534d26a-fdd2-48d7-a267-b356ae3af7ac",
  "config": {
    "autoSave": true,
    "autoSaveDelay": 1000,
    "enableCompression": false,
    "maxSessions": 1000,
    "maxSessionAge": 2592000000,
    "enableEncryption": false,
    "serialization": {
      "prettyPrint": false,
      "includeMetadata": true
    }
  }
}

[90mstdout[2m | tests/unit/file-store.test.ts[2m > [22m[2mFileSessionStore[2m > [22m[2mcleanup[2m > [22m[2mshould return 0 when no sessions need cleanup[22m[39m
[2025-11-19T03:49:07.301Z] INFO: FileSessionStore closed

[90mstdout[2m | tests/unit/file-store.test.ts[2m > [22m[2mFileSessionStore[2m > [22m[2mconcurrent operations[2m > [22m[2mshould handle concurrent saves[22m[39m
[2025-11-19T03:49:07.317Z] INFO: FileSessionStore initialized
  Context: {
  "baseDir": "C:\\Users\\danie\\AppData\\Local\\Temp\\deepthinking-test-4a473a83-ad97-496e-96c2-b13bd5a92694",
  "config": {
    "autoSave": true,
    "autoSaveDelay": 1000,
    "enableCompression": false,
    "maxSessions": 1000,
    "maxSessionAge": 2592000000,
    "enableEncryption": false,
    "serialization": {
      "prettyPrint": false,
      "includeMetadata": true
    }
  }
}

[90mstdout[2m | tests/unit/file-store.test.ts[2m > [22m[2mFileSessionStore[2m > [22m[2mconcurrent operations[2m > [22m[2mshould handle concurrent saves[22m[39m
[2025-11-19T03:49:07.340Z] INFO: FileSessionStore closed

[90mstdout[2m | tests/unit/file-store.test.ts[2m > [22m[2mFileSessionStore[2m > [22m[2mconcurrent operations[2m > [22m[2mshould handle concurrent reads[22m[39m
[2025-11-19T03:49:07.363Z] INFO: FileSessionStore initialized
  Context: {
  "baseDir": "C:\\Users\\danie\\AppData\\Local\\Temp\\deepthinking-test-745d51b5-5706-46b8-8ab9-ea3a39d29e78",
  "config": {
    "autoSave": true,
    "autoSaveDelay": 1000,
    "enableCompression": false,
    "maxSessions": 1000,
    "maxSessionAge": 2592000000,
    "enableEncryption": false,
    "serialization": {
      "prettyPrint": false,
      "includeMetadata": true
    }
  }
}

[90mstdout[2m | tests/unit/file-store.test.ts[2m > [22m[2mFileSessionStore[2m > [22m[2mconcurrent operations[2m > [22m[2mshould handle concurrent reads[22m[39m
[2025-11-19T03:49:07.398Z] INFO: FileSessionStore closed

[90mstdout[2m | tests/unit/file-store.test.ts[2m > [22m[2mFileSessionStore[2m > [22m[2merror handling[2m > [22m[2mshould handle invalid session data gracefully[22m[39m
[2025-11-19T03:49:07.430Z] INFO: FileSessionStore initialized
  Context: {
  "baseDir": "C:\\Users\\danie\\AppData\\Local\\Temp\\deepthinking-test-80760d74-4e54-47e3-add5-932790400a64",
  "config": {
    "autoSave": true,
    "autoSaveDelay": 1000,
    "enableCompression": false,
    "maxSessions": 1000,
    "maxSessionAge": 2592000000,
    "enableEncryption": false,
    "serialization": {
      "prettyPrint": false,
      "includeMetadata": true
    }
  }
}

[90mstderr[2m | tests/unit/file-store.test.ts[2m > [22m[2mFileSessionStore[2m > [22m[2merror handling[2m > [22m[2mshould handle invalid session data gracefully[22m[39m
[2025-11-19T03:49:07.456Z] ERROR: Failed to load session
  Error: undefined

[90mstdout[2m | tests/unit/file-store.test.ts[2m > [22m[2mFileSessionStore[2m > [22m[2merror handling[2m > [22m[2mshould handle invalid session data gracefully[22m[39m
[2025-11-19T03:49:07.458Z] INFO: FileSessionStore closed

[90mstdout[2m | tests/unit/file-store.test.ts[2m > [22m[2mFileSessionStore[2m > [22m[2merror handling[2m > [22m[2mshould handle operations before initialization[22m[39m
[2025-11-19T03:49:07.471Z] INFO: FileSessionStore initialized
  Context: {
  "baseDir": "C:\\Users\\danie\\AppData\\Local\\Temp\\deepthinking-test-4038ac64-ae55-444d-bf24-4e71065e2c8c",
  "config": {
    "autoSave": true,
    "autoSaveDelay": 1000,
    "enableCompression": false,
    "maxSessions": 1000,
    "maxSessionAge": 2592000000,
    "enableEncryption": false,
    "serialization": {
      "prettyPrint": false,
      "includeMetadata": true
    }
  }
}

[90mstdout[2m | tests/unit/file-store.test.ts[2m > [22m[2mFileSessionStore[2m > [22m[2merror handling[2m > [22m[2mshould handle operations before initialization[22m[39m
[2025-11-19T03:49:07.475Z] INFO: FileSessionStore initialized
  Context: {
  "baseDir": "C:\\Users\\danie\\AppData\\Local\\Temp\\deepthinking-test-4038ac64-ae55-444d-bf24-4e71065e2c8c",
  "config": {
    "autoSave": true,
    "autoSaveDelay": 1000,
    "enableCompression": false,
    "maxSessions": 1000,
    "maxSessionAge": 2592000000,
    "enableEncryption": false,
    "serialization": {
      "prettyPrint": false,
      "includeMetadata": true
    }
  }
}

[90mstdout[2m | tests/unit/file-store.test.ts[2m > [22m[2mFileSessionStore[2m > [22m[2merror handling[2m > [22m[2mshould handle operations before initialization[22m[39m
[2025-11-19T03:49:07.480Z] INFO: FileSessionStore closed
[2025-11-19T03:49:07.480Z] INFO: FileSessionStore closed

 [32m✓[39m tests/unit/file-store.test.ts [2m ([22m[2m27 tests[22m[2m)[22m[33m 760[2mms[22m[39m

[2m Test Files [22m [1m[32m1 passed[39m[22m[90m (1)[39m
[2m      Tests [22m [1m[32m27 passed[39m[22m[90m (27)[39m
[2m   Start at [22m 22:49:06
[2m   Duration [22m 881ms


[1m[7m[32m PASS [39m[27m[22m[32m Waiting for file changes...[39m
       [2mpress [22m[1mh[22m[2m to show help[22m[2m, [22m[2mpress [22m[1mq[22m[2m to quit[22m
       [34mrerun x8[39m
[2K[1A[2K[G       [90mrerun x8[39m
[2K[1A[2K[G       [2m[90mrerun x8[39m[22m
[2K[1A[2K[G[3Jc
[7m[1m[34m RERUN [39m[22m[27m[2m src/session/storage/file-store.ts[22m [34mx9[39m

[90mstdout[2m | tests/unit/file-store.test.ts[2m > [22m[2mFileSessionStore[2m > [22m[2minitialization[2m > [22m[2mshould create necessary directories[22m[39m
[2025-11-19T03:55:20.995Z] INFO: FileSessionStore initialized
  Context: {
  "baseDir": "C:\\Users\\danie\\AppData\\Local\\Temp\\deepthinking-test-e4af367f-cc8b-45c5-bbb1-ef24d795dbaf",
  "config": {
    "autoSave": true,
    "autoSaveDelay": 1000,
    "enableCompression": false,
    "maxSessions": 1000,
    "maxSessionAge": 2592000000,
    "enableEncryption": false,
    "serialization": {
      "prettyPrint": false,
      "includeMetadata": true
    }
  }
}

[90mstdout[2m | tests/unit/file-store.test.ts[2m > [22m[2mFileSessionStore[2m > [22m[2minitialization[2m > [22m[2mshould create necessary directories[22m[39m
[2025-11-19T03:55:21.014Z] INFO: FileSessionStore closed

[90mstdout[2m | tests/unit/file-store.test.ts[2m > [22m[2mFileSessionStore[2m > [22m[2minitialization[2m > [22m[2mshould handle multiple initialization calls[22m[39m
[2025-11-19T03:55:21.197Z] INFO: FileSessionStore initialized
  Context: {
  "baseDir": "C:\\Users\\danie\\AppData\\Local\\Temp\\deepthinking-test-0078fd0b-2313-4ad1-8e0e-d867dfb753af",
  "config": {
    "autoSave": true,
    "autoSaveDelay": 1000,
    "enableCompression": false,
    "maxSessions": 1000,
    "maxSessionAge": 2592000000,
    "enableEncryption": false,
    "serialization": {
      "prettyPrint": false,
      "includeMetadata": true
    }
  }
}
[2025-11-19T03:55:21.198Z] INFO: FileSessionStore closed

[90mstdout[2m | tests/unit/file-store.test.ts[2m > [22m[2mFileSessionStore[2m > [22m[2msaveSession[2m > [22m[2mshould save a session to disk[22m[39m
[2025-11-19T03:55:21.280Z] INFO: FileSessionStore initialized
  Context: {
  "baseDir": "C:\\Users\\danie\\AppData\\Local\\Temp\\deepthinking-test-9e25bdc1-9c9e-421b-a433-bb1703fb2ec1",
  "config": {
    "autoSave": true,
    "autoSaveDelay": 1000,
    "enableCompression": false,
    "maxSessions": 1000,
    "maxSessionAge": 2592000000,
    "enableEncryption": false,
    "serialization": {
      "prettyPrint": false,
      "includeMetadata": true
    }
  }
}

[90mstdout[2m | tests/unit/file-store.test.ts[2m > [22m[2mFileSessionStore[2m > [22m[2msaveSession[2m > [22m[2mshould save a session to disk[22m[39m
[2025-11-19T03:55:21.354Z] INFO: FileSessionStore closed

[90mstdout[2m | tests/unit/file-store.test.ts[2m > [22m[2mFileSessionStore[2m > [22m[2msaveSession[2m > [22m[2mshould save session with correct content[22m[39m
[2025-11-19T03:55:21.588Z] INFO: FileSessionStore initialized
  Context: {
  "baseDir": "C:\\Users\\danie\\AppData\\Local\\Temp\\deepthinking-test-eb85a197-987d-4723-b78b-e7ca8ec411ea",
  "config": {
    "autoSave": true,
    "autoSaveDelay": 1000,
    "enableCompression": false,
    "maxSessions": 1000,
    "maxSessionAge": 2592000000,
    "enableEncryption": false,
    "serialization": {
      "prettyPrint": false,
      "includeMetadata": true
    }
  }
}

[90mstdout[2m | tests/unit/file-store.test.ts[2m > [22m[2mFileSessionStore[2m > [22m[2msaveSession[2m > [22m[2mshould save session with correct content[22m[39m
[2025-11-19T03:55:21.619Z] INFO: FileSessionStore closed

[90mstdout[2m | tests/unit/file-store.test.ts[2m > [22m[2mFileSessionStore[2m > [22m[2msaveSession[2m > [22m[2mshould update metadata index[22m[39m
[2025-11-19T03:55:21.700Z] INFO: FileSessionStore initialized
  Context: {
  "baseDir": "C:\\Users\\danie\\AppData\\Local\\Temp\\deepthinking-test-66e9a691-fffe-42f2-b951-dffcfdf934e0",
  "config": {
    "autoSave": true,
    "autoSaveDelay": 1000,
    "enableCompression": false,
    "maxSessions": 1000,
    "maxSessionAge": 2592000000,
    "enableEncryption": false,
    "serialization": {
      "prettyPrint": false,
      "includeMetadata": true
    }
  }
}

[90mstdout[2m | tests/unit/file-store.test.ts[2m > [22m[2mFileSessionStore[2m > [22m[2msaveSession[2m > [22m[2mshould update metadata index[22m[39m
[2025-11-19T03:55:21.720Z] INFO: FileSessionStore closed

[90mstdout[2m | tests/unit/file-store.test.ts[2m > [22m[2mFileSessionStore[2m > [22m[2msaveSession[2m > [22m[2mshould overwrite existing session[22m[39m
[2025-11-19T03:55:21.749Z] INFO: FileSessionStore initialized
  Context: {
  "baseDir": "C:\\Users\\danie\\AppData\\Local\\Temp\\deepthinking-test-e0b5debe-281e-4a97-a432-8b7db6114645",
  "config": {
    "autoSave": true,
    "autoSaveDelay": 1000,
    "enableCompression": false,
    "maxSessions": 1000,
    "maxSessionAge": 2592000000,
    "enableEncryption": false,
    "serialization": {
      "prettyPrint": false,
      "includeMetadata": true
    }
  }
}

[90mstdout[2m | tests/unit/file-store.test.ts[2m > [22m[2mFileSessionStore[2m > [22m[2msaveSession[2m > [22m[2mshould overwrite existing session[22m[39m
[2025-11-19T03:55:21.895Z] INFO: FileSessionStore closed

[90mstdout[2m | tests/unit/file-store.test.ts[2m > [22m[2mFileSessionStore[2m > [22m[2mloadSession[2m > [22m[2mshould load an existing session[22m[39m
[2025-11-19T03:55:21.935Z] INFO: FileSessionStore initialized
  Context: {
  "baseDir": "C:\\Users\\danie\\AppData\\Local\\Temp\\deepthinking-test-7597e3dc-a8a0-497d-b7f3-3132cc86ca97",
  "config": {
    "autoSave": true,
    "autoSaveDelay": 1000,
    "enableCompression": false,
    "maxSessions": 1000,
    "maxSessionAge": 2592000000,
    "enableEncryption": false,
    "serialization": {
      "prettyPrint": false,
      "includeMetadata": true
    }
  }
}

[90mstdout[2m | tests/unit/file-store.test.ts[2m > [22m[2mFileSessionStore[2m > [22m[2mloadSession[2m > [22m[2mshould load an existing session[22m[39m
[2025-11-19T03:55:21.970Z] INFO: FileSessionStore closed

[90mstdout[2m | tests/unit/file-store.test.ts[2m > [22m[2mFileSessionStore[2m > [22m[2mloadSession[2m > [22m[2mshould return null for non-existent session[22m[39m
[2025-11-19T03:55:22.176Z] INFO: FileSessionStore initialized
  Context: {
  "baseDir": "C:\\Users\\danie\\AppData\\Local\\Temp\\deepthinking-test-a4d78e65-d10d-4960-b124-0338d1dd2c5d",
  "config": {
    "autoSave": true,
    "autoSaveDelay": 1000,
    "enableCompression": false,
    "maxSessions": 1000,
    "maxSessionAge": 2592000000,
    "enableEncryption": false,
    "serialization": {
      "prettyPrint": false,
      "includeMetadata": true
    }
  }
}

[90mstdout[2m | tests/unit/file-store.test.ts[2m > [22m[2mFileSessionStore[2m > [22m[2mloadSession[2m > [22m[2mshould return null for non-existent session[22m[39m
[2025-11-19T03:55:22.188Z] INFO: FileSessionStore closed

[90mstdout[2m | tests/unit/file-store.test.ts[2m > [22m[2mFileSessionStore[2m > [22m[2mloadSession[2m > [22m[2mshould preserve Date objects[22m[39m
[2025-11-19T03:55:22.228Z] INFO: FileSessionStore initialized
  Context: {
  "baseDir": "C:\\Users\\danie\\AppData\\Local\\Temp\\deepthinking-test-f2561bce-3863-4733-9255-64e5f729b9a5",
  "config": {
    "autoSave": true,
    "autoSaveDelay": 1000,
    "enableCompression": false,
    "maxSessions": 1000,
    "maxSessionAge": 2592000000,
    "enableEncryption": false,
    "serialization": {
      "prettyPrint": false,
      "includeMetadata": true
    }
  }
}

[90mstdout[2m | tests/unit/file-store.test.ts[2m > [22m[2mFileSessionStore[2m > [22m[2mloadSession[2m > [22m[2mshould preserve Date objects[22m[39m
[2025-11-19T03:55:22.237Z] INFO: FileSessionStore closed

[90mstdout[2m | tests/unit/file-store.test.ts[2m > [22m[2mFileSessionStore[2m > [22m[2mloadSession[2m > [22m[2mshould preserve Map objects[22m[39m
[2025-11-19T03:55:22.277Z] INFO: FileSessionStore initialized
  Context: {
  "baseDir": "C:\\Users\\danie\\AppData\\Local\\Temp\\deepthinking-test-47eabd9d-1e95-4494-a842-4bc2b3d16e36",
  "config": {
    "autoSave": true,
    "autoSaveDelay": 1000,
    "enableCompression": false,
    "maxSessions": 1000,
    "maxSessionAge": 2592000000,
    "enableEncryption": false,
    "serialization": {
      "prettyPrint": false,
      "includeMetadata": true
    }
  }
}

[90mstdout[2m | tests/unit/file-store.test.ts[2m > [22m[2mFileSessionStore[2m > [22m[2mloadSession[2m > [22m[2mshould preserve Map objects[22m[39m
[2025-11-19T03:55:22.297Z] INFO: FileSessionStore closed

[90mstdout[2m | tests/unit/file-store.test.ts[2m > [22m[2mFileSessionStore[2m > [22m[2mdeleteSession[2m > [22m[2mshould delete an existing session[22m[39m
[2025-11-19T03:55:22.315Z] INFO: FileSessionStore initialized
  Context: {
  "baseDir": "C:\\Users\\danie\\AppData\\Local\\Temp\\deepthinking-test-8080f8c8-3eda-4bb0-8c84-017b6bfefdbe",
  "config": {
    "autoSave": true,
    "autoSaveDelay": 1000,
    "enableCompression": false,
    "maxSessions": 1000,
    "maxSessionAge": 2592000000,
    "enableEncryption": false,
    "serialization": {
      "prettyPrint": false,
      "includeMetadata": true
    }
  }
}

[90mstdout[2m | tests/unit/file-store.test.ts[2m > [22m[2mFileSessionStore[2m > [22m[2mdeleteSession[2m > [22m[2mshould delete an existing session[22m[39m
[2025-11-19T03:55:22.353Z] INFO: Session deleted
  Context: {
  "sessionId": "5e405479-6a2e-4935-8287-f36a6ea308bd"
}

[90mstdout[2m | tests/unit/file-store.test.ts[2m > [22m[2mFileSessionStore[2m > [22m[2mdeleteSession[2m > [22m[2mshould delete an existing session[22m[39m
[2025-11-19T03:55:22.360Z] INFO: FileSessionStore closed

[90mstdout[2m | tests/unit/file-store.test.ts[2m > [22m[2mFileSessionStore[2m > [22m[2mdeleteSession[2m > [22m[2mshould return false for non-existent session[22m[39m
[2025-11-19T03:55:22.385Z] INFO: FileSessionStore initialized
  Context: {
  "baseDir": "C:\\Users\\danie\\AppData\\Local\\Temp\\deepthinking-test-b1801e14-eceb-44bc-92e5-7f41a98b2c97",
  "config": {
    "autoSave": true,
    "autoSaveDelay": 1000,
    "enableCompression": false,
    "maxSessions": 1000,
    "maxSessionAge": 2592000000,
    "enableEncryption": false,
    "serialization": {
      "prettyPrint": false,
      "includeMetadata": true
    }
  }
}

[90mstdout[2m | tests/unit/file-store.test.ts[2m > [22m[2mFileSessionStore[2m > [22m[2mdeleteSession[2m > [22m[2mshould return false for non-existent session[22m[39m
[2025-11-19T03:55:22.387Z] INFO: FileSessionStore closed

[90mstdout[2m | tests/unit/file-store.test.ts[2m > [22m[2mFileSessionStore[2m > [22m[2mdeleteSession[2m > [22m[2mshould update metadata index after deletion[22m[39m
[2025-11-19T03:55:22.442Z] INFO: FileSessionStore initialized
  Context: {
  "baseDir": "C:\\Users\\danie\\AppData\\Local\\Temp\\deepthinking-test-e4053ada-2072-489c-9765-a2b4eb1fe4ab",
  "config": {
    "autoSave": true,
    "autoSaveDelay": 1000,
    "enableCompression": false,
    "maxSessions": 1000,
    "maxSessionAge": 2592000000,
    "enableEncryption": false,
    "serialization": {
      "prettyPrint": false,
      "includeMetadata": true
    }
  }
}

[90mstdout[2m | tests/unit/file-store.test.ts[2m > [22m[2mFileSessionStore[2m > [22m[2mdeleteSession[2m > [22m[2mshould update metadata index after deletion[22m[39m
[2025-11-19T03:55:22.509Z] INFO: Session deleted
  Context: {
  "sessionId": "7b2d0908-d8f0-4f0b-a7e9-15d3e9850e27"
}
[2025-11-19T03:55:22.511Z] INFO: FileSessionStore closed

[90mstdout[2m | tests/unit/file-store.test.ts[2m > [22m[2mFileSessionStore[2m > [22m[2mlistSessions[2m > [22m[2mshould list all sessions[22m[39m
[2025-11-19T03:55:22.674Z] INFO: FileSessionStore initialized
  Context: {
  "baseDir": "C:\\Users\\danie\\AppData\\Local\\Temp\\deepthinking-test-64e35ab2-7438-4b83-8a7c-59a963d76168",
  "config": {
    "autoSave": true,
    "autoSaveDelay": 1000,
    "enableCompression": false,
    "maxSessions": 1000,
    "maxSessionAge": 2592000000,
    "enableEncryption": false,
    "serialization": {
      "prettyPrint": false,
      "includeMetadata": true
    }
  }
}

[90mstdout[2m | tests/unit/file-store.test.ts[2m > [22m[2mFileSessionStore[2m > [22m[2mlistSessions[2m > [22m[2mshould list all sessions[22m[39m
[2025-11-19T03:55:23.091Z] INFO: FileSessionStore closed

[90mstdout[2m | tests/unit/file-store.test.ts[2m > [22m[2mFileSessionStore[2m > [22m[2mlistSessions[2m > [22m[2mshould return empty array when no sessions exist[22m[39m
[2025-11-19T03:55:23.146Z] INFO: FileSessionStore initialized
  Context: {
  "baseDir": "C:\\Users\\danie\\AppData\\Local\\Temp\\deepthinking-test-2a7b026d-9709-485d-904d-95d4e8da5588",
  "config": {
    "autoSave": true,
    "autoSaveDelay": 1000,
    "enableCompression": false,
    "maxSessions": 1000,
    "maxSessionAge": 2592000000,
    "enableEncryption": false,
    "serialization": {
      "prettyPrint": false,
      "includeMetadata": true
    }
  }
}
[2025-11-19T03:55:23.147Z] INFO: FileSessionStore closed

[90mstdout[2m | tests/unit/file-store.test.ts[2m > [22m[2mFileSessionStore[2m > [22m[2mlistSessions[2m > [22m[2mshould include correct metadata fields[22m[39m
[2025-11-19T03:55:23.167Z] INFO: FileSessionStore initialized
  Context: {
  "baseDir": "C:\\Users\\danie\\AppData\\Local\\Temp\\deepthinking-test-34834668-5908-47b8-8fe8-711c8c11c15e",
  "config": {
    "autoSave": true,
    "autoSaveDelay": 1000,
    "enableCompression": false,
    "maxSessions": 1000,
    "maxSessionAge": 2592000000,
    "enableEncryption": false,
    "serialization": {
      "prettyPrint": false,
      "includeMetadata": true
    }
  }
}

[90mstdout[2m | tests/unit/file-store.test.ts[2m > [22m[2mFileSessionStore[2m > [22m[2mlistSessions[2m > [22m[2mshould include correct metadata fields[22m[39m
[2025-11-19T03:55:23.187Z] INFO: FileSessionStore closed

[90mstdout[2m | tests/unit/file-store.test.ts[2m > [22m[2mFileSessionStore[2m > [22m[2mexists[2m > [22m[2mshould return true for existing session[22m[39m
[2025-11-19T03:55:23.247Z] INFO: FileSessionStore initialized
  Context: {
  "baseDir": "C:\\Users\\danie\\AppData\\Local\\Temp\\deepthinking-test-300e87c0-4593-44ff-b65e-111f92baf80a",
  "config": {
    "autoSave": true,
    "autoSaveDelay": 1000,
    "enableCompression": false,
    "maxSessions": 1000,
    "maxSessionAge": 2592000000,
    "enableEncryption": false,
    "serialization": {
      "prettyPrint": false,
      "includeMetadata": true
    }
  }
}

[90mstdout[2m | tests/unit/file-store.test.ts[2m > [22m[2mFileSessionStore[2m > [22m[2mexists[2m > [22m[2mshould return true for existing session[22m[39m
[2025-11-19T03:55:23.281Z] INFO: FileSessionStore closed

[90mstdout[2m | tests/unit/file-store.test.ts[2m > [22m[2mFileSessionStore[2m > [22m[2mexists[2m > [22m[2mshould return false for non-existent session[22m[39m
[2025-11-19T03:55:23.337Z] INFO: FileSessionStore initialized
  Context: {
  "baseDir": "C:\\Users\\danie\\AppData\\Local\\Temp\\deepthinking-test-34329fbb-4fbf-49a4-8f2b-c74817bca59a",
  "config": {
    "autoSave": true,
    "autoSaveDelay": 1000,
    "enableCompression": false,
    "maxSessions": 1000,
    "maxSessionAge": 2592000000,
    "enableEncryption": false,
    "serialization": {
      "prettyPrint": false,
      "includeMetadata": true
    }
  }
}
[2025-11-19T03:55:23.339Z] INFO: FileSessionStore closed

[90mstdout[2m | tests/unit/file-store.test.ts[2m > [22m[2mFileSessionStore[2m > [22m[2mgetStats[2m > [22m[2mshould return storage statistics[22m[39m
[2025-11-19T03:55:23.403Z] INFO: FileSessionStore initialized
  Context: {
  "baseDir": "C:\\Users\\danie\\AppData\\Local\\Temp\\deepthinking-test-0e0cb379-0a03-4832-9eb2-686052d83c9a",
  "config": {
    "autoSave": true,
    "autoSaveDelay": 1000,
    "enableCompression": false,
    "maxSessions": 1000,
    "maxSessionAge": 2592000000,
    "enableEncryption": false,
    "serialization": {
      "prettyPrint": false,
      "includeMetadata": true
    }
  }
}

[90mstdout[2m | tests/unit/file-store.test.ts[2m > [22m[2mFileSessionStore[2m > [22m[2mgetStats[2m > [22m[2mshould return storage statistics[22m[39m
[2025-11-19T03:55:23.485Z] INFO: FileSessionStore closed

[90mstdout[2m | tests/unit/file-store.test.ts[2m > [22m[2mFileSessionStore[2m > [22m[2mgetStats[2m > [22m[2mshould calculate total thoughts correctly[22m[39m
[2025-11-19T03:55:23.534Z] INFO: FileSessionStore initialized
  Context: {
  "baseDir": "C:\\Users\\danie\\AppData\\Local\\Temp\\deepthinking-test-5438307b-c94d-46cb-b689-4c3f7a99a215",
  "config": {
    "autoSave": true,
    "autoSaveDelay": 1000,
    "enableCompression": false,
    "maxSessions": 1000,
    "maxSessionAge": 2592000000,
    "enableEncryption": false,
    "serialization": {
      "prettyPrint": false,
      "includeMetadata": true
    }
  }
}

[90mstdout[2m | tests/unit/file-store.test.ts[2m > [22m[2mFileSessionStore[2m > [22m[2mgetStats[2m > [22m[2mshould calculate total thoughts correctly[22m[39m
[2025-11-19T03:55:23.576Z] INFO: FileSessionStore closed

[90mstdout[2m | tests/unit/file-store.test.ts[2m > [22m[2mFileSessionStore[2m > [22m[2mgetStats[2m > [22m[2mshould identify storage health status[22m[39m
[2025-11-19T03:55:23.631Z] INFO: FileSessionStore initialized
  Context: {
  "baseDir": "C:\\Users\\danie\\AppData\\Local\\Temp\\deepthinking-test-3b7088c0-66ed-4969-8252-fb9d2653bf80",
  "config": {
    "autoSave": true,
    "autoSaveDelay": 1000,
    "enableCompression": false,
    "maxSessions": 1000,
    "maxSessionAge": 2592000000,
    "enableEncryption": false,
    "serialization": {
      "prettyPrint": false,
      "includeMetadata": true
    }
  }
}

[90mstdout[2m | tests/unit/file-store.test.ts[2m > [22m[2mFileSessionStore[2m > [22m[2mgetStats[2m > [22m[2mshould identify storage health status[22m[39m
[2025-11-19T03:55:23.645Z] INFO: FileSessionStore initialized
  Context: {
  "baseDir": "C:\\Users\\danie\\AppData\\Local\\Temp\\deepthinking-test-3b7088c0-66ed-4969-8252-fb9d2653bf80",
  "config": {
    "autoSave": true,
    "autoSaveDelay": 1000,
    "enableCompression": false,
    "maxSessions": 10,
    "maxSessionAge": 2592000000,
    "enableEncryption": false,
    "serialization": {
      "prettyPrint": false,
      "includeMetadata": true
    }
  }
}

[90mstdout[2m | tests/unit/file-store.test.ts[2m > [22m[2mFileSessionStore[2m > [22m[2mgetStats[2m > [22m[2mshould identify storage health status[22m[39m
[2025-11-19T03:55:23.849Z] INFO: FileSessionStore closed
[2025-11-19T03:55:23.849Z] INFO: FileSessionStore closed

[90mstdout[2m | tests/unit/file-store.test.ts[2m > [22m[2mFileSessionStore[2m > [22m[2mcleanup[2m > [22m[2mshould clean up old sessions[22m[39m
[2025-11-19T03:55:24.593Z] INFO: FileSessionStore initialized
  Context: {
  "baseDir": "C:\\Users\\danie\\AppData\\Local\\Temp\\deepthinking-test-818bd7cc-6fa6-4101-84c7-fb873954ade8",
  "config": {
    "autoSave": true,
    "autoSaveDelay": 1000,
    "enableCompression": false,
    "maxSessions": 1000,
    "maxSessionAge": 2592000000,
    "enableEncryption": false,
    "serialization": {
      "prettyPrint": false,
      "includeMetadata": true
    }
  }
}

[90mstdout[2m | tests/unit/file-store.test.ts[2m > [22m[2mFileSessionStore[2m > [22m[2mcleanup[2m > [22m[2mshould clean up old sessions[22m[39m
[2025-11-19T03:55:24.608Z] INFO: Session deleted
  Context: {
  "sessionId": "3d5dd85a-610d-4bc3-a4e6-7c45cd7d1909"
}
[2025-11-19T03:55:24.608Z] INFO: Cleanup completed
  Context: {
  "cleanedCount": 1,
  "maxAgeMs": 604800000,
  "remaining": 1
}
[2025-11-19T03:55:24.609Z] INFO: FileSessionStore closed

[90mstdout[2m | tests/unit/file-store.test.ts[2m > [22m[2mFileSessionStore[2m > [22m[2mcleanup[2m > [22m[2mshould return 0 when no sessions need cleanup[22m[39m
[2025-11-19T03:55:24.619Z] INFO: FileSessionStore initialized
  Context: {
  "baseDir": "C:\\Users\\danie\\AppData\\Local\\Temp\\deepthinking-test-83d1111c-b4e3-40bb-a0d5-003b6caa6145",
  "config": {
    "autoSave": true,
    "autoSaveDelay": 1000,
    "enableCompression": false,
    "maxSessions": 1000,
    "maxSessionAge": 2592000000,
    "enableEncryption": false,
    "serialization": {
      "prettyPrint": false,
      "includeMetadata": true
    }
  }
}

[90mstdout[2m | tests/unit/file-store.test.ts[2m > [22m[2mFileSessionStore[2m > [22m[2mcleanup[2m > [22m[2mshould return 0 when no sessions need cleanup[22m[39m
[2025-11-19T03:55:24.632Z] INFO: FileSessionStore closed

[90mstdout[2m | tests/unit/file-store.test.ts[2m > [22m[2mFileSessionStore[2m > [22m[2mconcurrent operations[2m > [22m[2mshould handle concurrent saves[22m[39m
[2025-11-19T03:55:24.645Z] INFO: FileSessionStore initialized
  Context: {
  "baseDir": "C:\\Users\\danie\\AppData\\Local\\Temp\\deepthinking-test-eb05ff93-cccf-4474-9ec2-793ba7528f0a",
  "config": {
    "autoSave": true,
    "autoSaveDelay": 1000,
    "enableCompression": false,
    "maxSessions": 1000,
    "maxSessionAge": 2592000000,
    "enableEncryption": false,
    "serialization": {
      "prettyPrint": false,
      "includeMetadata": true
    }
  }
}

[90mstdout[2m | tests/unit/file-store.test.ts[2m > [22m[2mFileSessionStore[2m > [22m[2mconcurrent operations[2m > [22m[2mshould handle concurrent saves[22m[39m
[2025-11-19T03:55:24.966Z] INFO: FileSessionStore closed

[90mstdout[2m | tests/unit/file-store.test.ts[2m > [22m[2mFileSessionStore[2m > [22m[2mconcurrent operations[2m > [22m[2mshould handle concurrent reads[22m[39m
[2025-11-19T03:55:25.073Z] INFO: FileSessionStore initialized
  Context: {
  "baseDir": "C:\\Users\\danie\\AppData\\Local\\Temp\\deepthinking-test-9cffc50d-8ab1-4dbd-81d6-4e23171fd1c6",
  "config": {
    "autoSave": true,
    "autoSaveDelay": 1000,
    "enableCompression": false,
    "maxSessions": 1000,
    "maxSessionAge": 2592000000,
    "enableEncryption": false,
    "serialization": {
      "prettyPrint": false,
      "includeMetadata": true
    }
  }
}

[90mstdout[2m | tests/unit/file-store.test.ts[2m > [22m[2mFileSessionStore[2m > [22m[2mconcurrent operations[2m > [22m[2mshould handle concurrent reads[22m[39m
[2025-11-19T03:55:25.093Z] INFO: FileSessionStore closed

[90mstdout[2m | tests/unit/file-store.test.ts[2m > [22m[2mFileSessionStore[2m > [22m[2merror handling[2m > [22m[2mshould handle invalid session data gracefully[22m[39m
[2025-11-19T03:55:25.114Z] INFO: FileSessionStore initialized
  Context: {
  "baseDir": "C:\\Users\\danie\\AppData\\Local\\Temp\\deepthinking-test-02a14ee2-0552-4a75-9654-2d2c5085ea17",
  "config": {
    "autoSave": true,
    "autoSaveDelay": 1000,
    "enableCompression": false,
    "maxSessions": 1000,
    "maxSessionAge": 2592000000,
    "enableEncryption": false,
    "serialization": {
      "prettyPrint": false,
      "includeMetadata": true
    }
  }
}

[90mstderr[2m | tests/unit/file-store.test.ts[2m > [22m[2mFileSessionStore[2m > [22m[2merror handling[2m > [22m[2mshould handle invalid session data gracefully[22m[39m
[2025-11-19T03:55:25.125Z] ERROR: Failed to load session
  Error: undefined

[90mstdout[2m | tests/unit/file-store.test.ts[2m > [22m[2mFileSessionStore[2m > [22m[2merror handling[2m > [22m[2mshould handle invalid session data gracefully[22m[39m
[2025-11-19T03:55:25.126Z] INFO: FileSessionStore closed

[90mstdout[2m | tests/unit/file-store.test.ts[2m > [22m[2mFileSessionStore[2m > [22m[2merror handling[2m > [22m[2mshould handle operations before initialization[22m[39m
[2025-11-19T03:55:25.145Z] INFO: FileSessionStore initialized
  Context: {
  "baseDir": "C:\\Users\\danie\\AppData\\Local\\Temp\\deepthinking-test-e39ecc5a-bc0a-4b80-a79d-1962ae4d9992",
  "config": {
    "autoSave": true,
    "autoSaveDelay": 1000,
    "enableCompression": false,
    "maxSessions": 1000,
    "maxSessionAge": 2592000000,
    "enableEncryption": false,
    "serialization": {
      "prettyPrint": false,
      "includeMetadata": true
    }
  }
}

[90mstdout[2m | tests/unit/file-store.test.ts[2m > [22m[2mFileSessionStore[2m > [22m[2merror handling[2m > [22m[2mshould handle operations before initialization[22m[39m
[2025-11-19T03:55:25.163Z] INFO: FileSessionStore initialized
  Context: {
  "baseDir": "C:\\Users\\danie\\AppData\\Local\\Temp\\deepthinking-test-e39ecc5a-bc0a-4b80-a79d-1962ae4d9992",
  "config": {
    "autoSave": true,
    "autoSaveDelay": 1000,
    "enableCompression": false,
    "maxSessions": 1000,
    "maxSessionAge": 2592000000,
    "enableEncryption": false,
    "serialization": {
      "prettyPrint": false,
      "includeMetadata": true
    }
  }
}

[90mstdout[2m | tests/unit/file-store.test.ts[2m > [22m[2mFileSessionStore[2m > [22m[2merror handling[2m > [22m[2mshould handle operations before initialization[22m[39m
[2025-11-19T03:55:25.174Z] INFO: FileSessionStore closed
[2025-11-19T03:55:25.175Z] INFO: FileSessionStore closed

 [32m✓[39m tests/unit/file-store.test.ts [2m ([22m[2m27 tests[22m[2m)[22m[33m 4272[2mms[22m[39m

[2m Test Files [22m [1m[32m1 passed[39m[22m[90m (1)[39m
[2m      Tests [22m [1m[32m27 passed[39m[22m[90m (27)[39m
[2m   Start at [22m 22:55:17
[2m   Duration [22m 5.18s


[1m[7m[32m PASS [39m[27m[22m[32m Waiting for file changes...[39m
       [2mpress [22m[1mh[22m[2m to show help[22m[2m, [22m[2mpress [22m[1mq[22m[2m to quit[22m
       [34mrerun x9[39m
[2K[1A[2K[G       [90mrerun x9[39m
[2K[1A[2K[G       [2m[90mrerun x9[39m[22m
[2K[1A[2K[G[3Jc
[7m[1m[34m RERUN [39m[22m[27m[2m src/session/storage/file-store.ts[22m [34mx10[39m

[90mstdout[2m | tests/unit/file-store.test.ts[2m > [22m[2mFileSessionStore[2m > [22m[2minitialization[2m > [22m[2mshould create necessary directories[22m[39m
[2025-11-19T03:55:50.091Z] INFO: FileSessionStore initialized
  Context: {
  "baseDir": "C:\\Users\\danie\\AppData\\Local\\Temp\\deepthinking-test-aad462ae-bef7-47b9-83f8-adc18dddcb7f",
  "config": {
    "autoSave": true,
    "autoSaveDelay": 1000,
    "enableCompression": false,
    "maxSessions": 1000,
    "maxSessionAge": 2592000000,
    "enableEncryption": false,
    "serialization": {
      "prettyPrint": false,
      "includeMetadata": true
    }
  }
}

[90mstdout[2m | tests/unit/file-store.test.ts[2m > [22m[2mFileSessionStore[2m > [22m[2minitialization[2m > [22m[2mshould create necessary directories[22m[39m
[2025-11-19T03:55:50.103Z] INFO: FileSessionStore closed

[90mstdout[2m | tests/unit/file-store.test.ts[2m > [22m[2mFileSessionStore[2m > [22m[2minitialization[2m > [22m[2mshould handle multiple initialization calls[22m[39m
[2025-11-19T03:55:50.272Z] INFO: FileSessionStore initialized
  Context: {
  "baseDir": "C:\\Users\\danie\\AppData\\Local\\Temp\\deepthinking-test-06996452-b998-49a1-a7a9-95c1cac890c7",
  "config": {
    "autoSave": true,
    "autoSaveDelay": 1000,
    "enableCompression": false,
    "maxSessions": 1000,
    "maxSessionAge": 2592000000,
    "enableEncryption": false,
    "serialization": {
      "prettyPrint": false,
      "includeMetadata": true
    }
  }
}
[2025-11-19T03:55:50.279Z] INFO: FileSessionStore closed

[90mstdout[2m | tests/unit/file-store.test.ts[2m > [22m[2mFileSessionStore[2m > [22m[2msaveSession[2m > [22m[2mshould save a session to disk[22m[39m
[2025-11-19T03:55:50.579Z] INFO: FileSessionStore initialized
  Context: {
  "baseDir": "C:\\Users\\danie\\AppData\\Local\\Temp\\deepthinking-test-abda88bd-0395-4e53-b4a3-e4f3d03a705c",
  "config": {
    "autoSave": true,
    "autoSaveDelay": 1000,
    "enableCompression": false,
    "maxSessions": 1000,
    "maxSessionAge": 2592000000,
    "enableEncryption": false,
    "serialization": {
      "prettyPrint": false,
      "includeMetadata": true
    }
  }
}

[90mstdout[2m | tests/unit/file-store.test.ts[2m > [22m[2mFileSessionStore[2m > [22m[2msaveSession[2m > [22m[2mshould save a session to disk[22m[39m
[2025-11-19T03:55:50.991Z] INFO: FileSessionStore closed

[90mstdout[2m | tests/unit/file-store.test.ts[2m > [22m[2mFileSessionStore[2m > [22m[2msaveSession[2m > [22m[2mshould save session with correct content[22m[39m
[2025-11-19T03:55:51.374Z] INFO: FileSessionStore initialized
  Context: {
  "baseDir": "C:\\Users\\danie\\AppData\\Local\\Temp\\deepthinking-test-740f5979-bf37-4de0-b594-69523c8c6c2e",
  "config": {
    "autoSave": true,
    "autoSaveDelay": 1000,
    "enableCompression": false,
    "maxSessions": 1000,
    "maxSessionAge": 2592000000,
    "enableEncryption": false,
    "serialization": {
      "prettyPrint": false,
      "includeMetadata": true
    }
  }
}

[90mstdout[2m | tests/unit/file-store.test.ts[2m > [22m[2mFileSessionStore[2m > [22m[2msaveSession[2m > [22m[2mshould save session with correct content[22m[39m
[2025-11-19T03:55:51.509Z] INFO: FileSessionStore closed

[90mstdout[2m | tests/unit/file-store.test.ts[2m > [22m[2mFileSessionStore[2m > [22m[2msaveSession[2m > [22m[2mshould update metadata index[22m[39m
[2025-11-19T03:55:52.045Z] INFO: FileSessionStore initialized
  Context: {
  "baseDir": "C:\\Users\\danie\\AppData\\Local\\Temp\\deepthinking-test-330f212a-b323-4ce4-9046-867015e1ab24",
  "config": {
    "autoSave": true,
    "autoSaveDelay": 1000,
    "enableCompression": false,
    "maxSessions": 1000,
    "maxSessionAge": 2592000000,
    "enableEncryption": false,
    "serialization": {
      "prettyPrint": false,
      "includeMetadata": true
    }
  }
}

[90mstdout[2m | tests/unit/file-store.test.ts[2m > [22m[2mFileSessionStore[2m > [22m[2msaveSession[2m > [22m[2mshould update metadata index[22m[39m
[2025-11-19T03:55:52.092Z] INFO: FileSessionStore closed

[90mstdout[2m | tests/unit/file-store.test.ts[2m > [22m[2mFileSessionStore[2m > [22m[2msaveSession[2m > [22m[2mshould overwrite existing session[22m[39m
[2025-11-19T03:55:52.145Z] INFO: FileSessionStore initialized
  Context: {
  "baseDir": "C:\\Users\\danie\\AppData\\Local\\Temp\\deepthinking-test-51c87733-1013-4068-bd12-e4f0dfebf12a",
  "config": {
    "autoSave": true,
    "autoSaveDelay": 1000,
    "enableCompression": false,
    "maxSessions": 1000,
    "maxSessionAge": 2592000000,
    "enableEncryption": false,
    "serialization": {
      "prettyPrint": false,
      "includeMetadata": true
    }
  }
}

[90mstdout[2m | tests/unit/file-store.test.ts[2m > [22m[2mFileSessionStore[2m > [22m[2msaveSession[2m > [22m[2mshould overwrite existing session[22m[39m
[2025-11-19T03:55:52.179Z] INFO: FileSessionStore closed

[90mstdout[2m | tests/unit/file-store.test.ts[2m > [22m[2mFileSessionStore[2m > [22m[2mloadSession[2m > [22m[2mshould load an existing session[22m[39m
[2025-11-19T03:55:52.258Z] INFO: FileSessionStore initialized
  Context: {
  "baseDir": "C:\\Users\\danie\\AppData\\Local\\Temp\\deepthinking-test-ccc9d387-9aec-474a-9abc-18004ea800e2",
  "config": {
    "autoSave": true,
    "autoSaveDelay": 1000,
    "enableCompression": false,
    "maxSessions": 1000,
    "maxSessionAge": 2592000000,
    "enableEncryption": false,
    "serialization": {
      "prettyPrint": false,
      "includeMetadata": true
    }
  }
}

[90mstdout[2m | tests/unit/file-store.test.ts[2m > [22m[2mFileSessionStore[2m > [22m[2mloadSession[2m > [22m[2mshould load an existing session[22m[39m
[2025-11-19T03:55:52.308Z] INFO: FileSessionStore closed

[90mstdout[2m | tests/unit/file-store.test.ts[2m > [22m[2mFileSessionStore[2m > [22m[2mloadSession[2m > [22m[2mshould return null for non-existent session[22m[39m
[2025-11-19T03:55:52.331Z] INFO: FileSessionStore initialized
  Context: {
  "baseDir": "C:\\Users\\danie\\AppData\\Local\\Temp\\deepthinking-test-6b9e1780-6217-4824-8c3c-f947dbb98d16",
  "config": {
    "autoSave": true,
    "autoSaveDelay": 1000,
    "enableCompression": false,
    "maxSessions": 1000,
    "maxSessionAge": 2592000000,
    "enableEncryption": false,
    "serialization": {
      "prettyPrint": false,
      "includeMetadata": true
    }
  }
}

[90mstdout[2m | tests/unit/file-store.test.ts[2m > [22m[2mFileSessionStore[2m > [22m[2mloadSession[2m > [22m[2mshould return null for non-existent session[22m[39m
[2025-11-19T03:55:52.336Z] INFO: FileSessionStore closed

[90mstdout[2m | tests/unit/file-store.test.ts[2m > [22m[2mFileSessionStore[2m > [22m[2mloadSession[2m > [22m[2mshould preserve Date objects[22m[39m
[2025-11-19T03:55:52.360Z] INFO: FileSessionStore initialized
  Context: {
  "baseDir": "C:\\Users\\danie\\AppData\\Local\\Temp\\deepthinking-test-23c8a632-6180-454e-9a0b-302b882fcd59",
  "config": {
    "autoSave": true,
    "autoSaveDelay": 1000,
    "enableCompression": false,
    "maxSessions": 1000,
    "maxSessionAge": 2592000000,
    "enableEncryption": false,
    "serialization": {
      "prettyPrint": false,
      "includeMetadata": true
    }
  }
}

[90mstdout[2m | tests/unit/file-store.test.ts[2m > [22m[2mFileSessionStore[2m > [22m[2mloadSession[2m > [22m[2mshould preserve Date objects[22m[39m
[2025-11-19T03:55:52.404Z] INFO: FileSessionStore closed

[90mstdout[2m | tests/unit/file-store.test.ts[2m > [22m[2mFileSessionStore[2m > [22m[2mloadSession[2m > [22m[2mshould preserve Map objects[22m[39m
[2025-11-19T03:55:52.591Z] INFO: FileSessionStore initialized
  Context: {
  "baseDir": "C:\\Users\\danie\\AppData\\Local\\Temp\\deepthinking-test-01c18e4b-dc23-46ad-96aa-a671b87b2576",
  "config": {
    "autoSave": true,
    "autoSaveDelay": 1000,
    "enableCompression": false,
    "maxSessions": 1000,
    "maxSessionAge": 2592000000,
    "enableEncryption": false,
    "serialization": {
      "prettyPrint": false,
      "includeMetadata": true
    }
  }
}

[90mstdout[2m | tests/unit/file-store.test.ts[2m > [22m[2mFileSessionStore[2m > [22m[2mloadSession[2m > [22m[2mshould preserve Map objects[22m[39m
[2025-11-19T03:55:52.639Z] INFO: FileSessionStore closed

[90mstdout[2m | tests/unit/file-store.test.ts[2m > [22m[2mFileSessionStore[2m > [22m[2mdeleteSession[2m > [22m[2mshould delete an existing session[22m[39m
[2025-11-19T03:55:52.671Z] INFO: FileSessionStore initialized
  Context: {
  "baseDir": "C:\\Users\\danie\\AppData\\Local\\Temp\\deepthinking-test-a496099b-e884-46e7-a2ca-46c10e13bbbb",
  "config": {
    "autoSave": true,
    "autoSaveDelay": 1000,
    "enableCompression": false,
    "maxSessions": 1000,
    "maxSessionAge": 2592000000,
    "enableEncryption": false,
    "serialization": {
      "prettyPrint": false,
      "includeMetadata": true
    }
  }
}

[90mstdout[2m | tests/unit/file-store.test.ts[2m > [22m[2mFileSessionStore[2m > [22m[2mdeleteSession[2m > [22m[2mshould delete an existing session[22m[39m
[2025-11-19T03:55:52.707Z] INFO: Session deleted
  Context: {
  "sessionId": "dc1a26c6-cb7f-4dda-9a7d-11fc7842e462"
}

[90mstdout[2m | tests/unit/file-store.test.ts[2m > [22m[2mFileSessionStore[2m > [22m[2mdeleteSession[2m > [22m[2mshould delete an existing session[22m[39m
[2025-11-19T03:55:52.714Z] INFO: FileSessionStore closed

[90mstdout[2m | tests/unit/file-store.test.ts[2m > [22m[2mFileSessionStore[2m > [22m[2mdeleteSession[2m > [22m[2mshould return false for non-existent session[22m[39m
[2025-11-19T03:55:52.753Z] INFO: FileSessionStore initialized
  Context: {
  "baseDir": "C:\\Users\\danie\\AppData\\Local\\Temp\\deepthinking-test-4e6aeb5c-d14d-4cf8-90bc-3ca6fc4743fc",
  "config": {
    "autoSave": true,
    "autoSaveDelay": 1000,
    "enableCompression": false,
    "maxSessions": 1000,
    "maxSessionAge": 2592000000,
    "enableEncryption": false,
    "serialization": {
      "prettyPrint": false,
      "includeMetadata": true
    }
  }
}

[90mstdout[2m | tests/unit/file-store.test.ts[2m > [22m[2mFileSessionStore[2m > [22m[2mdeleteSession[2m > [22m[2mshould return false for non-existent session[22m[39m
[2025-11-19T03:55:52.756Z] INFO: FileSessionStore closed

[90mstdout[2m | tests/unit/file-store.test.ts[2m > [22m[2mFileSessionStore[2m > [22m[2mdeleteSession[2m > [22m[2mshould update metadata index after deletion[22m[39m
[2025-11-19T03:55:52.819Z] INFO: FileSessionStore initialized
  Context: {
  "baseDir": "C:\\Users\\danie\\AppData\\Local\\Temp\\deepthinking-test-61d1c630-ce18-4d83-82eb-d68c3e24fbf9",
  "config": {
    "autoSave": true,
    "autoSaveDelay": 1000,
    "enableCompression": false,
    "maxSessions": 1000,
    "maxSessionAge": 2592000000,
    "enableEncryption": false,
    "serialization": {
      "prettyPrint": false,
      "includeMetadata": true
    }
  }
}

[90mstdout[2m | tests/unit/file-store.test.ts[2m > [22m[2mFileSessionStore[2m > [22m[2mdeleteSession[2m > [22m[2mshould update metadata index after deletion[22m[39m
[2025-11-19T03:55:52.874Z] INFO: Session deleted
  Context: {
  "sessionId": "eae796ec-c470-4763-9418-7e6639a0bb32"
}
[2025-11-19T03:55:52.877Z] INFO: FileSessionStore closed

[90mstdout[2m | tests/unit/file-store.test.ts[2m > [22m[2mFileSessionStore[2m > [22m[2mlistSessions[2m > [22m[2mshould list all sessions[22m[39m
[2025-11-19T03:55:52.959Z] INFO: FileSessionStore initialized
  Context: {
  "baseDir": "C:\\Users\\danie\\AppData\\Local\\Temp\\deepthinking-test-572e09e2-9e23-42e0-b030-43fe4f709bdb",
  "config": {
    "autoSave": true,
    "autoSaveDelay": 1000,
    "enableCompression": false,
    "maxSessions": 1000,
    "maxSessionAge": 2592000000,
    "enableEncryption": false,
    "serialization": {
      "prettyPrint": false,
      "includeMetadata": true
    }
  }
}

[90mstdout[2m | tests/unit/file-store.test.ts[2m > [22m[2mFileSessionStore[2m > [22m[2mlistSessions[2m > [22m[2mshould list all sessions[22m[39m
[2025-11-19T03:55:53.001Z] INFO: FileSessionStore closed

[90mstdout[2m | tests/unit/file-store.test.ts[2m > [22m[2mFileSessionStore[2m > [22m[2mlistSessions[2m > [22m[2mshould return empty array when no sessions exist[22m[39m
[2025-11-19T03:55:53.017Z] INFO: FileSessionStore initialized
  Context: {
  "baseDir": "C:\\Users\\danie\\AppData\\Local\\Temp\\deepthinking-test-c0a866c6-dc51-477b-bd38-b37c35bfe412",
  "config": {
    "autoSave": true,
    "autoSaveDelay": 1000,
    "enableCompression": false,
    "maxSessions": 1000,
    "maxSessionAge": 2592000000,
    "enableEncryption": false,
    "serialization": {
      "prettyPrint": false,
      "includeMetadata": true
    }
  }
}
[2025-11-19T03:55:53.019Z] INFO: FileSessionStore closed

[90mstdout[2m | tests/unit/file-store.test.ts[2m > [22m[2mFileSessionStore[2m > [22m[2mlistSessions[2m > [22m[2mshould include correct metadata fields[22m[39m
[2025-11-19T03:55:53.051Z] INFO: FileSessionStore initialized
  Context: {
  "baseDir": "C:\\Users\\danie\\AppData\\Local\\Temp\\deepthinking-test-76710fb5-d88d-4687-be1d-c9dc12e12264",
  "config": {
    "autoSave": true,
    "autoSaveDelay": 1000,
    "enableCompression": false,
    "maxSessions": 1000,
    "maxSessionAge": 2592000000,
    "enableEncryption": false,
    "serialization": {
      "prettyPrint": false,
      "includeMetadata": true
    }
  }
}

[90mstdout[2m | tests/unit/file-store.test.ts[2m > [22m[2mFileSessionStore[2m > [22m[2mlistSessions[2m > [22m[2mshould include correct metadata fields[22m[39m
[2025-11-19T03:55:53.059Z] INFO: FileSessionStore closed

[90mstdout[2m | tests/unit/file-store.test.ts[2m > [22m[2mFileSessionStore[2m > [22m[2mexists[2m > [22m[2mshould return true for existing session[22m[39m
[2025-11-19T03:55:53.072Z] INFO: FileSessionStore initialized
  Context: {
  "baseDir": "C:\\Users\\danie\\AppData\\Local\\Temp\\deepthinking-test-84e6fc92-b0b4-4b03-9d95-7c603c92b906",
  "config": {
    "autoSave": true,
    "autoSaveDelay": 1000,
    "enableCompression": false,
    "maxSessions": 1000,
    "maxSessionAge": 2592000000,
    "enableEncryption": false,
    "serialization": {
      "prettyPrint": false,
      "includeMetadata": true
    }
  }
}

[90mstdout[2m | tests/unit/file-store.test.ts[2m > [22m[2mFileSessionStore[2m > [22m[2mexists[2m > [22m[2mshould return true for existing session[22m[39m
[2025-11-19T03:55:53.077Z] INFO: FileSessionStore closed

[90mstdout[2m | tests/unit/file-store.test.ts[2m > [22m[2mFileSessionStore[2m > [22m[2mexists[2m > [22m[2mshould return false for non-existent session[22m[39m
[2025-11-19T03:55:53.090Z] INFO: FileSessionStore initialized
  Context: {
  "baseDir": "C:\\Users\\danie\\AppData\\Local\\Temp\\deepthinking-test-414841af-7fb4-40b6-88da-691c326a3e51",
  "config": {
    "autoSave": true,
    "autoSaveDelay": 1000,
    "enableCompression": false,
    "maxSessions": 1000,
    "maxSessionAge": 2592000000,
    "enableEncryption": false,
    "serialization": {
      "prettyPrint": false,
      "includeMetadata": true
    }
  }
}
[2025-11-19T03:55:53.091Z] INFO: FileSessionStore closed

[90mstdout[2m | tests/unit/file-store.test.ts[2m > [22m[2mFileSessionStore[2m > [22m[2mgetStats[2m > [22m[2mshould return storage statistics[22m[39m
[2025-11-19T03:55:53.119Z] INFO: FileSessionStore initialized
  Context: {
  "baseDir": "C:\\Users\\danie\\AppData\\Local\\Temp\\deepthinking-test-5d3526ee-1ba6-4725-b19a-6a287f0f7be9",
  "config": {
    "autoSave": true,
    "autoSaveDelay": 1000,
    "enableCompression": false,
    "maxSessions": 1000,
    "maxSessionAge": 2592000000,
    "enableEncryption": false,
    "serialization": {
      "prettyPrint": false,
      "includeMetadata": true
    }
  }
}

[90mstdout[2m | tests/unit/file-store.test.ts[2m > [22m[2mFileSessionStore[2m > [22m[2mgetStats[2m > [22m[2mshould return storage statistics[22m[39m
[2025-11-19T03:55:53.142Z] INFO: FileSessionStore closed

[90mstdout[2m | tests/unit/file-store.test.ts[2m > [22m[2mFileSessionStore[2m > [22m[2mgetStats[2m > [22m[2mshould calculate total thoughts correctly[22m[39m
[2025-11-19T03:55:53.199Z] INFO: FileSessionStore initialized
  Context: {
  "baseDir": "C:\\Users\\danie\\AppData\\Local\\Temp\\deepthinking-test-6fad5d17-cf40-4471-9e46-da2ccd802a0b",
  "config": {
    "autoSave": true,
    "autoSaveDelay": 1000,
    "enableCompression": false,
    "maxSessions": 1000,
    "maxSessionAge": 2592000000,
    "enableEncryption": false,
    "serialization": {
      "prettyPrint": false,
      "includeMetadata": true
    }
  }
}

[90mstdout[2m | tests/unit/file-store.test.ts[2m > [22m[2mFileSessionStore[2m > [22m[2mgetStats[2m > [22m[2mshould calculate total thoughts correctly[22m[39m
[2025-11-19T03:55:53.505Z] INFO: FileSessionStore closed

[90mstdout[2m | tests/unit/file-store.test.ts[2m > [22m[2mFileSessionStore[2m > [22m[2mgetStats[2m > [22m[2mshould identify storage health status[22m[39m
[2025-11-19T03:55:53.625Z] INFO: FileSessionStore initialized
  Context: {
  "baseDir": "C:\\Users\\danie\\AppData\\Local\\Temp\\deepthinking-test-e4bc8554-9b7e-440e-bde5-bbf15d60ed9f",
  "config": {
    "autoSave": true,
    "autoSaveDelay": 1000,
    "enableCompression": false,
    "maxSessions": 1000,
    "maxSessionAge": 2592000000,
    "enableEncryption": false,
    "serialization": {
      "prettyPrint": false,
      "includeMetadata": true
    }
  }
}

[90mstdout[2m | tests/unit/file-store.test.ts[2m > [22m[2mFileSessionStore[2m > [22m[2mgetStats[2m > [22m[2mshould identify storage health status[22m[39m
[2025-11-19T03:55:53.662Z] INFO: FileSessionStore initialized
  Context: {
  "baseDir": "C:\\Users\\danie\\AppData\\Local\\Temp\\deepthinking-test-e4bc8554-9b7e-440e-bde5-bbf15d60ed9f",
  "config": {
    "autoSave": true,
    "autoSaveDelay": 1000,
    "enableCompression": false,
    "maxSessions": 10,
    "maxSessionAge": 2592000000,
    "enableEncryption": false,
    "serialization": {
      "prettyPrint": false,
      "includeMetadata": true
    }
  }
}

[90mstdout[2m | tests/unit/file-store.test.ts[2m > [22m[2mFileSessionStore[2m > [22m[2mgetStats[2m > [22m[2mshould identify storage health status[22m[39m
[2025-11-19T03:55:53.808Z] INFO: FileSessionStore closed
[2025-11-19T03:55:53.809Z] INFO: FileSessionStore closed

[90mstdout[2m | tests/unit/file-store.test.ts[2m > [22m[2mFileSessionStore[2m > [22m[2mcleanup[2m > [22m[2mshould clean up old sessions[22m[39m
[2025-11-19T03:55:53.873Z] INFO: FileSessionStore initialized
  Context: {
  "baseDir": "C:\\Users\\danie\\AppData\\Local\\Temp\\deepthinking-test-29932485-e2be-49e8-947d-d6d77e13ca10",
  "config": {
    "autoSave": true,
    "autoSaveDelay": 1000,
    "enableCompression": false,
    "maxSessions": 1000,
    "maxSessionAge": 2592000000,
    "enableEncryption": false,
    "serialization": {
      "prettyPrint": false,
      "includeMetadata": true
    }
  }
}

[90mstdout[2m | tests/unit/file-store.test.ts[2m > [22m[2mFileSessionStore[2m > [22m[2mcleanup[2m > [22m[2mshould clean up old sessions[22m[39m
[2025-11-19T03:55:53.961Z] INFO: Session deleted
  Context: {
  "sessionId": "61eb79c3-991b-4b97-aa1d-46adc9ad4b3e"
}
[2025-11-19T03:55:53.962Z] INFO: Cleanup completed
  Context: {
  "cleanedCount": 1,
  "maxAgeMs": 604800000,
  "remaining": 1
}
[2025-11-19T03:55:53.966Z] INFO: FileSessionStore closed

[90mstdout[2m | tests/unit/file-store.test.ts[2m > [22m[2mFileSessionStore[2m > [22m[2mcleanup[2m > [22m[2mshould return 0 when no sessions need cleanup[22m[39m
[2025-11-19T03:55:53.996Z] INFO: FileSessionStore initialized
  Context: {
  "baseDir": "C:\\Users\\danie\\AppData\\Local\\Temp\\deepthinking-test-011ff8b3-3b7f-4f4b-9e31-8bdd0ae2a319",
  "config": {
    "autoSave": true,
    "autoSaveDelay": 1000,
    "enableCompression": false,
    "maxSessions": 1000,
    "maxSessionAge": 2592000000,
    "enableEncryption": false,
    "serialization": {
      "prettyPrint": false,
      "includeMetadata": true
    }
  }
}

[90mstdout[2m | tests/unit/file-store.test.ts[2m > [22m[2mFileSessionStore[2m > [22m[2mcleanup[2m > [22m[2mshould return 0 when no sessions need cleanup[22m[39m
[2025-11-19T03:55:54.043Z] INFO: FileSessionStore closed

[90mstdout[2m | tests/unit/file-store.test.ts[2m > [22m[2mFileSessionStore[2m > [22m[2mconcurrent operations[2m > [22m[2mshould handle concurrent saves[22m[39m
[2025-11-19T03:55:54.096Z] INFO: FileSessionStore initialized
  Context: {
  "baseDir": "C:\\Users\\danie\\AppData\\Local\\Temp\\deepthinking-test-e25a623b-a4bf-456e-a1e1-3c599d0efc8f",
  "config": {
    "autoSave": true,
    "autoSaveDelay": 1000,
    "enableCompression": false,
    "maxSessions": 1000,
    "maxSessionAge": 2592000000,
    "enableEncryption": false,
    "serialization": {
      "prettyPrint": false,
      "includeMetadata": true
    }
  }
}

[90mstdout[2m | tests/unit/file-store.test.ts[2m > [22m[2mFileSessionStore[2m > [22m[2mconcurrent operations[2m > [22m[2mshould handle concurrent saves[22m[39m
[2025-11-19T03:55:54.206Z] INFO: FileSessionStore closed

[90mstdout[2m | tests/unit/file-store.test.ts[2m > [22m[2mFileSessionStore[2m > [22m[2mconcurrent operations[2m > [22m[2mshould handle concurrent reads[22m[39m
[2025-11-19T03:55:54.224Z] INFO: FileSessionStore initialized
  Context: {
  "baseDir": "C:\\Users\\danie\\AppData\\Local\\Temp\\deepthinking-test-33795651-3d22-4f3d-a9e0-f09ea2f41ec0",
  "config": {
    "autoSave": true,
    "autoSaveDelay": 1000,
    "enableCompression": false,
    "maxSessions": 1000,
    "maxSessionAge": 2592000000,
    "enableEncryption": false,
    "serialization": {
      "prettyPrint": false,
      "includeMetadata": true
    }
  }
}

[90mstdout[2m | tests/unit/file-store.test.ts[2m > [22m[2mFileSessionStore[2m > [22m[2mconcurrent operations[2m > [22m[2mshould handle concurrent reads[22m[39m
[2025-11-19T03:55:54.249Z] INFO: FileSessionStore closed

[90mstdout[2m | tests/unit/file-store.test.ts[2m > [22m[2mFileSessionStore[2m > [22m[2merror handling[2m > [22m[2mshould handle invalid session data gracefully[22m[39m
[2025-11-19T03:55:54.260Z] INFO: FileSessionStore initialized
  Context: {
  "baseDir": "C:\\Users\\danie\\AppData\\Local\\Temp\\deepthinking-test-a98fe968-25d6-4c13-9a5a-5e8e3382a724",
  "config": {
    "autoSave": true,
    "autoSaveDelay": 1000,
    "enableCompression": false,
    "maxSessions": 1000,
    "maxSessionAge": 2592000000,
    "enableEncryption": false,
    "serialization": {
      "prettyPrint": false,
      "includeMetadata": true
    }
  }
}

[90mstderr[2m | tests/unit/file-store.test.ts[2m > [22m[2mFileSessionStore[2m > [22m[2merror handling[2m > [22m[2mshould handle invalid session data gracefully[22m[39m
[2025-11-19T03:55:54.276Z] ERROR: Failed to load session
  Error: undefined

[90mstdout[2m | tests/unit/file-store.test.ts[2m > [22m[2mFileSessionStore[2m > [22m[2merror handling[2m > [22m[2mshould handle invalid session data gracefully[22m[39m
[2025-11-19T03:55:54.282Z] INFO: FileSessionStore closed

[90mstdout[2m | tests/unit/file-store.test.ts[2m > [22m[2mFileSessionStore[2m > [22m[2merror handling[2m > [22m[2mshould handle operations before initialization[22m[39m
[2025-11-19T03:55:54.613Z] INFO: FileSessionStore initialized
  Context: {
  "baseDir": "C:\\Users\\danie\\AppData\\Local\\Temp\\deepthinking-test-9934aa27-58e1-46f2-afe4-e08dcd0f9c40",
  "config": {
    "autoSave": true,
    "autoSaveDelay": 1000,
    "enableCompression": false,
    "maxSessions": 1000,
    "maxSessionAge": 2592000000,
    "enableEncryption": false,
    "serialization": {
      "prettyPrint": false,
      "includeMetadata": true
    }
  }
}

[90mstdout[2m | tests/unit/file-store.test.ts[2m > [22m[2mFileSessionStore[2m > [22m[2merror handling[2m > [22m[2mshould handle operations before initialization[22m[39m
[2025-11-19T03:55:54.684Z] INFO: FileSessionStore initialized
  Context: {
  "baseDir": "C:\\Users\\danie\\AppData\\Local\\Temp\\deepthinking-test-9934aa27-58e1-46f2-afe4-e08dcd0f9c40",
  "config": {
    "autoSave": true,
    "autoSaveDelay": 1000,
    "enableCompression": false,
    "maxSessions": 1000,
    "maxSessionAge": 2592000000,
    "enableEncryption": false,
    "serialization": {
      "prettyPrint": false,
      "includeMetadata": true
    }
  }
}

[90mstdout[2m | tests/unit/file-store.test.ts[2m > [22m[2mFileSessionStore[2m > [22m[2merror handling[2m > [22m[2mshould handle operations before initialization[22m[39m
[2025-11-19T03:55:54.847Z] INFO: FileSessionStore closed
[2025-11-19T03:55:54.851Z] INFO: FileSessionStore closed

 [32m✓[39m tests/unit/file-store.test.ts [2m ([22m[2m27 tests[22m[2m)[22m[33m 4838[2mms[22m[39m

[2m Test Files [22m [1m[32m1 passed[39m[22m[90m (1)[39m
[2m      Tests [22m [1m[32m27 passed[39m[22m[90m (27)[39m
[2m   Start at [22m 22:55:48
[2m   Duration [22m 5.62s


[1m[7m[32m PASS [39m[27m[22m[32m Waiting for file changes...[39m
       [2mpress [22m[1mh[22m[2m to show help[22m[2m, [22m[2mpress [22m[1mq[22m[2m to quit[22m
       [34mrerun x10[39m
[2K[1A[2K[G       [90mrerun x10[39m
[2K[1A[2K[G       [2m[90mrerun x10[39m[22m
[2K[1A[2K[G[3Jc
[7m[1m[34m RERUN [39m[22m[27m[2m src/session/storage/file-store.ts[22m [34mx11[39m

[90mstdout[2m | tests/unit/file-store.test.ts[2m > [22m[2mFileSessionStore[2m > [22m[2minitialization[2m > [22m[2mshould create necessary directories[22m[39m
[2025-11-19T03:56:17.666Z] INFO: FileSessionStore initialized
  Context: {
  "baseDir": "C:\\Users\\danie\\AppData\\Local\\Temp\\deepthinking-test-7bf21957-e73f-4aa3-90fb-e9af5e8cef65",
  "config": {
    "autoSave": true,
    "autoSaveDelay": 1000,
    "enableCompression": false,
    "maxSessions": 1000,
    "maxSessionAge": 2592000000,
    "enableEncryption": false,
    "serialization": {
      "prettyPrint": false,
      "includeMetadata": true
    }
  }
}

[90mstdout[2m | tests/unit/file-store.test.ts[2m > [22m[2mFileSessionStore[2m > [22m[2minitialization[2m > [22m[2mshould create necessary directories[22m[39m
[2025-11-19T03:56:17.684Z] INFO: FileSessionStore closed

[90mstdout[2m | tests/unit/file-store.test.ts[2m > [22m[2mFileSessionStore[2m > [22m[2minitialization[2m > [22m[2mshould handle multiple initialization calls[22m[39m
[2025-11-19T03:56:17.781Z] INFO: FileSessionStore initialized
  Context: {
  "baseDir": "C:\\Users\\danie\\AppData\\Local\\Temp\\deepthinking-test-8dbdcd4e-a519-4e95-bc02-588d962a22c4",
  "config": {
    "autoSave": true,
    "autoSaveDelay": 1000,
    "enableCompression": false,
    "maxSessions": 1000,
    "maxSessionAge": 2592000000,
    "enableEncryption": false,
    "serialization": {
      "prettyPrint": false,
      "includeMetadata": true
    }
  }
}
[2025-11-19T03:56:17.782Z] INFO: FileSessionStore closed

[90mstdout[2m | tests/unit/file-store.test.ts[2m > [22m[2mFileSessionStore[2m > [22m[2msaveSession[2m > [22m[2mshould save a session to disk[22m[39m
[2025-11-19T03:56:17.850Z] INFO: FileSessionStore initialized
  Context: {
  "baseDir": "C:\\Users\\danie\\AppData\\Local\\Temp\\deepthinking-test-c532841d-e113-4bb4-843a-a7b89be0439f",
  "config": {
    "autoSave": true,
    "autoSaveDelay": 1000,
    "enableCompression": false,
    "maxSessions": 1000,
    "maxSessionAge": 2592000000,
    "enableEncryption": false,
    "serialization": {
      "prettyPrint": false,
      "includeMetadata": true
    }
  }
}

[90mstdout[2m | tests/unit/file-store.test.ts[2m > [22m[2mFileSessionStore[2m > [22m[2msaveSession[2m > [22m[2mshould save a session to disk[22m[39m
[2025-11-19T03:56:17.889Z] INFO: FileSessionStore closed

[90mstdout[2m | tests/unit/file-store.test.ts[2m > [22m[2mFileSessionStore[2m > [22m[2msaveSession[2m > [22m[2mshould save session with correct content[22m[39m
[2025-11-19T03:56:17.989Z] INFO: FileSessionStore initialized
  Context: {
  "baseDir": "C:\\Users\\danie\\AppData\\Local\\Temp\\deepthinking-test-139e63c7-2ee0-42e6-9baa-88edc6e7f930",
  "config": {
    "autoSave": true,
    "autoSaveDelay": 1000,
    "enableCompression": false,
    "maxSessions": 1000,
    "maxSessionAge": 2592000000,
    "enableEncryption": false,
    "serialization": {
      "prettyPrint": false,
      "includeMetadata": true
    }
  }
}

[90mstdout[2m | tests/unit/file-store.test.ts[2m > [22m[2mFileSessionStore[2m > [22m[2msaveSession[2m > [22m[2mshould save session with correct content[22m[39m
[2025-11-19T03:56:18.064Z] INFO: FileSessionStore closed

[90mstdout[2m | tests/unit/file-store.test.ts[2m > [22m[2mFileSessionStore[2m > [22m[2msaveSession[2m > [22m[2mshould update metadata index[22m[39m
[2025-11-19T03:56:18.187Z] INFO: FileSessionStore initialized
  Context: {
  "baseDir": "C:\\Users\\danie\\AppData\\Local\\Temp\\deepthinking-test-e51ec62e-cbe1-4c41-bf03-b4ae3e2cd72b",
  "config": {
    "autoSave": true,
    "autoSaveDelay": 1000,
    "enableCompression": false,
    "maxSessions": 1000,
    "maxSessionAge": 2592000000,
    "enableEncryption": false,
    "serialization": {
      "prettyPrint": false,
      "includeMetadata": true
    }
  }
}

[90mstdout[2m | tests/unit/file-store.test.ts[2m > [22m[2mFileSessionStore[2m > [22m[2msaveSession[2m > [22m[2mshould update metadata index[22m[39m
[2025-11-19T03:56:18.213Z] INFO: FileSessionStore closed

[90mstdout[2m | tests/unit/file-store.test.ts[2m > [22m[2mFileSessionStore[2m > [22m[2msaveSession[2m > [22m[2mshould overwrite existing session[22m[39m
[2025-11-19T03:56:18.287Z] INFO: FileSessionStore initialized
  Context: {
  "baseDir": "C:\\Users\\danie\\AppData\\Local\\Temp\\deepthinking-test-c95ad38f-4bf9-40cf-b8ea-5d458f20e1ef",
  "config": {
    "autoSave": true,
    "autoSaveDelay": 1000,
    "enableCompression": false,
    "maxSessions": 1000,
    "maxSessionAge": 2592000000,
    "enableEncryption": false,
    "serialization": {
      "prettyPrint": false,
      "includeMetadata": true
    }
  }
}

[90mstdout[2m | tests/unit/file-store.test.ts[2m > [22m[2mFileSessionStore[2m > [22m[2msaveSession[2m > [22m[2mshould overwrite existing session[22m[39m
[2025-11-19T03:56:18.344Z] INFO: FileSessionStore closed

[90mstdout[2m | tests/unit/file-store.test.ts[2m > [22m[2mFileSessionStore[2m > [22m[2mloadSession[2m > [22m[2mshould load an existing session[22m[39m
[2025-11-19T03:56:18.369Z] INFO: FileSessionStore initialized
  Context: {
  "baseDir": "C:\\Users\\danie\\AppData\\Local\\Temp\\deepthinking-test-830df904-d2d5-468f-9dc1-133982b83a6c",
  "config": {
    "autoSave": true,
    "autoSaveDelay": 1000,
    "enableCompression": false,
    "maxSessions": 1000,
    "maxSessionAge": 2592000000,
    "enableEncryption": false,
    "serialization": {
      "prettyPrint": false,
      "includeMetadata": true
    }
  }
}

[90mstdout[2m | tests/unit/file-store.test.ts[2m > [22m[2mFileSessionStore[2m > [22m[2mloadSession[2m > [22m[2mshould load an existing session[22m[39m
[2025-11-19T03:56:18.392Z] INFO: FileSessionStore closed

[90mstdout[2m | tests/unit/file-store.test.ts[2m > [22m[2mFileSessionStore[2m > [22m[2mloadSession[2m > [22m[2mshould return null for non-existent session[22m[39m
[2025-11-19T03:56:18.423Z] INFO: FileSessionStore initialized
  Context: {
  "baseDir": "C:\\Users\\danie\\AppData\\Local\\Temp\\deepthinking-test-d539720b-7689-4f26-8d73-c6400820f717",
  "config": {
    "autoSave": true,
    "autoSaveDelay": 1000,
    "enableCompression": false,
    "maxSessions": 1000,
    "maxSessionAge": 2592000000,
    "enableEncryption": false,
    "serialization": {
      "prettyPrint": false,
      "includeMetadata": true
    }
  }
}

[90mstdout[2m | tests/unit/file-store.test.ts[2m > [22m[2mFileSessionStore[2m > [22m[2mloadSession[2m > [22m[2mshould return null for non-existent session[22m[39m
[2025-11-19T03:56:18.425Z] INFO: FileSessionStore closed

[90mstdout[2m | tests/unit/file-store.test.ts[2m > [22m[2mFileSessionStore[2m > [22m[2mloadSession[2m > [22m[2mshould preserve Date objects[22m[39m
[2025-11-19T03:56:18.441Z] INFO: FileSessionStore initialized
  Context: {
  "baseDir": "C:\\Users\\danie\\AppData\\Local\\Temp\\deepthinking-test-f93e02f9-5b53-4714-8ef7-1ed2311ecdbc",
  "config": {
    "autoSave": true,
    "autoSaveDelay": 1000,
    "enableCompression": false,
    "maxSessions": 1000,
    "maxSessionAge": 2592000000,
    "enableEncryption": false,
    "serialization": {
      "prettyPrint": false,
      "includeMetadata": true
    }
  }
}

[90mstdout[2m | tests/unit/file-store.test.ts[2m > [22m[2mFileSessionStore[2m > [22m[2mloadSession[2m > [22m[2mshould preserve Date objects[22m[39m
[2025-11-19T03:56:18.456Z] INFO: FileSessionStore closed

[90mstdout[2m | tests/unit/file-store.test.ts[2m > [22m[2mFileSessionStore[2m > [22m[2mloadSession[2m > [22m[2mshould preserve Map objects[22m[39m
[2025-11-19T03:56:18.491Z] INFO: FileSessionStore initialized
  Context: {
  "baseDir": "C:\\Users\\danie\\AppData\\Local\\Temp\\deepthinking-test-565bfe85-5220-41dd-8c96-f33e82f767f2",
  "config": {
    "autoSave": true,
    "autoSaveDelay": 1000,
    "enableCompression": false,
    "maxSessions": 1000,
    "maxSessionAge": 2592000000,
    "enableEncryption": false,
    "serialization": {
      "prettyPrint": false,
      "includeMetadata": true
    }
  }
}

[90mstdout[2m | tests/unit/file-store.test.ts[2m > [22m[2mFileSessionStore[2m > [22m[2mloadSession[2m > [22m[2mshould preserve Map objects[22m[39m
[2025-11-19T03:56:18.520Z] INFO: FileSessionStore closed

[90mstdout[2m | tests/unit/file-store.test.ts[2m > [22m[2mFileSessionStore[2m > [22m[2mdeleteSession[2m > [22m[2mshould delete an existing session[22m[39m
[2025-11-19T03:56:18.540Z] INFO: FileSessionStore initialized
  Context: {
  "baseDir": "C:\\Users\\danie\\AppData\\Local\\Temp\\deepthinking-test-955ef4a7-0521-4aab-9ddc-ff6dc9236049",
  "config": {
    "autoSave": true,
    "autoSaveDelay": 1000,
    "enableCompression": false,
    "maxSessions": 1000,
    "maxSessionAge": 2592000000,
    "enableEncryption": false,
    "serialization": {
      "prettyPrint": false,
      "includeMetadata": true
    }
  }
}

[90mstdout[2m | tests/unit/file-store.test.ts[2m > [22m[2mFileSessionStore[2m > [22m[2mdeleteSession[2m > [22m[2mshould delete an existing session[22m[39m
[2025-11-19T03:56:18.557Z] INFO: Session deleted
  Context: {
  "sessionId": "b7e8ae3a-3fb9-4a15-8505-f126b37cf31c"
}

[90mstdout[2m | tests/unit/file-store.test.ts[2m > [22m[2mFileSessionStore[2m > [22m[2mdeleteSession[2m > [22m[2mshould delete an existing session[22m[39m
[2025-11-19T03:56:18.564Z] INFO: FileSessionStore closed

[90mstdout[2m | tests/unit/file-store.test.ts[2m > [22m[2mFileSessionStore[2m > [22m[2mdeleteSession[2m > [22m[2mshould return false for non-existent session[22m[39m
[2025-11-19T03:56:18.595Z] INFO: FileSessionStore initialized
  Context: {
  "baseDir": "C:\\Users\\danie\\AppData\\Local\\Temp\\deepthinking-test-3f1b9e42-d08f-46ba-a94e-67aa83da7817",
  "config": {
    "autoSave": true,
    "autoSaveDelay": 1000,
    "enableCompression": false,
    "maxSessions": 1000,
    "maxSessionAge": 2592000000,
    "enableEncryption": false,
    "serialization": {
      "prettyPrint": false,
      "includeMetadata": true
    }
  }
}

[90mstdout[2m | tests/unit/file-store.test.ts[2m > [22m[2mFileSessionStore[2m > [22m[2mdeleteSession[2m > [22m[2mshould return false for non-existent session[22m[39m
[2025-11-19T03:56:18.601Z] INFO: FileSessionStore closed

[90mstdout[2m | tests/unit/file-store.test.ts[2m > [22m[2mFileSessionStore[2m > [22m[2mdeleteSession[2m > [22m[2mshould update metadata index after deletion[22m[39m
[2025-11-19T03:56:18.623Z] INFO: FileSessionStore initialized
  Context: {
  "baseDir": "C:\\Users\\danie\\AppData\\Local\\Temp\\deepthinking-test-10ad7222-562d-48dd-abaa-9715240da86f",
  "config": {
    "autoSave": true,
    "autoSaveDelay": 1000,
    "enableCompression": false,
    "maxSessions": 1000,
    "maxSessionAge": 2592000000,
    "enableEncryption": false,
    "serialization": {
      "prettyPrint": false,
      "includeMetadata": true
    }
  }
}

[90mstdout[2m | tests/unit/file-store.test.ts[2m > [22m[2mFileSessionStore[2m > [22m[2mdeleteSession[2m > [22m[2mshould update metadata index after deletion[22m[39m
[2025-11-19T03:56:18.649Z] INFO: Session deleted
  Context: {
  "sessionId": "fc27e46a-044f-4831-b206-355ed4517cf1"
}
[2025-11-19T03:56:18.653Z] INFO: FileSessionStore closed

[90mstdout[2m | tests/unit/file-store.test.ts[2m > [22m[2mFileSessionStore[2m > [22m[2mlistSessions[2m > [22m[2mshould list all sessions[22m[39m
[2025-11-19T03:56:18.676Z] INFO: FileSessionStore initialized
  Context: {
  "baseDir": "C:\\Users\\danie\\AppData\\Local\\Temp\\deepthinking-test-e2b16d2c-5528-4125-b4cc-763ce0a4c5d3",
  "config": {
    "autoSave": true,
    "autoSaveDelay": 1000,
    "enableCompression": false,
    "maxSessions": 1000,
    "maxSessionAge": 2592000000,
    "enableEncryption": false,
    "serialization": {
      "prettyPrint": false,
      "includeMetadata": true
    }
  }
}

[90mstdout[2m | tests/unit/file-store.test.ts[2m > [22m[2mFileSessionStore[2m > [22m[2mlistSessions[2m > [22m[2mshould list all sessions[22m[39m
[2025-11-19T03:56:18.718Z] INFO: FileSessionStore closed

[90mstdout[2m | tests/unit/file-store.test.ts[2m > [22m[2mFileSessionStore[2m > [22m[2mlistSessions[2m > [22m[2mshould return empty array when no sessions exist[22m[39m
[2025-11-19T03:56:18.830Z] INFO: FileSessionStore initialized
  Context: {
  "baseDir": "C:\\Users\\danie\\AppData\\Local\\Temp\\deepthinking-test-d125129d-3df8-4d11-b06f-c3796d95e9fa",
  "config": {
    "autoSave": true,
    "autoSaveDelay": 1000,
    "enableCompression": false,
    "maxSessions": 1000,
    "maxSessionAge": 2592000000,
    "enableEncryption": false,
    "serialization": {
      "prettyPrint": false,
      "includeMetadata": true
    }
  }
}
[2025-11-19T03:56:18.831Z] INFO: FileSessionStore closed

[90mstdout[2m | tests/unit/file-store.test.ts[2m > [22m[2mFileSessionStore[2m > [22m[2mlistSessions[2m > [22m[2mshould include correct metadata fields[22m[39m
[2025-11-19T03:56:18.969Z] INFO: FileSessionStore initialized
  Context: {
  "baseDir": "C:\\Users\\danie\\AppData\\Local\\Temp\\deepthinking-test-a00dc05e-898d-4c10-af10-8e92457c8fab",
  "config": {
    "autoSave": true,
    "autoSaveDelay": 1000,
    "enableCompression": false,
    "maxSessions": 1000,
    "maxSessionAge": 2592000000,
    "enableEncryption": false,
    "serialization": {
      "prettyPrint": false,
      "includeMetadata": true
    }
  }
}

[90mstdout[2m | tests/unit/file-store.test.ts[2m > [22m[2mFileSessionStore[2m > [22m[2mlistSessions[2m > [22m[2mshould include correct metadata fields[22m[39m
[2025-11-19T03:56:19.016Z] INFO: FileSessionStore closed

[90mstdout[2m | tests/unit/file-store.test.ts[2m > [22m[2mFileSessionStore[2m > [22m[2mexists[2m > [22m[2mshould return true for existing session[22m[39m
[2025-11-19T03:56:19.295Z] INFO: FileSessionStore initialized
  Context: {
  "baseDir": "C:\\Users\\danie\\AppData\\Local\\Temp\\deepthinking-test-2168d30c-58a6-488c-809f-8a11e2b0fd9a",
  "config": {
    "autoSave": true,
    "autoSaveDelay": 1000,
    "enableCompression": false,
    "maxSessions": 1000,
    "maxSessionAge": 2592000000,
    "enableEncryption": false,
    "serialization": {
      "prettyPrint": false,
      "includeMetadata": true
    }
  }
}

[90mstdout[2m | tests/unit/file-store.test.ts[2m > [22m[2mFileSessionStore[2m > [22m[2mexists[2m > [22m[2mshould return true for existing session[22m[39m
[2025-11-19T03:56:19.357Z] INFO: FileSessionStore closed

[90mstdout[2m | tests/unit/file-store.test.ts[2m > [22m[2mFileSessionStore[2m > [22m[2mexists[2m > [22m[2mshould return false for non-existent session[22m[39m
[2025-11-19T03:56:19.484Z] INFO: FileSessionStore initialized
  Context: {
  "baseDir": "C:\\Users\\danie\\AppData\\Local\\Temp\\deepthinking-test-971e73c8-843b-459e-afc3-5b76dd6d7591",
  "config": {
    "autoSave": true,
    "autoSaveDelay": 1000,
    "enableCompression": false,
    "maxSessions": 1000,
    "maxSessionAge": 2592000000,
    "enableEncryption": false,
    "serialization": {
      "prettyPrint": false,
      "includeMetadata": true
    }
  }
}
[2025-11-19T03:56:19.485Z] INFO: FileSessionStore closed

[90mstdout[2m | tests/unit/file-store.test.ts[2m > [22m[2mFileSessionStore[2m > [22m[2mgetStats[2m > [22m[2mshould return storage statistics[22m[39m
[2025-11-19T03:56:19.655Z] INFO: FileSessionStore initialized
  Context: {
  "baseDir": "C:\\Users\\danie\\AppData\\Local\\Temp\\deepthinking-test-27b59e98-cbed-4257-be31-a96746dc6f3a",
  "config": {
    "autoSave": true,
    "autoSaveDelay": 1000,
    "enableCompression": false,
    "maxSessions": 1000,
    "maxSessionAge": 2592000000,
    "enableEncryption": false,
    "serialization": {
      "prettyPrint": false,
      "includeMetadata": true
    }
  }
}

[90mstdout[2m | tests/unit/file-store.test.ts[2m > [22m[2mFileSessionStore[2m > [22m[2mgetStats[2m > [22m[2mshould return storage statistics[22m[39m
[2025-11-19T03:56:19.903Z] INFO: FileSessionStore closed

[90mstdout[2m | tests/unit/file-store.test.ts[2m > [22m[2mFileSessionStore[2m > [22m[2mgetStats[2m > [22m[2mshould calculate total thoughts correctly[22m[39m
[2025-11-19T03:56:20.036Z] INFO: FileSessionStore initialized
  Context: {
  "baseDir": "C:\\Users\\danie\\AppData\\Local\\Temp\\deepthinking-test-0c8e168c-5353-44a3-aa94-0e6c6b4d2b3d",
  "config": {
    "autoSave": true,
    "autoSaveDelay": 1000,
    "enableCompression": false,
    "maxSessions": 1000,
    "maxSessionAge": 2592000000,
    "enableEncryption": false,
    "serialization": {
      "prettyPrint": false,
      "includeMetadata": true
    }
  }
}

[90mstdout[2m | tests/unit/file-store.test.ts[2m > [22m[2mFileSessionStore[2m > [22m[2mgetStats[2m > [22m[2mshould calculate total thoughts correctly[22m[39m
[2025-11-19T03:56:20.199Z] INFO: FileSessionStore closed

[90mstdout[2m | tests/unit/file-store.test.ts[2m > [22m[2mFileSessionStore[2m > [22m[2mgetStats[2m > [22m[2mshould identify storage health status[22m[39m
[2025-11-19T03:56:20.239Z] INFO: FileSessionStore initialized
  Context: {
  "baseDir": "C:\\Users\\danie\\AppData\\Local\\Temp\\deepthinking-test-57864014-d7c0-4f85-9f85-c52ea9f9d414",
  "config": {
    "autoSave": true,
    "autoSaveDelay": 1000,
    "enableCompression": false,
    "maxSessions": 1000,
    "maxSessionAge": 2592000000,
    "enableEncryption": false,
    "serialization": {
      "prettyPrint": false,
      "includeMetadata": true
    }
  }
}

[90mstdout[2m | tests/unit/file-store.test.ts[2m > [22m[2mFileSessionStore[2m > [22m[2mgetStats[2m > [22m[2mshould identify storage health status[22m[39m
[2025-11-19T03:56:20.250Z] INFO: FileSessionStore initialized
  Context: {
  "baseDir": "C:\\Users\\danie\\AppData\\Local\\Temp\\deepthinking-test-57864014-d7c0-4f85-9f85-c52ea9f9d414",
  "config": {
    "autoSave": true,
    "autoSaveDelay": 1000,
    "enableCompression": false,
    "maxSessions": 10,
    "maxSessionAge": 2592000000,
    "enableEncryption": false,
    "serialization": {
      "prettyPrint": false,
      "includeMetadata": true
    }
  }
}

[90mstdout[2m | tests/unit/file-store.test.ts[2m > [22m[2mFileSessionStore[2m > [22m[2mgetStats[2m > [22m[2mshould identify storage health status[22m[39m
[2025-11-19T03:56:20.340Z] INFO: FileSessionStore closed
[2025-11-19T03:56:20.341Z] INFO: FileSessionStore closed

[90mstdout[2m | tests/unit/file-store.test.ts[2m > [22m[2mFileSessionStore[2m > [22m[2mcleanup[2m > [22m[2mshould clean up old sessions[22m[39m
[2025-11-19T03:56:20.371Z] INFO: FileSessionStore initialized
  Context: {
  "baseDir": "C:\\Users\\danie\\AppData\\Local\\Temp\\deepthinking-test-007391c9-32c3-49f0-bf0e-3638b6afbe40",
  "config": {
    "autoSave": true,
    "autoSaveDelay": 1000,
    "enableCompression": false,
    "maxSessions": 1000,
    "maxSessionAge": 2592000000,
    "enableEncryption": false,
    "serialization": {
      "prettyPrint": false,
      "includeMetadata": true
    }
  }
}

[90mstdout[2m | tests/unit/file-store.test.ts[2m > [22m[2mFileSessionStore[2m > [22m[2mcleanup[2m > [22m[2mshould clean up old sessions[22m[39m
[2025-11-19T03:56:20.398Z] INFO: Session deleted
  Context: {
  "sessionId": "3d7feec9-c0ec-4afd-9cb8-e9529164af20"
}
[2025-11-19T03:56:20.398Z] INFO: Cleanup completed
  Context: {
  "cleanedCount": 1,
  "maxAgeMs": 604800000,
  "remaining": 1
}
[2025-11-19T03:56:20.399Z] INFO: FileSessionStore closed

[90mstdout[2m | tests/unit/file-store.test.ts[2m > [22m[2mFileSessionStore[2m > [22m[2mcleanup[2m > [22m[2mshould return 0 when no sessions need cleanup[22m[39m
[2025-11-19T03:56:20.416Z] INFO: FileSessionStore initialized
  Context: {
  "baseDir": "C:\\Users\\danie\\AppData\\Local\\Temp\\deepthinking-test-0acd58f3-acfa-4a56-ab68-dc692dd6896f",
  "config": {
    "autoSave": true,
    "autoSaveDelay": 1000,
    "enableCompression": false,
    "maxSessions": 1000,
    "maxSessionAge": 2592000000,
    "enableEncryption": false,
    "serialization": {
      "prettyPrint": false,
      "includeMetadata": true
    }
  }
}

[90mstdout[2m | tests/unit/file-store.test.ts[2m > [22m[2mFileSessionStore[2m > [22m[2mcleanup[2m > [22m[2mshould return 0 when no sessions need cleanup[22m[39m
[2025-11-19T03:56:20.422Z] INFO: FileSessionStore closed

[90mstdout[2m | tests/unit/file-store.test.ts[2m > [22m[2mFileSessionStore[2m > [22m[2mconcurrent operations[2m > [22m[2mshould handle concurrent saves[22m[39m
[2025-11-19T03:56:20.447Z] INFO: FileSessionStore initialized
  Context: {
  "baseDir": "C:\\Users\\danie\\AppData\\Local\\Temp\\deepthinking-test-f33d9d0a-4387-4dd6-9b12-1acd368b183e",
  "config": {
    "autoSave": true,
    "autoSaveDelay": 1000,
    "enableCompression": false,
    "maxSessions": 1000,
    "maxSessionAge": 2592000000,
    "enableEncryption": false,
    "serialization": {
      "prettyPrint": false,
      "includeMetadata": true
    }
  }
}

[90mstdout[2m | tests/unit/file-store.test.ts[2m > [22m[2mFileSessionStore[2m > [22m[2mconcurrent operations[2m > [22m[2mshould handle concurrent saves[22m[39m
[2025-11-19T03:56:20.485Z] INFO: FileSessionStore closed

[90mstdout[2m | tests/unit/file-store.test.ts[2m > [22m[2mFileSessionStore[2m > [22m[2mconcurrent operations[2m > [22m[2mshould handle concurrent reads[22m[39m
[2025-11-19T03:56:20.548Z] INFO: FileSessionStore initialized
  Context: {
  "baseDir": "C:\\Users\\danie\\AppData\\Local\\Temp\\deepthinking-test-19f0bcf3-389e-4513-8bd0-b24e7a3c8fae",
  "config": {
    "autoSave": true,
    "autoSaveDelay": 1000,
    "enableCompression": false,
    "maxSessions": 1000,
    "maxSessionAge": 2592000000,
    "enableEncryption": false,
    "serialization": {
      "prettyPrint": false,
      "includeMetadata": true
    }
  }
}

[90mstdout[2m | tests/unit/file-store.test.ts[2m > [22m[2mFileSessionStore[2m > [22m[2mconcurrent operations[2m > [22m[2mshould handle concurrent reads[22m[39m
[2025-11-19T03:56:20.570Z] INFO: FileSessionStore closed

[90mstdout[2m | tests/unit/file-store.test.ts[2m > [22m[2mFileSessionStore[2m > [22m[2merror handling[2m > [22m[2mshould handle invalid session data gracefully[22m[39m
[2025-11-19T03:56:20.624Z] INFO: FileSessionStore initialized
  Context: {
  "baseDir": "C:\\Users\\danie\\AppData\\Local\\Temp\\deepthinking-test-5fe067d7-cec4-42e9-b777-4406e08d2e2b",
  "config": {
    "autoSave": true,
    "autoSaveDelay": 1000,
    "enableCompression": false,
    "maxSessions": 1000,
    "maxSessionAge": 2592000000,
    "enableEncryption": false,
    "serialization": {
      "prettyPrint": false,
      "includeMetadata": true
    }
  }
}

[90mstderr[2m | tests/unit/file-store.test.ts[2m > [22m[2mFileSessionStore[2m > [22m[2merror handling[2m > [22m[2mshould handle invalid session data gracefully[22m[39m
[2025-11-19T03:56:20.673Z] ERROR: Failed to load session
  Context: {
  "sessionId": "bb73ba5f-a01e-45fd-b825-9790fced4e2a"
}
  Error: Unexpected token 'i', "invalid json {{{" is not valid JSON
  Stack: SyntaxError: Unexpected token 'i', "invalid json {{{" is not valid JSON
    at JSON.parse (<anonymous>)
    at FileSessionStore.loadSession (C:\mcp-servers\deepthinking-mcp\src\session\storage\file-store.ts:124:27)
    at C:\mcp-servers\deepthinking-mcp\tests\unit\file-store.test.ts:455:22
    at runTest (file:///C:/mcp-servers/deepthinking-mcp/node_modules/@vitest/runner/dist/index.js:781:11)
    at runSuite (file:///C:/mcp-servers/deepthinking-mcp/node_modules/@vitest/runner/dist/index.js:909:15)
    at runSuite (file:///C:/mcp-servers/deepthinking-mcp/node_modules/@vitest/runner/dist/index.js:909:15)
    at runSuite (file:///C:/mcp-servers/deepthinking-mcp/node_modules/@vitest/runner/dist/index.js:909:15)
    at runFiles (file:///C:/mcp-servers/deepthinking-mcp/node_modules/@vitest/runner/dist/index.js:958:5)
    at startTests (file:///C:/mcp-servers/deepthinking-mcp/node_modules/@vitest/runner/dist/index.js:967:3)
    at file:///C:/mcp-servers/deepthinking-mcp/node_modules/vitest/dist/chunks/runtime-runBaseTests.oAvMKtQC.js:116:7

[90mstdout[2m | tests/unit/file-store.test.ts[2m > [22m[2mFileSessionStore[2m > [22m[2merror handling[2m > [22m[2mshould handle invalid session data gracefully[22m[39m
[2025-11-19T03:56:20.717Z] INFO: FileSessionStore closed

[90mstdout[2m | tests/unit/file-store.test.ts[2m > [22m[2mFileSessionStore[2m > [22m[2merror handling[2m > [22m[2mshould handle operations before initialization[22m[39m
[2025-11-19T03:56:20.874Z] INFO: FileSessionStore initialized
  Context: {
  "baseDir": "C:\\Users\\danie\\AppData\\Local\\Temp\\deepthinking-test-83abc7da-746e-4b29-aca6-d2e46582bd5e",
  "config": {
    "autoSave": true,
    "autoSaveDelay": 1000,
    "enableCompression": false,
    "maxSessions": 1000,
    "maxSessionAge": 2592000000,
    "enableEncryption": false,
    "serialization": {
      "prettyPrint": false,
      "includeMetadata": true
    }
  }
}

[90mstdout[2m | tests/unit/file-store.test.ts[2m > [22m[2mFileSessionStore[2m > [22m[2merror handling[2m > [22m[2mshould handle operations before initialization[22m[39m
[2025-11-19T03:56:20.934Z] INFO: FileSessionStore initialized
  Context: {
  "baseDir": "C:\\Users\\danie\\AppData\\Local\\Temp\\deepthinking-test-83abc7da-746e-4b29-aca6-d2e46582bd5e",
  "config": {
    "autoSave": true,
    "autoSaveDelay": 1000,
    "enableCompression": false,
    "maxSessions": 1000,
    "maxSessionAge": 2592000000,
    "enableEncryption": false,
    "serialization": {
      "prettyPrint": false,
      "includeMetadata": true
    }
  }
}

[90mstdout[2m | tests/unit/file-store.test.ts[2m > [22m[2mFileSessionStore[2m > [22m[2merror handling[2m > [22m[2mshould handle operations before initialization[22m[39m
[2025-11-19T03:56:20.971Z] INFO: FileSessionStore closed
[2025-11-19T03:56:20.971Z] INFO: FileSessionStore closed

 [32m✓[39m tests/unit/file-store.test.ts [2m ([22m[2m27 tests[22m[2m)[22m[33m 3374[2mms[22m[39m

[2m Test Files [22m [1m[32m1 passed[39m[22m[90m (1)[39m
[2m      Tests [22m [1m[32m27 passed[39m[22m[90m (27)[39m
[2m   Start at [22m 22:56:14
[2m   Duration [22m 4.50s


[1m[7m[32m PASS [39m[27m[22m[32m Waiting for file changes...[39m
       [2mpress [22m[1mh[22m[2m to show help[22m[2m, [22m[2mpress [22m[1mq[22m[2m to quit[22m
       [34mrerun x11[39m
[2K[1A[2K[G       [90mrerun x11[39m
[2K[1A[2K[G       [2m[90mrerun x11[39m[22m
[2K[1A[2K[G[3Jc
[7m[1m[34m RERUN [39m[22m[27m[2m src/session/storage/file-store.ts[22m [34mx12[39m

[90mstdout[2m | tests/unit/file-store.test.ts[2m > [22m[2mFileSessionStore[2m > [22m[2minitialization[2m > [22m[2mshould create necessary directories[22m[39m
[2025-11-19T03:56:37.776Z] INFO: FileSessionStore initialized
  Context: {
  "baseDir": "C:\\Users\\danie\\AppData\\Local\\Temp\\deepthinking-test-d1e5882d-1b99-4f7a-94bf-7acdcc39a7ac",
  "config": {
    "autoSave": true,
    "autoSaveDelay": 1000,
    "enableCompression": false,
    "maxSessions": 1000,
    "maxSessionAge": 2592000000,
    "enableEncryption": false,
    "serialization": {
      "prettyPrint": false,
      "includeMetadata": true
    }
  }
}

[90mstdout[2m | tests/unit/file-store.test.ts[2m > [22m[2mFileSessionStore[2m > [22m[2minitialization[2m > [22m[2mshould create necessary directories[22m[39m
[2025-11-19T03:56:37.786Z] INFO: FileSessionStore closed

[90mstdout[2m | tests/unit/file-store.test.ts[2m > [22m[2mFileSessionStore[2m > [22m[2minitialization[2m > [22m[2mshould handle multiple initialization calls[22m[39m
[2025-11-19T03:56:37.803Z] INFO: FileSessionStore initialized
  Context: {
  "baseDir": "C:\\Users\\danie\\AppData\\Local\\Temp\\deepthinking-test-2bc0778e-0364-49ec-95fd-ef0ba38c4d6c",
  "config": {
    "autoSave": true,
    "autoSaveDelay": 1000,
    "enableCompression": false,
    "maxSessions": 1000,
    "maxSessionAge": 2592000000,
    "enableEncryption": false,
    "serialization": {
      "prettyPrint": false,
      "includeMetadata": true
    }
  }
}
[2025-11-19T03:56:37.804Z] INFO: FileSessionStore closed

[90mstdout[2m | tests/unit/file-store.test.ts[2m > [22m[2mFileSessionStore[2m > [22m[2msaveSession[2m > [22m[2mshould save a session to disk[22m[39m
[2025-11-19T03:56:37.818Z] INFO: FileSessionStore initialized
  Context: {
  "baseDir": "C:\\Users\\danie\\AppData\\Local\\Temp\\deepthinking-test-2fc2ccee-edd3-4d5d-b4d8-cd29bbd55ab3",
  "config": {
    "autoSave": true,
    "autoSaveDelay": 1000,
    "enableCompression": false,
    "maxSessions": 1000,
    "maxSessionAge": 2592000000,
    "enableEncryption": false,
    "serialization": {
      "prettyPrint": false,
      "includeMetadata": true
    }
  }
}

[90mstdout[2m | tests/unit/file-store.test.ts[2m > [22m[2mFileSessionStore[2m > [22m[2msaveSession[2m > [22m[2mshould save a session to disk[22m[39m
[2025-11-19T03:56:37.830Z] INFO: FileSessionStore closed

[90mstdout[2m | tests/unit/file-store.test.ts[2m > [22m[2mFileSessionStore[2m > [22m[2msaveSession[2m > [22m[2mshould save session with correct content[22m[39m
[2025-11-19T03:56:37.862Z] INFO: FileSessionStore initialized
  Context: {
  "baseDir": "C:\\Users\\danie\\AppData\\Local\\Temp\\deepthinking-test-5c46be40-c99e-498e-97a0-7df53edb4819",
  "config": {
    "autoSave": true,
    "autoSaveDelay": 1000,
    "enableCompression": false,
    "maxSessions": 1000,
    "maxSessionAge": 2592000000,
    "enableEncryption": false,
    "serialization": {
      "prettyPrint": false,
      "includeMetadata": true
    }
  }
}

[90mstdout[2m | tests/unit/file-store.test.ts[2m > [22m[2mFileSessionStore[2m > [22m[2msaveSession[2m > [22m[2mshould save session with correct content[22m[39m
[2025-11-19T03:56:37.873Z] INFO: FileSessionStore closed

[90mstdout[2m | tests/unit/file-store.test.ts[2m > [22m[2mFileSessionStore[2m > [22m[2msaveSession[2m > [22m[2mshould update metadata index[22m[39m
[2025-11-19T03:56:37.892Z] INFO: FileSessionStore initialized
  Context: {
  "baseDir": "C:\\Users\\danie\\AppData\\Local\\Temp\\deepthinking-test-2e8e0227-9d1e-4619-b576-fa8a901bb83f",
  "config": {
    "autoSave": true,
    "autoSaveDelay": 1000,
    "enableCompression": false,
    "maxSessions": 1000,
    "maxSessionAge": 2592000000,
    "enableEncryption": false,
    "serialization": {
      "prettyPrint": false,
      "includeMetadata": true
    }
  }
}

[90mstdout[2m | tests/unit/file-store.test.ts[2m > [22m[2mFileSessionStore[2m > [22m[2msaveSession[2m > [22m[2mshould update metadata index[22m[39m
[2025-11-19T03:56:37.904Z] INFO: FileSessionStore closed

[90mstdout[2m | tests/unit/file-store.test.ts[2m > [22m[2mFileSessionStore[2m > [22m[2msaveSession[2m > [22m[2mshould overwrite existing session[22m[39m
[2025-11-19T03:56:37.917Z] INFO: FileSessionStore initialized
  Context: {
  "baseDir": "C:\\Users\\danie\\AppData\\Local\\Temp\\deepthinking-test-73d5755d-d9b0-4b83-92e5-d419ea3fd57f",
  "config": {
    "autoSave": true,
    "autoSaveDelay": 1000,
    "enableCompression": false,
    "maxSessions": 1000,
    "maxSessionAge": 2592000000,
    "enableEncryption": false,
    "serialization": {
      "prettyPrint": false,
      "includeMetadata": true
    }
  }
}

[90mstdout[2m | tests/unit/file-store.test.ts[2m > [22m[2mFileSessionStore[2m > [22m[2msaveSession[2m > [22m[2mshould overwrite existing session[22m[39m
[2025-11-19T03:56:37.937Z] INFO: FileSessionStore closed

[90mstdout[2m | tests/unit/file-store.test.ts[2m > [22m[2mFileSessionStore[2m > [22m[2mloadSession[2m > [22m[2mshould load an existing session[22m[39m
[2025-11-19T03:56:37.949Z] INFO: FileSessionStore initialized
  Context: {
  "baseDir": "C:\\Users\\danie\\AppData\\Local\\Temp\\deepthinking-test-e4da8842-4895-4ba8-90b0-5cc61fc3dac0",
  "config": {
    "autoSave": true,
    "autoSaveDelay": 1000,
    "enableCompression": false,
    "maxSessions": 1000,
    "maxSessionAge": 2592000000,
    "enableEncryption": false,
    "serialization": {
      "prettyPrint": false,
      "includeMetadata": true
    }
  }
}

[90mstdout[2m | tests/unit/file-store.test.ts[2m > [22m[2mFileSessionStore[2m > [22m[2mloadSession[2m > [22m[2mshould load an existing session[22m[39m
[2025-11-19T03:56:37.959Z] INFO: FileSessionStore closed

[90mstdout[2m | tests/unit/file-store.test.ts[2m > [22m[2mFileSessionStore[2m > [22m[2mloadSession[2m > [22m[2mshould return null for non-existent session[22m[39m
[2025-11-19T03:56:37.972Z] INFO: FileSessionStore initialized
  Context: {
  "baseDir": "C:\\Users\\danie\\AppData\\Local\\Temp\\deepthinking-test-724cc14c-d121-4c56-b346-7e6bf1bb9f11",
  "config": {
    "autoSave": true,
    "autoSaveDelay": 1000,
    "enableCompression": false,
    "maxSessions": 1000,
    "maxSessionAge": 2592000000,
    "enableEncryption": false,
    "serialization": {
      "prettyPrint": false,
      "includeMetadata": true
    }
  }
}

[90mstdout[2m | tests/unit/file-store.test.ts[2m > [22m[2mFileSessionStore[2m > [22m[2mloadSession[2m > [22m[2mshould return null for non-existent session[22m[39m
[2025-11-19T03:56:37.974Z] INFO: FileSessionStore closed

[90mstdout[2m | tests/unit/file-store.test.ts[2m > [22m[2mFileSessionStore[2m > [22m[2mloadSession[2m > [22m[2mshould preserve Date objects[22m[39m
[2025-11-19T03:56:37.986Z] INFO: FileSessionStore initialized
  Context: {
  "baseDir": "C:\\Users\\danie\\AppData\\Local\\Temp\\deepthinking-test-f506e4d9-e6f6-40c8-ac3e-2201c514caf2",
  "config": {
    "autoSave": true,
    "autoSaveDelay": 1000,
    "enableCompression": false,
    "maxSessions": 1000,
    "maxSessionAge": 2592000000,
    "enableEncryption": false,
    "serialization": {
      "prettyPrint": false,
      "includeMetadata": true
    }
  }
}

[90mstdout[2m | tests/unit/file-store.test.ts[2m > [22m[2mFileSessionStore[2m > [22m[2mloadSession[2m > [22m[2mshould preserve Date objects[22m[39m
[2025-11-19T03:56:37.999Z] INFO: FileSessionStore closed

[90mstdout[2m | tests/unit/file-store.test.ts[2m > [22m[2mFileSessionStore[2m > [22m[2mloadSession[2m > [22m[2mshould preserve Map objects[22m[39m
[2025-11-19T03:56:38.016Z] INFO: FileSessionStore initialized
  Context: {
  "baseDir": "C:\\Users\\danie\\AppData\\Local\\Temp\\deepthinking-test-a374f0c4-63f6-461d-8044-42bf5c91e29d",
  "config": {
    "autoSave": true,
    "autoSaveDelay": 1000,
    "enableCompression": false,
    "maxSessions": 1000,
    "maxSessionAge": 2592000000,
    "enableEncryption": false,
    "serialization": {
      "prettyPrint": false,
      "includeMetadata": true
    }
  }
}

[90mstdout[2m | tests/unit/file-store.test.ts[2m > [22m[2mFileSessionStore[2m > [22m[2mloadSession[2m > [22m[2mshould preserve Map objects[22m[39m
[2025-11-19T03:56:38.026Z] INFO: FileSessionStore closed

[90mstdout[2m | tests/unit/file-store.test.ts[2m > [22m[2mFileSessionStore[2m > [22m[2mdeleteSession[2m > [22m[2mshould delete an existing session[22m[39m
[2025-11-19T03:56:38.048Z] INFO: FileSessionStore initialized
  Context: {
  "baseDir": "C:\\Users\\danie\\AppData\\Local\\Temp\\deepthinking-test-f58a5a5a-50a5-463b-970f-1096e971f79e",
  "config": {
    "autoSave": true,
    "autoSaveDelay": 1000,
    "enableCompression": false,
    "maxSessions": 1000,
    "maxSessionAge": 2592000000,
    "enableEncryption": false,
    "serialization": {
      "prettyPrint": false,
      "includeMetadata": true
    }
  }
}

[90mstdout[2m | tests/unit/file-store.test.ts[2m > [22m[2mFileSessionStore[2m > [22m[2mdeleteSession[2m > [22m[2mshould delete an existing session[22m[39m
[2025-11-19T03:56:38.063Z] INFO: Session deleted
  Context: {
  "sessionId": "590c35ed-9d8d-4b3b-8a4d-4842c0d227d9"
}

[90mstdout[2m | tests/unit/file-store.test.ts[2m > [22m[2mFileSessionStore[2m > [22m[2mdeleteSession[2m > [22m[2mshould delete an existing session[22m[39m
[2025-11-19T03:56:38.067Z] INFO: FileSessionStore closed

[90mstdout[2m | tests/unit/file-store.test.ts[2m > [22m[2mFileSessionStore[2m > [22m[2mdeleteSession[2m > [22m[2mshould return false for non-existent session[22m[39m
[2025-11-19T03:56:38.110Z] INFO: FileSessionStore initialized
  Context: {
  "baseDir": "C:\\Users\\danie\\AppData\\Local\\Temp\\deepthinking-test-1e0ba721-f655-40ab-b6de-08ecd325b6bb",
  "config": {
    "autoSave": true,
    "autoSaveDelay": 1000,
    "enableCompression": false,
    "maxSessions": 1000,
    "maxSessionAge": 2592000000,
    "enableEncryption": false,
    "serialization": {
      "prettyPrint": false,
      "includeMetadata": true
    }
  }
}

[90mstdout[2m | tests/unit/file-store.test.ts[2m > [22m[2mFileSessionStore[2m > [22m[2mdeleteSession[2m > [22m[2mshould return false for non-existent session[22m[39m
[2025-11-19T03:56:38.112Z] INFO: FileSessionStore closed

[90mstdout[2m | tests/unit/file-store.test.ts[2m > [22m[2mFileSessionStore[2m > [22m[2mdeleteSession[2m > [22m[2mshould update metadata index after deletion[22m[39m
[2025-11-19T03:56:38.131Z] INFO: FileSessionStore initialized
  Context: {
  "baseDir": "C:\\Users\\danie\\AppData\\Local\\Temp\\deepthinking-test-eb7437f1-a86a-48de-bf76-b1958330d469",
  "config": {
    "autoSave": true,
    "autoSaveDelay": 1000,
    "enableCompression": false,
    "maxSessions": 1000,
    "maxSessionAge": 2592000000,
    "enableEncryption": false,
    "serialization": {
      "prettyPrint": false,
      "includeMetadata": true
    }
  }
}

[90mstdout[2m | tests/unit/file-store.test.ts[2m > [22m[2mFileSessionStore[2m > [22m[2mdeleteSession[2m > [22m[2mshould update metadata index after deletion[22m[39m
[2025-11-19T03:56:38.146Z] INFO: Session deleted
  Context: {
  "sessionId": "407af9cb-21d5-4d51-b294-a52038bd4aeb"
}
[2025-11-19T03:56:38.147Z] INFO: FileSessionStore closed

[90mstdout[2m | tests/unit/file-store.test.ts[2m > [22m[2mFileSessionStore[2m > [22m[2mlistSessions[2m > [22m[2mshould list all sessions[22m[39m
[2025-11-19T03:56:38.157Z] INFO: FileSessionStore initialized
  Context: {
  "baseDir": "C:\\Users\\danie\\AppData\\Local\\Temp\\deepthinking-test-8e464def-b9bd-4111-b307-dce768919fc7",
  "config": {
    "autoSave": true,
    "autoSaveDelay": 1000,
    "enableCompression": false,
    "maxSessions": 1000,
    "maxSessionAge": 2592000000,
    "enableEncryption": false,
    "serialization": {
      "prettyPrint": false,
      "includeMetadata": true
    }
  }
}

[90mstdout[2m | tests/unit/file-store.test.ts[2m > [22m[2mFileSessionStore[2m > [22m[2mlistSessions[2m > [22m[2mshould list all sessions[22m[39m
[2025-11-19T03:56:38.171Z] INFO: FileSessionStore closed

[90mstdout[2m | tests/unit/file-store.test.ts[2m > [22m[2mFileSessionStore[2m > [22m[2mlistSessions[2m > [22m[2mshould return empty array when no sessions exist[22m[39m
[2025-11-19T03:56:38.182Z] INFO: FileSessionStore initialized
  Context: {
  "baseDir": "C:\\Users\\danie\\AppData\\Local\\Temp\\deepthinking-test-92b2cdd6-28a2-415a-8fd1-4ebd1150f30c",
  "config": {
    "autoSave": true,
    "autoSaveDelay": 1000,
    "enableCompression": false,
    "maxSessions": 1000,
    "maxSessionAge": 2592000000,
    "enableEncryption": false,
    "serialization": {
      "prettyPrint": false,
      "includeMetadata": true
    }
  }
}
[2025-11-19T03:56:38.183Z] INFO: FileSessionStore closed

[90mstdout[2m | tests/unit/file-store.test.ts[2m > [22m[2mFileSessionStore[2m > [22m[2mlistSessions[2m > [22m[2mshould include correct metadata fields[22m[39m
[2025-11-19T03:56:38.195Z] INFO: FileSessionStore initialized
  Context: {
  "baseDir": "C:\\Users\\danie\\AppData\\Local\\Temp\\deepthinking-test-db9fc81b-01dc-4188-b533-ec2405463ae1",
  "config": {
    "autoSave": true,
    "autoSaveDelay": 1000,
    "enableCompression": false,
    "maxSessions": 1000,
    "maxSessionAge": 2592000000,
    "enableEncryption": false,
    "serialization": {
      "prettyPrint": false,
      "includeMetadata": true
    }
  }
}

[90mstdout[2m | tests/unit/file-store.test.ts[2m > [22m[2mFileSessionStore[2m > [22m[2mlistSessions[2m > [22m[2mshould include correct metadata fields[22m[39m
[2025-11-19T03:56:38.201Z] INFO: FileSessionStore closed

[90mstdout[2m | tests/unit/file-store.test.ts[2m > [22m[2mFileSessionStore[2m > [22m[2mexists[2m > [22m[2mshould return true for existing session[22m[39m
[2025-11-19T03:56:38.210Z] INFO: FileSessionStore initialized
  Context: {
  "baseDir": "C:\\Users\\danie\\AppData\\Local\\Temp\\deepthinking-test-f6db2cfe-3072-4913-ac0b-a9c91ba2dd91",
  "config": {
    "autoSave": true,
    "autoSaveDelay": 1000,
    "enableCompression": false,
    "maxSessions": 1000,
    "maxSessionAge": 2592000000,
    "enableEncryption": false,
    "serialization": {
      "prettyPrint": false,
      "includeMetadata": true
    }
  }
}

[90mstdout[2m | tests/unit/file-store.test.ts[2m > [22m[2mFileSessionStore[2m > [22m[2mexists[2m > [22m[2mshould return true for existing session[22m[39m
[2025-11-19T03:56:38.214Z] INFO: FileSessionStore closed

[90mstdout[2m | tests/unit/file-store.test.ts[2m > [22m[2mFileSessionStore[2m > [22m[2mexists[2m > [22m[2mshould return false for non-existent session[22m[39m
[2025-11-19T03:56:38.225Z] INFO: FileSessionStore initialized
  Context: {
  "baseDir": "C:\\Users\\danie\\AppData\\Local\\Temp\\deepthinking-test-3b599ed8-8158-41d0-8648-56f7a9ac824f",
  "config": {
    "autoSave": true,
    "autoSaveDelay": 1000,
    "enableCompression": false,
    "maxSessions": 1000,
    "maxSessionAge": 2592000000,
    "enableEncryption": false,
    "serialization": {
      "prettyPrint": false,
      "includeMetadata": true
    }
  }
}
[2025-11-19T03:56:38.226Z] INFO: FileSessionStore closed

[90mstdout[2m | tests/unit/file-store.test.ts[2m > [22m[2mFileSessionStore[2m > [22m[2mgetStats[2m > [22m[2mshould return storage statistics[22m[39m
[2025-11-19T03:56:38.234Z] INFO: FileSessionStore initialized
  Context: {
  "baseDir": "C:\\Users\\danie\\AppData\\Local\\Temp\\deepthinking-test-1e59e0b1-7b52-432f-acea-d9dfe42e0f3a",
  "config": {
    "autoSave": true,
    "autoSaveDelay": 1000,
    "enableCompression": false,
    "maxSessions": 1000,
    "maxSessionAge": 2592000000,
    "enableEncryption": false,
    "serialization": {
      "prettyPrint": false,
      "includeMetadata": true
    }
  }
}

[90mstdout[2m | tests/unit/file-store.test.ts[2m > [22m[2mFileSessionStore[2m > [22m[2mgetStats[2m > [22m[2mshould return storage statistics[22m[39m
[2025-11-19T03:56:38.247Z] INFO: FileSessionStore closed

[90mstdout[2m | tests/unit/file-store.test.ts[2m > [22m[2mFileSessionStore[2m > [22m[2mgetStats[2m > [22m[2mshould calculate total thoughts correctly[22m[39m
[2025-11-19T03:56:38.259Z] INFO: FileSessionStore initialized
  Context: {
  "baseDir": "C:\\Users\\danie\\AppData\\Local\\Temp\\deepthinking-test-e0aa42e2-345e-47b0-8e9b-7c6dacc62f5f",
  "config": {
    "autoSave": true,
    "autoSaveDelay": 1000,
    "enableCompression": false,
    "maxSessions": 1000,
    "maxSessionAge": 2592000000,
    "enableEncryption": false,
    "serialization": {
      "prettyPrint": false,
      "includeMetadata": true
    }
  }
}

[90mstdout[2m | tests/unit/file-store.test.ts[2m > [22m[2mFileSessionStore[2m > [22m[2mgetStats[2m > [22m[2mshould calculate total thoughts correctly[22m[39m
[2025-11-19T03:56:38.270Z] INFO: FileSessionStore closed

[90mstdout[2m | tests/unit/file-store.test.ts[2m > [22m[2mFileSessionStore[2m > [22m[2mgetStats[2m > [22m[2mshould identify storage health status[22m[39m
[2025-11-19T03:56:38.282Z] INFO: FileSessionStore initialized
  Context: {
  "baseDir": "C:\\Users\\danie\\AppData\\Local\\Temp\\deepthinking-test-bab500f5-5cb2-45c6-97e8-ef7339e1a7ee",
  "config": {
    "autoSave": true,
    "autoSaveDelay": 1000,
    "enableCompression": false,
    "maxSessions": 1000,
    "maxSessionAge": 2592000000,
    "enableEncryption": false,
    "serialization": {
      "prettyPrint": false,
      "includeMetadata": true
    }
  }
}

[90mstdout[2m | tests/unit/file-store.test.ts[2m > [22m[2mFileSessionStore[2m > [22m[2mgetStats[2m > [22m[2mshould identify storage health status[22m[39m
[2025-11-19T03:56:38.288Z] INFO: FileSessionStore initialized
  Context: {
  "baseDir": "C:\\Users\\danie\\AppData\\Local\\Temp\\deepthinking-test-bab500f5-5cb2-45c6-97e8-ef7339e1a7ee",
  "config": {
    "autoSave": true,
    "autoSaveDelay": 1000,
    "enableCompression": false,
    "maxSessions": 10,
    "maxSessionAge": 2592000000,
    "enableEncryption": false,
    "serialization": {
      "prettyPrint": false,
      "includeMetadata": true
    }
  }
}

[90mstdout[2m | tests/unit/file-store.test.ts[2m > [22m[2mFileSessionStore[2m > [22m[2mgetStats[2m > [22m[2mshould identify storage health status[22m[39m
[2025-11-19T03:56:38.334Z] INFO: FileSessionStore closed
[2025-11-19T03:56:38.334Z] INFO: FileSessionStore closed

[90mstdout[2m | tests/unit/file-store.test.ts[2m > [22m[2mFileSessionStore[2m > [22m[2mcleanup[2m > [22m[2mshould clean up old sessions[22m[39m
[2025-11-19T03:56:38.346Z] INFO: FileSessionStore initialized
  Context: {
  "baseDir": "C:\\Users\\danie\\AppData\\Local\\Temp\\deepthinking-test-91c5a9ad-cf2f-43cd-b861-d70f9ef2592f",
  "config": {
    "autoSave": true,
    "autoSaveDelay": 1000,
    "enableCompression": false,
    "maxSessions": 1000,
    "maxSessionAge": 2592000000,
    "enableEncryption": false,
    "serialization": {
      "prettyPrint": false,
      "includeMetadata": true
    }
  }
}

[90mstdout[2m | tests/unit/file-store.test.ts[2m > [22m[2mFileSessionStore[2m > [22m[2mcleanup[2m > [22m[2mshould clean up old sessions[22m[39m
[2025-11-19T03:56:38.360Z] INFO: Session deleted
  Context: {
  "sessionId": "5701f80c-fff4-413e-ba58-e178a3c4faae"
}
[2025-11-19T03:56:38.360Z] INFO: Cleanup completed
  Context: {
  "cleanedCount": 1,
  "maxAgeMs": 604800000,
  "remaining": 1
}
[2025-11-19T03:56:38.361Z] INFO: FileSessionStore closed

[90mstdout[2m | tests/unit/file-store.test.ts[2m > [22m[2mFileSessionStore[2m > [22m[2mcleanup[2m > [22m[2mshould return 0 when no sessions need cleanup[22m[39m
[2025-11-19T03:56:38.371Z] INFO: FileSessionStore initialized
  Context: {
  "baseDir": "C:\\Users\\danie\\AppData\\Local\\Temp\\deepthinking-test-c1f3fee7-5387-400d-9c33-2f7e0fc1f6f1",
  "config": {
    "autoSave": true,
    "autoSaveDelay": 1000,
    "enableCompression": false,
    "maxSessions": 1000,
    "maxSessionAge": 2592000000,
    "enableEncryption": false,
    "serialization": {
      "prettyPrint": false,
      "includeMetadata": true
    }
  }
}

[90mstdout[2m | tests/unit/file-store.test.ts[2m > [22m[2mFileSessionStore[2m > [22m[2mcleanup[2m > [22m[2mshould return 0 when no sessions need cleanup[22m[39m
[2025-11-19T03:56:38.376Z] INFO: FileSessionStore closed

[90mstdout[2m | tests/unit/file-store.test.ts[2m > [22m[2mFileSessionStore[2m > [22m[2mconcurrent operations[2m > [22m[2mshould handle concurrent saves[22m[39m
[2025-11-19T03:56:38.386Z] INFO: FileSessionStore initialized
  Context: {
  "baseDir": "C:\\Users\\danie\\AppData\\Local\\Temp\\deepthinking-test-b557d6ea-ab81-4e14-bc3b-6f313193db89",
  "config": {
    "autoSave": true,
    "autoSaveDelay": 1000,
    "enableCompression": false,
    "maxSessions": 1000,
    "maxSessionAge": 2592000000,
    "enableEncryption": false,
    "serialization": {
      "prettyPrint": false,
      "includeMetadata": true
    }
  }
}

[90mstdout[2m | tests/unit/file-store.test.ts[2m > [22m[2mFileSessionStore[2m > [22m[2mconcurrent operations[2m > [22m[2mshould handle concurrent saves[22m[39m
[2025-11-19T03:56:38.408Z] INFO: FileSessionStore closed

[90mstdout[2m | tests/unit/file-store.test.ts[2m > [22m[2mFileSessionStore[2m > [22m[2mconcurrent operations[2m > [22m[2mshould handle concurrent reads[22m[39m
[2025-11-19T03:56:38.429Z] INFO: FileSessionStore initialized
  Context: {
  "baseDir": "C:\\Users\\danie\\AppData\\Local\\Temp\\deepthinking-test-6c53209a-ee63-4006-956a-1eb271ce2a22",
  "config": {
    "autoSave": true,
    "autoSaveDelay": 1000,
    "enableCompression": false,
    "maxSessions": 1000,
    "maxSessionAge": 2592000000,
    "enableEncryption": false,
    "serialization": {
      "prettyPrint": false,
      "includeMetadata": true
    }
  }
}

[90mstdout[2m | tests/unit/file-store.test.ts[2m > [22m[2mFileSessionStore[2m > [22m[2mconcurrent operations[2m > [22m[2mshould handle concurrent reads[22m[39m
[2025-11-19T03:56:38.447Z] INFO: FileSessionStore closed

[90mstdout[2m | tests/unit/file-store.test.ts[2m > [22m[2mFileSessionStore[2m > [22m[2merror handling[2m > [22m[2mshould handle invalid session data gracefully[22m[39m
[2025-11-19T03:56:38.470Z] INFO: FileSessionStore initialized
  Context: {
  "baseDir": "C:\\Users\\danie\\AppData\\Local\\Temp\\deepthinking-test-1cc6144f-fd9f-486f-9c4b-b4954a8ceb98",
  "config": {
    "autoSave": true,
    "autoSaveDelay": 1000,
    "enableCompression": false,
    "maxSessions": 1000,
    "maxSessionAge": 2592000000,
    "enableEncryption": false,
    "serialization": {
      "prettyPrint": false,
      "includeMetadata": true
    }
  }
}

[90mstderr[2m | tests/unit/file-store.test.ts[2m > [22m[2mFileSessionStore[2m > [22m[2merror handling[2m > [22m[2mshould handle invalid session data gracefully[22m[39m
[2025-11-19T03:56:38.561Z] ERROR: Failed to load session
  Context: {
  "sessionId": "56f518c6-e938-4d3e-b995-545c668a3625"
}
  Error: Unexpected token 'i', "invalid json {{{" is not valid JSON
  Stack: SyntaxError: Unexpected token 'i', "invalid json {{{" is not valid JSON
    at JSON.parse (<anonymous>)
    at FileSessionStore.loadSession (C:\mcp-servers\deepthinking-mcp\src\session\storage\file-store.ts:124:27)
    at C:\mcp-servers\deepthinking-mcp\tests\unit\file-store.test.ts:455:22
    at runTest (file:///C:/mcp-servers/deepthinking-mcp/node_modules/@vitest/runner/dist/index.js:781:11)
    at runSuite (file:///C:/mcp-servers/deepthinking-mcp/node_modules/@vitest/runner/dist/index.js:909:15)
    at runSuite (file:///C:/mcp-servers/deepthinking-mcp/node_modules/@vitest/runner/dist/index.js:909:15)
    at runSuite (file:///C:/mcp-servers/deepthinking-mcp/node_modules/@vitest/runner/dist/index.js:909:15)
    at runFiles (file:///C:/mcp-servers/deepthinking-mcp/node_modules/@vitest/runner/dist/index.js:958:5)
    at startTests (file:///C:/mcp-servers/deepthinking-mcp/node_modules/@vitest/runner/dist/index.js:967:3)
    at file:///C:/mcp-servers/deepthinking-mcp/node_modules/vitest/dist/chunks/runtime-runBaseTests.oAvMKtQC.js:116:7

[90mstdout[2m | tests/unit/file-store.test.ts[2m > [22m[2mFileSessionStore[2m > [22m[2merror handling[2m > [22m[2mshould handle invalid session data gracefully[22m[39m
[2025-11-19T03:56:38.588Z] INFO: FileSessionStore closed

[90mstdout[2m | tests/unit/file-store.test.ts[2m > [22m[2mFileSessionStore[2m > [22m[2merror handling[2m > [22m[2mshould handle operations before initialization[22m[39m
[2025-11-19T03:56:38.633Z] INFO: FileSessionStore initialized
  Context: {
  "baseDir": "C:\\Users\\danie\\AppData\\Local\\Temp\\deepthinking-test-a1b789bc-d71d-4266-95a6-56f31bfd7080",
  "config": {
    "autoSave": true,
    "autoSaveDelay": 1000,
    "enableCompression": false,
    "maxSessions": 1000,
    "maxSessionAge": 2592000000,
    "enableEncryption": false,
    "serialization": {
      "prettyPrint": false,
      "includeMetadata": true
    }
  }
}

[90mstdout[2m | tests/unit/file-store.test.ts[2m > [22m[2mFileSessionStore[2m > [22m[2merror handling[2m > [22m[2mshould handle operations before initialization[22m[39m
[2025-11-19T03:56:38.653Z] INFO: FileSessionStore initialized
  Context: {
  "baseDir": "C:\\Users\\danie\\AppData\\Local\\Temp\\deepthinking-test-a1b789bc-d71d-4266-95a6-56f31bfd7080",
  "config": {
    "autoSave": true,
    "autoSaveDelay": 1000,
    "enableCompression": false,
    "maxSessions": 1000,
    "maxSessionAge": 2592000000,
    "enableEncryption": false,
    "serialization": {
      "prettyPrint": false,
      "includeMetadata": true
    }
  }
}

[90mstdout[2m | tests/unit/file-store.test.ts[2m > [22m[2mFileSessionStore[2m > [22m[2merror handling[2m > [22m[2mshould handle operations before initialization[22m[39m
[2025-11-19T03:56:38.671Z] INFO: FileSessionStore closed
[2025-11-19T03:56:38.671Z] INFO: FileSessionStore closed

 [32m✓[39m tests/unit/file-store.test.ts [2m ([22m[2m27 tests[22m[2m)[22m[33m 937[2mms[22m[39m

[2m Test Files [22m [1m[32m1 passed[39m[22m[90m (1)[39m
[2m      Tests [22m [1m[32m27 passed[39m[22m[90m (27)[39m
[2m   Start at [22m 22:56:36
[2m   Duration [22m 1.59s


[1m[7m[32m PASS [39m[27m[22m[32m Waiting for file changes...[39m
       [2mpress [22m[1mh[22m[2m to show help[22m[2m, [22m[2mpress [22m[1mq[22m[2m to quit[22m
       [34mrerun x12[39m
[2K[1A[2K[G       [90mrerun x12[39m
[2K[1A[2K[G       [2m[90mrerun x12[39m[22m
[2K[1A[2K[G[3Jc
[7m[1m[34m RERUN [39m[22m[27m[2m src/types/modes/temporal.ts[22m [34mx11[39m

 [32m✓[39m tests/unit/temporal.test.ts [2m ([22m[2m19 tests[22m[2m)[22m[90m 57[2mms[22m[39m

[2m Test Files [22m [1m[32m1 passed[39m[22m[90m (1)[39m
[2m      Tests [22m [1m[32m19 passed[39m[22m[90m (19)[39m
[2m   Start at [22m 22:59:39
[2m   Duration [22m 279ms


[1m[7m[32m PASS [39m[27m[22m[32m Waiting for file changes...[39m
       [2mpress [22m[1mh[22m[2m to show help[22m[2m, [22m[2mpress [22m[1mq[22m[2m to quit[22m
       [34mrerun x11[39m
[2K[1A[2K[G[3Jc
[7m[1m[34m RERUN [39m[22m[27m[2m src/types/modes/gametheory.ts[22m [34mx9[39m

 [32m✓[39m tests/unit/gametheory.test.ts [2m ([22m[2m17 tests[22m[2m)[22m[90m 77[2mms[22m[39m

[2m Test Files [22m [1m[32m1 passed[39m[22m[90m (1)[39m
[2m      Tests [22m [1m[32m17 passed[39m[22m[90m (17)[39m
[2m   Start at [22m 22:59:41
[2m   Duration [22m 2.35s


[1m[7m[32m PASS [39m[27m[22m[32m Waiting for file changes...[39m
       [2mpress [22m[1mh[22m[2m to show help[22m[2m, [22m[2mpress [22m[1mq[22m[2m to quit[22m
       [34mrerun x9[39m
[2K[1A[2K[G       [90mrerun x9[39m
[2K[1A[2K[G       [2m[90mrerun x9[39m[22m
[2K[1A[2K[G[3Jc
[7m[1m[34m RERUN [39m[22m[27m[2m src/types/modes/temporal.ts[22m [34mx12[39m

 [32m✓[39m tests/unit/temporal.test.ts [2m ([22m[2m19 tests[22m[2m)[22m[90m 73[2mms[22m[39m

[2m Test Files [22m [1m[32m1 passed[39m[22m[90m (1)[39m
[2m      Tests [22m [1m[32m19 passed[39m[22m[90m (19)[39m
[2m   Start at [22m 23:00:53
[2m   Duration [22m 1.30s


[1m[7m[32m PASS [39m[27m[22m[32m Waiting for file changes...[39m
       [2mpress [22m[1mh[22m[2m to show help[22m[2m, [22m[2mpress [22m[1mq[22m[2m to quit[22m
       [34mrerun x12[39m
[2K[1A[2K[G[3Jc
[7m[1m[34m RERUN [39m[22m[27m[2m src/types/modes/gametheory.ts[22m [34mx10[39m

 [32m✓[39m tests/unit/gametheory.test.ts [2m ([22m[2m17 tests[22m[2m)[22m[90m 57[2mms[22m[39m

[2m Test Files [22m [1m[32m1 passed[39m[22m[90m (1)[39m
[2m      Tests [22m [1m[32m17 passed[39m[22m[90m (17)[39m
[2m   Start at [22m 23:00:55
[2m   Duration [22m 549ms


[1m[7m[32m PASS [39m[27m[22m[32m Waiting for file changes...[39m
       [2mpress [22m[1mh[22m[2m to show help[22m[2m, [22m[2mpress [22m[1mq[22m[2m to quit[22m
       [34mrerun x10[39m
[2K[1A[2K[G       [90mrerun x10[39m
[2K[1A[2K[G       [2m[90mrerun x10[39m[22m
[2K[1A[2K[G[3Jc
[7m[1m[34m RERUN [39m[22m[27m[2m src/utils/errors.ts[22m

[90mstdout[2m | tests/benchmarks/metrics-performance.test.ts[2m > [22m[2mMetrics Performance Benchmark[2m > [22m[2mshould show performance improvement with incremental calculation[22m[39m
[2025-11-19T04:03:09.227Z] INFO: Session created
  Context: {
  "sessionId": "6adbe5ea-119a-4351-a3de-91007cc79612",
  "title": "Performance Test",
  "mode": "sequential"
}

📊 Benchmark: Adding 1000 thoughts with uncertainty tracking
[2025-11-19T04:03:09.255Z] INFO: Session completed
  Context: {
  "sessionId": "6adbe5ea-119a-4351-a3de-91007cc79612",
  "title": "Performance Test",
  "totalThoughts": 1000
}
✅ Total time: 51.71ms
✅ Average time per thought: 0.0517ms
✅ Expected average uncertainty: 0.506787
✅ Actual average uncertainty: 0.506787
✅ Accuracy verified: PASS

🎯 Performance: EXCELLENT

[90mstdout[2m | tests/benchmarks/metrics-performance.test.ts[2m > [22m[2mMetrics Performance Benchmark[2m > [22m[2mshould maintain O(1) complexity regardless of session size[22m[39m

📈 Complexity Analysis: Testing O(1) behavior
[2025-11-19T04:03:09.291Z] INFO: Session created
  Context: {
  "sessionId": "b4852b3f-050d-4df3-bfae-b747c3369339",
  "title": "Test Session 100",
  "mode": "sequential"
}
[2025-11-19T04:03:09.294Z] INFO: Session completed
  Context: {
  "sessionId": "b4852b3f-050d-4df3-bfae-b747c3369339",
  "title": "Test Session 100",
  "totalThoughts": 100
}
  Session size 100: 0.0311ms per thought
[2025-11-19T04:03:09.295Z] INFO: Session created
  Context: {
  "sessionId": "39ba9cfa-e11c-4d26-b2d4-d2109ca03508",
  "title": "Test Session 500",
  "mode": "sequential"
}
[2025-11-19T04:03:09.338Z] INFO: Session completed
  Context: {
  "sessionId": "39ba9cfa-e11c-4d26-b2d4-d2109ca03508",
  "title": "Test Session 500",
  "totalThoughts": 500
}
  Session size 500: 0.0067ms per thought
[2025-11-19T04:03:09.338Z] INFO: Session created
  Context: {
  "sessionId": "289ba5d0-1a77-4e15-9ebc-a8c5af199071",
  "title": "Test Session 1000",
  "mode": "sequential"
}
[2025-11-19T04:03:09.346Z] INFO: Session completed
  Context: {
  "sessionId": "289ba5d0-1a77-4e15-9ebc-a8c5af199071",
  "title": "Test Session 1000",
  "totalThoughts": 1000
}
  Session size 1000: 0.0070ms per thought

  Min: 0.0067ms, Max: 0.0311ms, Overall Ratio: 4.61x
  Ratio (500 vs 1000): 1.04x
  Complexity: O(1) ✅

 [32m✓[39m tests/benchmarks/metrics-performance.test.ts [2m ([22m[2m2 tests[22m[2m)[22m[90m 130[2mms[22m[39m
[90mstdout[2m | tests/integration/mcp-protocol.test.ts[2m > [22m[2mMCP Protocol Compliance[2m > [22m[2mMCP Response Format Compliance[2m > [22m[2mshould return MCP-compliant response for successful operation[22m[39m
[2025-11-19T04:03:09.561Z] INFO: Session created
  Context: {
  "sessionId": "ef08d591-3e49-4b3b-847a-f47ae83fef33",
  "title": "Test Session",
  "mode": "sequential"
}

 [32m✓[39m tests/integration/mcp-protocol.test.ts [2m ([22m[2m43 tests[22m[2m)[22m[90m 120[2mms[22m[39m
 [32m✓[39m tests/unit/errors.test.ts [2m ([22m[2m13 tests[22m[2m)[22m[90m 66[2mms[22m[39m
 [32m✓[39m tests/unit/session-manager.test.ts [2m ([22m[2m16 tests[22m[2m)[22m[33m 622[2mms[22m[39m
[90mstdout[2m | tests/unit/session-manager.test.ts[2m > [22m[2mSessionManager[2m > [22m[2mcreateSession[2m > [22m[2mshould create a new session with default values[22m[39m
[2025-11-19T04:03:12.522Z] INFO: Session created
  Context: {
  "sessionId": "f0736728-c5c6-48ce-b763-68f4ee651e01",
  "title": "Untitled Session",
  "mode": "hybrid"
}

[90mstdout[2m | tests/unit/session-manager.test.ts[2m > [22m[2mSessionManager[2m > [22m[2mcreateSession[2m > [22m[2mshould create a session with custom options[22m[39m
[2025-11-19T04:03:12.538Z] INFO: Session created
  Context: {
  "sessionId": "8a3f08b3-5957-4fc7-a792-af356b70bdae",
  "title": "My Problem",
  "mode": "mathematics",
  "domain": "number_theory",
  "author": "Test User"
}

[90mstdout[2m | tests/unit/session-manager.test.ts[2m > [22m[2mSessionManager[2m > [22m[2mcreateSession[2m > [22m[2mshould initialize metrics correctly[22m[39m
[2025-11-19T04:03:12.539Z] INFO: Session created
  Context: {
  "sessionId": "0ece2bfd-8133-4aac-9cf9-6a61d39a32e5",
  "title": "Untitled Session",
  "mode": "hybrid"
}

[90mstdout[2m | tests/unit/session-manager.test.ts[2m > [22m[2mSessionManager[2m > [22m[2mgetSession[2m > [22m[2mshould retrieve an existing session[22m[39m
[2025-11-19T04:03:12.542Z] INFO: Session created
  Context: {
  "sessionId": "fae5c955-5ed8-4c93-a4cf-01e216023532",
  "title": "Test Session",
  "mode": "hybrid"
}

[90mstdout[2m | tests/unit/session-manager.test.ts[2m > [22m[2mSessionManager[2m > [22m[2maddThought[2m > [22m[2mshould add a sequential thought to session[22m[39m
[2025-11-19T04:03:12.544Z] INFO: Session created
  Context: {
  "sessionId": "7c679b07-d616-4bc7-ab52-bd98e2c8dafe",
  "title": "Untitled Session",
  "mode": "sequential"
}

[90mstdout[2m | tests/unit/session-manager.test.ts[2m > [22m[2mSessionManager[2m > [22m[2maddThought[2m > [22m[2mshould mark session as complete when nextThoughtNeeded is false[22m[39m
[2025-11-19T04:03:12.548Z] INFO: Session created
  Context: {
  "sessionId": "7877012c-6b8b-4919-9b09-154a25789ec5",
  "title": "Untitled Session",
  "mode": "hybrid"
}
[2025-11-19T04:03:12.548Z] INFO: Session completed
  Context: {
  "sessionId": "7877012c-6b8b-4919-9b09-154a25789ec5",
  "title": "Untitled Session",
  "totalThoughts": 1
}

[90mstdout[2m | tests/unit/session-manager.test.ts[2m > [22m[2mSessionManager[2m > [22m[2maddThought[2m > [22m[2mshould track revisions in metrics[22m[39m
[2025-11-19T04:03:12.549Z] INFO: Session created
  Context: {
  "sessionId": "a39322e2-4053-4d34-aa51-4c1e5b6db510",
  "title": "Untitled Session",
  "mode": "hybrid"
}

[90mstdout[2m | tests/unit/session-manager.test.ts[2m > [22m[2mSessionManager[2m > [22m[2maddThought[2m > [22m[2mshould calculate average uncertainty for Shannon thoughts[22m[39m
[2025-11-19T04:03:12.551Z] INFO: Session created
  Context: {
  "sessionId": "b1dde6b9-52e7-42b8-b49d-359075f2ba89",
  "title": "Untitled Session",
  "mode": "shannon"
}

[90mstderr[2m | tests/unit/session-manager.test.ts[2m > [22m[2mSessionManager[2m > [22m[2maddThought[2m > [22m[2mshould throw error for non-existent session[22m[39m
[2025-11-19T04:03:12.687Z] ERROR: Session not found
  Context: {
  "sessionId": "00000000-0000-4000-8000-000000000000"
}

[90mstdout[2m | tests/unit/session-manager.test.ts[2m > [22m[2mSessionManager[2m > [22m[2mswitchMode[2m > [22m[2mshould switch session mode[22m[39m
[2025-11-19T04:03:12.695Z] INFO: Session created
  Context: {
  "sessionId": "c751cab8-f8ee-4717-95c9-a77438d917dc",
  "title": "Untitled Session",
  "mode": "sequential"
}
[2025-11-19T04:03:12.696Z] INFO: Session mode switched
  Context: {
  "sessionId": "c751cab8-f8ee-4717-95c9-a77438d917dc",
  "oldMode": "sequential",
  "newMode": "shannon",
  "reason": "Need systematic approach"
}

[90mstderr[2m | tests/unit/session-manager.test.ts[2m > [22m[2mSessionManager[2m > [22m[2mswitchMode[2m > [22m[2mshould throw error for non-existent session[22m[39m
[2025-11-19T04:03:12.697Z] ERROR: Session not found
  Context: {
  "sessionId": "00000000-0000-4000-8000-000000000000"
}

[90mstdout[2m | tests/unit/session-manager.test.ts[2m > [22m[2mSessionManager[2m > [22m[2mlistSessions[2m > [22m[2mshould list all sessions[22m[39m
[2025-11-19T04:03:12.699Z] INFO: Session created
  Context: {
  "sessionId": "79e89b2f-93d8-486c-b77e-e5699aacd8ea",
  "title": "Session 1",
  "mode": "hybrid"
}
[2025-11-19T04:03:12.699Z] INFO: Session created
  Context: {
  "sessionId": "d9a82248-c8bf-48a1-ae99-9e5b9e5749b8",
  "title": "Session 2",
  "mode": "hybrid"
}
[2025-11-19T04:03:12.699Z] INFO: Session created
  Context: {
  "sessionId": "8d49c88a-c5f0-4a28-bb0d-ee21d606e7aa",
  "title": "Session 3",
  "mode": "hybrid"
}

[90mstdout[2m | tests/unit/session-manager.test.ts[2m > [22m[2mSessionManager[2m > [22m[2mdeleteSession[2m > [22m[2mshould delete a session[22m[39m
[2025-11-19T04:03:12.931Z] INFO: Session created
  Context: {
  "sessionId": "245d8f29-c4aa-4bda-9877-f1a5e6a60758",
  "title": "Untitled Session",
  "mode": "hybrid"
}
[2025-11-19T04:03:12.931Z] INFO: Session deleted
  Context: {
  "sessionId": "245d8f29-c4aa-4bda-9877-f1a5e6a60758",
  "title": "Untitled Session",
  "thoughtCount": 0
}

[90mstdout[2m | tests/unit/session-manager.test.ts[2m > [22m[2mSessionManager[2m > [22m[2mgenerateSummary[2m > [22m[2mshould generate a summary of session[22m[39m
[2025-11-19T04:03:12.932Z] INFO: Session created
  Context: {
  "sessionId": "bfe44086-df80-4311-b769-94833f7bfead",
  "title": "Test Problem",
  "mode": "hybrid"
}
[2025-11-19T04:03:12.933Z] INFO: Session completed
  Context: {
  "sessionId": "bfe44086-df80-4311-b769-94833f7bfead",
  "title": "Test Problem",
  "totalThoughts": 1
}

 [32m✓[39m tests/integration/multi-session.test.ts [2m ([22m[2m18 tests[22m[2m)[22m[33m 682[2mms[22m[39m
[90mstdout[2m | tests/integration/multi-session.test.ts[2m > [22m[2mMulti-Session and Concurrent Scenarios[2m > [22m[2mMultiple Session Management[2m > [22m[2mshould create and manage multiple sessions independently[22m[39m
[2025-11-19T04:03:13.704Z] INFO: Session created
  Context: {
  "sessionId": "389334b0-7b20-4f34-8876-0d791c3336d7",
  "title": "Session 1",
  "mode": "sequential"
}
[2025-11-19T04:03:13.708Z] INFO: Session created
  Context: {
  "sessionId": "3edcf21b-eb77-4089-b049-74db2a026c32",
  "title": "Session 2",
  "mode": "shannon"
}
[2025-11-19T04:03:13.708Z] INFO: Session created
  Context: {
  "sessionId": "86e5b3de-5071-4785-ae28-20c60de0f894",
  "title": "Session 3",
  "mode": "mathematics"
}
[2025-11-19T04:03:13.709Z] INFO: Session created
  Context: {
  "sessionId": "f99a377b-e7a0-43ee-a3a5-e93aba97a9ae",
  "title": "Session 4",
  "mode": "physics"
}
[2025-11-19T04:03:13.709Z] INFO: Session created
  Context: {
  "sessionId": "0dc08618-df48-4450-b431-878695b933c7",
  "title": "Session 5",
  "mode": "hybrid"
}

[90mstdout[2m | tests/integration/multi-session.test.ts[2m > [22m[2mMulti-Session and Concurrent Scenarios[2m > [22m[2mMultiple Session Management[2m > [22m[2mshould maintain session isolation (changes in one do not affect others)[22m[39m
[2025-11-19T04:03:13.728Z] INFO: Session created
  Context: {
  "sessionId": "08878b0f-4ac6-4c28-ae33-0ae5cb55cef5",
  "title": "Isolated Session 1",
  "mode": "sequential"
}
[2025-11-19T04:03:13.728Z] INFO: Session created
  Context: {
  "sessionId": "7e7fdc5e-7bf4-4838-8e2e-eb217f0d1107",
  "title": "Isolated Session 2",
  "mode": "sequential"
}

[90mstdout[2m | tests/integration/multi-session.test.ts[2m > [22m[2mMulti-Session and Concurrent Scenarios[2m > [22m[2mMultiple Session Management[2m > [22m[2mshould handle mode switching independently across sessions[22m[39m
[2025-11-19T04:03:13.736Z] INFO: Session created
  Context: {
  "sessionId": "62ffef1b-fb8d-42af-9698-eccf5c237d98",
  "title": "S1",
  "mode": "sequential"
}
[2025-11-19T04:03:13.736Z] INFO: Session created
  Context: {
  "sessionId": "a4ce26e2-78ab-47d0-8b99-384e3db8b4f4",
  "title": "S2",
  "mode": "sequential"
}
[2025-11-19T04:03:13.737Z] INFO: Session created
  Context: {
  "sessionId": "1436dc9b-1eb8-49df-8b37-82e0c42579ba",
  "title": "S3",
  "mode": "sequential"
}
[2025-11-19T04:03:13.737Z] INFO: Session mode switched
  Context: {
  "sessionId": "62ffef1b-fb8d-42af-9698-eccf5c237d98",
  "oldMode": "sequential",
  "newMode": "mathematics",
  "reason": "Switch to math"
}
[2025-11-19T04:03:13.737Z] INFO: Session mode switched
  Context: {
  "sessionId": "a4ce26e2-78ab-47d0-8b99-384e3db8b4f4",
  "oldMode": "sequential",
  "newMode": "physics",
  "reason": "Switch to physics"
}

[90mstdout[2m | tests/integration/multi-session.test.ts[2m > [22m[2mMulti-Session and Concurrent Scenarios[2m > [22m[2mMultiple Session Management[2m > [22m[2mshould handle completion status independently across sessions[22m[39m
[2025-11-19T04:03:13.741Z] INFO: Session created
  Context: {
  "sessionId": "8e4350e3-7495-4f34-9038-c3e32b7e3944",
  "title": "S1",
  "mode": "sequential"
}
[2025-11-19T04:03:13.741Z] INFO: Session created
  Context: {
  "sessionId": "b0336caa-1b05-4087-8988-354f3b711998",
  "title": "S2",
  "mode": "sequential"
}
[2025-11-19T04:03:13.741Z] INFO: Session completed
  Context: {
  "sessionId": "8e4350e3-7495-4f34-9038-c3e32b7e3944",
  "title": "S1",
  "totalThoughts": 1
}

[90mstdout[2m | tests/integration/multi-session.test.ts[2m > [22m[2mMulti-Session and Concurrent Scenarios[2m > [22m[2mConcurrent Operations on Same Session[2m > [22m[2mshould handle concurrent thought additions to same session[22m[39m
[2025-11-19T04:03:13.744Z] INFO: Session created
  Context: {
  "sessionId": "5f2582f9-c96e-4562-b5ce-717e08e54e68",
  "title": "Concurrent Test",
  "mode": "sequential"
}
[2025-11-19T04:03:13.881Z] INFO: Session completed
  Context: {
  "sessionId": "5f2582f9-c96e-4562-b5ce-717e08e54e68",
  "title": "Concurrent Test",
  "totalThoughts": 3
}

[90mstdout[2m | tests/integration/multi-session.test.ts[2m > [22m[2mMulti-Session and Concurrent Scenarios[2m > [22m[2mConcurrent Operations on Same Session[2m > [22m[2mshould handle concurrent retrieval of same session[22m[39m
[2025-11-19T04:03:13.886Z] INFO: Session created
  Context: {
  "sessionId": "2e641787-5f26-4bed-bd43-73145cd3b11a",
  "title": "Concurrent Retrieval",
  "mode": "sequential"
}

[90mstdout[2m | tests/integration/multi-session.test.ts[2m > [22m[2mMulti-Session and Concurrent Scenarios[2m > [22m[2mConcurrent Operations on Same Session[2m > [22m[2mshould handle concurrent mode switches on same session[22m[39m
[2025-11-19T04:03:13.888Z] INFO: Session created
  Context: {
  "sessionId": "504dd7ec-6319-4c5d-80aa-b131efbc0a1b",
  "title": "Mode Switch Race",
  "mode": "sequential"
}
[2025-11-19T04:03:13.888Z] INFO: Session mode switched
  Context: {
  "sessionId": "504dd7ec-6319-4c5d-80aa-b131efbc0a1b",
  "oldMode": "sequential",
  "newMode": "mathematics",
  "reason": "Switch 1"
}
[2025-11-19T04:03:13.888Z] INFO: Session mode switched
  Context: {
  "sessionId": "504dd7ec-6319-4c5d-80aa-b131efbc0a1b",
  "oldMode": "mathematics",
  "newMode": "physics",
  "reason": "Switch 2"
}
[2025-11-19T04:03:13.888Z] INFO: Session mode switched
  Context: {
  "sessionId": "504dd7ec-6319-4c5d-80aa-b131efbc0a1b",
  "oldMode": "physics",
  "newMode": "hybrid",
  "reason": "Switch 3"
}

[90mstdout[2m | tests/integration/multi-session.test.ts[2m > [22m[2mMulti-Session and Concurrent Scenarios[2m > [22m[2mConcurrent Operations Across Different Sessions[2m > [22m[2mshould handle concurrent operations on different sessions[22m[39m
[2025-11-19T04:03:13.893Z] INFO: Session created
  Context: {
  "sessionId": "1c6e26ef-2d46-4828-a216-d7c87b5cf564",
  "title": "S1",
  "mode": "sequential"
}
[2025-11-19T04:03:13.893Z] INFO: Session created
  Context: {
  "sessionId": "1d40e689-3b5c-4fc1-bdfe-871f6952af97",
  "title": "S2",
  "mode": "shannon"
}
[2025-11-19T04:03:13.894Z] INFO: Session created
  Context: {
  "sessionId": "aceeb98a-f2d8-4bf5-883e-4ef884c0f378",
  "title": "S3",
  "mode": "mathematics"
}
[2025-11-19T04:03:13.894Z] INFO: Session completed
  Context: {
  "sessionId": "1c6e26ef-2d46-4828-a216-d7c87b5cf564",
  "title": "S1",
  "totalThoughts": 1
}
[2025-11-19T04:03:13.894Z] INFO: Session mode switched
  Context: {
  "sessionId": "1d40e689-3b5c-4fc1-bdfe-871f6952af97",
  "oldMode": "shannon",
  "newMode": "physics",
  "reason": "Switch mode"
}

[90mstdout[2m | tests/integration/multi-session.test.ts[2m > [22m[2mMulti-Session and Concurrent Scenarios[2m > [22m[2mConcurrent Operations Across Different Sessions[2m > [22m[2mshould handle concurrent session creation[22m[39m
[2025-11-19T04:03:13.896Z] INFO: Session created
  Context: {
  "sessionId": "4a39197f-b79a-47fe-89a8-e84ac90891ce",
  "title": "Session 1",
  "mode": "sequential"
}
[2025-11-19T04:03:13.896Z] INFO: Session created
  Context: {
  "sessionId": "757b85cf-d420-4821-8b54-65a1dbcc7b35",
  "title": "Session 2",
  "mode": "sequential"
}
[2025-11-19T04:03:13.896Z] INFO: Session created
  Context: {
  "sessionId": "1db1da6f-ace8-4fe6-8fa1-417aea9d9754",
  "title": "Session 3",
  "mode": "sequential"
}
[2025-11-19T04:03:13.896Z] INFO: Session created
  Context: {
  "sessionId": "40101713-3d01-454a-9726-bca36352e640",
  "title": "Session 4",
  "mode": "sequential"
}
[2025-11-19T04:03:13.896Z] INFO: Session created
  Context: {
  "sessionId": "0a2c6470-a683-4144-94d2-6af2cbbf6b6c",
  "title": "Session 5",
  "mode": "sequential"
}
[2025-11-19T04:03:13.896Z] INFO: Session created
  Context: {
  "sessionId": "23343096-d7f0-4fd4-a8a3-23290dcc6097",
  "title": "Session 6",
  "mode": "sequential"
}
[2025-11-19T04:03:13.896Z] INFO: Session created
  Context: {
  "sessionId": "6ee1daf7-265e-420d-bc6b-d2510ea0e66e",
  "title": "Session 7",
  "mode": "sequential"
}
[2025-11-19T04:03:13.897Z] INFO: Session created
  Context: {
  "sessionId": "2950cf9d-ef65-4ec3-8598-7c781fcbf4ce",
  "title": "Session 8",
  "mode": "sequential"
}
[2025-11-19T04:03:13.898Z] INFO: Session created
  Context: {
  "sessionId": "aec1d994-60b0-4f2b-95fd-464aa4b28779",
  "title": "Session 9",
  "mode": "sequential"
}
[2025-11-19T04:03:13.898Z] INFO: Session created
  Context: {
  "sessionId": "201e3a14-2080-433e-abb8-aedd5d4c59ea",
  "title": "Session 10",
  "mode": "sequential"
}
[2025-11-19T04:03:13.898Z] INFO: Session created
  Context: {
  "sessionId": "f1230df4-0bd4-4f2b-8ccd-5a021dcc1098",
  "title": "Session 11",
  "mode": "sequential"
}
[2025-11-19T04:03:13.898Z] INFO: Session created
  Context: {
  "sessionId": "c007f72d-6d00-4861-a1a1-a0895ae6218d",
  "title": "Session 12",
  "mode": "sequential"
}
[2025-11-19T04:03:13.898Z] INFO: Session created
  Context: {
  "sessionId": "88b7094e-384f-4e68-91a6-cb7913e2cef1",
  "title": "Session 13",
  "mode": "sequential"
}
[2025-11-19T04:03:13.898Z] INFO: Session created
  Context: {
  "sessionId": "ddb46026-6c19-4c46-8605-81b6af3f01ed",
  "title": "Session 14",
  "mode": "sequential"
}
[2025-11-19T04:03:13.898Z] INFO: Session created
  Context: {
  "sessionId": "1ef6681f-4232-4fcc-bfae-892b20c0ed73",
  "title": "Session 15",
  "mode": "sequential"
}
[2025-11-19T04:03:13.898Z] INFO: Session created
  Context: {
  "sessionId": "81fb52ad-3983-4218-9585-c6f1eceebbb0",
  "title": "Session 16",
  "mode": "sequential"
}
[2025-11-19T04:03:13.898Z] INFO: Session created
  Context: {
  "sessionId": "5926e994-9b8f-42ff-b477-106ff865de38",
  "title": "Session 17",
  "mode": "sequential"
}
[2025-11-19T04:03:13.898Z] INFO: Session created
  Context: {
  "sessionId": "49f639ec-3c62-4095-b651-7b272e93914d",
  "title": "Session 18",
  "mode": "sequential"
}
[2025-11-19T04:03:13.898Z] INFO: Session created
  Context: {
  "sessionId": "afb4f722-c128-4a2f-bc02-68def8968e4d",
  "title": "Session 19",
  "mode": "sequential"
}
[2025-11-19T04:03:13.898Z] INFO: Session created
  Context: {
  "sessionId": "9509b88e-aad4-4542-b84f-e1041e9aa8d7",
  "title": "Session 20",
  "mode": "sequential"
}

[90mstdout[2m | tests/integration/multi-session.test.ts[2m > [22m[2mMulti-Session and Concurrent Scenarios[2m > [22m[2mConcurrent Operations Across Different Sessions[2m > [22m[2mshould handle concurrent summary generation for different sessions[22m[39m
[2025-11-19T04:03:14.048Z] INFO: Session created
  Context: {
  "sessionId": "c794d4ca-c822-4cc4-bd8b-3b2446c3a4d9",
  "title": "S1",
  "mode": "sequential"
}
[2025-11-19T04:03:14.048Z] INFO: Session created
  Context: {
  "sessionId": "342f4ce9-f098-4a8e-83fa-13e7a45c9a9a",
  "title": "S2",
  "mode": "sequential"
}
[2025-11-19T04:03:14.048Z] INFO: Session created
  Context: {
  "sessionId": "0594af1e-19f9-4405-bcf4-51fb602d8bc8",
  "title": "S3",
  "mode": "sequential"
}
[2025-11-19T04:03:14.049Z] INFO: Session completed
  Context: {
  "sessionId": "c794d4ca-c822-4cc4-bd8b-3b2446c3a4d9",
  "title": "S1",
  "totalThoughts": 1
}
[2025-11-19T04:03:14.049Z] INFO: Session completed
  Context: {
  "sessionId": "342f4ce9-f098-4a8e-83fa-13e7a45c9a9a",
  "title": "S2",
  "totalThoughts": 1
}
[2025-11-19T04:03:14.058Z] INFO: Session completed
  Context: {
  "sessionId": "0594af1e-19f9-4405-bcf4-51fb602d8bc8",
  "title": "S3",
  "totalThoughts": 1
}

[90mstdout[2m | tests/integration/multi-session.test.ts[2m > [22m[2mMulti-Session and Concurrent Scenarios[2m > [22m[2mResource Management with Many Sessions[2m > [22m[2mshould handle creation of many sessions[22m[39m
[2025-11-19T04:03:14.063Z] INFO: Session created
  Context: {
  "sessionId": "46dd984f-010e-4eca-9d44-d817ab454727",
  "title": "Session 1",
  "mode": "sequential"
}
[2025-11-19T04:03:14.063Z] INFO: Session created
  Context: {
  "sessionId": "64367ef4-4ee3-43b7-99d8-25e1b5f34c99",
  "title": "Session 2",
  "mode": "sequential"
}
[2025-11-19T04:03:14.063Z] INFO: Session created
  Context: {
  "sessionId": "b4b3ef6a-f75d-4999-b68c-6880405ab340",
  "title": "Session 3",
  "mode": "sequential"
}
[2025-11-19T04:03:14.063Z] INFO: Session created
  Context: {
  "sessionId": "4a46b768-961b-4e8d-a166-abe65f20f10c",
  "title": "Session 4",
  "mode": "sequential"
}
[2025-11-19T04:03:14.063Z] INFO: Session created
  Context: {
  "sessionId": "c8807efd-4b30-4e56-be84-f8b7c0b7dd7e",
  "title": "Session 5",
  "mode": "sequential"
}
[2025-11-19T04:03:14.063Z] INFO: Session created
  Context: {
  "sessionId": "dcd862ae-323a-42b0-942c-426920e08242",
  "title": "Session 6",
  "mode": "sequential"
}
[2025-11-19T04:03:14.064Z] INFO: Session created
  Context: {
  "sessionId": "1600cf66-83ec-4444-9539-b66007bca283",
  "title": "Session 7",
  "mode": "sequential"
}
[2025-11-19T04:03:14.064Z] INFO: Session created
  Context: {
  "sessionId": "331f5ec0-05c0-40e9-a4e7-45e4212c8a44",
  "title": "Session 8",
  "mode": "sequential"
}
[2025-11-19T04:03:14.064Z] INFO: Session created
  Context: {
  "sessionId": "9695ee89-73e9-4f86-829b-2ef832249651",
  "title": "Session 9",
  "mode": "sequential"
}
[2025-11-19T04:03:14.064Z] INFO: Session created
  Context: {
  "sessionId": "326d5858-e9ff-4c6f-a457-278a76d28ace",
  "title": "Session 10",
  "mode": "sequential"
}
[2025-11-19T04:03:14.064Z] INFO: Session created
  Context: {
  "sessionId": "83bf7f52-bd78-4085-8f49-9ce1db2571af",
  "title": "Session 11",
  "mode": "sequential"
}
[2025-11-19T04:03:14.064Z] INFO: Session created
  Context: {
  "sessionId": "9e6570c4-533b-4326-873a-5c9af66d9d18",
  "title": "Session 12",
  "mode": "sequential"
}
[2025-11-19T04:03:14.064Z] INFO: Session created
  Context: {
  "sessionId": "3b8c97a0-9e4d-4a2a-becd-c506e6a06bf0",
  "title": "Session 13",
  "mode": "sequential"
}
[2025-11-19T04:03:14.064Z] INFO: Session created
  Context: {
  "sessionId": "3d575f21-aa9a-4030-9cfc-1ed36560ae75",
  "title": "Session 14",
  "mode": "sequential"
}
[2025-11-19T04:03:14.064Z] INFO: Session created
  Context: {
  "sessionId": "8c399d59-802e-41e4-b367-7c23ff9c06ab",
  "title": "Session 15",
  "mode": "sequential"
}
[2025-11-19T04:03:14.064Z] INFO: Session created
  Context: {
  "sessionId": "dcd5b43a-0803-49cc-b885-e9a019b9ac22",
  "title": "Session 16",
  "mode": "sequential"
}
[2025-11-19T04:03:14.064Z] INFO: Session created
  Context: {
  "sessionId": "71b51a55-84a2-4ecf-8878-53284f2d142f",
  "title": "Session 17",
  "mode": "sequential"
}
[2025-11-19T04:03:14.065Z] INFO: Session created
  Context: {
  "sessionId": "2b83c0ed-0b89-4a26-8bfd-ec4fd4a01e13",
  "title": "Session 18",
  "mode": "sequential"
}
[2025-11-19T04:03:14.065Z] INFO: Session created
  Context: {
  "sessionId": "236d464d-75d4-4ff0-9f34-159184bafa6c",
  "title": "Session 19",
  "mode": "sequential"
}
[2025-11-19T04:03:14.065Z] INFO: Session created
  Context: {
  "sessionId": "432c11b8-066f-4b7d-9649-e353c5ff85cb",
  "title": "Session 20",
  "mode": "sequential"
}
[2025-11-19T04:03:14.065Z] INFO: Session created
  Context: {
  "sessionId": "f2d9b5a4-9e46-4b9e-bf38-db9646daef2f",
  "title": "Session 21",
  "mode": "sequential"
}
[2025-11-19T04:03:14.065Z] INFO: Session created
  Context: {
  "sessionId": "03039575-95a8-4f80-8532-b478fdec6c50",
  "title": "Session 22",
  "mode": "sequential"
}
[2025-11-19T04:03:14.065Z] INFO: Session created
  Context: {
  "sessionId": "cf2bad63-69f8-4921-a262-cd81096bc48b",
  "title": "Session 23",
  "mode": "sequential"
}
[2025-11-19T04:03:14.065Z] INFO: Session created
  Context: {
  "sessionId": "ad277338-8319-4948-864a-52ac83f757ec",
  "title": "Session 24",
  "mode": "sequential"
}
[2025-11-19T04:03:14.065Z] INFO: Session created
  Context: {
  "sessionId": "7ff61252-1875-4710-8578-344bcaad777d",
  "title": "Session 25",
  "mode": "sequential"
}
[2025-11-19T04:03:14.065Z] INFO: Session created
  Context: {
  "sessionId": "c8fdb3a1-e55f-4f71-b94b-f61b76c8be75",
  "title": "Session 26",
  "mode": "sequential"
}
[2025-11-19T04:03:14.065Z] INFO: Session created
  Context: {
  "sessionId": "308b7cc4-75ee-4ec4-afef-1bbc7b6afc4f",
  "title": "Session 27",
  "mode": "sequential"
}
[2025-11-19T04:03:14.065Z] INFO: Session created
  Context: {
  "sessionId": "849f6ac3-06a3-4efe-aace-3805373641a5",
  "title": "Session 28",
  "mode": "sequential"
}
[2025-11-19T04:03:14.065Z] INFO: Session created
  Context: {
  "sessionId": "a498e279-f9c5-4492-9c6c-d3b197953bb5",
  "title": "Session 29",
  "mode": "sequential"
}
[2025-11-19T04:03:14.065Z] INFO: Session created
  Context: {
  "sessionId": "38fa4607-341b-4be6-aac5-448a3351e58a",
  "title": "Session 30",
  "mode": "sequential"
}
[2025-11-19T04:03:14.065Z] INFO: Session created
  Context: {
  "sessionId": "3731f7d7-5fb0-48b0-9dc4-85c1e48cfa57",
  "title": "Session 31",
  "mode": "sequential"
}
[2025-11-19T04:03:14.065Z] INFO: Session created
  Context: {
  "sessionId": "92a605a8-271e-47fd-97fd-4fcb3326330e",
  "title": "Session 32",
  "mode": "sequential"
}
[2025-11-19T04:03:14.066Z] INFO: Session created
  Context: {
  "sessionId": "3cf23011-fcf0-40a2-ba68-3282bc26ef49",
  "title": "Session 33",
  "mode": "sequential"
}
[2025-11-19T04:03:14.066Z] INFO: Session created
  Context: {
  "sessionId": "04e03663-ed64-4ec6-a569-a1d0ce0364fc",
  "title": "Session 34",
  "mode": "sequential"
}
[2025-11-19T04:03:14.066Z] INFO: Session created
  Context: {
  "sessionId": "b45ca9e6-7e47-4fb2-b9ec-f514c836eb79",
  "title": "Session 35",
  "mode": "sequential"
}
[2025-11-19T04:03:14.066Z] INFO: Session created
  Context: {
  "sessionId": "1086ae3e-2a7d-4627-92d4-3f45cda8e1de",
  "title": "Session 36",
  "mode": "sequential"
}
[2025-11-19T04:03:14.066Z] INFO: Session created
  Context: {
  "sessionId": "516e619d-6a0d-4a16-9ed7-fc7bd36d4dfc",
  "title": "Session 37",
  "mode": "sequential"
}
[2025-11-19T04:03:14.069Z] INFO: Session created
  Context: {
  "sessionId": "502a51ca-ab30-4e03-bb77-54ec1e3c90e5",
  "title": "Session 38",
  "mode": "sequential"
}
[2025-11-19T04:03:14.069Z] INFO: Session created
  Context: {
  "sessionId": "24aadc90-ba6a-4022-bfa1-18984f1ef7ad",
  "title": "Session 39",
  "mode": "sequential"
}
[2025-11-19T04:03:14.069Z] INFO: Session created
  Context: {
  "sessionId": "c162cdf1-bf16-4f3e-8bb3-4de5b2683de2",
  "title": "Session 40",
  "mode": "sequential"
}
[2025-11-19T04:03:14.069Z] INFO: Session created
  Context: {
  "sessionId": "d43b1cde-4ddd-4de6-98a7-d892ffbbb228",
  "title": "Session 41",
  "mode": "sequential"
}
[2025-11-19T04:03:14.069Z] INFO: Session created
  Context: {
  "sessionId": "dc9cec13-a38d-4638-a4a2-c6046af83e61",
  "title": "Session 42",
  "mode": "sequential"
}
[2025-11-19T04:03:14.069Z] INFO: Session created
  Context: {
  "sessionId": "e1a03c75-3606-43aa-b97f-29d95fd94df8",
  "title": "Session 43",
  "mode": "sequential"
}
[2025-11-19T04:03:14.070Z] INFO: Session created
  Context: {
  "sessionId": "61829e12-606c-4569-aa3d-c768ab00a52c",
  "title": "Session 44",
  "mode": "sequential"
}
[2025-11-19T04:03:14.070Z] INFO: Session created
  Context: {
  "sessionId": "46cbcd4d-9277-4905-ac82-c7e3c167423d",
  "title": "Session 45",
  "mode": "sequential"
}
[2025-11-19T04:03:14.076Z] INFO: Session created
  Context: {
  "sessionId": "cb2b8cfa-cffb-40e6-aae6-99d78ac16547",
  "title": "Session 46",
  "mode": "sequential"
}
[2025-11-19T04:03:14.076Z] INFO: Session created
  Context: {
  "sessionId": "cf9139bb-5fce-4538-a9df-cf4bce778014",
  "title": "Session 47",
  "mode": "sequential"
}
[2025-11-19T04:03:14.077Z] INFO: Session created
  Context: {
  "sessionId": "94c7973b-55bf-4f3b-a780-48635ee3b117",
  "title": "Session 48",
  "mode": "sequential"
}
[2025-11-19T04:03:14.077Z] INFO: Session created
  Context: {
  "sessionId": "653f0823-75c7-4bda-921a-7e78791aaee1",
  "title": "Session 49",
  "mode": "sequential"
}
[2025-11-19T04:03:14.077Z] INFO: Session created
  Context: {
  "sessionId": "ee254280-d9f4-44a3-b9fc-e589bdf62a89",
  "title": "Session 50",
  "mode": "sequential"
}

[90mstdout[2m | tests/integration/multi-session.test.ts[2m > [22m[2mMulti-Session and Concurrent Scenarios[2m > [22m[2mResource Management with Many Sessions[2m > [22m[2mshould retrieve sessions efficiently with many active sessions[22m[39m
[2025-11-19T04:03:14.078Z] INFO: Session created
  Context: {
  "sessionId": "b224a913-a15f-4be9-830b-790f4d142e2b",
  "title": "Session 1",
  "mode": "sequential"
}
[2025-11-19T04:03:14.078Z] INFO: Session created
  Context: {
  "sessionId": "db721853-53a0-4795-a6d5-1aaf3da44471",
  "title": "Session 2",
  "mode": "sequential"
}
[2025-11-19T04:03:14.078Z] INFO: Session created
  Context: {
  "sessionId": "187dbe76-c3ff-4620-b045-c4c52b5014ac",
  "title": "Session 3",
  "mode": "sequential"
}
[2025-11-19T04:03:14.078Z] INFO: Session created
  Context: {
  "sessionId": "75798d65-3a9d-463c-a197-15354f515300",
  "title": "Session 4",
  "mode": "sequential"
}
[2025-11-19T04:03:14.078Z] INFO: Session created
  Context: {
  "sessionId": "c39f4989-4924-477c-a3ab-77221ebfbaaa",
  "title": "Session 5",
  "mode": "sequential"
}
[2025-11-19T04:03:14.078Z] INFO: Session created
  Context: {
  "sessionId": "441d4f31-f764-4f40-aaf7-f0b53c9ef404",
  "title": "Session 6",
  "mode": "sequential"
}
[2025-11-19T04:03:14.079Z] INFO: Session created
  Context: {
  "sessionId": "37759ddb-729b-4672-a83a-d9510b12d7ab",
  "title": "Session 7",
  "mode": "sequential"
}
[2025-11-19T04:03:14.079Z] INFO: Session created
  Context: {
  "sessionId": "55567f03-eafb-4397-9586-7e1837ea2a0b",
  "title": "Session 8",
  "mode": "sequential"
}
[2025-11-19T04:03:14.079Z] INFO: Session created
  Context: {
  "sessionId": "fe4aff39-9880-4cdf-8164-e080def7f242",
  "title": "Session 9",
  "mode": "sequential"
}
[2025-11-19T04:03:14.079Z] INFO: Session created
  Context: {
  "sessionId": "a355ebcd-2786-4bc0-90a8-631b3321c1d2",
  "title": "Session 10",
  "mode": "sequential"
}

[90mstdout[2m | tests/integration/multi-session.test.ts[2m > [22m[2mMulti-Session and Concurrent Scenarios[2m > [22m[2mResource Management with Many Sessions[2m > [22m[2mshould list all sessions when many exist[22m[39m
[2025-11-19T04:03:14.080Z] INFO: Session created
  Context: {
  "sessionId": "01c4788d-c4f7-41fd-9ebd-cb45fb12e1ed",
  "title": "Session 1",
  "mode": "sequential"
}
[2025-11-19T04:03:14.080Z] INFO: Session created
  Context: {
  "sessionId": "30655510-4fa7-4146-bef2-93310597d83c",
  "title": "Session 2",
  "mode": "sequential"
}
[2025-11-19T04:03:14.080Z] INFO: Session created
  Context: {
  "sessionId": "4ca74805-ff60-4e47-8fee-398c7788e38e",
  "title": "Session 3",
  "mode": "sequential"
}
[2025-11-19T04:03:14.080Z] INFO: Session created
  Context: {
  "sessionId": "7423bfa8-8004-40aa-97e4-f0b05704444d",
  "title": "Session 4",
  "mode": "sequential"
}
[2025-11-19T04:03:14.080Z] INFO: Session created
  Context: {
  "sessionId": "134c7f38-c39c-4f07-b784-09f7fc5605ef",
  "title": "Session 5",
  "mode": "sequential"
}
[2025-11-19T04:03:14.080Z] INFO: Session created
  Context: {
  "sessionId": "5248578f-bf6f-4f20-9bd9-735adc4b6741",
  "title": "Session 6",
  "mode": "sequential"
}
[2025-11-19T04:03:14.081Z] INFO: Session created
  Context: {
  "sessionId": "a533b2ea-f9fd-46e7-98ac-1f35ee37e0bc",
  "title": "Session 7",
  "mode": "sequential"
}
[2025-11-19T04:03:14.081Z] INFO: Session created
  Context: {
  "sessionId": "fe9d0c86-6ff9-4246-a026-ce8eacb040a8",
  "title": "Session 8",
  "mode": "sequential"
}
[2025-11-19T04:03:14.081Z] INFO: Session created
  Context: {
  "sessionId": "08a26d80-da4b-4e25-83ac-55a50bf7d5f1",
  "title": "Session 9",
  "mode": "sequential"
}
[2025-11-19T04:03:14.081Z] INFO: Session created
  Context: {
  "sessionId": "a1a712e3-b8ed-45fa-a212-64f6c7ce17e8",
  "title": "Session 10",
  "mode": "sequential"
}
[2025-11-19T04:03:14.081Z] INFO: Session created
  Context: {
  "sessionId": "88d67963-a333-4b1f-99df-2b809d8962d8",
  "title": "Session 11",
  "mode": "sequential"
}
[2025-11-19T04:03:14.081Z] INFO: Session created
  Context: {
  "sessionId": "85091e49-a40f-40de-b217-74c61cd0c5da",
  "title": "Session 12",
  "mode": "sequential"
}
[2025-11-19T04:03:14.081Z] INFO: Session created
  Context: {
  "sessionId": "d5020161-255f-486a-9b84-d516d7b428c3",
  "title": "Session 13",
  "mode": "sequential"
}
[2025-11-19T04:03:14.081Z] INFO: Session created
  Context: {
  "sessionId": "7e16d82a-5ad8-4220-a754-c80e97e908d8",
  "title": "Session 14",
  "mode": "sequential"
}
[2025-11-19T04:03:14.081Z] INFO: Session created
  Context: {
  "sessionId": "08da64f9-4179-48e9-b5c2-5f6316c799ad",
  "title": "Session 15",
  "mode": "sequential"
}

[90mstdout[2m | tests/integration/multi-session.test.ts[2m > [22m[2mMulti-Session and Concurrent Scenarios[2m > [22m[2mSession State Consistency[2m > [22m[2mshould maintain consistent thought count across concurrent additions[22m[39m
[2025-11-19T04:03:14.089Z] INFO: Session created
  Context: {
  "sessionId": "db4f12ce-abed-4cff-8e37-5d1b82f6623e",
  "title": "Consistency Test",
  "mode": "sequential"
}
[2025-11-19T04:03:14.091Z] INFO: Session completed
  Context: {
  "sessionId": "db4f12ce-abed-4cff-8e37-5d1b82f6623e",
  "title": "Consistency Test",
  "totalThoughts": 10
}

[90mstdout[2m | tests/integration/multi-session.test.ts[2m > [22m[2mMulti-Session and Concurrent Scenarios[2m > [22m[2mSession State Consistency[2m > [22m[2mshould maintain correct status after concurrent operations[22m[39m
[2025-11-19T04:03:14.092Z] INFO: Session created
  Context: {
  "sessionId": "e7b0d172-f9e7-4a0a-be45-3e5ca7288bcf",
  "title": "Status Test",
  "mode": "sequential"
}
[2025-11-19T04:03:14.092Z] INFO: Session completed
  Context: {
  "sessionId": "e7b0d172-f9e7-4a0a-be45-3e5ca7288bcf",
  "title": "Status Test",
  "totalThoughts": 1
}

[90mstdout[2m | tests/integration/multi-session.test.ts[2m > [22m[2mMulti-Session and Concurrent Scenarios[2m > [22m[2mSession State Consistency[2m > [22m[2mshould handle concurrent thought additions with proper sequencing[22m[39m
[2025-11-19T04:03:14.176Z] INFO: Session created
  Context: {
  "sessionId": "a0f4093d-7fe9-4a42-9543-b09220ed4d3d",
  "title": "Sequence Test",
  "mode": "sequential"
}

[90mstdout[2m | tests/integration/multi-session.test.ts[2m > [22m[2mMulti-Session and Concurrent Scenarios[2m > [22m[2mError Handling in Concurrent Scenarios[2m > [22m[2mshould handle mixed success/failure scenarios gracefully[22m[39m
[2025-11-19T04:03:14.180Z] INFO: Session created
  Context: {
  "sessionId": "121f3867-0190-4dcd-aa61-6887efc81654",
  "title": "Mixed Test",
  "mode": "sequential"
}

[90mstderr[2m | tests/integration/error-handling.test.ts[2m > [22m[2mError Handling and Edge Cases[2m > [22m[2mInvalid Session Operations[2m > [22m[2mshould throw error for non-existent session ID[22m[39m
[2025-11-19T04:03:15.238Z] ERROR: Session not found
  Context: {
  "sessionId": "00000000-0000-4000-8000-000000000000"
}

[90mstdout[2m | tests/integration/error-handling.test.ts[2m > [22m[2mError Handling and Edge Cases[2m > [22m[2mInvalid Session Operations[2m > [22m[2mshould handle session deletion idempotently[22m[39m
[2025-11-19T04:03:15.250Z] INFO: Session created
  Context: {
  "sessionId": "3e467412-4f5d-45de-80c7-bd028ea01262",
  "title": "Test",
  "mode": "hybrid"
}
[2025-11-19T04:03:15.251Z] INFO: Session deleted
  Context: {
  "sessionId": "3e467412-4f5d-45de-80c7-bd028ea01262",
  "title": "Test",
  "thoughtCount": 0
}

[90mstderr[2m | tests/integration/error-handling.test.ts[2m > [22m[2mError Handling and Edge Cases[2m > [22m[2mInvalid Session Operations[2m > [22m[2mshould handle session deletion idempotently[22m[39m
[2025-11-19T04:03:15.252Z] WARN: Attempted to delete non-existent session from memory
  Context: {
  "sessionId": "3e467412-4f5d-45de-80c7-bd028ea01262"
}

[90mstdout[2m | tests/integration/error-handling.test.ts[2m > [22m[2mError Handling and Edge Cases[2m > [22m[2mValidation Errors[2m > [22m[2mshould accept thoughts with missing fields (lenient validation)[22m[39m
[2025-11-19T04:03:15.254Z] INFO: Session created
  Context: {
  "sessionId": "8e0755d2-3be4-462c-a39f-0ed73b8a8328",
  "title": "Untitled Session",
  "mode": "hybrid"
}
[2025-11-19T04:03:15.256Z] INFO: Session completed
  Context: {
  "sessionId": "8e0755d2-3be4-462c-a39f-0ed73b8a8328",
  "title": "Untitled Session",
  "totalThoughts": 1
}

[90mstdout[2m | tests/integration/error-handling.test.ts[2m > [22m[2mError Handling and Edge Cases[2m > [22m[2mValidation Errors[2m > [22m[2mshould accept invalid uncertainty values (lenient validation)[22m[39m
[2025-11-19T04:03:15.257Z] INFO: Session created
  Context: {
  "sessionId": "f26ffce3-4f9f-4d1d-bd18-ef7bdede52ca",
  "title": "Untitled Session",
  "mode": "hybrid"
}
[2025-11-19T04:03:15.258Z] INFO: Session completed
  Context: {
  "sessionId": "f26ffce3-4f9f-4d1d-bd18-ef7bdede52ca",
  "title": "Untitled Session",
  "totalThoughts": 1
}

[90mstdout[2m | tests/integration/error-handling.test.ts[2m > [22m[2mError Handling and Edge Cases[2m > [22m[2mValidation Errors[2m > [22m[2mshould accept negative thought numbers (lenient validation)[22m[39m
[2025-11-19T04:03:15.259Z] INFO: Session created
  Context: {
  "sessionId": "5d54c0e8-f375-4d35-a398-c5e720fd1ff3",
  "title": "Untitled Session",
  "mode": "hybrid"
}
[2025-11-19T04:03:15.259Z] INFO: Session completed
  Context: {
  "sessionId": "5d54c0e8-f375-4d35-a398-c5e720fd1ff3",
  "title": "Untitled Session",
  "totalThoughts": 1
}

[90mstdout[2m | tests/integration/error-handling.test.ts[2m > [22m[2mError Handling and Edge Cases[2m > [22m[2mValidation Errors[2m > [22m[2mshould accept zero thought numbers (lenient validation)[22m[39m
[2025-11-19T04:03:15.263Z] INFO: Session created
  Context: {
  "sessionId": "3a3fc4aa-cdc6-437d-864c-7f6af6e4e296",
  "title": "Untitled Session",
  "mode": "hybrid"
}
[2025-11-19T04:03:15.263Z] INFO: Session completed
  Context: {
  "sessionId": "3a3fc4aa-cdc6-437d-864c-7f6af6e4e296",
  "title": "Untitled Session",
  "totalThoughts": 1
}

[90mstdout[2m | tests/integration/error-handling.test.ts[2m > [22m[2mError Handling and Edge Cases[2m > [22m[2mValidation Errors[2m > [22m[2mshould accept invalid mode values (lenient validation)[22m[39m
[2025-11-19T04:03:15.264Z] INFO: Session created
  Context: {
  "sessionId": "207add41-d896-4f65-8554-eca0121f6c8f",
  "title": "Untitled Session",
  "mode": "invalid_mode"
}

[90mstdout[2m | tests/integration/error-handling.test.ts[2m > [22m[2mError Handling and Edge Cases[2m > [22m[2mValidation Errors[2m > [22m[2mshould accept invalid Shannon stage (lenient validation)[22m[39m
[2025-11-19T04:03:15.469Z] INFO: Session created
  Context: {
  "sessionId": "a0769311-14d2-4c6a-900f-93d43e8f5977",
  "title": "Untitled Session",
  "mode": "shannon"
}
[2025-11-19T04:03:15.469Z] INFO: Session completed
  Context: {
  "sessionId": "a0769311-14d2-4c6a-900f-93d43e8f5977",
  "title": "Untitled Session",
  "totalThoughts": 1
}

[90mstdout[2m | tests/integration/error-handling.test.ts[2m > [22m[2mError Handling and Edge Cases[2m > [22m[2mBoundary Conditions[2m > [22m[2mshould handle uncertainty = 0 (perfect certainty)[22m[39m
[2025-11-19T04:03:15.471Z] INFO: Session created
  Context: {
  "sessionId": "f377713a-a969-4548-8b66-bc75b4373ce3",
  "title": "Untitled Session",
  "mode": "hybrid"
}
[2025-11-19T04:03:15.472Z] INFO: Session completed
  Context: {
  "sessionId": "f377713a-a969-4548-8b66-bc75b4373ce3",
  "title": "Untitled Session",
  "totalThoughts": 1
}

[90mstdout[2m | tests/integration/error-handling.test.ts[2m > [22m[2mError Handling and Edge Cases[2m > [22m[2mBoundary Conditions[2m > [22m[2mshould handle uncertainty = 1 (complete uncertainty)[22m[39m
[2025-11-19T04:03:15.474Z] INFO: Session created
  Context: {
  "sessionId": "fc8b2108-0395-4e28-8ba6-624d5ac3c6f2",
  "title": "Untitled Session",
  "mode": "hybrid"
}
[2025-11-19T04:03:15.475Z] INFO: Session completed
  Context: {
  "sessionId": "fc8b2108-0395-4e28-8ba6-624d5ac3c6f2",
  "title": "Untitled Session",
  "totalThoughts": 1
}

[90mstdout[2m | tests/integration/error-handling.test.ts[2m > [22m[2mError Handling and Edge Cases[2m > [22m[2mBoundary Conditions[2m > [22m[2mshould handle very large thoughtNumber[22m[39m
[2025-11-19T04:03:15.476Z] INFO: Session created
  Context: {
  "sessionId": "96e2d697-2a79-47d0-9480-02d623df345b",
  "title": "Untitled Session",
  "mode": "hybrid"
}
[2025-11-19T04:03:15.476Z] INFO: Session completed
  Context: {
  "sessionId": "96e2d697-2a79-47d0-9480-02d623df345b",
  "title": "Untitled Session",
  "totalThoughts": 1
}

[90mstdout[2m | tests/integration/error-handling.test.ts[2m > [22m[2mError Handling and Edge Cases[2m > [22m[2mBoundary Conditions[2m > [22m[2mshould handle totalThoughts = thoughtNumber (single thought)[22m[39m
[2025-11-19T04:03:15.477Z] INFO: Session created
  Context: {
  "sessionId": "e2f947c8-df1b-4741-9b7c-cd5454d9f579",
  "title": "Untitled Session",
  "mode": "hybrid"
}
[2025-11-19T04:03:15.477Z] INFO: Session completed
  Context: {
  "sessionId": "e2f947c8-df1b-4741-9b7c-cd5454d9f579",
  "title": "Untitled Session",
  "totalThoughts": 1
}

[90mstdout[2m | tests/integration/error-handling.test.ts[2m > [22m[2mError Handling and Edge Cases[2m > [22m[2mEdge Cases - Empty Data[2m > [22m[2mshould handle empty thought content[22m[39m
[2025-11-19T04:03:15.481Z] INFO: Session created
  Context: {
  "sessionId": "dd7fa3a4-38a1-4d3d-979d-8881b9087a26",
  "title": "Untitled Session",
  "mode": "hybrid"
}
[2025-11-19T04:03:15.481Z] INFO: Session completed
  Context: {
  "sessionId": "dd7fa3a4-38a1-4d3d-979d-8881b9087a26",
  "title": "Untitled Session",
  "totalThoughts": 1
}

[90mstdout[2m | tests/integration/error-handling.test.ts[2m > [22m[2mError Handling and Edge Cases[2m > [22m[2mEdge Cases - Empty Data[2m > [22m[2mshould handle empty session title with default[22m[39m
[2025-11-19T04:03:15.485Z] INFO: Session created
  Context: {
  "sessionId": "73d71df3-ed5a-4ddd-a170-0646339747fe",
  "title": "Untitled Session",
  "mode": "hybrid"
}

[90mstdout[2m | tests/integration/error-handling.test.ts[2m > [22m[2mError Handling and Edge Cases[2m > [22m[2mEdge Cases - Empty Data[2m > [22m[2mshould handle empty arrays for optional fields[22m[39m
[2025-11-19T04:03:15.486Z] INFO: Session created
  Context: {
  "sessionId": "aad355c1-200a-4cad-8786-49744fa15aec",
  "title": "Untitled Session",
  "mode": "hybrid"
}
[2025-11-19T04:03:15.486Z] INFO: Session completed
  Context: {
  "sessionId": "aad355c1-200a-4cad-8786-49744fa15aec",
  "title": "Untitled Session",
  "totalThoughts": 1
}

[90mstdout[2m | tests/integration/error-handling.test.ts[2m > [22m[2mError Handling and Edge Cases[2m > [22m[2mEdge Cases - Empty Data[2m > [22m[2mshould handle session with no thoughts[22m[39m
[2025-11-19T04:03:15.488Z] INFO: Session created
  Context: {
  "sessionId": "c7cb92e3-18b0-431e-b14e-3ad68e05c5f9",
  "title": "Untitled Session",
  "mode": "hybrid"
}

[90mstdout[2m | tests/integration/error-handling.test.ts[2m > [22m[2mError Handling and Edge Cases[2m > [22m[2mEdge Cases - Special Characters[2m > [22m[2mshould handle Unicode characters in thought content[22m[39m
[2025-11-19T04:03:15.489Z] INFO: Session created
  Context: {
  "sessionId": "e654c25c-5030-43b5-bade-f7a37a9409c1",
  "title": "Untitled Session",
  "mode": "hybrid"
}
[2025-11-19T04:03:15.489Z] INFO: Session completed
  Context: {
  "sessionId": "e654c25c-5030-43b5-bade-f7a37a9409c1",
  "title": "Untitled Session",
  "totalThoughts": 1
}

[90mstdout[2m | tests/integration/error-handling.test.ts[2m > [22m[2mError Handling and Edge Cases[2m > [22m[2mEdge Cases - Special Characters[2m > [22m[2mshould handle special characters in session title[22m[39m
[2025-11-19T04:03:15.490Z] INFO: Session created
  Context: {
  "sessionId": "52c526ca-4ae1-4947-856a-1e4514b3cdf4",
  "title": "<script>alert(\"xss\")</script>",
  "mode": "hybrid"
}

[90mstdout[2m | tests/integration/error-handling.test.ts[2m > [22m[2mError Handling and Edge Cases[2m > [22m[2mEdge Cases - Special Characters[2m > [22m[2mshould handle LaTeX with special characters[22m[39m
[2025-11-19T04:03:15.492Z] INFO: Session created
  Context: {
  "sessionId": "502a295f-49c4-4958-83b1-7758ca0aef1d",
  "title": "Untitled Session",
  "mode": "mathematics"
}
[2025-11-19T04:03:15.492Z] INFO: Session completed
  Context: {
  "sessionId": "502a295f-49c4-4958-83b1-7758ca0aef1d",
  "title": "Untitled Session",
  "totalThoughts": 1
}

[90mstdout[2m | tests/integration/error-handling.test.ts[2m > [22m[2mError Handling and Edge Cases[2m > [22m[2mEdge Cases - Special Characters[2m > [22m[2mshould handle newlines and tabs in thought content[22m[39m
[2025-11-19T04:03:15.493Z] INFO: Session created
  Context: {
  "sessionId": "d72cb349-e3a1-4b1d-bba8-970c891db66d",
  "title": "Untitled Session",
  "mode": "hybrid"
}
[2025-11-19T04:03:15.493Z] INFO: Session completed
  Context: {
  "sessionId": "d72cb349-e3a1-4b1d-bba8-970c891db66d",
  "title": "Untitled Session",
  "totalThoughts": 1
}

[90mstdout[2m | tests/integration/error-handling.test.ts[2m > [22m[2mError Handling and Edge Cases[2m > [22m[2mEdge Cases - Large Data[2m > [22m[2mshould handle very long thought content[22m[39m
[2025-11-19T04:03:15.495Z] INFO: Session created
  Context: {
  "sessionId": "f3140239-ce86-4370-87ed-0fe6bc42d555",
  "title": "Untitled Session",
  "mode": "hybrid"
}
[2025-11-19T04:03:15.495Z] INFO: Session completed
  Context: {
  "sessionId": "f3140239-ce86-4370-87ed-0fe6bc42d555",
  "title": "Untitled Session",
  "totalThoughts": 1
}

[90mstdout[2m | tests/integration/error-handling.test.ts[2m > [22m[2mError Handling and Edge Cases[2m > [22m[2mEdge Cases - Large Data[2m > [22m[2mshould handle sessions with many thoughts[22m[39m
[2025-11-19T04:03:15.496Z] INFO: Session created
  Context: {
  "sessionId": "8f653506-d12c-4f61-bc28-5128084f7e0e",
  "title": "Untitled Session",
  "mode": "hybrid"
}
[2025-11-19T04:03:15.499Z] INFO: Session completed
  Context: {
  "sessionId": "8f653506-d12c-4f61-bc28-5128084f7e0e",
  "title": "Untitled Session",
  "totalThoughts": 100
}

[90mstdout[2m | tests/integration/error-handling.test.ts[2m > [22m[2mError Handling and Edge Cases[2m > [22m[2mEdge Cases - Large Data[2m > [22m[2mshould handle large dependency arrays[22m[39m
[2025-11-19T04:03:15.502Z] INFO: Session created
  Context: {
  "sessionId": "b03e2c84-e4b9-4142-a4c3-797d6f528069",
  "title": "Untitled Session",
  "mode": "hybrid"
}
[2025-11-19T04:03:15.659Z] INFO: Session completed
  Context: {
  "sessionId": "b03e2c84-e4b9-4142-a4c3-797d6f528069",
  "title": "Untitled Session",
  "totalThoughts": 1
}

[90mstdout[2m | tests/integration/error-handling.test.ts[2m > [22m[2mError Handling and Edge Cases[2m > [22m[2mError Recovery[2m > [22m[2mshould maintain session integrity even with lenient validation[22m[39m
[2025-11-19T04:03:15.663Z] INFO: Session created
  Context: {
  "sessionId": "03fcfecc-9f71-419d-bb21-aefb2c4198db",
  "title": "Untitled Session",
  "mode": "hybrid"
}
[2025-11-19T04:03:15.663Z] INFO: Session completed
  Context: {
  "sessionId": "03fcfecc-9f71-419d-bb21-aefb2c4198db",
  "title": "Untitled Session",
  "totalThoughts": 1
}
[2025-11-19T04:03:15.663Z] INFO: Session completed
  Context: {
  "sessionId": "03fcfecc-9f71-419d-bb21-aefb2c4198db",
  "title": "Untitled Session",
  "totalThoughts": 2
}

[90mstdout[2m | tests/integration/error-handling.test.ts[2m > [22m[2mError Handling and Edge Cases[2m > [22m[2mError Recovery[2m > [22m[2mshould allow mode switch even after adding invalid data[22m[39m
[2025-11-19T04:03:15.665Z] INFO: Session created
  Context: {
  "sessionId": "9336b780-1c7b-4f99-b13c-0b218f75b9aa",
  "title": "Untitled Session",
  "mode": "sequential"
}
[2025-11-19T04:03:15.666Z] INFO: Session completed
  Context: {
  "sessionId": "9336b780-1c7b-4f99-b13c-0b218f75b9aa",
  "title": "Untitled Session",
  "totalThoughts": 1
}
[2025-11-19T04:03:15.668Z] INFO: Session mode switched
  Context: {
  "sessionId": "9336b780-1c7b-4f99-b13c-0b218f75b9aa",
  "oldMode": "sequential",
  "newMode": "shannon"
}

[90mstdout[2m | tests/integration/error-handling.test.ts[2m > [22m[2mError Handling and Edge Cases[2m > [22m[2mSummary Generation Edge Cases[2m > [22m[2mshould generate summary for empty session[22m[39m
[2025-11-19T04:03:15.669Z] INFO: Session created
  Context: {
  "sessionId": "7863cd9d-a69f-42b8-8a04-0747f1ff8116",
  "title": "Empty Session",
  "mode": "hybrid"
}

[90mstdout[2m | tests/integration/error-handling.test.ts[2m > [22m[2mError Handling and Edge Cases[2m > [22m[2mSummary Generation Edge Cases[2m > [22m[2mshould generate summary for single thought session[22m[39m
[2025-11-19T04:03:15.671Z] INFO: Session created
  Context: {
  "sessionId": "5613c23d-e47a-4387-91e7-63baab83c554",
  "title": "Single Thought",
  "mode": "hybrid"
}
[2025-11-19T04:03:15.671Z] INFO: Session completed
  Context: {
  "sessionId": "5613c23d-e47a-4387-91e7-63baab83c554",
  "title": "Single Thought",
  "totalThoughts": 1
}

[90mstdout[2m | tests/integration/error-handling.test.ts[2m > [22m[2mError Handling and Edge Cases[2m > [22m[2mSummary Generation Edge Cases[2m > [22m[2mshould handle summary for session with very long thoughts[22m[39m
[2025-11-19T04:03:15.672Z] INFO: Session created
  Context: {
  "sessionId": "fdd3a266-2cdd-46a6-b856-cea5798e3552",
  "title": "Untitled Session",
  "mode": "hybrid"
}
[2025-11-19T04:03:15.672Z] INFO: Session completed
  Context: {
  "sessionId": "fdd3a266-2cdd-46a6-b856-cea5798e3552",
  "title": "Untitled Session",
  "totalThoughts": 1
}

[90mstdout[2m | tests/integration/error-handling.test.ts[2m > [22m[2mError Handling and Edge Cases[2m > [22m[2mConcurrent Session Management[2m > [22m[2mshould handle rapid session creation[22m[39m
[2025-11-19T04:03:15.674Z] INFO: Session created
  Context: {
  "sessionId": "d6244554-0d14-4fb1-b385-91009d05e531",
  "title": "Session 0",
  "mode": "hybrid"
}
[2025-11-19T04:03:15.674Z] INFO: Session created
  Context: {
  "sessionId": "0cd17f78-effc-4860-b87b-2a105a4702a8",
  "title": "Session 1",
  "mode": "hybrid"
}
[2025-11-19T04:03:15.674Z] INFO: Session created
  Context: {
  "sessionId": "76510afd-4137-469c-9d66-c68cbb40a91e",
  "title": "Session 2",
  "mode": "hybrid"
}
[2025-11-19T04:03:15.674Z] INFO: Session created
  Context: {
  "sessionId": "889341b9-80a8-484e-8f3f-bcd342e6fa8a",
  "title": "Session 3",
  "mode": "hybrid"
}
[2025-11-19T04:03:15.674Z] INFO: Session created
  Context: {
  "sessionId": "a8df7baf-fa3e-4788-b4ec-66aac5b022b5",
  "title": "Session 4",
  "mode": "hybrid"
}
[2025-11-19T04:03:15.674Z] INFO: Session created
  Context: {
  "sessionId": "29203cd7-9271-4622-bb22-11dfcd294a01",
  "title": "Session 5",
  "mode": "hybrid"
}
[2025-11-19T04:03:15.674Z] INFO: Session created
  Context: {
  "sessionId": "d756ae29-3360-4bba-80ce-292ac52be96c",
  "title": "Session 6",
  "mode": "hybrid"
}
[2025-11-19T04:03:15.675Z] INFO: Session created
  Context: {
  "sessionId": "86c6e2be-c7a4-4324-8b36-0e97cd81ce9e",
  "title": "Session 7",
  "mode": "hybrid"
}
[2025-11-19T04:03:15.675Z] INFO: Session created
  Context: {
  "sessionId": "4591c617-27df-4089-8ff5-53e81fd2f70d",
  "title": "Session 8",
  "mode": "hybrid"
}
[2025-11-19T04:03:15.675Z] INFO: Session created
  Context: {
  "sessionId": "aa91545a-9954-46e3-81a6-563c94b6deeb",
  "title": "Session 9",
  "mode": "hybrid"
}

[90mstdout[2m | tests/integration/error-handling.test.ts[2m > [22m[2mError Handling and Edge Cases[2m > [22m[2mConcurrent Session Management[2m > [22m[2mshould handle concurrent thought additions to same session[22m[39m
[2025-11-19T04:03:15.676Z] INFO: Session created
  Context: {
  "sessionId": "7cfcb5f6-9bf4-4661-b0ed-38a2ad8d458d",
  "title": "Untitled Session",
  "mode": "hybrid"
}
[2025-11-19T04:03:15.686Z] INFO: Session completed
  Context: {
  "sessionId": "7cfcb5f6-9bf4-4661-b0ed-38a2ad8d458d",
  "title": "Untitled Session",
  "totalThoughts": 5
}

[90mstdout[2m | tests/integration/error-handling.test.ts[2m > [22m[2mError Handling and Edge Cases[2m > [22m[2mConcurrent Session Management[2m > [22m[2mshould maintain independence of multiple sessions[22m[39m
[2025-11-19T04:03:15.687Z] INFO: Session created
  Context: {
  "sessionId": "f34d2591-562c-4eca-a448-a80fa390da70",
  "title": "Session 1",
  "mode": "hybrid"
}
[2025-11-19T04:03:15.688Z] INFO: Session created
  Context: {
  "sessionId": "03a73240-6809-4a59-9f73-d125919575c7",
  "title": "Session 2",
  "mode": "hybrid"
}
[2025-11-19T04:03:15.688Z] INFO: Session completed
  Context: {
  "sessionId": "f34d2591-562c-4eca-a448-a80fa390da70",
  "title": "Session 1",
  "totalThoughts": 1
}
[2025-11-19T04:03:15.688Z] INFO: Session completed
  Context: {
  "sessionId": "03a73240-6809-4a59-9f73-d125919575c7",
  "title": "Session 2",
  "totalThoughts": 1
}

[90mstdout[2m | tests/integration/error-handling.test.ts[2m > [22m[2mError Handling and Edge Cases[2m > [22m[2mMode-Specific Edge Cases[2m > [22m[2mshould handle mathematics mode with missing optional fields[22m[39m
[2025-11-19T04:03:15.691Z] INFO: Session created
  Context: {
  "sessionId": "c47a781e-c737-4b78-b673-41fdf826f1cb",
  "title": "Untitled Session",
  "mode": "mathematics"
}
[2025-11-19T04:03:15.691Z] INFO: Session completed
  Context: {
  "sessionId": "c47a781e-c737-4b78-b673-41fdf826f1cb",
  "title": "Untitled Session",
  "totalThoughts": 1
}

[90mstdout[2m | tests/integration/error-handling.test.ts[2m > [22m[2mError Handling and Edge Cases[2m > [22m[2mMode-Specific Edge Cases[2m > [22m[2mshould handle Shannon mode without explicit stage[22m[39m
[2025-11-19T04:03:15.692Z] INFO: Session created
  Context: {
  "sessionId": "1dc0d0cd-709f-4dd3-92c4-3b4eb3d9abe5",
  "title": "Untitled Session",
  "mode": "shannon"
}
[2025-11-19T04:03:15.692Z] INFO: Session completed
  Context: {
  "sessionId": "1dc0d0cd-709f-4dd3-92c4-3b4eb3d9abe5",
  "title": "Untitled Session",
  "totalThoughts": 1
}

[90mstdout[2m | tests/integration/error-handling.test.ts[2m > [22m[2mError Handling and Edge Cases[2m > [22m[2mMode-Specific Edge Cases[2m > [22m[2mshould handle temporal mode with minimal event data[22m[39m
[2025-11-19T04:03:15.693Z] INFO: Session created
  Context: {
  "sessionId": "1b099654-4a52-46d6-9893-639efa72e7f6",
  "title": "Untitled Session",
  "mode": "temporal"
}
[2025-11-19T04:03:15.693Z] INFO: Session completed
  Context: {
  "sessionId": "1b099654-4a52-46d6-9893-639efa72e7f6",
  "title": "Untitled Session",
  "totalThoughts": 1
}

 [32m✓[39m tests/integration/error-handling.test.ts [2m ([22m[2m36 tests[22m[2m)[22m[33m 776[2mms[22m[39m
[90mstdout[2m | tests/integration/index-handlers.test.ts[2m > [22m[2mIndex.ts Handler Functions[2m > [22m[2mHandler Functions[2m > [22m[2mhandleAddThought()[2m > [22m[2mshould create new session if sessionId not provided[22m[39m
[2025-11-19T04:03:15.761Z] INFO: Session created
  Context: {
  "sessionId": "9c60a318-0b43-4f5f-82ec-5b11f2d4c496",
  "title": "Test Session",
  "mode": "sequential"
}

[90mstdout[2m | tests/integration/index-handlers.test.ts[2m > [22m[2mIndex.ts Handler Functions[2m > [22m[2mHandler Functions[2m > [22m[2mhandleAddThought()[2m > [22m[2mshould add thought to existing session[22m[39m
[2025-11-19T04:03:15.778Z] INFO: Session created
  Context: {
  "sessionId": "f1b7ff85-eabd-467b-8672-45c2a3a881d7",
  "title": "Test Session",
  "mode": "sequential"
}

[90mstdout[2m | tests/integration/index-handlers.test.ts[2m > [22m[2mIndex.ts Handler Functions[2m > [22m[2mHandler Functions[2m > [22m[2mhandleAddThought()[2m > [22m[2mshould handle all 13 modes in add_thought[22m[39m
[2025-11-19T04:03:15.785Z] INFO: Session created
  Context: {
  "sessionId": "1d665764-437a-466c-af89-776b228a7fdf",
  "title": "Test sequential",
  "mode": "sequential"
}
[2025-11-19T04:03:15.786Z] INFO: Session completed
  Context: {
  "sessionId": "1d665764-437a-466c-af89-776b228a7fdf",
  "title": "Test sequential",
  "totalThoughts": 1
}
[2025-11-19T04:03:15.786Z] INFO: Session created
  Context: {
  "sessionId": "4d093d9a-dee2-4da9-b15b-89a350ac688f",
  "title": "Test shannon",
  "mode": "shannon"
}
[2025-11-19T04:03:15.787Z] INFO: Session completed
  Context: {
  "sessionId": "4d093d9a-dee2-4da9-b15b-89a350ac688f",
  "title": "Test shannon",
  "totalThoughts": 1
}
[2025-11-19T04:03:15.787Z] INFO: Session created
  Context: {
  "sessionId": "61975ce7-4e97-4573-beca-6e8c4b629931",
  "title": "Test mathematics",
  "mode": "mathematics"
}
[2025-11-19T04:03:15.788Z] INFO: Session completed
  Context: {
  "sessionId": "61975ce7-4e97-4573-beca-6e8c4b629931",
  "title": "Test mathematics",
  "totalThoughts": 1
}
[2025-11-19T04:03:15.872Z] INFO: Session created
  Context: {
  "sessionId": "5313cdf6-69c8-4ea2-8bb9-b8b5771241cd",
  "title": "Test physics",
  "mode": "physics"
}
[2025-11-19T04:03:15.872Z] INFO: Session completed
  Context: {
  "sessionId": "5313cdf6-69c8-4ea2-8bb9-b8b5771241cd",
  "title": "Test physics",
  "totalThoughts": 1
}
[2025-11-19T04:03:15.873Z] INFO: Session created
  Context: {
  "sessionId": "56022371-a7ee-4d0d-9918-eac0f8adba1c",
  "title": "Test hybrid",
  "mode": "hybrid"
}
[2025-11-19T04:03:15.873Z] INFO: Session completed
  Context: {
  "sessionId": "56022371-a7ee-4d0d-9918-eac0f8adba1c",
  "title": "Test hybrid",
  "totalThoughts": 1
}
[2025-11-19T04:03:15.885Z] INFO: Session created
  Context: {
  "sessionId": "c00693bf-f61c-4ea7-8bfa-a87c1a3a83d0",
  "title": "Test abductive",
  "mode": "abductive"
}
[2025-11-19T04:03:15.887Z] INFO: Session completed
  Context: {
  "sessionId": "c00693bf-f61c-4ea7-8bfa-a87c1a3a83d0",
  "title": "Test abductive",
  "totalThoughts": 1
}
[2025-11-19T04:03:15.889Z] INFO: Session created
  Context: {
  "sessionId": "25cd67a7-1beb-4e34-9372-aa4f87375467",
  "title": "Test causal",
  "mode": "causal"
}
[2025-11-19T04:03:15.889Z] INFO: Session completed
  Context: {
  "sessionId": "25cd67a7-1beb-4e34-9372-aa4f87375467",
  "title": "Test causal",
  "totalThoughts": 1
}
[2025-11-19T04:03:15.894Z] INFO: Session created
  Context: {
  "sessionId": "f9311900-217d-485e-96d4-a3827e7d8de2",
  "title": "Test bayesian",
  "mode": "bayesian"
}
[2025-11-19T04:03:15.895Z] INFO: Session completed
  Context: {
  "sessionId": "f9311900-217d-485e-96d4-a3827e7d8de2",
  "title": "Test bayesian",
  "totalThoughts": 1
}
[2025-11-19T04:03:15.895Z] INFO: Session created
  Context: {
  "sessionId": "4249ff0f-1ecb-4883-aab7-2ad43466aaa2",
  "title": "Test counterfactual",
  "mode": "counterfactual"
}
[2025-11-19T04:03:15.896Z] INFO: Session completed
  Context: {
  "sessionId": "4249ff0f-1ecb-4883-aab7-2ad43466aaa2",
  "title": "Test counterfactual",
  "totalThoughts": 1
}
[2025-11-19T04:03:15.896Z] INFO: Session created
  Context: {
  "sessionId": "8050e7cf-cdde-4fa8-b555-81316bc35de5",
  "title": "Test analogical",
  "mode": "analogical"
}
[2025-11-19T04:03:15.897Z] INFO: Session completed
  Context: {
  "sessionId": "8050e7cf-cdde-4fa8-b555-81316bc35de5",
  "title": "Test analogical",
  "totalThoughts": 1
}
[2025-11-19T04:03:15.897Z] INFO: Session created
  Context: {
  "sessionId": "0d606c57-4d28-4dfa-992a-75f13c171ec5",
  "title": "Test temporal",
  "mode": "temporal"
}
[2025-11-19T04:03:15.898Z] INFO: Session completed
  Context: {
  "sessionId": "0d606c57-4d28-4dfa-992a-75f13c171ec5",
  "title": "Test temporal",
  "totalThoughts": 1
}
[2025-11-19T04:03:15.898Z] INFO: Session created
  Context: {
  "sessionId": "46e0405e-77cf-4b05-87be-03986c6de7c2",
  "title": "Test gametheory",
  "mode": "gametheory"
}
[2025-11-19T04:03:15.902Z] INFO: Session completed
  Context: {
  "sessionId": "46e0405e-77cf-4b05-87be-03986c6de7c2",
  "title": "Test gametheory",
  "totalThoughts": 1
}
[2025-11-19T04:03:15.902Z] INFO: Session created
  Context: {
  "sessionId": "5a961cc0-0f64-4769-b67d-ad5ffcb77b00",
  "title": "Test evidential",
  "mode": "evidential"
}
[2025-11-19T04:03:15.903Z] INFO: Session completed
  Context: {
  "sessionId": "5a961cc0-0f64-4769-b67d-ad5ffcb77b00",
  "title": "Test evidential",
  "totalThoughts": 1
}

[90mstdout[2m | tests/integration/index-handlers.test.ts[2m > [22m[2mIndex.ts Handler Functions[2m > [22m[2mHandler Functions[2m > [22m[2mhandleSummarize()[2m > [22m[2mshould generate summary for session with thoughts[22m[39m
[2025-11-19T04:03:16.306Z] INFO: Session created
  Context: {
  "sessionId": "72cb9893-5e69-4510-9ffe-979b71eee376",
  "title": "Test Session",
  "mode": "sequential"
}

[90mstdout[2m | tests/integration/index-handlers.test.ts[2m > [22m[2mIndex.ts Handler Functions[2m > [22m[2mHandler Functions[2m > [22m[2mhandleSummarize()[2m > [22m[2mshould generate summary for empty session[22m[39m
[2025-11-19T04:03:16.307Z] INFO: Session created
  Context: {
  "sessionId": "52da8356-50c0-45c0-bf46-e573035f74b6",
  "title": "Empty Session",
  "mode": "sequential"
}

[90mstdout[2m | tests/integration/session-workflow.test.ts[2m > [22m[2mSession Workflow Integration[2m > [22m[2mshould complete full sequential thinking workflow[22m[39m
[2025-11-19T04:03:16.774Z] INFO: Session created
  Context: {
  "sessionId": "5b730d96-2805-45a8-98bb-ca578af80a7f",
  "title": "Solve Prime Factorization Problem",
  "mode": "sequential"
}
[2025-11-19T04:03:16.817Z] INFO: Session completed
  Context: {
  "sessionId": "5b730d96-2805-45a8-98bb-ca578af80a7f",
  "title": "Solve Prime Factorization Problem",
  "totalThoughts": 5
}

[90mstdout[2m | tests/integration/session-workflow.test.ts[2m > [22m[2mSession Workflow Integration[2m > [22m[2mshould handle mathematics mode with validation[22m[39m
[2025-11-19T04:03:16.823Z] INFO: Session created
  Context: {
  "sessionId": "dd398fa2-0ec7-40ea-a942-ee99e9c53e44",
  "title": "Prove Fundamental Theorem",
  "mode": "mathematics"
}
[2025-11-19T04:03:16.824Z] INFO: Session completed
  Context: {
  "sessionId": "dd398fa2-0ec7-40ea-a942-ee99e9c53e44",
  "title": "Prove Fundamental Theorem",
  "totalThoughts": 3
}

[90mstdout[2m | tests/integration/session-workflow.test.ts[2m > [22m[2mSession Workflow Integration[2m > [22m[2mshould handle mode switching mid-session[22m[39m
[2025-11-19T04:03:16.826Z] INFO: Session created
  Context: {
  "sessionId": "369d3b86-63e9-45e1-82c1-4d3a3bde324a",
  "title": "Problem Solving Session",
  "mode": "sequential"
}
[2025-11-19T04:03:16.846Z] INFO: Session mode switched
  Context: {
  "sessionId": "369d3b86-63e9-45e1-82c1-4d3a3bde324a",
  "oldMode": "sequential",
  "newMode": "shannon",
  "reason": "Need more structure"
}
[2025-11-19T04:03:16.847Z] INFO: Session completed
  Context: {
  "sessionId": "369d3b86-63e9-45e1-82c1-4d3a3bde324a",
  "title": "Problem Solving Session",
  "totalThoughts": 3
}

[90mstdout[2m | tests/integration/session-workflow.test.ts[2m > [22m[2mSession Workflow Integration[2m > [22m[2mshould track validation cache statistics[22m[39m
[2025-11-19T04:03:16.849Z] INFO: Session created
  Context: {
  "sessionId": "53ed2a5d-3d4c-4f3c-a2a9-529e9c8f6d3f",
  "title": "Cache Test Session",
  "mode": "sequential"
}
[2025-11-19T04:03:16.849Z] INFO: Session completed
  Context: {
  "sessionId": "53ed2a5d-3d4c-4f3c-a2a9-529e9c8f6d3f",
  "title": "Cache Test Session",
  "totalThoughts": 3
}

[90mstdout[2m | tests/integration/session-workflow.test.ts[2m > [22m[2mSession Workflow Integration[2m > [22m[2mshould handle multiple concurrent sessions[22m[39m
[2025-11-19T04:03:16.851Z] INFO: Session created
  Context: {
  "sessionId": "f30f9355-c96c-415b-92dd-07af56f8efbc",
  "title": "Session 1",
  "mode": "sequential"
}
[2025-11-19T04:03:16.851Z] INFO: Session created
  Context: {
  "sessionId": "941a5049-ae47-4d5d-bfdb-d0eb55466fcc",
  "title": "Session 2",
  "mode": "mathematics"
}
[2025-11-19T04:03:16.852Z] INFO: Session created
  Context: {
  "sessionId": "375cbd89-bfdc-4a4f-90de-600bb00bcacb",
  "title": "Session 3",
  "mode": "shannon"
}
[2025-11-19T04:03:16.852Z] INFO: Session completed
  Context: {
  "sessionId": "f30f9355-c96c-415b-92dd-07af56f8efbc",
  "title": "Session 1",
  "totalThoughts": 1
}
[2025-11-19T04:03:16.852Z] INFO: Session completed
  Context: {
  "sessionId": "941a5049-ae47-4d5d-bfdb-d0eb55466fcc",
  "title": "Session 2",
  "totalThoughts": 1
}
[2025-11-19T04:03:16.852Z] INFO: Session completed
  Context: {
  "sessionId": "375cbd89-bfdc-4a4f-90de-600bb00bcacb",
  "title": "Session 3",
  "totalThoughts": 1
}

[90mstdout[2m | tests/integration/session-workflow.test.ts[2m > [22m[2mSession Workflow Integration[2m > [22m[2mshould handle session deletion[22m[39m
[2025-11-19T04:03:16.855Z] INFO: Session created
  Context: {
  "sessionId": "ce4aa1f5-f199-44ae-ac01-d415fd1a6586",
  "title": "Temporary Session",
  "mode": "sequential"
}
[2025-11-19T04:03:16.855Z] INFO: Session completed
  Context: {
  "sessionId": "ce4aa1f5-f199-44ae-ac01-d415fd1a6586",
  "title": "Temporary Session",
  "totalThoughts": 1
}
[2025-11-19T04:03:16.856Z] INFO: Session deleted
  Context: {
  "sessionId": "ce4aa1f5-f199-44ae-ac01-d415fd1a6586",
  "title": "Temporary Session",
  "thoughtCount": 1
}

[90mstdout[2m | tests/integration/session-workflow.test.ts[2m > [22m[2mSession Workflow Integration[2m > [22m[2mshould maintain metrics accuracy across workflow[22m[39m
[2025-11-19T04:03:16.857Z] INFO: Session created
  Context: {
  "sessionId": "6940b01a-217a-4412-b13e-3e53e8f19d59",
  "title": "Metrics Test",
  "mode": "sequential"
}
[2025-11-19T04:03:16.857Z] INFO: Session completed
  Context: {
  "sessionId": "6940b01a-217a-4412-b13e-3e53e8f19d59",
  "title": "Metrics Test",
  "totalThoughts": 5
}

 [32m✓[39m tests/integration/session-workflow.test.ts [2m ([22m[2m7 tests[22m[2m)[22m[90m 102[2mms[22m[39m
[90mstdout[2m | tests/integration/index-handlers.test.ts[2m > [22m[2mIndex.ts Handler Functions[2m > [22m[2mHandler Functions[2m > [22m[2mhandleSwitchMode()[2m > [22m[2mshould switch mode successfully[22m[39m
[2025-11-19T04:03:16.311Z] INFO: Session created
  Context: {
  "sessionId": "a43fb7fd-922f-413a-a7aa-55032aaf106f",
  "title": "Test Session",
  "mode": "sequential"
}
[2025-11-19T04:03:16.312Z] INFO: Session mode switched
  Context: {
  "sessionId": "a43fb7fd-922f-413a-a7aa-55032aaf106f",
  "oldMode": "sequential",
  "newMode": "shannon",
  "reason": "User requested mode switch"
}

[90mstdout[2m | tests/integration/index-handlers.test.ts[2m > [22m[2mIndex.ts Handler Functions[2m > [22m[2mHandler Functions[2m > [22m[2mhandleSwitchMode()[2m > [22m[2mshould switch between all 13 modes[22m[39m
[2025-11-19T04:03:16.313Z] INFO: Session created
  Context: {
  "sessionId": "a41ac561-ea51-4ce7-86e1-06f1dc7e2ed3",
  "title": "Multi-mode Session",
  "mode": "hybrid"
}
[2025-11-19T04:03:16.313Z] INFO: Session mode switched
  Context: {
  "sessionId": "a41ac561-ea51-4ce7-86e1-06f1dc7e2ed3",
  "oldMode": "hybrid",
  "newMode": "sequential",
  "reason": "Switching to sequential"
}
[2025-11-19T04:03:16.313Z] INFO: Session mode switched
  Context: {
  "sessionId": "a41ac561-ea51-4ce7-86e1-06f1dc7e2ed3",
  "oldMode": "sequential",
  "newMode": "shannon",
  "reason": "Switching to shannon"
}
[2025-11-19T04:03:16.313Z] INFO: Session mode switched
  Context: {
  "sessionId": "a41ac561-ea51-4ce7-86e1-06f1dc7e2ed3",
  "oldMode": "shannon",
  "newMode": "mathematics",
  "reason": "Switching to mathematics"
}
[2025-11-19T04:03:16.313Z] INFO: Session mode switched
  Context: {
  "sessionId": "a41ac561-ea51-4ce7-86e1-06f1dc7e2ed3",
  "oldMode": "mathematics",
  "newMode": "physics",
  "reason": "Switching to physics"
}
[2025-11-19T04:03:16.313Z] INFO: Session mode switched
  Context: {
  "sessionId": "a41ac561-ea51-4ce7-86e1-06f1dc7e2ed3",
  "oldMode": "physics",
  "newMode": "abductive",
  "reason": "Switching to abductive"
}
[2025-11-19T04:03:16.313Z] INFO: Session mode switched
  Context: {
  "sessionId": "a41ac561-ea51-4ce7-86e1-06f1dc7e2ed3",
  "oldMode": "abductive",
  "newMode": "causal",
  "reason": "Switching to causal"
}
[2025-11-19T04:03:16.314Z] INFO: Session mode switched
  Context: {
  "sessionId": "a41ac561-ea51-4ce7-86e1-06f1dc7e2ed3",
  "oldMode": "causal",
  "newMode": "bayesian",
  "reason": "Switching to bayesian"
}
[2025-11-19T04:03:16.314Z] INFO: Session mode switched
  Context: {
  "sessionId": "a41ac561-ea51-4ce7-86e1-06f1dc7e2ed3",
  "oldMode": "bayesian",
  "newMode": "counterfactual",
  "reason": "Switching to counterfactual"
}
[2025-11-19T04:03:16.314Z] INFO: Session mode switched
  Context: {
  "sessionId": "a41ac561-ea51-4ce7-86e1-06f1dc7e2ed3",
  "oldMode": "counterfactual",
  "newMode": "analogical",
  "reason": "Switching to analogical"
}
[2025-11-19T04:03:16.318Z] INFO: Session mode switched
  Context: {
  "sessionId": "a41ac561-ea51-4ce7-86e1-06f1dc7e2ed3",
  "oldMode": "analogical",
  "newMode": "temporal",
  "reason": "Switching to temporal"
}
[2025-11-19T04:03:16.318Z] INFO: Session mode switched
  Context: {
  "sessionId": "a41ac561-ea51-4ce7-86e1-06f1dc7e2ed3",
  "oldMode": "temporal",
  "newMode": "gametheory",
  "reason": "Switching to gametheory"
}
[2025-11-19T04:03:16.318Z] INFO: Session mode switched
  Context: {
  "sessionId": "a41ac561-ea51-4ce7-86e1-06f1dc7e2ed3",
  "oldMode": "gametheory",
  "newMode": "evidential",
  "reason": "Switching to evidential"
}
[2025-11-19T04:03:16.318Z] INFO: Session mode switched
  Context: {
  "sessionId": "a41ac561-ea51-4ce7-86e1-06f1dc7e2ed3",
  "oldMode": "evidential",
  "newMode": "hybrid",
  "reason": "Switching to hybrid"
}

[90mstdout[2m | tests/integration/index-handlers.test.ts[2m > [22m[2mIndex.ts Handler Functions[2m > [22m[2mHandler Functions[2m > [22m[2mhandleGetSession()[2m > [22m[2mshould retrieve session with all properties[22m[39m
[2025-11-19T04:03:16.320Z] INFO: Session created
  Context: {
  "sessionId": "3b041bda-40d4-4f7b-96f6-4d320bf2ce80",
  "title": "Test Session",
  "mode": "sequential"
}

[90mstdout[2m | tests/integration/index-handlers.test.ts[2m > [22m[2mIndex.ts Handler Functions[2m > [22m[2mHandler Functions[2m > [22m[2mhandleGetSession()[2m > [22m[2mshould retrieve session with thoughts[22m[39m
[2025-11-19T04:03:16.322Z] INFO: Session created
  Context: {
  "sessionId": "3ea6c88d-555c-437e-bb1e-bfc19f771b88",
  "title": "Session with Thoughts",
  "mode": "sequential"
}
[2025-11-19T04:03:16.322Z] INFO: Session completed
  Context: {
  "sessionId": "3ea6c88d-555c-437e-bb1e-bfc19f771b88",
  "title": "Session with Thoughts",
  "totalThoughts": 1
}

[90mstdout[2m | tests/integration/index-handlers.test.ts[2m > [22m[2mIndex.ts Handler Functions[2m > [22m[2mHandler Functions[2m > [22m[2mhandleExport()[2m > [22m[2mshould export session in JSON format[22m[39m
[2025-11-19T04:03:16.323Z] INFO: Session created
  Context: {
  "sessionId": "10ecb66d-2468-4dd1-8e0c-7639cc656d33",
  "title": "Export Test",
  "mode": "sequential"
}
[2025-11-19T04:03:16.323Z] INFO: Session completed
  Context: {
  "sessionId": "10ecb66d-2468-4dd1-8e0c-7639cc656d33",
  "title": "Export Test",
  "totalThoughts": 1
}

 [32m✓[39m tests/integration/index-handlers.test.ts [2m ([22m[2m33 tests[22m[2m)[22m[33m 2304[2mms[22m[39m

[2m Test Files [22m [1m[32m8 passed[39m[22m[90m (8)[39m
[2m      Tests [22m [1m[32m168 passed[39m[22m[90m (168)[39m
[2m   Start at [22m 23:03:06
[2m   Duration [22m 16.48s


[1m[7m[32m PASS [39m[27m[22m[32m Waiting for file changes...[39m
       [2mpress [22m[1mh[22m[2m to show help[22m[2m, [22m[2mpress [22m[1mq[22m[2m to quit[22m
[3Jc
[7m[1m[34m RERUN [39m[22m[27m[2m src/utils/errors.ts[22m

[90mstdout[2m | tests/unit/session-manager.test.ts[2m > [22m[2mSessionManager[2m > [22m[2mcreateSession[2m > [22m[2mshould create a new session with default values[22m[39m
[2025-11-19T04:03:40.951Z] INFO: Session created
  Context: {
  "sessionId": "935be821-40b5-41b3-ad77-1d2e2eee00ef",
  "title": "Untitled Session",
  "mode": "hybrid"
}

[90mstdout[2m | tests/unit/session-manager.test.ts[2m > [22m[2mSessionManager[2m > [22m[2mcreateSession[2m > [22m[2mshould create a session with custom options[22m[39m
[2025-11-19T04:03:40.980Z] INFO: Session created
  Context: {
  "sessionId": "0946d8d4-de0d-4713-8c02-2dbd539f9f81",
  "title": "My Problem",
  "mode": "mathematics",
  "domain": "number_theory",
  "author": "Test User"
}

[90mstdout[2m | tests/unit/session-manager.test.ts[2m > [22m[2mSessionManager[2m > [22m[2mcreateSession[2m > [22m[2mshould initialize metrics correctly[22m[39m
[2025-11-19T04:03:40.981Z] INFO: Session created
  Context: {
  "sessionId": "16355130-6372-467d-9e91-611bdb4be758",
  "title": "Untitled Session",
  "mode": "hybrid"
}

[90mstdout[2m | tests/unit/session-manager.test.ts[2m > [22m[2mSessionManager[2m > [22m[2mgetSession[2m > [22m[2mshould retrieve an existing session[22m[39m
[2025-11-19T04:03:40.984Z] INFO: Session created
  Context: {
  "sessionId": "78694ec7-af04-4639-b4a9-9c71a04043b9",
  "title": "Test Session",
  "mode": "hybrid"
}

[90mstdout[2m | tests/unit/session-manager.test.ts[2m > [22m[2mSessionManager[2m > [22m[2maddThought[2m > [22m[2mshould add a sequential thought to session[22m[39m
[2025-11-19T04:03:40.989Z] INFO: Session created
  Context: {
  "sessionId": "4b3b9b08-2205-43ad-a4c0-3b2f0e13c3c9",
  "title": "Untitled Session",
  "mode": "sequential"
}

[90mstdout[2m | tests/unit/session-manager.test.ts[2m > [22m[2mSessionManager[2m > [22m[2maddThought[2m > [22m[2mshould mark session as complete when nextThoughtNeeded is false[22m[39m
[2025-11-19T04:03:41.004Z] INFO: Session created
  Context: {
  "sessionId": "367385f4-6397-47bd-ad67-a232b2583932",
  "title": "Untitled Session",
  "mode": "hybrid"
}
[2025-11-19T04:03:41.005Z] INFO: Session completed
  Context: {
  "sessionId": "367385f4-6397-47bd-ad67-a232b2583932",
  "title": "Untitled Session",
  "totalThoughts": 1
}

[90mstdout[2m | tests/unit/session-manager.test.ts[2m > [22m[2mSessionManager[2m > [22m[2maddThought[2m > [22m[2mshould track revisions in metrics[22m[39m
[2025-11-19T04:03:41.006Z] INFO: Session created
  Context: {
  "sessionId": "cb4016a6-5ede-40bc-b5b4-2de1cab6a7b8",
  "title": "Untitled Session",
  "mode": "hybrid"
}

[90mstdout[2m | tests/unit/session-manager.test.ts[2m > [22m[2mSessionManager[2m > [22m[2maddThought[2m > [22m[2mshould calculate average uncertainty for Shannon thoughts[22m[39m
[2025-11-19T04:03:41.008Z] INFO: Session created
  Context: {
  "sessionId": "9af27ccf-ab7a-4b28-ad02-558bc4dc3ea0",
  "title": "Untitled Session",
  "mode": "shannon"
}

[90mstderr[2m | tests/unit/session-manager.test.ts[2m > [22m[2mSessionManager[2m > [22m[2maddThought[2m > [22m[2mshould throw error for non-existent session[22m[39m
[2025-11-19T04:03:41.011Z] ERROR: Session not found
  Context: {
  "sessionId": "00000000-0000-4000-8000-000000000000"
}

[90mstdout[2m | tests/unit/session-manager.test.ts[2m > [22m[2mSessionManager[2m > [22m[2mswitchMode[2m > [22m[2mshould switch session mode[22m[39m
[2025-11-19T04:03:41.018Z] INFO: Session created
  Context: {
  "sessionId": "a55cfe37-04b5-4cd5-9da7-7364f0725217",
  "title": "Untitled Session",
  "mode": "sequential"
}
[2025-11-19T04:03:41.019Z] INFO: Session mode switched
  Context: {
  "sessionId": "a55cfe37-04b5-4cd5-9da7-7364f0725217",
  "oldMode": "sequential",
  "newMode": "shannon",
  "reason": "Need systematic approach"
}

[90mstderr[2m | tests/unit/session-manager.test.ts[2m > [22m[2mSessionManager[2m > [22m[2mswitchMode[2m > [22m[2mshould throw error for non-existent session[22m[39m
[2025-11-19T04:03:41.021Z] ERROR: Session not found
  Context: {
  "sessionId": "00000000-0000-4000-8000-000000000000"
}

[90mstdout[2m | tests/unit/session-manager.test.ts[2m > [22m[2mSessionManager[2m > [22m[2mlistSessions[2m > [22m[2mshould list all sessions[22m[39m
[2025-11-19T04:03:41.023Z] INFO: Session created
  Context: {
  "sessionId": "e4a4522e-4af4-4ac8-bd95-06f2d2910858",
  "title": "Session 1",
  "mode": "hybrid"
}
[2025-11-19T04:03:41.023Z] INFO: Session created
  Context: {
  "sessionId": "8b953136-9cd5-4e23-a093-12e57082f89b",
  "title": "Session 2",
  "mode": "hybrid"
}
[2025-11-19T04:03:41.023Z] INFO: Session created
  Context: {
  "sessionId": "d490e6f3-021f-4949-90f6-de2407b491da",
  "title": "Session 3",
  "mode": "hybrid"
}

[90mstdout[2m | tests/unit/session-manager.test.ts[2m > [22m[2mSessionManager[2m > [22m[2mdeleteSession[2m > [22m[2mshould delete a session[22m[39m
[2025-11-19T04:03:41.027Z] INFO: Session created
  Context: {
  "sessionId": "7d7bbbda-9218-4518-a1aa-aa532a463a7f",
  "title": "Untitled Session",
  "mode": "hybrid"
}
[2025-11-19T04:03:41.028Z] INFO: Session deleted
  Context: {
  "sessionId": "7d7bbbda-9218-4518-a1aa-aa532a463a7f",
  "title": "Untitled Session",
  "thoughtCount": 0
}

[90mstdout[2m | tests/unit/session-manager.test.ts[2m > [22m[2mSessionManager[2m > [22m[2mgenerateSummary[2m > [22m[2mshould generate a summary of session[22m[39m
[2025-11-19T04:03:41.029Z] INFO: Session created
  Context: {
  "sessionId": "90ea6e8d-33dc-48ab-b3e5-df84070b9619",
  "title": "Test Problem",
  "mode": "hybrid"
}
[2025-11-19T04:03:41.029Z] INFO: Session completed
  Context: {
  "sessionId": "90ea6e8d-33dc-48ab-b3e5-df84070b9619",
  "title": "Test Problem",
  "totalThoughts": 1
}

 [32m✓[39m tests/unit/session-manager.test.ts [2m ([22m[2m16 tests[22m[2m)[22m[90m 105[2mms[22m[39m
[90mstdout[2m | tests/integration/index-handlers.test.ts[2m > [22m[2mIndex.ts Handler Functions[2m > [22m[2mHandler Functions[2m > [22m[2mhandleAddThought()[2m > [22m[2mshould create new session if sessionId not provided[22m[39m
[2025-11-19T04:03:41.045Z] INFO: Session created
  Context: {
  "sessionId": "aaa21ce1-c1a3-4c65-a5d1-563f2a36589c",
  "title": "Test Session",
  "mode": "sequential"
}

[90mstdout[2m | tests/integration/index-handlers.test.ts[2m > [22m[2mIndex.ts Handler Functions[2m > [22m[2mHandler Functions[2m > [22m[2mhandleAddThought()[2m > [22m[2mshould add thought to existing session[22m[39m
[2025-11-19T04:03:41.049Z] INFO: Session created
  Context: {
  "sessionId": "ce05ec7e-e298-4e4d-9ad6-e1758cc18897",
  "title": "Test Session",
  "mode": "sequential"
}

[90mstdout[2m | tests/integration/index-handlers.test.ts[2m > [22m[2mIndex.ts Handler Functions[2m > [22m[2mHandler Functions[2m > [22m[2mhandleAddThought()[2m > [22m[2mshould handle all 13 modes in add_thought[22m[39m
[2025-11-19T04:03:41.053Z] INFO: Session created
  Context: {
  "sessionId": "30c19803-e04d-40e1-b23f-56eff467981e",
  "title": "Test sequential",
  "mode": "sequential"
}
[2025-11-19T04:03:41.053Z] INFO: Session completed
  Context: {
  "sessionId": "30c19803-e04d-40e1-b23f-56eff467981e",
  "title": "Test sequential",
  "totalThoughts": 1
}
[2025-11-19T04:03:41.054Z] INFO: Session created
  Context: {
  "sessionId": "9fecd252-9b2a-4c51-b81f-440bb4a43f03",
  "title": "Test shannon",
  "mode": "shannon"
}
[2025-11-19T04:03:41.054Z] INFO: Session completed
  Context: {
  "sessionId": "9fecd252-9b2a-4c51-b81f-440bb4a43f03",
  "title": "Test shannon",
  "totalThoughts": 1
}
[2025-11-19T04:03:41.055Z] INFO: Session created
  Context: {
  "sessionId": "7ad1dfd8-bd8c-496f-8ba2-c5e90106209e",
  "title": "Test mathematics",
  "mode": "mathematics"
}
[2025-11-19T04:03:41.055Z] INFO: Session completed
  Context: {
  "sessionId": "7ad1dfd8-bd8c-496f-8ba2-c5e90106209e",
  "title": "Test mathematics",
  "totalThoughts": 1
}
[2025-11-19T04:03:41.056Z] INFO: Session created
  Context: {
  "sessionId": "55ba376d-abed-43d6-be3d-9cbfb38ae87e",
  "title": "Test physics",
  "mode": "physics"
}
[2025-11-19T04:03:41.056Z] INFO: Session completed
  Context: {
  "sessionId": "55ba376d-abed-43d6-be3d-9cbfb38ae87e",
  "title": "Test physics",
  "totalThoughts": 1
}
[2025-11-19T04:03:41.057Z] INFO: Session created
  Context: {
  "sessionId": "ea89460a-2790-432c-a185-86f86d4df647",
  "title": "Test hybrid",
  "mode": "hybrid"
}
[2025-11-19T04:03:41.058Z] INFO: Session completed
  Context: {
  "sessionId": "ea89460a-2790-432c-a185-86f86d4df647",
  "title": "Test hybrid",
  "totalThoughts": 1
}
[2025-11-19T04:03:41.058Z] INFO: Session created
  Context: {
  "sessionId": "19247aa7-d37f-4b50-afc6-48c8a86baa0b",
  "title": "Test abductive",
  "mode": "abductive"
}
[2025-11-19T04:03:41.058Z] INFO: Session completed
  Context: {
  "sessionId": "19247aa7-d37f-4b50-afc6-48c8a86baa0b",
  "title": "Test abductive",
  "totalThoughts": 1
}
[2025-11-19T04:03:41.059Z] INFO: Session created
  Context: {
  "sessionId": "efe6bbcb-3e89-45b6-bf86-a9b75779f299",
  "title": "Test causal",
  "mode": "causal"
}
[2025-11-19T04:03:41.060Z] INFO: Session completed
  Context: {
  "sessionId": "efe6bbcb-3e89-45b6-bf86-a9b75779f299",
  "title": "Test causal",
  "totalThoughts": 1
}
[2025-11-19T04:03:41.065Z] INFO: Session created
  Context: {
  "sessionId": "0d2b850d-f195-4348-ba1c-97d7cbbbef26",
  "title": "Test bayesian",
  "mode": "bayesian"
}
[2025-11-19T04:03:41.066Z] INFO: Session completed
  Context: {
  "sessionId": "0d2b850d-f195-4348-ba1c-97d7cbbbef26",
  "title": "Test bayesian",
  "totalThoughts": 1
}
[2025-11-19T04:03:41.066Z] INFO: Session created
  Context: {
  "sessionId": "897a62b5-ce75-497a-b505-9e1b2737ed8f",
  "title": "Test counterfactual",
  "mode": "counterfactual"
}
[2025-11-19T04:03:41.067Z] INFO: Session completed
  Context: {
  "sessionId": "897a62b5-ce75-497a-b505-9e1b2737ed8f",
  "title": "Test counterfactual",
  "totalThoughts": 1
}
[2025-11-19T04:03:41.067Z] INFO: Session created
  Context: {
  "sessionId": "b60ad74d-730b-4a3a-87ae-bc5be8b35600",
  "title": "Test analogical",
  "mode": "analogical"
}
[2025-11-19T04:03:41.067Z] INFO: Session completed
  Context: {
  "sessionId": "b60ad74d-730b-4a3a-87ae-bc5be8b35600",
  "title": "Test analogical",
  "totalThoughts": 1
}
[2025-11-19T04:03:41.068Z] INFO: Session created
  Context: {
  "sessionId": "bebb46db-b1a3-417c-9790-9242a9bb47cc",
  "title": "Test temporal",
  "mode": "temporal"
}
[2025-11-19T04:03:41.068Z] INFO: Session completed
  Context: {
  "sessionId": "bebb46db-b1a3-417c-9790-9242a9bb47cc",
  "title": "Test temporal",
  "totalThoughts": 1
}
[2025-11-19T04:03:41.069Z] INFO: Session created
  Context: {
  "sessionId": "c7e554b0-ae1a-4c03-85ea-45fb85d94b2f",
  "title": "Test gametheory",
  "mode": "gametheory"
}
[2025-11-19T04:03:41.069Z] INFO: Session completed
  Context: {
  "sessionId": "c7e554b0-ae1a-4c03-85ea-45fb85d94b2f",
  "title": "Test gametheory",
  "totalThoughts": 1
}
[2025-11-19T04:03:41.070Z] INFO: Session created
  Context: {
  "sessionId": "bc4e284f-bb23-46b0-9245-79467ea76af3",
  "title": "Test evidential",
  "mode": "evidential"
}
[2025-11-19T04:03:41.070Z] INFO: Session completed
  Context: {
  "sessionId": "bc4e284f-bb23-46b0-9245-79467ea76af3",
  "title": "Test evidential",
  "totalThoughts": 1
}

[90mstdout[2m | tests/integration/index-handlers.test.ts[2m > [22m[2mIndex.ts Handler Functions[2m > [22m[2mHandler Functions[2m > [22m[2mhandleSummarize()[2m > [22m[2mshould generate summary for session with thoughts[22m[39m
[2025-11-19T04:03:41.079Z] INFO: Session created
  Context: {
  "sessionId": "86fa28e9-3cca-408b-b0fb-d862bb103cd3",
  "title": "Test Session",
  "mode": "sequential"
}

[90mstdout[2m | tests/integration/index-handlers.test.ts[2m > [22m[2mIndex.ts Handler Functions[2m > [22m[2mHandler Functions[2m > [22m[2mhandleSummarize()[2m > [22m[2mshould generate summary for empty session[22m[39m
[2025-11-19T04:03:41.081Z] INFO: Session created
  Context: {
  "sessionId": "c4b5f763-5ba9-40dc-82d9-bd60d96f7b39",
  "title": "Empty Session",
  "mode": "sequential"
}

[90mstdout[2m | tests/integration/index-handlers.test.ts[2m > [22m[2mIndex.ts Handler Functions[2m > [22m[2mHandler Functions[2m > [22m[2mhandleSwitchMode()[2m > [22m[2mshould switch mode successfully[22m[39m
[2025-11-19T04:03:41.084Z] INFO: Session created
  Context: {
  "sessionId": "6d4ec44f-1ce9-4174-ac37-f49659c75cba",
  "title": "Test Session",
  "mode": "sequential"
}
[2025-11-19T04:03:41.084Z] INFO: Session mode switched
  Context: {
  "sessionId": "6d4ec44f-1ce9-4174-ac37-f49659c75cba",
  "oldMode": "sequential",
  "newMode": "shannon",
  "reason": "User requested mode switch"
}

[90mstdout[2m | tests/integration/index-handlers.test.ts[2m > [22m[2mIndex.ts Handler Functions[2m > [22m[2mHandler Functions[2m > [22m[2mhandleSwitchMode()[2m > [22m[2mshould switch between all 13 modes[22m[39m
[2025-11-19T04:03:41.085Z] INFO: Session created
  Context: {
  "sessionId": "246d4168-9bf2-4796-9ae9-7d8f574a0fab",
  "title": "Multi-mode Session",
  "mode": "hybrid"
}
[2025-11-19T04:03:41.086Z] INFO: Session mode switched
  Context: {
  "sessionId": "246d4168-9bf2-4796-9ae9-7d8f574a0fab",
  "oldMode": "hybrid",
  "newMode": "sequential",
  "reason": "Switching to sequential"
}
[2025-11-19T04:03:41.086Z] INFO: Session mode switched
  Context: {
  "sessionId": "246d4168-9bf2-4796-9ae9-7d8f574a0fab",
  "oldMode": "sequential",
  "newMode": "shannon",
  "reason": "Switching to shannon"
}
[2025-11-19T04:03:41.087Z] INFO: Session mode switched
  Context: {
  "sessionId": "246d4168-9bf2-4796-9ae9-7d8f574a0fab",
  "oldMode": "shannon",
  "newMode": "mathematics",
  "reason": "Switching to mathematics"
}
[2025-11-19T04:03:41.087Z] INFO: Session mode switched
  Context: {
  "sessionId": "246d4168-9bf2-4796-9ae9-7d8f574a0fab",
  "oldMode": "mathematics",
  "newMode": "physics",
  "reason": "Switching to physics"
}
[2025-11-19T04:03:41.088Z] INFO: Session mode switched
  Context: {
  "sessionId": "246d4168-9bf2-4796-9ae9-7d8f574a0fab",
  "oldMode": "physics",
  "newMode": "abductive",
  "reason": "Switching to abductive"
}
[2025-11-19T04:03:41.088Z] INFO: Session mode switched
  Context: {
  "sessionId": "246d4168-9bf2-4796-9ae9-7d8f574a0fab",
  "oldMode": "abductive",
  "newMode": "causal",
  "reason": "Switching to causal"
}
[2025-11-19T04:03:41.088Z] INFO: Session mode switched
  Context: {
  "sessionId": "246d4168-9bf2-4796-9ae9-7d8f574a0fab",
  "oldMode": "causal",
  "newMode": "bayesian",
  "reason": "Switching to bayesian"
}
[2025-11-19T04:03:41.088Z] INFO: Session mode switched
  Context: {
  "sessionId": "246d4168-9bf2-4796-9ae9-7d8f574a0fab",
  "oldMode": "bayesian",
  "newMode": "counterfactual",
  "reason": "Switching to counterfactual"
}
[2025-11-19T04:03:41.088Z] INFO: Session mode switched
  Context: {
  "sessionId": "246d4168-9bf2-4796-9ae9-7d8f574a0fab",
  "oldMode": "counterfactual",
  "newMode": "analogical",
  "reason": "Switching to analogical"
}
[2025-11-19T04:03:41.088Z] INFO: Session mode switched
  Context: {
  "sessionId": "246d4168-9bf2-4796-9ae9-7d8f574a0fab",
  "oldMode": "analogical",
  "newMode": "temporal",
  "reason": "Switching to temporal"
}
[2025-11-19T04:03:41.089Z] INFO: Session mode switched
  Context: {
  "sessionId": "246d4168-9bf2-4796-9ae9-7d8f574a0fab",
  "oldMode": "temporal",
  "newMode": "gametheory",
  "reason": "Switching to gametheory"
}
[2025-11-19T04:03:41.089Z] INFO: Session mode switched
  Context: {
  "sessionId": "246d4168-9bf2-4796-9ae9-7d8f574a0fab",
  "oldMode": "gametheory",
  "newMode": "evidential",
  "reason": "Switching to evidential"
}
[2025-11-19T04:03:41.089Z] INFO: Session mode switched
  Context: {
  "sessionId": "246d4168-9bf2-4796-9ae9-7d8f574a0fab",
  "oldMode": "evidential",
  "newMode": "hybrid",
  "reason": "Switching to hybrid"
}

[90mstdout[2m | tests/integration/index-handlers.test.ts[2m > [22m[2mIndex.ts Handler Functions[2m > [22m[2mHandler Functions[2m > [22m[2mhandleGetSession()[2m > [22m[2mshould retrieve session with all properties[22m[39m
[2025-11-19T04:03:41.093Z] INFO: Session created
  Context: {
  "sessionId": "4556c123-17bf-4788-a512-9d2a4529d3de",
  "title": "Test Session",
  "mode": "sequential"
}

[90mstdout[2m | tests/integration/index-handlers.test.ts[2m > [22m[2mIndex.ts Handler Functions[2m > [22m[2mHandler Functions[2m > [22m[2mhandleGetSession()[2m > [22m[2mshould retrieve session with thoughts[22m[39m
[2025-11-19T04:03:41.094Z] INFO: Session created
  Context: {
  "sessionId": "bb4ec659-b77c-4b92-bfbd-c50c69c6a996",
  "title": "Session with Thoughts",
  "mode": "sequential"
}
[2025-11-19T04:03:41.094Z] INFO: Session completed
  Context: {
  "sessionId": "bb4ec659-b77c-4b92-bfbd-c50c69c6a996",
  "title": "Session with Thoughts",
  "totalThoughts": 1
}

[90mstdout[2m | tests/integration/index-handlers.test.ts[2m > [22m[2mIndex.ts Handler Functions[2m > [22m[2mHandler Functions[2m > [22m[2mhandleExport()[2m > [22m[2mshould export session in JSON format[22m[39m
[2025-11-19T04:03:41.095Z] INFO: Session created
  Context: {
  "sessionId": "9a5d1379-5d9d-485f-880e-4d281e9b5abf",
  "title": "Export Test",
  "mode": "sequential"
}
[2025-11-19T04:03:41.096Z] INFO: Session completed
  Context: {
  "sessionId": "9a5d1379-5d9d-485f-880e-4d281e9b5abf",
  "title": "Export Test",
  "totalThoughts": 1
}

 [32m✓[39m tests/integration/index-handlers.test.ts [2m ([22m[2m33 tests[22m[2m)[22m[90m 164[2mms[22m[39m
[90mstdout[2m | tests/benchmarks/metrics-performance.test.ts[2m > [22m[2mMetrics Performance Benchmark[2m > [22m[2mshould show performance improvement with incremental calculation[22m[39m
[2025-11-19T04:03:41.534Z] INFO: Session created
  Context: {
  "sessionId": "014a011a-815f-4fc0-a1bc-ef70c54094ff",
  "title": "Performance Test",
  "mode": "sequential"
}

📊 Benchmark: Adding 1000 thoughts with uncertainty tracking
[2025-11-19T04:03:41.551Z] INFO: Session completed
  Context: {
  "sessionId": "014a011a-815f-4fc0-a1bc-ef70c54094ff",
  "title": "Performance Test",
  "totalThoughts": 1000
}
✅ Total time: 14.27ms
✅ Average time per thought: 0.0143ms
✅ Expected average uncertainty: 0.486067
✅ Actual average uncertainty: 0.486067
✅ Accuracy verified: PASS

🎯 Performance: EXCELLENT

[90mstdout[2m | tests/benchmarks/metrics-performance.test.ts[2m > [22m[2mMetrics Performance Benchmark[2m > [22m[2mshould maintain O(1) complexity regardless of session size[22m[39m

📈 Complexity Analysis: Testing O(1) behavior
[2025-11-19T04:03:41.560Z] INFO: Session created
  Context: {
  "sessionId": "3f127eb6-6180-46ef-89dd-6f54adedaef0",
  "title": "Test Session 100",
  "mode": "sequential"
}
[2025-11-19T04:03:41.563Z] INFO: Session completed
  Context: {
  "sessionId": "3f127eb6-6180-46ef-89dd-6f54adedaef0",
  "title": "Test Session 100",
  "totalThoughts": 100
}
  Session size 100: 0.0231ms per thought
[2025-11-19T04:03:41.563Z] INFO: Session created
  Context: {
  "sessionId": "a8fd7fe7-9e7e-442d-bba6-e753d6cfe09f",
  "title": "Test Session 500",
  "mode": "sequential"
}
[2025-11-19T04:03:41.609Z] INFO: Session completed
  Context: {
  "sessionId": "a8fd7fe7-9e7e-442d-bba6-e753d6cfe09f",
  "title": "Test Session 500",
  "totalThoughts": 500
}
  Session size 500: 0.0070ms per thought
[2025-11-19T04:03:41.609Z] INFO: Session created
  Context: {
  "sessionId": "09620279-ec3f-401a-8167-d9f67d848ea5",
  "title": "Test Session 1000",
  "mode": "sequential"
}
[2025-11-19T04:03:41.618Z] INFO: Session completed
  Context: {
  "sessionId": "09620279-ec3f-401a-8167-d9f67d848ea5",
  "title": "Test Session 1000",
  "totalThoughts": 1000
}
  Session size 1000: 0.0101ms per thought

  Min: 0.0070ms, Max: 0.0231ms, Overall Ratio: 3.31x
  Ratio (500 vs 1000): 1.44x
  Complexity: O(1) ✅

 [32m✓[39m tests/benchmarks/metrics-performance.test.ts [2m ([22m[2m2 tests[22m[2m)[22m[90m 93[2mms[22m[39m
 [32m✓[39m tests/integration/mcp-protocol.test.ts [2m ([22m[2m43 tests[22m[2m)[22m[90m 228[2mms[22m[39m
[90mstdout[2m | tests/integration/mcp-protocol.test.ts[2m > [22m[2mMCP Protocol Compliance[2m > [22m[2mMCP Response Format Compliance[2m > [22m[2mshould return MCP-compliant response for successful operation[22m[39m
[2025-11-19T04:03:42.620Z] INFO: Session created
  Context: {
  "sessionId": "4e61a18f-91df-4ce1-a246-0294e8fd0f23",
  "title": "Test Session",
  "mode": "sequential"
}

[90mstdout[2m | tests/integration/multi-session.test.ts[2m > [22m[2mMulti-Session and Concurrent Scenarios[2m > [22m[2mMultiple Session Management[2m > [22m[2mshould create and manage multiple sessions independently[22m[39m
[2025-11-19T04:03:42.628Z] INFO: Session created
  Context: {
  "sessionId": "888138cd-cb10-4ef7-8093-27afe31fdc7f",
  "title": "Session 1",
  "mode": "sequential"
}
[2025-11-19T04:03:42.630Z] INFO: Session created
  Context: {
  "sessionId": "eba59d52-b4dd-4fbd-ae70-7aa73ee90ecd",
  "title": "Session 2",
  "mode": "shannon"
}
[2025-11-19T04:03:42.631Z] INFO: Session created
  Context: {
  "sessionId": "b05f6ade-d3ff-4063-81b0-ff0b2e80fca6",
  "title": "Session 3",
  "mode": "mathematics"
}
[2025-11-19T04:03:42.631Z] INFO: Session created
  Context: {
  "sessionId": "2950f3c2-f464-4de7-904f-776bc8f451c2",
  "title": "Session 4",
  "mode": "physics"
}
[2025-11-19T04:03:42.631Z] INFO: Session created
  Context: {
  "sessionId": "db8bf6f0-320c-4e7e-bfc9-a21e704365f1",
  "title": "Session 5",
  "mode": "hybrid"
}

[90mstdout[2m | tests/integration/multi-session.test.ts[2m > [22m[2mMulti-Session and Concurrent Scenarios[2m > [22m[2mMultiple Session Management[2m > [22m[2mshould maintain session isolation (changes in one do not affect others)[22m[39m
[2025-11-19T04:03:42.733Z] INFO: Session created
  Context: {
  "sessionId": "9cc28eb9-6cb9-41b5-a194-2ae427bba7fb",
  "title": "Isolated Session 1",
  "mode": "sequential"
}
[2025-11-19T04:03:42.733Z] INFO: Session created
  Context: {
  "sessionId": "d1b7a3b4-62ab-4bd3-960d-1b8e25f81f0b",
  "title": "Isolated Session 2",
  "mode": "sequential"
}

[90mstdout[2m | tests/integration/multi-session.test.ts[2m > [22m[2mMulti-Session and Concurrent Scenarios[2m > [22m[2mMultiple Session Management[2m > [22m[2mshould handle mode switching independently across sessions[22m[39m
[2025-11-19T04:03:42.740Z] INFO: Session created
  Context: {
  "sessionId": "efa3cf9b-d949-48d6-a1bf-51ae6795dd7f",
  "title": "S1",
  "mode": "sequential"
}
[2025-11-19T04:03:42.741Z] INFO: Session created
  Context: {
  "sessionId": "62cef952-e5e3-4328-bbb5-7676390f0344",
  "title": "S2",
  "mode": "sequential"
}
[2025-11-19T04:03:42.742Z] INFO: Session created
  Context: {
  "sessionId": "23cb2a4e-23ac-4f59-b192-76ea6a2677fe",
  "title": "S3",
  "mode": "sequential"
}
[2025-11-19T04:03:42.743Z] INFO: Session mode switched
  Context: {
  "sessionId": "efa3cf9b-d949-48d6-a1bf-51ae6795dd7f",
  "oldMode": "sequential",
  "newMode": "mathematics",
  "reason": "Switch to math"
}
[2025-11-19T04:03:42.743Z] INFO: Session mode switched
  Context: {
  "sessionId": "62cef952-e5e3-4328-bbb5-7676390f0344",
  "oldMode": "sequential",
  "newMode": "physics",
  "reason": "Switch to physics"
}

[90mstdout[2m | tests/integration/multi-session.test.ts[2m > [22m[2mMulti-Session and Concurrent Scenarios[2m > [22m[2mMultiple Session Management[2m > [22m[2mshould handle completion status independently across sessions[22m[39m
[2025-11-19T04:03:42.745Z] INFO: Session created
  Context: {
  "sessionId": "0d6a0364-90a2-4766-98a1-258ae55e7a04",
  "title": "S1",
  "mode": "sequential"
}
[2025-11-19T04:03:42.745Z] INFO: Session created
  Context: {
  "sessionId": "a52b8d75-cc7a-43ae-95d4-aa3ff309e1a0",
  "title": "S2",
  "mode": "sequential"
}
[2025-11-19T04:03:42.745Z] INFO: Session completed
  Context: {
  "sessionId": "0d6a0364-90a2-4766-98a1-258ae55e7a04",
  "title": "S1",
  "totalThoughts": 1
}

[90mstdout[2m | tests/integration/multi-session.test.ts[2m > [22m[2mMulti-Session and Concurrent Scenarios[2m > [22m[2mConcurrent Operations on Same Session[2m > [22m[2mshould handle concurrent thought additions to same session[22m[39m
[2025-11-19T04:03:42.748Z] INFO: Session created
  Context: {
  "sessionId": "9efc0fd8-9477-452a-b3af-dea67fb9b505",
  "title": "Concurrent Test",
  "mode": "sequential"
}
[2025-11-19T04:03:42.748Z] INFO: Session completed
  Context: {
  "sessionId": "9efc0fd8-9477-452a-b3af-dea67fb9b505",
  "title": "Concurrent Test",
  "totalThoughts": 3
}

[90mstdout[2m | tests/integration/multi-session.test.ts[2m > [22m[2mMulti-Session and Concurrent Scenarios[2m > [22m[2mConcurrent Operations on Same Session[2m > [22m[2mshould handle concurrent retrieval of same session[22m[39m
[2025-11-19T04:03:42.903Z] INFO: Session created
  Context: {
  "sessionId": "fc6927b6-7366-431e-8e2b-6336578f2031",
  "title": "Concurrent Retrieval",
  "mode": "sequential"
}

[90mstdout[2m | tests/integration/multi-session.test.ts[2m > [22m[2mMulti-Session and Concurrent Scenarios[2m > [22m[2mConcurrent Operations on Same Session[2m > [22m[2mshould handle concurrent mode switches on same session[22m[39m
[2025-11-19T04:03:42.904Z] INFO: Session created
  Context: {
  "sessionId": "4f7d962d-abed-462c-b907-68fc8a007364",
  "title": "Mode Switch Race",
  "mode": "sequential"
}
[2025-11-19T04:03:42.905Z] INFO: Session mode switched
  Context: {
  "sessionId": "4f7d962d-abed-462c-b907-68fc8a007364",
  "oldMode": "sequential",
  "newMode": "mathematics",
  "reason": "Switch 1"
}
[2025-11-19T04:03:42.905Z] INFO: Session mode switched
  Context: {
  "sessionId": "4f7d962d-abed-462c-b907-68fc8a007364",
  "oldMode": "mathematics",
  "newMode": "physics",
  "reason": "Switch 2"
}
[2025-11-19T04:03:42.905Z] INFO: Session mode switched
  Context: {
  "sessionId": "4f7d962d-abed-462c-b907-68fc8a007364",
  "oldMode": "physics",
  "newMode": "hybrid",
  "reason": "Switch 3"
}

[90mstdout[2m | tests/integration/multi-session.test.ts[2m > [22m[2mMulti-Session and Concurrent Scenarios[2m > [22m[2mConcurrent Operations Across Different Sessions[2m > [22m[2mshould handle concurrent operations on different sessions[22m[39m
[2025-11-19T04:03:42.907Z] INFO: Session created
  Context: {
  "sessionId": "a5e686cd-a61b-40b4-bb2b-6e71188ca23c",
  "title": "S1",
  "mode": "sequential"
}
[2025-11-19T04:03:42.908Z] INFO: Session created
  Context: {
  "sessionId": "caa53e8b-6413-46c6-86e6-1895205b346a",
  "title": "S2",
  "mode": "shannon"
}
[2025-11-19T04:03:42.908Z] INFO: Session created
  Context: {
  "sessionId": "6d1b7bb1-f036-4c8b-98fb-e02622743d1b",
  "title": "S3",
  "mode": "mathematics"
}
[2025-11-19T04:03:42.908Z] INFO: Session completed
  Context: {
  "sessionId": "a5e686cd-a61b-40b4-bb2b-6e71188ca23c",
  "title": "S1",
  "totalThoughts": 1
}
[2025-11-19T04:03:42.908Z] INFO: Session mode switched
  Context: {
  "sessionId": "caa53e8b-6413-46c6-86e6-1895205b346a",
  "oldMode": "shannon",
  "newMode": "physics",
  "reason": "Switch mode"
}

[90mstdout[2m | tests/integration/multi-session.test.ts[2m > [22m[2mMulti-Session and Concurrent Scenarios[2m > [22m[2mConcurrent Operations Across Different Sessions[2m > [22m[2mshould handle concurrent session creation[22m[39m
[2025-11-19T04:03:42.916Z] INFO: Session created
  Context: {
  "sessionId": "e31eca52-cc56-4593-80a1-a6210499944d",
  "title": "Session 1",
  "mode": "sequential"
}
[2025-11-19T04:03:42.917Z] INFO: Session created
  Context: {
  "sessionId": "b3a0789f-bba8-461f-9167-3494b343bf40",
  "title": "Session 2",
  "mode": "sequential"
}
[2025-11-19T04:03:42.917Z] INFO: Session created
  Context: {
  "sessionId": "6a1c5b92-dab3-413e-a876-07e8a2ed329d",
  "title": "Session 3",
  "mode": "sequential"
}
[2025-11-19T04:03:42.917Z] INFO: Session created
  Context: {
  "sessionId": "18fd376e-058b-4584-9ce7-70049e6234c1",
  "title": "Session 4",
  "mode": "sequential"
}
[2025-11-19T04:03:42.917Z] INFO: Session created
  Context: {
  "sessionId": "972ac47e-0551-4901-9e93-99efc9aa6682",
  "title": "Session 5",
  "mode": "sequential"
}
[2025-11-19T04:03:42.917Z] INFO: Session created
  Context: {
  "sessionId": "8d9dc705-245f-4108-b487-22bdae8f1e8b",
  "title": "Session 6",
  "mode": "sequential"
}
[2025-11-19T04:03:42.917Z] INFO: Session created
  Context: {
  "sessionId": "22256c5a-ab49-48b6-94e7-015d273b0f8a",
  "title": "Session 7",
  "mode": "sequential"
}
[2025-11-19T04:03:42.917Z] INFO: Session created
  Context: {
  "sessionId": "3eab70c6-9ace-443f-a3a5-fb9c6b8fdd6f",
  "title": "Session 8",
  "mode": "sequential"
}
[2025-11-19T04:03:42.917Z] INFO: Session created
  Context: {
  "sessionId": "96593fb8-7210-4f4b-b58a-9d82da49d04e",
  "title": "Session 9",
  "mode": "sequential"
}
[2025-11-19T04:03:42.918Z] INFO: Session created
  Context: {
  "sessionId": "b9dceed4-d5a2-49a5-a2b1-d5db6cc7747f",
  "title": "Session 10",
  "mode": "sequential"
}
[2025-11-19T04:03:42.918Z] INFO: Session created
  Context: {
  "sessionId": "c5409ef1-d0e0-401b-8696-083b5e0ae9d5",
  "title": "Session 11",
  "mode": "sequential"
}
[2025-11-19T04:03:42.918Z] INFO: Session created
  Context: {
  "sessionId": "43ad5473-a74a-477b-a5d1-286edd571c04",
  "title": "Session 12",
  "mode": "sequential"
}
[2025-11-19T04:03:42.918Z] INFO: Session created
  Context: {
  "sessionId": "0e7bf32a-f1bf-4090-911f-198998297d40",
  "title": "Session 13",
  "mode": "sequential"
}
[2025-11-19T04:03:42.918Z] INFO: Session created
  Context: {
  "sessionId": "6ab57da9-5821-4515-bda6-2508cc90bf9e",
  "title": "Session 14",
  "mode": "sequential"
}
[2025-11-19T04:03:42.918Z] INFO: Session created
  Context: {
  "sessionId": "d48770ac-80c6-4ed6-b684-e697e6471a80",
  "title": "Session 15",
  "mode": "sequential"
}
[2025-11-19T04:03:42.918Z] INFO: Session created
  Context: {
  "sessionId": "6a9fe863-0a69-42c3-ab37-f931cc1e8fe7",
  "title": "Session 16",
  "mode": "sequential"
}
[2025-11-19T04:03:42.918Z] INFO: Session created
  Context: {
  "sessionId": "ada4ee26-dde7-46c9-9d79-82a6ba6e2480",
  "title": "Session 17",
  "mode": "sequential"
}
[2025-11-19T04:03:42.918Z] INFO: Session created
  Context: {
  "sessionId": "0d24beae-f9c6-4ed9-8199-f26ec3ff8d61",
  "title": "Session 18",
  "mode": "sequential"
}
[2025-11-19T04:03:42.918Z] INFO: Session created
  Context: {
  "sessionId": "4afd5457-ac0e-4ce1-80d1-6399202d9c3d",
  "title": "Session 19",
  "mode": "sequential"
}
[2025-11-19T04:03:42.918Z] INFO: Session created
  Context: {
  "sessionId": "3f1e817b-7d6c-4765-9315-550c171a247d",
  "title": "Session 20",
  "mode": "sequential"
}

[90mstdout[2m | tests/integration/multi-session.test.ts[2m > [22m[2mMulti-Session and Concurrent Scenarios[2m > [22m[2mConcurrent Operations Across Different Sessions[2m > [22m[2mshould handle concurrent summary generation for different sessions[22m[39m
[2025-11-19T04:03:42.920Z] INFO: Session created
  Context: {
  "sessionId": "5bb3b411-f785-40cb-8e53-2a50f66ce7db",
  "title": "S1",
  "mode": "sequential"
}
[2025-11-19T04:03:42.920Z] INFO: Session created
  Context: {
  "sessionId": "77fb996d-60d2-4dcd-9bef-01b120d41651",
  "title": "S2",
  "mode": "sequential"
}
[2025-11-19T04:03:42.921Z] INFO: Session created
  Context: {
  "sessionId": "6ab59682-ab79-4597-a131-00cfe8c36719",
  "title": "S3",
  "mode": "sequential"
}
[2025-11-19T04:03:42.921Z] INFO: Session completed
  Context: {
  "sessionId": "5bb3b411-f785-40cb-8e53-2a50f66ce7db",
  "title": "S1",
  "totalThoughts": 1
}
[2025-11-19T04:03:42.921Z] INFO: Session completed
  Context: {
  "sessionId": "77fb996d-60d2-4dcd-9bef-01b120d41651",
  "title": "S2",
  "totalThoughts": 1
}
[2025-11-19T04:03:42.921Z] INFO: Session completed
  Context: {
  "sessionId": "6ab59682-ab79-4597-a131-00cfe8c36719",
  "title": "S3",
  "totalThoughts": 1
}

[90mstdout[2m | tests/integration/multi-session.test.ts[2m > [22m[2mMulti-Session and Concurrent Scenarios[2m > [22m[2mResource Management with Many Sessions[2m > [22m[2mshould handle creation of many sessions[22m[39m
[2025-11-19T04:03:43.108Z] INFO: Session created
  Context: {
  "sessionId": "2034648b-1a5f-4994-af75-6a8eca4f1182",
  "title": "Session 1",
  "mode": "sequential"
}
[2025-11-19T04:03:43.108Z] INFO: Session created
  Context: {
  "sessionId": "0867d259-57da-446a-9f99-f5841d0a2c78",
  "title": "Session 2",
  "mode": "sequential"
}
[2025-11-19T04:03:43.108Z] INFO: Session created
  Context: {
  "sessionId": "25744c81-8c9e-4ee5-aa17-d80ba6ca7e59",
  "title": "Session 3",
  "mode": "sequential"
}
[2025-11-19T04:03:43.108Z] INFO: Session created
  Context: {
  "sessionId": "d4658798-345d-466d-8543-e009760b935a",
  "title": "Session 4",
  "mode": "sequential"
}
[2025-11-19T04:03:43.109Z] INFO: Session created
  Context: {
  "sessionId": "2c1f3375-820a-4a89-9b65-121fed696dc6",
  "title": "Session 5",
  "mode": "sequential"
}
[2025-11-19T04:03:43.109Z] INFO: Session created
  Context: {
  "sessionId": "5d08b49d-b574-4877-8300-0577cdeda2d4",
  "title": "Session 6",
  "mode": "sequential"
}
[2025-11-19T04:03:43.109Z] INFO: Session created
  Context: {
  "sessionId": "0748a586-5ba6-45ea-b288-8af20be39d8a",
  "title": "Session 7",
  "mode": "sequential"
}
[2025-11-19T04:03:43.109Z] INFO: Session created
  Context: {
  "sessionId": "c694820a-da20-44ca-97dc-301c67b9d6af",
  "title": "Session 8",
  "mode": "sequential"
}
[2025-11-19T04:03:43.110Z] INFO: Session created
  Context: {
  "sessionId": "bbde98e1-6214-4eb0-8d5c-122d1c416bbe",
  "title": "Session 9",
  "mode": "sequential"
}
[2025-11-19T04:03:43.291Z] INFO: Session created
  Context: {
  "sessionId": "fddffeb3-b2cc-4ad4-bb64-e71dbf971bb9",
  "title": "Session 10",
  "mode": "sequential"
}
[2025-11-19T04:03:43.291Z] INFO: Session created
  Context: {
  "sessionId": "dc9375ae-577c-486d-b912-c648362f24be",
  "title": "Session 11",
  "mode": "sequential"
}
[2025-11-19T04:03:43.291Z] INFO: Session created
  Context: {
  "sessionId": "6717db48-a9d5-4925-9bd8-9b5c341b8d7d",
  "title": "Session 12",
  "mode": "sequential"
}
[2025-11-19T04:03:43.291Z] INFO: Session created
  Context: {
  "sessionId": "0b666d2e-1b6f-4c54-bc26-92614d2c44a5",
  "title": "Session 13",
  "mode": "sequential"
}
[2025-11-19T04:03:43.291Z] INFO: Session created
  Context: {
  "sessionId": "e592f62e-1fa5-4050-989c-c0c6dca0702e",
  "title": "Session 14",
  "mode": "sequential"
}
[2025-11-19T04:03:43.291Z] INFO: Session created
  Context: {
  "sessionId": "79e10e8c-1426-4c02-907c-93eafa261467",
  "title": "Session 15",
  "mode": "sequential"
}
[2025-11-19T04:03:43.291Z] INFO: Session created
  Context: {
  "sessionId": "d97e1064-5f2d-443d-9d68-011433a8b3eb",
  "title": "Session 16",
  "mode": "sequential"
}
[2025-11-19T04:03:43.291Z] INFO: Session created
  Context: {
  "sessionId": "ff7f9006-49b3-4eb9-be80-651ac9ae788b",
  "title": "Session 17",
  "mode": "sequential"
}
[2025-11-19T04:03:43.291Z] INFO: Session created
  Context: {
  "sessionId": "e840a996-6703-4be5-b57d-b14217e9a1f4",
  "title": "Session 18",
  "mode": "sequential"
}
[2025-11-19T04:03:43.291Z] INFO: Session created
  Context: {
  "sessionId": "734311b1-01a4-4721-a8ae-593e3299aa93",
  "title": "Session 19",
  "mode": "sequential"
}
[2025-11-19T04:03:43.291Z] INFO: Session created
  Context: {
  "sessionId": "8b796da3-9cc7-4090-8c66-f33d1f5a4c79",
  "title": "Session 20",
  "mode": "sequential"
}
[2025-11-19T04:03:43.292Z] INFO: Session created
  Context: {
  "sessionId": "54ef0c66-fb79-4980-8278-aabf01c2f612",
  "title": "Session 21",
  "mode": "sequential"
}
[2025-11-19T04:03:43.292Z] INFO: Session created
  Context: {
  "sessionId": "45d518ef-b470-4994-bccb-e408c870d790",
  "title": "Session 22",
  "mode": "sequential"
}
[2025-11-19T04:03:43.292Z] INFO: Session created
  Context: {
  "sessionId": "fec91547-3c17-4bdc-8da7-2608189fc9bf",
  "title": "Session 23",
  "mode": "sequential"
}
[2025-11-19T04:03:43.292Z] INFO: Session created
  Context: {
  "sessionId": "ff79af04-f988-4fa5-8974-a454b5f99f0e",
  "title": "Session 24",
  "mode": "sequential"
}
[2025-11-19T04:03:43.292Z] INFO: Session created
  Context: {
  "sessionId": "f391846c-da11-4bad-8ada-339481bc83e7",
  "title": "Session 25",
  "mode": "sequential"
}
[2025-11-19T04:03:43.292Z] INFO: Session created
  Context: {
  "sessionId": "131afa2f-2a02-40e2-b753-904be0828dbc",
  "title": "Session 26",
  "mode": "sequential"
}
[2025-11-19T04:03:43.292Z] INFO: Session created
  Context: {
  "sessionId": "743ecf39-e9b9-4fa2-ac1f-1ae24a7fb929",
  "title": "Session 27",
  "mode": "sequential"
}
[2025-11-19T04:03:43.292Z] INFO: Session created
  Context: {
  "sessionId": "cc11fff0-1473-485e-9bdd-ce78a8152764",
  "title": "Session 28",
  "mode": "sequential"
}
[2025-11-19T04:03:43.292Z] INFO: Session created
  Context: {
  "sessionId": "676506ee-92b7-4c29-829c-c41d58c48ba1",
  "title": "Session 29",
  "mode": "sequential"
}
[2025-11-19T04:03:43.292Z] INFO: Session created
  Context: {
  "sessionId": "781b5dbf-ae93-4ba8-a211-d568e2716ec9",
  "title": "Session 30",
  "mode": "sequential"
}
[2025-11-19T04:03:43.294Z] INFO: Session created
  Context: {
  "sessionId": "51d503af-005b-4a38-8e42-38d57f8b8285",
  "title": "Session 31",
  "mode": "sequential"
}
[2025-11-19T04:03:43.294Z] INFO: Session created
  Context: {
  "sessionId": "5b883237-55c9-4978-85a3-1838afc1776e",
  "title": "Session 32",
  "mode": "sequential"
}
[2025-11-19T04:03:43.294Z] INFO: Session created
  Context: {
  "sessionId": "cdc367c2-d37e-487a-8ec5-6a6391ae3ee8",
  "title": "Session 33",
  "mode": "sequential"
}
[2025-11-19T04:03:43.295Z] INFO: Session created
  Context: {
  "sessionId": "bf078775-5452-4aa5-8ca6-b1f782d48b22",
  "title": "Session 34",
  "mode": "sequential"
}
[2025-11-19T04:03:43.295Z] INFO: Session created
  Context: {
  "sessionId": "0dedc9b1-1e42-4930-96af-d6b45dff93fa",
  "title": "Session 35",
  "mode": "sequential"
}
[2025-11-19T04:03:43.295Z] INFO: Session created
  Context: {
  "sessionId": "2cf8a72b-f4f8-4047-81df-34c6385df755",
  "title": "Session 36",
  "mode": "sequential"
}
[2025-11-19T04:03:43.295Z] INFO: Session created
  Context: {
  "sessionId": "9af1c6ab-e44c-489b-b37e-5609354cfcc5",
  "title": "Session 37",
  "mode": "sequential"
}
[2025-11-19T04:03:43.295Z] INFO: Session created
  Context: {
  "sessionId": "cb23e352-1385-4fd7-a12a-c278c27de983",
  "title": "Session 38",
  "mode": "sequential"
}
[2025-11-19T04:03:43.295Z] INFO: Session created
  Context: {
  "sessionId": "efae29fb-d052-4c69-8c81-64433d23ba24",
  "title": "Session 39",
  "mode": "sequential"
}
[2025-11-19T04:03:43.295Z] INFO: Session created
  Context: {
  "sessionId": "ba2472ed-c4f0-41b8-abf4-d3c7fbd23d86",
  "title": "Session 40",
  "mode": "sequential"
}
[2025-11-19T04:03:43.295Z] INFO: Session created
  Context: {
  "sessionId": "54d9fdab-b42b-4564-a2f8-a886d6f199f1",
  "title": "Session 41",
  "mode": "sequential"
}
[2025-11-19T04:03:43.295Z] INFO: Session created
  Context: {
  "sessionId": "2b7d602b-8820-4f33-b5c6-6e148ed15b1d",
  "title": "Session 42",
  "mode": "sequential"
}
[2025-11-19T04:03:43.295Z] INFO: Session created
  Context: {
  "sessionId": "b1896087-c370-4272-9e2c-fd33c0f855f6",
  "title": "Session 43",
  "mode": "sequential"
}
[2025-11-19T04:03:43.295Z] INFO: Session created
  Context: {
  "sessionId": "5c0e6adb-82d8-450f-a4a4-0e25ee2235cb",
  "title": "Session 44",
  "mode": "sequential"
}
[2025-11-19T04:03:43.295Z] INFO: Session created
  Context: {
  "sessionId": "6f824f59-4e89-4604-a605-1d5b8c0476ab",
  "title": "Session 45",
  "mode": "sequential"
}
[2025-11-19T04:03:43.296Z] INFO: Session created
  Context: {
  "sessionId": "013d0f76-528e-4f5f-b09b-1cbe17165996",
  "title": "Session 46",
  "mode": "sequential"
}
[2025-11-19T04:03:43.296Z] INFO: Session created
  Context: {
  "sessionId": "1fc83c3a-3b5d-4911-9967-1802f5245215",
  "title": "Session 47",
  "mode": "sequential"
}
[2025-11-19T04:03:43.296Z] INFO: Session created
  Context: {
  "sessionId": "3e5b6e64-bae4-49bc-812c-c78fad135165",
  "title": "Session 48",
  "mode": "sequential"
}
[2025-11-19T04:03:43.296Z] INFO: Session created
  Context: {
  "sessionId": "c6d37c7e-f981-48d9-b83d-b46b268b9ddb",
  "title": "Session 49",
  "mode": "sequential"
}
[2025-11-19T04:03:43.296Z] INFO: Session created
  Context: {
  "sessionId": "73ff6d30-ef36-46e1-a888-30c2c2d953b3",
  "title": "Session 50",
  "mode": "sequential"
}

[90mstdout[2m | tests/integration/multi-session.test.ts[2m > [22m[2mMulti-Session and Concurrent Scenarios[2m > [22m[2mResource Management with Many Sessions[2m > [22m[2mshould retrieve sessions efficiently with many active sessions[22m[39m
[2025-11-19T04:03:43.298Z] INFO: Session created
  Context: {
  "sessionId": "a407c3c0-7d7d-4e3d-88bb-c5fa8783eca6",
  "title": "Session 1",
  "mode": "sequential"
}
[2025-11-19T04:03:43.298Z] INFO: Session created
  Context: {
  "sessionId": "bfdabe8c-d453-4afc-841e-73176f208614",
  "title": "Session 2",
  "mode": "sequential"
}
[2025-11-19T04:03:43.298Z] INFO: Session created
  Context: {
  "sessionId": "00ae711d-c3ca-44a9-9605-4dbfe86fe129",
  "title": "Session 3",
  "mode": "sequential"
}
[2025-11-19T04:03:43.298Z] INFO: Session created
  Context: {
  "sessionId": "98ec0925-ef4c-4a92-92ec-a4878a14a661",
  "title": "Session 4",
  "mode": "sequential"
}
[2025-11-19T04:03:43.298Z] INFO: Session created
  Context: {
  "sessionId": "e693f910-0427-4c3f-ab66-0432749e01ae",
  "title": "Session 5",
  "mode": "sequential"
}
[2025-11-19T04:03:43.298Z] INFO: Session created
  Context: {
  "sessionId": "c4f61b2c-0741-4480-a899-052a80720310",
  "title": "Session 6",
  "mode": "sequential"
}
[2025-11-19T04:03:43.298Z] INFO: Session created
  Context: {
  "sessionId": "30d7cc56-2439-41b9-b195-629593648543",
  "title": "Session 7",
  "mode": "sequential"
}
[2025-11-19T04:03:43.299Z] INFO: Session created
  Context: {
  "sessionId": "ae49c936-0eba-47e7-ac78-3ec219380a21",
  "title": "Session 8",
  "mode": "sequential"
}
[2025-11-19T04:03:43.299Z] INFO: Session created
  Context: {
  "sessionId": "d9e78b3a-a60b-49fc-ae13-9b4dfb20160a",
  "title": "Session 9",
  "mode": "sequential"
}
[2025-11-19T04:03:43.299Z] INFO: Session created
  Context: {
  "sessionId": "a99dbfdc-00bd-4f3f-8795-b6eca639a012",
  "title": "Session 10",
  "mode": "sequential"
}

[90mstdout[2m | tests/integration/multi-session.test.ts[2m > [22m[2mMulti-Session and Concurrent Scenarios[2m > [22m[2mResource Management with Many Sessions[2m > [22m[2mshould list all sessions when many exist[22m[39m
[2025-11-19T04:03:43.300Z] INFO: Session created
  Context: {
  "sessionId": "ba26ac1e-c70a-4ff0-be39-1905f0f5d3f2",
  "title": "Session 1",
  "mode": "sequential"
}
[2025-11-19T04:03:43.300Z] INFO: Session created
  Context: {
  "sessionId": "9a95b550-d6fa-43ba-8b05-cc4e2ae8bfe3",
  "title": "Session 2",
  "mode": "sequential"
}
[2025-11-19T04:03:43.300Z] INFO: Session created
  Context: {
  "sessionId": "24369b76-9b6e-454a-b7bc-e144f1a4f13a",
  "title": "Session 3",
  "mode": "sequential"
}
[2025-11-19T04:03:43.301Z] INFO: Session created
  Context: {
  "sessionId": "bcb24883-cb71-46ad-9356-5c3bd7835b5c",
  "title": "Session 4",
  "mode": "sequential"
}
[2025-11-19T04:03:43.301Z] INFO: Session created
  Context: {
  "sessionId": "e7cb998c-51d7-460b-a49b-d2a7952f6d64",
  "title": "Session 5",
  "mode": "sequential"
}
[2025-11-19T04:03:43.301Z] INFO: Session created
  Context: {
  "sessionId": "95493676-442f-462c-a55a-2106a003c518",
  "title": "Session 6",
  "mode": "sequential"
}
[2025-11-19T04:03:43.301Z] INFO: Session created
  Context: {
  "sessionId": "601fde23-757b-4f9d-b0f5-78e436f8bc10",
  "title": "Session 7",
  "mode": "sequential"
}
[2025-11-19T04:03:43.301Z] INFO: Session created
  Context: {
  "sessionId": "bae88d37-f7bc-4fb1-bc6c-c46cba3ef8aa",
  "title": "Session 8",
  "mode": "sequential"
}
[2025-11-19T04:03:43.301Z] INFO: Session created
  Context: {
  "sessionId": "538d9bef-39de-437d-8e3c-a146dabf2581",
  "title": "Session 9",
  "mode": "sequential"
}
[2025-11-19T04:03:43.301Z] INFO: Session created
  Context: {
  "sessionId": "7a24f6fa-c637-4e95-a86e-917377d2aac6",
  "title": "Session 10",
  "mode": "sequential"
}
[2025-11-19T04:03:43.302Z] INFO: Session created
  Context: {
  "sessionId": "089689f8-5049-4b81-98c8-2d54c266c42e",
  "title": "Session 11",
  "mode": "sequential"
}
[2025-11-19T04:03:43.302Z] INFO: Session created
  Context: {
  "sessionId": "64c1e1c2-60d1-4372-8abb-0f911936f907",
  "title": "Session 12",
  "mode": "sequential"
}
[2025-11-19T04:03:43.302Z] INFO: Session created
  Context: {
  "sessionId": "2dcc383d-34a0-4a38-97b9-1456ec9a48a2",
  "title": "Session 13",
  "mode": "sequential"
}
[2025-11-19T04:03:43.302Z] INFO: Session created
  Context: {
  "sessionId": "5866dc29-6ace-40ae-adfe-0d5af86927df",
  "title": "Session 14",
  "mode": "sequential"
}
[2025-11-19T04:03:43.302Z] INFO: Session created
  Context: {
  "sessionId": "d6bccfa0-75be-4a24-a1cb-0b2f220d43ae",
  "title": "Session 15",
  "mode": "sequential"
}

[90mstdout[2m | tests/integration/multi-session.test.ts[2m > [22m[2mMulti-Session and Concurrent Scenarios[2m > [22m[2mSession State Consistency[2m > [22m[2mshould maintain consistent thought count across concurrent additions[22m[39m
[2025-11-19T04:03:43.322Z] INFO: Session created
  Context: {
  "sessionId": "fda7b1ce-6142-4a52-a071-c1503cca4198",
  "title": "Consistency Test",
  "mode": "sequential"
}
[2025-11-19T04:03:43.323Z] INFO: Session completed
  Context: {
  "sessionId": "fda7b1ce-6142-4a52-a071-c1503cca4198",
  "title": "Consistency Test",
  "totalThoughts": 10
}

[90mstdout[2m | tests/integration/multi-session.test.ts[2m > [22m[2mMulti-Session and Concurrent Scenarios[2m > [22m[2mSession State Consistency[2m > [22m[2mshould maintain correct status after concurrent operations[22m[39m
[2025-11-19T04:03:43.330Z] INFO: Session created
  Context: {
  "sessionId": "ab4ad972-d5e8-40b8-bc9f-5c357d44de2c",
  "title": "Status Test",
  "mode": "sequential"
}
[2025-11-19T04:03:43.330Z] INFO: Session completed
  Context: {
  "sessionId": "ab4ad972-d5e8-40b8-bc9f-5c357d44de2c",
  "title": "Status Test",
  "totalThoughts": 1
}

[90mstdout[2m | tests/integration/multi-session.test.ts[2m > [22m[2mMulti-Session and Concurrent Scenarios[2m > [22m[2mSession State Consistency[2m > [22m[2mshould handle concurrent thought additions with proper sequencing[22m[39m
[2025-11-19T04:03:43.331Z] INFO: Session created
  Context: {
  "sessionId": "0ac6ccec-1762-4551-b06f-3d40b2c07af0",
  "title": "Sequence Test",
  "mode": "sequential"
}

[90mstdout[2m | tests/integration/multi-session.test.ts[2m > [22m[2mMulti-Session and Concurrent Scenarios[2m > [22m[2mError Handling in Concurrent Scenarios[2m > [22m[2mshould handle mixed success/failure scenarios gracefully[22m[39m
[2025-11-19T04:03:43.334Z] INFO: Session created
  Context: {
  "sessionId": "51ccf13d-73e9-48f9-86b0-053ab8bb6776",
  "title": "Mixed Test",
  "mode": "sequential"
}

 [32m✓[39m tests/integration/multi-session.test.ts [2m ([22m[2m18 tests[22m[2m)[22m[33m 716[2mms[22m[39m
[90mstderr[2m | tests/integration/error-handling.test.ts[2m > [22m[2mError Handling and Edge Cases[2m > [22m[2mInvalid Session Operations[2m > [22m[2mshould throw error for non-existent session ID[22m[39m
[2025-11-19T04:03:44.063Z] ERROR: Session not found
  Context: {
  "sessionId": "00000000-0000-4000-8000-000000000000"
}

[90mstdout[2m | tests/integration/error-handling.test.ts[2m > [22m[2mError Handling and Edge Cases[2m > [22m[2mInvalid Session Operations[2m > [22m[2mshould handle session deletion idempotently[22m[39m
[2025-11-19T04:03:44.083Z] INFO: Session created
  Context: {
  "sessionId": "5a56f36d-f376-4576-98cf-12405adabac4",
  "title": "Test",
  "mode": "hybrid"
}
[2025-11-19T04:03:44.085Z] INFO: Session deleted
  Context: {
  "sessionId": "5a56f36d-f376-4576-98cf-12405adabac4",
  "title": "Test",
  "thoughtCount": 0
}

[90mstderr[2m | tests/integration/error-handling.test.ts[2m > [22m[2mError Handling and Edge Cases[2m > [22m[2mInvalid Session Operations[2m > [22m[2mshould handle session deletion idempotently[22m[39m
[2025-11-19T04:03:44.085Z] WARN: Attempted to delete non-existent session from memory
  Context: {
  "sessionId": "5a56f36d-f376-4576-98cf-12405adabac4"
}

[90mstdout[2m | tests/integration/error-handling.test.ts[2m > [22m[2mError Handling and Edge Cases[2m > [22m[2mValidation Errors[2m > [22m[2mshould accept thoughts with missing fields (lenient validation)[22m[39m
[2025-11-19T04:03:44.088Z] INFO: Session created
  Context: {
  "sessionId": "6a21aa74-4606-4c3c-8807-479a8425f28a",
  "title": "Untitled Session",
  "mode": "hybrid"
}
[2025-11-19T04:03:44.090Z] INFO: Session completed
  Context: {
  "sessionId": "6a21aa74-4606-4c3c-8807-479a8425f28a",
  "title": "Untitled Session",
  "totalThoughts": 1
}

[90mstdout[2m | tests/integration/error-handling.test.ts[2m > [22m[2mError Handling and Edge Cases[2m > [22m[2mValidation Errors[2m > [22m[2mshould accept invalid uncertainty values (lenient validation)[22m[39m
[2025-11-19T04:03:44.099Z] INFO: Session created
  Context: {
  "sessionId": "3ad5bb15-976b-49d6-b1ef-1c00e194b24c",
  "title": "Untitled Session",
  "mode": "hybrid"
}
[2025-11-19T04:03:44.099Z] INFO: Session completed
  Context: {
  "sessionId": "3ad5bb15-976b-49d6-b1ef-1c00e194b24c",
  "title": "Untitled Session",
  "totalThoughts": 1
}

[90mstdout[2m | tests/integration/error-handling.test.ts[2m > [22m[2mError Handling and Edge Cases[2m > [22m[2mValidation Errors[2m > [22m[2mshould accept negative thought numbers (lenient validation)[22m[39m
[2025-11-19T04:03:44.101Z] INFO: Session created
  Context: {
  "sessionId": "7ca527dd-c0a7-4544-bfdb-5cc5ef92d345",
  "title": "Untitled Session",
  "mode": "hybrid"
}
[2025-11-19T04:03:44.101Z] INFO: Session completed
  Context: {
  "sessionId": "7ca527dd-c0a7-4544-bfdb-5cc5ef92d345",
  "title": "Untitled Session",
  "totalThoughts": 1
}

[90mstdout[2m | tests/integration/error-handling.test.ts[2m > [22m[2mError Handling and Edge Cases[2m > [22m[2mValidation Errors[2m > [22m[2mshould accept zero thought numbers (lenient validation)[22m[39m
[2025-11-19T04:03:44.102Z] INFO: Session created
  Context: {
  "sessionId": "d910a900-607d-48df-ad41-a34a3fba4e70",
  "title": "Untitled Session",
  "mode": "hybrid"
}
[2025-11-19T04:03:44.105Z] INFO: Session completed
  Context: {
  "sessionId": "d910a900-607d-48df-ad41-a34a3fba4e70",
  "title": "Untitled Session",
  "totalThoughts": 1
}

[90mstdout[2m | tests/integration/error-handling.test.ts[2m > [22m[2mError Handling and Edge Cases[2m > [22m[2mValidation Errors[2m > [22m[2mshould accept invalid mode values (lenient validation)[22m[39m
[2025-11-19T04:03:44.166Z] INFO: Session created
  Context: {
  "sessionId": "ec80aa5d-3396-4761-b702-500108ad676a",
  "title": "Untitled Session",
  "mode": "invalid_mode"
}

[90mstdout[2m | tests/integration/error-handling.test.ts[2m > [22m[2mError Handling and Edge Cases[2m > [22m[2mValidation Errors[2m > [22m[2mshould accept invalid Shannon stage (lenient validation)[22m[39m
[2025-11-19T04:03:44.256Z] INFO: Session created
  Context: {
  "sessionId": "f49a9250-087e-462b-969a-f227c052c62c",
  "title": "Untitled Session",
  "mode": "shannon"
}
[2025-11-19T04:03:44.257Z] INFO: Session completed
  Context: {
  "sessionId": "f49a9250-087e-462b-969a-f227c052c62c",
  "title": "Untitled Session",
  "totalThoughts": 1
}

[90mstdout[2m | tests/integration/error-handling.test.ts[2m > [22m[2mError Handling and Edge Cases[2m > [22m[2mBoundary Conditions[2m > [22m[2mshould handle uncertainty = 0 (perfect certainty)[22m[39m
[2025-11-19T04:03:44.268Z] INFO: Session created
  Context: {
  "sessionId": "87f3d8ed-d042-4dd4-a581-6796a7a16415",
  "title": "Untitled Session",
  "mode": "hybrid"
}
[2025-11-19T04:03:44.321Z] INFO: Session completed
  Context: {
  "sessionId": "87f3d8ed-d042-4dd4-a581-6796a7a16415",
  "title": "Untitled Session",
  "totalThoughts": 1
}

[90mstdout[2m | tests/integration/error-handling.test.ts[2m > [22m[2mError Handling and Edge Cases[2m > [22m[2mBoundary Conditions[2m > [22m[2mshould handle uncertainty = 1 (complete uncertainty)[22m[39m
[2025-11-19T04:03:44.323Z] INFO: Session created
  Context: {
  "sessionId": "c00b6afc-f08a-459c-8444-7f775a7d378d",
  "title": "Untitled Session",
  "mode": "hybrid"
}
[2025-11-19T04:03:44.323Z] INFO: Session completed
  Context: {
  "sessionId": "c00b6afc-f08a-459c-8444-7f775a7d378d",
  "title": "Untitled Session",
  "totalThoughts": 1
}

[90mstdout[2m | tests/integration/error-handling.test.ts[2m > [22m[2mError Handling and Edge Cases[2m > [22m[2mBoundary Conditions[2m > [22m[2mshould handle very large thoughtNumber[22m[39m
[2025-11-19T04:03:44.324Z] INFO: Session created
  Context: {
  "sessionId": "b7382509-cf4b-4a19-b060-3289a3167728",
  "title": "Untitled Session",
  "mode": "hybrid"
}
[2025-11-19T04:03:44.324Z] INFO: Session completed
  Context: {
  "sessionId": "b7382509-cf4b-4a19-b060-3289a3167728",
  "title": "Untitled Session",
  "totalThoughts": 1
}

[90mstdout[2m | tests/integration/error-handling.test.ts[2m > [22m[2mError Handling and Edge Cases[2m > [22m[2mBoundary Conditions[2m > [22m[2mshould handle totalThoughts = thoughtNumber (single thought)[22m[39m
[2025-11-19T04:03:44.331Z] INFO: Session created
  Context: {
  "sessionId": "a5f59152-eb5f-4c0f-b84c-e1700b8ad9cf",
  "title": "Untitled Session",
  "mode": "hybrid"
}
[2025-11-19T04:03:44.331Z] INFO: Session completed
  Context: {
  "sessionId": "a5f59152-eb5f-4c0f-b84c-e1700b8ad9cf",
  "title": "Untitled Session",
  "totalThoughts": 1
}

[90mstdout[2m | tests/integration/error-handling.test.ts[2m > [22m[2mError Handling and Edge Cases[2m > [22m[2mEdge Cases - Empty Data[2m > [22m[2mshould handle empty thought content[22m[39m
[2025-11-19T04:03:44.336Z] INFO: Session created
  Context: {
  "sessionId": "be8a8bd3-79b3-42a7-906a-9182e222cb4c",
  "title": "Untitled Session",
  "mode": "hybrid"
}
[2025-11-19T04:03:44.336Z] INFO: Session completed
  Context: {
  "sessionId": "be8a8bd3-79b3-42a7-906a-9182e222cb4c",
  "title": "Untitled Session",
  "totalThoughts": 1
}

[90mstdout[2m | tests/integration/error-handling.test.ts[2m > [22m[2mError Handling and Edge Cases[2m > [22m[2mEdge Cases - Empty Data[2m > [22m[2mshould handle empty session title with default[22m[39m
[2025-11-19T04:03:44.337Z] INFO: Session created
  Context: {
  "sessionId": "b29c82ec-aa8f-42dd-aa70-d2a72027f78f",
  "title": "Untitled Session",
  "mode": "hybrid"
}

[90mstdout[2m | tests/integration/error-handling.test.ts[2m > [22m[2mError Handling and Edge Cases[2m > [22m[2mEdge Cases - Empty Data[2m > [22m[2mshould handle empty arrays for optional fields[22m[39m
[2025-11-19T04:03:44.338Z] INFO: Session created
  Context: {
  "sessionId": "fec6896f-e69a-43f7-b2a7-9073a37633b0",
  "title": "Untitled Session",
  "mode": "hybrid"
}
[2025-11-19T04:03:44.338Z] INFO: Session completed
  Context: {
  "sessionId": "fec6896f-e69a-43f7-b2a7-9073a37633b0",
  "title": "Untitled Session",
  "totalThoughts": 1
}

[90mstdout[2m | tests/integration/error-handling.test.ts[2m > [22m[2mError Handling and Edge Cases[2m > [22m[2mEdge Cases - Empty Data[2m > [22m[2mshould handle session with no thoughts[22m[39m
[2025-11-19T04:03:44.340Z] INFO: Session created
  Context: {
  "sessionId": "37148269-7c8d-4e59-b2a1-15d7e8c12155",
  "title": "Untitled Session",
  "mode": "hybrid"
}

[90mstdout[2m | tests/integration/error-handling.test.ts[2m > [22m[2mError Handling and Edge Cases[2m > [22m[2mEdge Cases - Special Characters[2m > [22m[2mshould handle Unicode characters in thought content[22m[39m
[2025-11-19T04:03:44.341Z] INFO: Session created
  Context: {
  "sessionId": "045858bf-2a13-4388-8d22-a27475bef3d1",
  "title": "Untitled Session",
  "mode": "hybrid"
}
[2025-11-19T04:03:44.341Z] INFO: Session completed
  Context: {
  "sessionId": "045858bf-2a13-4388-8d22-a27475bef3d1",
  "title": "Untitled Session",
  "totalThoughts": 1
}

[90mstdout[2m | tests/integration/error-handling.test.ts[2m > [22m[2mError Handling and Edge Cases[2m > [22m[2mEdge Cases - Special Characters[2m > [22m[2mshould handle special characters in session title[22m[39m
[2025-11-19T04:03:44.342Z] INFO: Session created
  Context: {
  "sessionId": "3b948122-e5ee-4f80-b6c8-baa0a3e61414",
  "title": "<script>alert(\"xss\")</script>",
  "mode": "hybrid"
}

[90mstdout[2m | tests/integration/error-handling.test.ts[2m > [22m[2mError Handling and Edge Cases[2m > [22m[2mEdge Cases - Special Characters[2m > [22m[2mshould handle LaTeX with special characters[22m[39m
[2025-11-19T04:03:44.345Z] INFO: Session created
  Context: {
  "sessionId": "5fafe2b0-b7f1-4d56-b3ce-832f2c3741f5",
  "title": "Untitled Session",
  "mode": "mathematics"
}
[2025-11-19T04:03:44.345Z] INFO: Session completed
  Context: {
  "sessionId": "5fafe2b0-b7f1-4d56-b3ce-832f2c3741f5",
  "title": "Untitled Session",
  "totalThoughts": 1
}

[90mstdout[2m | tests/integration/error-handling.test.ts[2m > [22m[2mError Handling and Edge Cases[2m > [22m[2mEdge Cases - Special Characters[2m > [22m[2mshould handle newlines and tabs in thought content[22m[39m
[2025-11-19T04:03:44.347Z] INFO: Session created
  Context: {
  "sessionId": "5d7070ee-4837-4ded-9ce1-6cdf83f6c0f9",
  "title": "Untitled Session",
  "mode": "hybrid"
}
[2025-11-19T04:03:44.347Z] INFO: Session completed
  Context: {
  "sessionId": "5d7070ee-4837-4ded-9ce1-6cdf83f6c0f9",
  "title": "Untitled Session",
  "totalThoughts": 1
}

[90mstdout[2m | tests/integration/error-handling.test.ts[2m > [22m[2mError Handling and Edge Cases[2m > [22m[2mEdge Cases - Large Data[2m > [22m[2mshould handle very long thought content[22m[39m
[2025-11-19T04:03:44.348Z] INFO: Session created
  Context: {
  "sessionId": "ae138ff7-c398-4301-8f6f-3b0d6c263fd0",
  "title": "Untitled Session",
  "mode": "hybrid"
}
[2025-11-19T04:03:44.349Z] INFO: Session completed
  Context: {
  "sessionId": "ae138ff7-c398-4301-8f6f-3b0d6c263fd0",
  "title": "Untitled Session",
  "totalThoughts": 1
}

[90mstdout[2m | tests/integration/error-handling.test.ts[2m > [22m[2mError Handling and Edge Cases[2m > [22m[2mEdge Cases - Large Data[2m > [22m[2mshould handle sessions with many thoughts[22m[39m
[2025-11-19T04:03:44.351Z] INFO: Session created
  Context: {
  "sessionId": "7955263e-9978-45a1-98e6-b74c83e517f2",
  "title": "Untitled Session",
  "mode": "hybrid"
}
[2025-11-19T04:03:44.354Z] INFO: Session completed
  Context: {
  "sessionId": "7955263e-9978-45a1-98e6-b74c83e517f2",
  "title": "Untitled Session",
  "totalThoughts": 100
}

[90mstdout[2m | tests/integration/error-handling.test.ts[2m > [22m[2mError Handling and Edge Cases[2m > [22m[2mEdge Cases - Large Data[2m > [22m[2mshould handle large dependency arrays[22m[39m
[2025-11-19T04:03:44.356Z] INFO: Session created
  Context: {
  "sessionId": "89b86006-c974-4c40-ae1e-0ab512224c1c",
  "title": "Untitled Session",
  "mode": "hybrid"
}
[2025-11-19T04:03:44.356Z] INFO: Session completed
  Context: {
  "sessionId": "89b86006-c974-4c40-ae1e-0ab512224c1c",
  "title": "Untitled Session",
  "totalThoughts": 1
}

[90mstdout[2m | tests/integration/error-handling.test.ts[2m > [22m[2mError Handling and Edge Cases[2m > [22m[2mError Recovery[2m > [22m[2mshould maintain session integrity even with lenient validation[22m[39m
[2025-11-19T04:03:44.362Z] INFO: Session created
  Context: {
  "sessionId": "023489a6-b958-46f6-85d0-8101526525cd",
  "title": "Untitled Session",
  "mode": "hybrid"
}
[2025-11-19T04:03:44.363Z] INFO: Session completed
  Context: {
  "sessionId": "023489a6-b958-46f6-85d0-8101526525cd",
  "title": "Untitled Session",
  "totalThoughts": 1
}
[2025-11-19T04:03:44.363Z] INFO: Session completed
  Context: {
  "sessionId": "023489a6-b958-46f6-85d0-8101526525cd",
  "title": "Untitled Session",
  "totalThoughts": 2
}

[90mstdout[2m | tests/integration/error-handling.test.ts[2m > [22m[2mError Handling and Edge Cases[2m > [22m[2mError Recovery[2m > [22m[2mshould allow mode switch even after adding invalid data[22m[39m
[2025-11-19T04:03:44.419Z] INFO: Session created
  Context: {
  "sessionId": "653e6592-f841-4ea4-92ff-6cd67d034d1c",
  "title": "Untitled Session",
  "mode": "sequential"
}
[2025-11-19T04:03:44.420Z] INFO: Session completed
  Context: {
  "sessionId": "653e6592-f841-4ea4-92ff-6cd67d034d1c",
  "title": "Untitled Session",
  "totalThoughts": 1
}
[2025-11-19T04:03:44.420Z] INFO: Session mode switched
  Context: {
  "sessionId": "653e6592-f841-4ea4-92ff-6cd67d034d1c",
  "oldMode": "sequential",
  "newMode": "shannon"
}

[90mstdout[2m | tests/integration/error-handling.test.ts[2m > [22m[2mError Handling and Edge Cases[2m > [22m[2mSummary Generation Edge Cases[2m > [22m[2mshould generate summary for empty session[22m[39m
[2025-11-19T04:03:44.422Z] INFO: Session created
  Context: {
  "sessionId": "a97189b8-17d6-4627-8b66-68d15ee26c3b",
  "title": "Empty Session",
  "mode": "hybrid"
}

[90mstdout[2m | tests/integration/error-handling.test.ts[2m > [22m[2mError Handling and Edge Cases[2m > [22m[2mSummary Generation Edge Cases[2m > [22m[2mshould generate summary for single thought session[22m[39m
[2025-11-19T04:03:44.504Z] INFO: Session created
  Context: {
  "sessionId": "3bf4cdc5-a7e2-40c3-a40b-346f3f585ec7",
  "title": "Single Thought",
  "mode": "hybrid"
}
[2025-11-19T04:03:44.504Z] INFO: Session completed
  Context: {
  "sessionId": "3bf4cdc5-a7e2-40c3-a40b-346f3f585ec7",
  "title": "Single Thought",
  "totalThoughts": 1
}

[90mstdout[2m | tests/integration/error-handling.test.ts[2m > [22m[2mError Handling and Edge Cases[2m > [22m[2mSummary Generation Edge Cases[2m > [22m[2mshould handle summary for session with very long thoughts[22m[39m
[2025-11-19T04:03:44.505Z] INFO: Session created
  Context: {
  "sessionId": "5edbfc44-f9da-4208-9647-b60a6cd494da",
  "title": "Untitled Session",
  "mode": "hybrid"
}
[2025-11-19T04:03:44.505Z] INFO: Session completed
  Context: {
  "sessionId": "5edbfc44-f9da-4208-9647-b60a6cd494da",
  "title": "Untitled Session",
  "totalThoughts": 1
}

[90mstdout[2m | tests/integration/error-handling.test.ts[2m > [22m[2mError Handling and Edge Cases[2m > [22m[2mConcurrent Session Management[2m > [22m[2mshould handle rapid session creation[22m[39m
[2025-11-19T04:03:44.507Z] INFO: Session created
  Context: {
  "sessionId": "8d0ec0ec-8cdc-49c9-ae0e-479a979e557d",
  "title": "Session 0",
  "mode": "hybrid"
}
[2025-11-19T04:03:44.507Z] INFO: Session created
  Context: {
  "sessionId": "48b92313-b8c5-4177-be63-d436116c7b1a",
  "title": "Session 1",
  "mode": "hybrid"
}
[2025-11-19T04:03:44.507Z] INFO: Session created
  Context: {
  "sessionId": "78f38d01-6615-44d1-8963-0afa7b231aae",
  "title": "Session 2",
  "mode": "hybrid"
}
[2025-11-19T04:03:44.507Z] INFO: Session created
  Context: {
  "sessionId": "9e35b185-30d9-4450-befd-3ccbdc87395d",
  "title": "Session 3",
  "mode": "hybrid"
}
[2025-11-19T04:03:44.507Z] INFO: Session created
  Context: {
  "sessionId": "6efe16f4-6fc0-4fe0-a3b5-538556d57145",
  "title": "Session 4",
  "mode": "hybrid"
}
[2025-11-19T04:03:44.507Z] INFO: Session created
  Context: {
  "sessionId": "6a58f9a0-81a2-4a27-878d-289c247ecdcc",
  "title": "Session 5",
  "mode": "hybrid"
}
[2025-11-19T04:03:44.508Z] INFO: Session created
  Context: {
  "sessionId": "151d49ce-6f62-460c-80fa-41136c8d04b6",
  "title": "Session 6",
  "mode": "hybrid"
}
[2025-11-19T04:03:44.508Z] INFO: Session created
  Context: {
  "sessionId": "3ce93ea6-4d3e-47ee-b532-1e98bca1b4d9",
  "title": "Session 7",
  "mode": "hybrid"
}
[2025-11-19T04:03:44.508Z] INFO: Session created
  Context: {
  "sessionId": "aca3a70a-8a47-4346-9e8f-ed61cea177a1",
  "title": "Session 8",
  "mode": "hybrid"
}
[2025-11-19T04:03:44.508Z] INFO: Session created
  Context: {
  "sessionId": "efe44810-371a-4126-905a-d7f657069a62",
  "title": "Session 9",
  "mode": "hybrid"
}

[90mstdout[2m | tests/integration/error-handling.test.ts[2m > [22m[2mError Handling and Edge Cases[2m > [22m[2mConcurrent Session Management[2m > [22m[2mshould handle concurrent thought additions to same session[22m[39m
[2025-11-19T04:03:44.509Z] INFO: Session created
  Context: {
  "sessionId": "4e8253ff-8ebe-48a0-a451-500f0ed1e3b6",
  "title": "Untitled Session",
  "mode": "hybrid"
}
[2025-11-19T04:03:44.510Z] INFO: Session completed
  Context: {
  "sessionId": "4e8253ff-8ebe-48a0-a451-500f0ed1e3b6",
  "title": "Untitled Session",
  "totalThoughts": 5
}

[90mstdout[2m | tests/integration/error-handling.test.ts[2m > [22m[2mError Handling and Edge Cases[2m > [22m[2mConcurrent Session Management[2m > [22m[2mshould maintain independence of multiple sessions[22m[39m
[2025-11-19T04:03:44.511Z] INFO: Session created
  Context: {
  "sessionId": "2ff57f55-9ae7-4564-8ace-1db2e953e7ab",
  "title": "Session 1",
  "mode": "hybrid"
}
[2025-11-19T04:03:44.512Z] INFO: Session created
  Context: {
  "sessionId": "d4875ea8-a6d3-4c78-b864-5b07252e1069",
  "title": "Session 2",
  "mode": "hybrid"
}
[2025-11-19T04:03:44.512Z] INFO: Session completed
  Context: {
  "sessionId": "2ff57f55-9ae7-4564-8ace-1db2e953e7ab",
  "title": "Session 1",
  "totalThoughts": 1
}
[2025-11-19T04:03:44.514Z] INFO: Session completed
  Context: {
  "sessionId": "d4875ea8-a6d3-4c78-b864-5b07252e1069",
  "title": "Session 2",
  "totalThoughts": 1
}

[90mstdout[2m | tests/integration/error-handling.test.ts[2m > [22m[2mError Handling and Edge Cases[2m > [22m[2mMode-Specific Edge Cases[2m > [22m[2mshould handle mathematics mode with missing optional fields[22m[39m
[2025-11-19T04:03:44.516Z] INFO: Session created
  Context: {
  "sessionId": "7f63c482-ab07-4ab1-bec7-249a6b316e88",
  "title": "Untitled Session",
  "mode": "mathematics"
}
[2025-11-19T04:03:44.516Z] INFO: Session completed
  Context: {
  "sessionId": "7f63c482-ab07-4ab1-bec7-249a6b316e88",
  "title": "Untitled Session",
  "totalThoughts": 1
}

[90mstdout[2m | tests/integration/error-handling.test.ts[2m > [22m[2mError Handling and Edge Cases[2m > [22m[2mMode-Specific Edge Cases[2m > [22m[2mshould handle Shannon mode without explicit stage[22m[39m
[2025-11-19T04:03:44.517Z] INFO: Session created
  Context: {
  "sessionId": "b5eb56f5-9960-49b7-8a04-2c3574be36ec",
  "title": "Untitled Session",
  "mode": "shannon"
}
[2025-11-19T04:03:44.517Z] INFO: Session completed
  Context: {
  "sessionId": "b5eb56f5-9960-49b7-8a04-2c3574be36ec",
  "title": "Untitled Session",
  "totalThoughts": 1
}

[90mstdout[2m | tests/integration/error-handling.test.ts[2m > [22m[2mError Handling and Edge Cases[2m > [22m[2mMode-Specific Edge Cases[2m > [22m[2mshould handle temporal mode with minimal event data[22m[39m
[2025-11-19T04:03:44.518Z] INFO: Session created
  Context: {
  "sessionId": "9bb5f8b8-2539-480d-9e67-ab2ca0066c62",
  "title": "Untitled Session",
  "mode": "temporal"
}
[2025-11-19T04:03:44.518Z] INFO: Session completed
  Context: {
  "sessionId": "9bb5f8b8-2539-480d-9e67-ab2ca0066c62",
  "title": "Untitled Session",
  "totalThoughts": 1
}

 [32m✓[39m tests/integration/error-handling.test.ts [2m ([22m[2m36 tests[22m[2m)[22m[33m 548[2mms[22m[39m
 [32m✓[39m tests/integration/session-workflow.test.ts [2m ([22m[2m7 tests[22m[2m)[22m[90m 139[2mms[22m[39m
[90mstdout[2m | tests/integration/session-workflow.test.ts[2m > [22m[2mSession Workflow Integration[2m > [22m[2mshould complete full sequential thinking workflow[22m[39m
[2025-11-19T04:03:44.732Z] INFO: Session created
  Context: {
  "sessionId": "aae5175b-fff9-4ea3-8e5c-502bfe89faf9",
  "title": "Solve Prime Factorization Problem",
  "mode": "sequential"
}
[2025-11-19T04:03:44.761Z] INFO: Session completed
  Context: {
  "sessionId": "aae5175b-fff9-4ea3-8e5c-502bfe89faf9",
  "title": "Solve Prime Factorization Problem",
  "totalThoughts": 5
}

[90mstdout[2m | tests/integration/session-workflow.test.ts[2m > [22m[2mSession Workflow Integration[2m > [22m[2mshould handle mathematics mode with validation[22m[39m
[2025-11-19T04:03:44.767Z] INFO: Session created
  Context: {
  "sessionId": "57fc63d9-a8d3-4c38-89b5-bf87309b1b26",
  "title": "Prove Fundamental Theorem",
  "mode": "mathematics"
}
[2025-11-19T04:03:44.769Z] INFO: Session completed
  Context: {
  "sessionId": "57fc63d9-a8d3-4c38-89b5-bf87309b1b26",
  "title": "Prove Fundamental Theorem",
  "totalThoughts": 3
}

[90mstdout[2m | tests/integration/session-workflow.test.ts[2m > [22m[2mSession Workflow Integration[2m > [22m[2mshould handle mode switching mid-session[22m[39m
[2025-11-19T04:03:44.798Z] INFO: Session created
  Context: {
  "sessionId": "f7b657a6-8408-4b8a-bade-e091b41067b0",
  "title": "Problem Solving Session",
  "mode": "sequential"
}
[2025-11-19T04:03:44.831Z] INFO: Session mode switched
  Context: {
  "sessionId": "f7b657a6-8408-4b8a-bade-e091b41067b0",
  "oldMode": "sequential",
  "newMode": "shannon",
  "reason": "Need more structure"
}
[2025-11-19T04:03:44.832Z] INFO: Session completed
  Context: {
  "sessionId": "f7b657a6-8408-4b8a-bade-e091b41067b0",
  "title": "Problem Solving Session",
  "totalThoughts": 3
}

[90mstdout[2m | tests/integration/session-workflow.test.ts[2m > [22m[2mSession Workflow Integration[2m > [22m[2mshould track validation cache statistics[22m[39m
[2025-11-19T04:03:44.848Z] INFO: Session created
  Context: {
  "sessionId": "be829fa1-ff3d-4d44-a1c2-22dd51e3357d",
  "title": "Cache Test Session",
  "mode": "sequential"
}
[2025-11-19T04:03:44.849Z] INFO: Session completed
  Context: {
  "sessionId": "be829fa1-ff3d-4d44-a1c2-22dd51e3357d",
  "title": "Cache Test Session",
  "totalThoughts": 3
}

[90mstdout[2m | tests/integration/session-workflow.test.ts[2m > [22m[2mSession Workflow Integration[2m > [22m[2mshould handle multiple concurrent sessions[22m[39m
[2025-11-19T04:03:44.851Z] INFO: Session created
  Context: {
  "sessionId": "f087e509-9fe5-4dea-a5e9-5c49c167998e",
  "title": "Session 1",
  "mode": "sequential"
}
[2025-11-19T04:03:44.851Z] INFO: Session created
  Context: {
  "sessionId": "8c3ede1b-33dc-49a0-add9-496b0d75c6b8",
  "title": "Session 2",
  "mode": "mathematics"
}
[2025-11-19T04:03:44.852Z] INFO: Session created
  Context: {
  "sessionId": "081bdc86-b861-4103-bf3f-067fd1419f8a",
  "title": "Session 3",
  "mode": "shannon"
}
[2025-11-19T04:03:44.852Z] INFO: Session completed
  Context: {
  "sessionId": "f087e509-9fe5-4dea-a5e9-5c49c167998e",
  "title": "Session 1",
  "totalThoughts": 1
}
[2025-11-19T04:03:44.852Z] INFO: Session completed
  Context: {
  "sessionId": "8c3ede1b-33dc-49a0-add9-496b0d75c6b8",
  "title": "Session 2",
  "totalThoughts": 1
}
[2025-11-19T04:03:44.852Z] INFO: Session completed
  Context: {
  "sessionId": "081bdc86-b861-4103-bf3f-067fd1419f8a",
  "title": "Session 3",
  "totalThoughts": 1
}

[90mstdout[2m | tests/integration/session-workflow.test.ts[2m > [22m[2mSession Workflow Integration[2m > [22m[2mshould handle session deletion[22m[39m
[2025-11-19T04:03:44.854Z] INFO: Session created
  Context: {
  "sessionId": "fb55f6be-8544-4417-a6f6-d67e337aa0d7",
  "title": "Temporary Session",
  "mode": "sequential"
}
[2025-11-19T04:03:44.855Z] INFO: Session completed
  Context: {
  "sessionId": "fb55f6be-8544-4417-a6f6-d67e337aa0d7",
  "title": "Temporary Session",
  "totalThoughts": 1
}
[2025-11-19T04:03:44.855Z] INFO: Session deleted
  Context: {
  "sessionId": "fb55f6be-8544-4417-a6f6-d67e337aa0d7",
  "title": "Temporary Session",
  "thoughtCount": 1
}

[90mstdout[2m | tests/integration/session-workflow.test.ts[2m > [22m[2mSession Workflow Integration[2m > [22m[2mshould maintain metrics accuracy across workflow[22m[39m
[2025-11-19T04:03:44.858Z] INFO: Session created
  Context: {
  "sessionId": "014e690b-a97a-4bd0-8dab-d0fe1a30fdac",
  "title": "Metrics Test",
  "mode": "sequential"
}
[2025-11-19T04:03:44.859Z] INFO: Session completed
  Context: {
  "sessionId": "014e690b-a97a-4bd0-8dab-d0fe1a30fdac",
  "title": "Metrics Test",
  "totalThoughts": 5
}

 [32m✓[39m tests/unit/errors.test.ts [2m ([22m[2m13 tests[22m[2m)[22m[90m 58[2mms[22m[39m

[2m Test Files [22m [1m[32m8 passed[39m[22m[90m (8)[39m
[2m      Tests [22m [1m[32m168 passed[39m[22m[90m (168)[39m
[2m   Start at [22m 23:03:37
[2m   Duration [22m 13.38s


[1m[7m[32m PASS [39m[27m[22m[32m Waiting for file changes...[39m
       [2mpress [22m[1mh[22m[2m to show help[22m[2m, [22m[2mpress [22m[1mq[22m[2m to quit[22m
[3Jc
[7m[1m[34m RERUN [39m[22m[27m[2m src/utils/errors.ts[22m

[90mstdout[2m | tests/integration/session-workflow.test.ts[2m > [22m[2mSession Workflow Integration[2m > [22m[2mshould complete full sequential thinking workflow[22m[39m
[2025-11-19T04:04:12.652Z] INFO: Session created
  Context: {
  "sessionId": "b3ec37f3-6cc5-4f59-af87-59b2cc5df638",
  "title": "Solve Prime Factorization Problem",
  "mode": "sequential"
}
[2025-11-19T04:04:12.663Z] INFO: Session completed
  Context: {
  "sessionId": "b3ec37f3-6cc5-4f59-af87-59b2cc5df638",
  "title": "Solve Prime Factorization Problem",
  "totalThoughts": 5
}

[90mstdout[2m | tests/integration/session-workflow.test.ts[2m > [22m[2mSession Workflow Integration[2m > [22m[2mshould handle mathematics mode with validation[22m[39m
[2025-11-19T04:04:12.669Z] INFO: Session created
  Context: {
  "sessionId": "9c40c13e-06b8-4643-93a2-e7849ec3196a",
  "title": "Prove Fundamental Theorem",
  "mode": "mathematics"
}
[2025-11-19T04:04:12.670Z] INFO: Session completed
  Context: {
  "sessionId": "9c40c13e-06b8-4643-93a2-e7849ec3196a",
  "title": "Prove Fundamental Theorem",
  "totalThoughts": 3
}

[90mstdout[2m | tests/integration/session-workflow.test.ts[2m > [22m[2mSession Workflow Integration[2m > [22m[2mshould handle mode switching mid-session[22m[39m
[2025-11-19T04:04:12.676Z] INFO: Session created
  Context: {
  "sessionId": "f8b5f3ec-c6a6-46e3-a4d2-5d4eceff01c5",
  "title": "Problem Solving Session",
  "mode": "sequential"
}
[2025-11-19T04:04:12.677Z] INFO: Session mode switched
  Context: {
  "sessionId": "f8b5f3ec-c6a6-46e3-a4d2-5d4eceff01c5",
  "oldMode": "sequential",
  "newMode": "shannon",
  "reason": "Need more structure"
}
[2025-11-19T04:04:12.678Z] INFO: Session completed
  Context: {
  "sessionId": "f8b5f3ec-c6a6-46e3-a4d2-5d4eceff01c5",
  "title": "Problem Solving Session",
  "totalThoughts": 3
}

[90mstdout[2m | tests/integration/session-workflow.test.ts[2m > [22m[2mSession Workflow Integration[2m > [22m[2mshould track validation cache statistics[22m[39m
[2025-11-19T04:04:12.690Z] INFO: Session created
  Context: {
  "sessionId": "8916062c-c00f-40a3-8b2b-5de79a0c8d8b",
  "title": "Cache Test Session",
  "mode": "sequential"
}
[2025-11-19T04:04:12.690Z] INFO: Session completed
  Context: {
  "sessionId": "8916062c-c00f-40a3-8b2b-5de79a0c8d8b",
  "title": "Cache Test Session",
  "totalThoughts": 3
}

[90mstdout[2m | tests/integration/session-workflow.test.ts[2m > [22m[2mSession Workflow Integration[2m > [22m[2mshould handle multiple concurrent sessions[22m[39m
[2025-11-19T04:04:12.692Z] INFO: Session created
  Context: {
  "sessionId": "5d27c0c5-cde2-4d4f-94a7-c75bd270d9f3",
  "title": "Session 1",
  "mode": "sequential"
}
[2025-11-19T04:04:12.693Z] INFO: Session created
  Context: {
  "sessionId": "506e0bbe-1346-4a75-8b3f-935214a0cc7a",
  "title": "Session 2",
  "mode": "mathematics"
}
[2025-11-19T04:04:12.720Z] INFO: Session created
  Context: {
  "sessionId": "7acf4197-c4ad-4293-b6ba-c87c4ff3d08b",
  "title": "Session 3",
  "mode": "shannon"
}
[2025-11-19T04:04:12.721Z] INFO: Session completed
  Context: {
  "sessionId": "5d27c0c5-cde2-4d4f-94a7-c75bd270d9f3",
  "title": "Session 1",
  "totalThoughts": 1
}
[2025-11-19T04:04:12.721Z] INFO: Session completed
  Context: {
  "sessionId": "506e0bbe-1346-4a75-8b3f-935214a0cc7a",
  "title": "Session 2",
  "totalThoughts": 1
}
[2025-11-19T04:04:12.721Z] INFO: Session completed
  Context: {
  "sessionId": "7acf4197-c4ad-4293-b6ba-c87c4ff3d08b",
  "title": "Session 3",
  "totalThoughts": 1
}

[90mstdout[2m | tests/integration/session-workflow.test.ts[2m > [22m[2mSession Workflow Integration[2m > [22m[2mshould handle session deletion[22m[39m
[2025-11-19T04:04:12.723Z] INFO: Session created
  Context: {
  "sessionId": "893f7528-8c3e-4a83-9129-4a8529134f61",
  "title": "Temporary Session",
  "mode": "sequential"
}
[2025-11-19T04:04:12.723Z] INFO: Session completed
  Context: {
  "sessionId": "893f7528-8c3e-4a83-9129-4a8529134f61",
  "title": "Temporary Session",
  "totalThoughts": 1
}
[2025-11-19T04:04:12.724Z] INFO: Session deleted
  Context: {
  "sessionId": "893f7528-8c3e-4a83-9129-4a8529134f61",
  "title": "Temporary Session",
  "thoughtCount": 1
}

[90mstdout[2m | tests/integration/session-workflow.test.ts[2m > [22m[2mSession Workflow Integration[2m > [22m[2mshould maintain metrics accuracy across workflow[22m[39m
[2025-11-19T04:04:12.725Z] INFO: Session created
  Context: {
  "sessionId": "970cc422-7dab-452a-baf5-545316761692",
  "title": "Metrics Test",
  "mode": "sequential"
}
[2025-11-19T04:04:12.726Z] INFO: Session completed
  Context: {
  "sessionId": "970cc422-7dab-452a-baf5-545316761692",
  "title": "Metrics Test",
  "totalThoughts": 5
}

 [32m✓[39m tests/integration/session-workflow.test.ts [2m ([22m[2m7 tests[22m[2m)[22m[90m 83[2mms[22m[39m
[90mstdout[2m | tests/integration/mcp-protocol.test.ts[2m > [22m[2mMCP Protocol Compliance[2m > [22m[2mMCP Response Format Compliance[2m > [22m[2mshould return MCP-compliant response for successful operation[22m[39m
[2025-11-19T04:04:13.226Z] INFO: Session created
  Context: {
  "sessionId": "cd063014-a0b8-4b7a-b8f5-4db7596fbba8",
  "title": "Test Session",
  "mode": "sequential"
}

 [32m✓[39m tests/integration/mcp-protocol.test.ts [2m ([22m[2m43 tests[22m[2m)[22m[90m 198[2mms[22m[39m
[90mstderr[2m | tests/integration/error-handling.test.ts[2m > [22m[2mError Handling and Edge Cases[2m > [22m[2mInvalid Session Operations[2m > [22m[2mshould throw error for non-existent session ID[22m[39m
[2025-11-19T04:04:12.897Z] ERROR: Session not found
  Context: {
  "sessionId": "00000000-0000-4000-8000-000000000000"
}

[90mstdout[2m | tests/integration/error-handling.test.ts[2m > [22m[2mError Handling and Edge Cases[2m > [22m[2mInvalid Session Operations[2m > [22m[2mshould handle session deletion idempotently[22m[39m
[2025-11-19T04:04:13.022Z] INFO: Session created
  Context: {
  "sessionId": "0f493244-2ebb-4101-af0d-95e1ff5085d8",
  "title": "Test",
  "mode": "hybrid"
}
[2025-11-19T04:04:13.023Z] INFO: Session deleted
  Context: {
  "sessionId": "0f493244-2ebb-4101-af0d-95e1ff5085d8",
  "title": "Test",
  "thoughtCount": 0
}

[90mstderr[2m | tests/integration/error-handling.test.ts[2m > [22m[2mError Handling and Edge Cases[2m > [22m[2mInvalid Session Operations[2m > [22m[2mshould handle session deletion idempotently[22m[39m
[2025-11-19T04:04:13.023Z] WARN: Attempted to delete non-existent session from memory
  Context: {
  "sessionId": "0f493244-2ebb-4101-af0d-95e1ff5085d8"
}

[90mstdout[2m | tests/integration/error-handling.test.ts[2m > [22m[2mError Handling and Edge Cases[2m > [22m[2mValidation Errors[2m > [22m[2mshould accept thoughts with missing fields (lenient validation)[22m[39m
[2025-11-19T04:04:13.026Z] INFO: Session created
  Context: {
  "sessionId": "ce0d6038-6c52-422f-967f-8b1b75aaf67d",
  "title": "Untitled Session",
  "mode": "hybrid"
}
[2025-11-19T04:04:13.029Z] INFO: Session completed
  Context: {
  "sessionId": "ce0d6038-6c52-422f-967f-8b1b75aaf67d",
  "title": "Untitled Session",
  "totalThoughts": 1
}

[90mstdout[2m | tests/integration/error-handling.test.ts[2m > [22m[2mError Handling and Edge Cases[2m > [22m[2mValidation Errors[2m > [22m[2mshould accept invalid uncertainty values (lenient validation)[22m[39m
[2025-11-19T04:04:13.031Z] INFO: Session created
  Context: {
  "sessionId": "a7619d47-3b1e-468f-bb1f-43225cbba7e3",
  "title": "Untitled Session",
  "mode": "hybrid"
}
[2025-11-19T04:04:13.033Z] INFO: Session completed
  Context: {
  "sessionId": "a7619d47-3b1e-468f-bb1f-43225cbba7e3",
  "title": "Untitled Session",
  "totalThoughts": 1
}

[90mstdout[2m | tests/integration/error-handling.test.ts[2m > [22m[2mError Handling and Edge Cases[2m > [22m[2mValidation Errors[2m > [22m[2mshould accept negative thought numbers (lenient validation)[22m[39m
[2025-11-19T04:04:13.035Z] INFO: Session created
  Context: {
  "sessionId": "9df77932-c5f2-4b32-a065-491eb63bac28",
  "title": "Untitled Session",
  "mode": "hybrid"
}
[2025-11-19T04:04:13.118Z] INFO: Session completed
  Context: {
  "sessionId": "9df77932-c5f2-4b32-a065-491eb63bac28",
  "title": "Untitled Session",
  "totalThoughts": 1
}

[90mstdout[2m | tests/integration/error-handling.test.ts[2m > [22m[2mError Handling and Edge Cases[2m > [22m[2mValidation Errors[2m > [22m[2mshould accept zero thought numbers (lenient validation)[22m[39m
[2025-11-19T04:04:13.124Z] INFO: Session created
  Context: {
  "sessionId": "afb0a51b-9abe-4ead-a693-45b920167674",
  "title": "Untitled Session",
  "mode": "hybrid"
}
[2025-11-19T04:04:13.124Z] INFO: Session completed
  Context: {
  "sessionId": "afb0a51b-9abe-4ead-a693-45b920167674",
  "title": "Untitled Session",
  "totalThoughts": 1
}

[90mstdout[2m | tests/integration/error-handling.test.ts[2m > [22m[2mError Handling and Edge Cases[2m > [22m[2mValidation Errors[2m > [22m[2mshould accept invalid mode values (lenient validation)[22m[39m
[2025-11-19T04:04:13.125Z] INFO: Session created
  Context: {
  "sessionId": "8b1be50e-b17b-4af1-bfca-8fe264163ac2",
  "title": "Untitled Session",
  "mode": "invalid_mode"
}

[90mstdout[2m | tests/integration/error-handling.test.ts[2m > [22m[2mError Handling and Edge Cases[2m > [22m[2mValidation Errors[2m > [22m[2mshould accept invalid Shannon stage (lenient validation)[22m[39m
[2025-11-19T04:04:13.127Z] INFO: Session created
  Context: {
  "sessionId": "0d07bd60-7792-4148-8d2b-8121e4a61e3f",
  "title": "Untitled Session",
  "mode": "shannon"
}
[2025-11-19T04:04:13.127Z] INFO: Session completed
  Context: {
  "sessionId": "0d07bd60-7792-4148-8d2b-8121e4a61e3f",
  "title": "Untitled Session",
  "totalThoughts": 1
}

[90mstdout[2m | tests/integration/error-handling.test.ts[2m > [22m[2mError Handling and Edge Cases[2m > [22m[2mBoundary Conditions[2m > [22m[2mshould handle uncertainty = 0 (perfect certainty)[22m[39m
[2025-11-19T04:04:13.129Z] INFO: Session created
  Context: {
  "sessionId": "7fdadceb-68f6-4d13-8334-f6030864c5a7",
  "title": "Untitled Session",
  "mode": "hybrid"
}
[2025-11-19T04:04:13.129Z] INFO: Session completed
  Context: {
  "sessionId": "7fdadceb-68f6-4d13-8334-f6030864c5a7",
  "title": "Untitled Session",
  "totalThoughts": 1
}

[90mstdout[2m | tests/integration/error-handling.test.ts[2m > [22m[2mError Handling and Edge Cases[2m > [22m[2mBoundary Conditions[2m > [22m[2mshould handle uncertainty = 1 (complete uncertainty)[22m[39m
[2025-11-19T04:04:13.180Z] INFO: Session created
  Context: {
  "sessionId": "c378b42a-4926-499c-98d9-8364fc6d34f9",
  "title": "Untitled Session",
  "mode": "hybrid"
}
[2025-11-19T04:04:13.181Z] INFO: Session completed
  Context: {
  "sessionId": "c378b42a-4926-499c-98d9-8364fc6d34f9",
  "title": "Untitled Session",
  "totalThoughts": 1
}

[90mstdout[2m | tests/integration/error-handling.test.ts[2m > [22m[2mError Handling and Edge Cases[2m > [22m[2mBoundary Conditions[2m > [22m[2mshould handle very large thoughtNumber[22m[39m
[2025-11-19T04:04:13.182Z] INFO: Session created
  Context: {
  "sessionId": "5e0977c2-90e2-439f-ad36-a555a084301d",
  "title": "Untitled Session",
  "mode": "hybrid"
}
[2025-11-19T04:04:13.183Z] INFO: Session completed
  Context: {
  "sessionId": "5e0977c2-90e2-439f-ad36-a555a084301d",
  "title": "Untitled Session",
  "totalThoughts": 1
}

[90mstdout[2m | tests/integration/error-handling.test.ts[2m > [22m[2mError Handling and Edge Cases[2m > [22m[2mBoundary Conditions[2m > [22m[2mshould handle totalThoughts = thoughtNumber (single thought)[22m[39m
[2025-11-19T04:04:13.184Z] INFO: Session created
  Context: {
  "sessionId": "b60320ca-23b0-4e25-bae9-0e6f5f739721",
  "title": "Untitled Session",
  "mode": "hybrid"
}
[2025-11-19T04:04:13.184Z] INFO: Session completed
  Context: {
  "sessionId": "b60320ca-23b0-4e25-bae9-0e6f5f739721",
  "title": "Untitled Session",
  "totalThoughts": 1
}

[90mstdout[2m | tests/integration/error-handling.test.ts[2m > [22m[2mError Handling and Edge Cases[2m > [22m[2mEdge Cases - Empty Data[2m > [22m[2mshould handle empty thought content[22m[39m
[2025-11-19T04:04:13.191Z] INFO: Session created
  Context: {
  "sessionId": "04b05177-ba7e-4ea1-975f-8d0f0f49b0a2",
  "title": "Untitled Session",
  "mode": "hybrid"
}
[2025-11-19T04:04:13.192Z] INFO: Session completed
  Context: {
  "sessionId": "04b05177-ba7e-4ea1-975f-8d0f0f49b0a2",
  "title": "Untitled Session",
  "totalThoughts": 1
}

[90mstdout[2m | tests/integration/error-handling.test.ts[2m > [22m[2mError Handling and Edge Cases[2m > [22m[2mEdge Cases - Empty Data[2m > [22m[2mshould handle empty session title with default[22m[39m
[2025-11-19T04:04:13.193Z] INFO: Session created
  Context: {
  "sessionId": "bbce8b01-8f3a-4462-8ea1-1b578e7784fe",
  "title": "Untitled Session",
  "mode": "hybrid"
}

[90mstdout[2m | tests/integration/error-handling.test.ts[2m > [22m[2mError Handling and Edge Cases[2m > [22m[2mEdge Cases - Empty Data[2m > [22m[2mshould handle empty arrays for optional fields[22m[39m
[2025-11-19T04:04:13.194Z] INFO: Session created
  Context: {
  "sessionId": "0b6cd915-2e00-473c-b602-690c101e8365",
  "title": "Untitled Session",
  "mode": "hybrid"
}
[2025-11-19T04:04:13.194Z] INFO: Session completed
  Context: {
  "sessionId": "0b6cd915-2e00-473c-b602-690c101e8365",
  "title": "Untitled Session",
  "totalThoughts": 1
}

[90mstdout[2m | tests/integration/error-handling.test.ts[2m > [22m[2mError Handling and Edge Cases[2m > [22m[2mEdge Cases - Empty Data[2m > [22m[2mshould handle session with no thoughts[22m[39m
[2025-11-19T04:04:13.195Z] INFO: Session created
  Context: {
  "sessionId": "eac2c470-3f22-4542-993f-6284f8eacaea",
  "title": "Untitled Session",
  "mode": "hybrid"
}

[90mstdout[2m | tests/integration/error-handling.test.ts[2m > [22m[2mError Handling and Edge Cases[2m > [22m[2mEdge Cases - Special Characters[2m > [22m[2mshould handle Unicode characters in thought content[22m[39m
[2025-11-19T04:04:13.197Z] INFO: Session created
  Context: {
  "sessionId": "af7af687-c370-4153-a973-85b02733f285",
  "title": "Untitled Session",
  "mode": "hybrid"
}
[2025-11-19T04:04:13.197Z] INFO: Session completed
  Context: {
  "sessionId": "af7af687-c370-4153-a973-85b02733f285",
  "title": "Untitled Session",
  "totalThoughts": 1
}

[90mstdout[2m | tests/integration/error-handling.test.ts[2m > [22m[2mError Handling and Edge Cases[2m > [22m[2mEdge Cases - Special Characters[2m > [22m[2mshould handle special characters in session title[22m[39m
[2025-11-19T04:04:13.198Z] INFO: Session created
  Context: {
  "sessionId": "88d65e34-244a-4693-9fc1-f0bb3d28da1f",
  "title": "<script>alert(\"xss\")</script>",
  "mode": "hybrid"
}

[90mstdout[2m | tests/integration/error-handling.test.ts[2m > [22m[2mError Handling and Edge Cases[2m > [22m[2mEdge Cases - Special Characters[2m > [22m[2mshould handle LaTeX with special characters[22m[39m
[2025-11-19T04:04:13.199Z] INFO: Session created
  Context: {
  "sessionId": "9289efef-c2fb-4cdb-a8f5-c3c1d76c1eb3",
  "title": "Untitled Session",
  "mode": "mathematics"
}
[2025-11-19T04:04:13.199Z] INFO: Session completed
  Context: {
  "sessionId": "9289efef-c2fb-4cdb-a8f5-c3c1d76c1eb3",
  "title": "Untitled Session",
  "totalThoughts": 1
}

[90mstdout[2m | tests/integration/error-handling.test.ts[2m > [22m[2mError Handling and Edge Cases[2m > [22m[2mEdge Cases - Special Characters[2m > [22m[2mshould handle newlines and tabs in thought content[22m[39m
[2025-11-19T04:04:13.201Z] INFO: Session created
  Context: {
  "sessionId": "bb0a9b3b-3828-476f-9ea5-0c6933fda26e",
  "title": "Untitled Session",
  "mode": "hybrid"
}
[2025-11-19T04:04:13.201Z] INFO: Session completed
  Context: {
  "sessionId": "bb0a9b3b-3828-476f-9ea5-0c6933fda26e",
  "title": "Untitled Session",
  "totalThoughts": 1
}

[90mstdout[2m | tests/integration/error-handling.test.ts[2m > [22m[2mError Handling and Edge Cases[2m > [22m[2mEdge Cases - Large Data[2m > [22m[2mshould handle very long thought content[22m[39m
[2025-11-19T04:04:13.202Z] INFO: Session created
  Context: {
  "sessionId": "413bc359-c41a-43b9-b4ad-8fe2df3269f6",
  "title": "Untitled Session",
  "mode": "hybrid"
}
[2025-11-19T04:04:13.202Z] INFO: Session completed
  Context: {
  "sessionId": "413bc359-c41a-43b9-b4ad-8fe2df3269f6",
  "title": "Untitled Session",
  "totalThoughts": 1
}

[90mstdout[2m | tests/integration/error-handling.test.ts[2m > [22m[2mError Handling and Edge Cases[2m > [22m[2mEdge Cases - Large Data[2m > [22m[2mshould handle sessions with many thoughts[22m[39m
[2025-11-19T04:04:13.205Z] INFO: Session created
  Context: {
  "sessionId": "95e3d84b-39f4-47d2-9309-53121301a254",
  "title": "Untitled Session",
  "mode": "hybrid"
}
[2025-11-19T04:04:13.208Z] INFO: Session completed
  Context: {
  "sessionId": "95e3d84b-39f4-47d2-9309-53121301a254",
  "title": "Untitled Session",
  "totalThoughts": 100
}

[90mstdout[2m | tests/integration/error-handling.test.ts[2m > [22m[2mError Handling and Edge Cases[2m > [22m[2mEdge Cases - Large Data[2m > [22m[2mshould handle large dependency arrays[22m[39m
[2025-11-19T04:04:13.209Z] INFO: Session created
  Context: {
  "sessionId": "3c063564-9141-401a-9358-594932a226bb",
  "title": "Untitled Session",
  "mode": "hybrid"
}
[2025-11-19T04:04:13.210Z] INFO: Session completed
  Context: {
  "sessionId": "3c063564-9141-401a-9358-594932a226bb",
  "title": "Untitled Session",
  "totalThoughts": 1
}

[90mstdout[2m | tests/integration/error-handling.test.ts[2m > [22m[2mError Handling and Edge Cases[2m > [22m[2mError Recovery[2m > [22m[2mshould maintain session integrity even with lenient validation[22m[39m
[2025-11-19T04:04:13.212Z] INFO: Session created
  Context: {
  "sessionId": "093367e1-23d2-4f2a-abe0-e7063a60837b",
  "title": "Untitled Session",
  "mode": "hybrid"
}
[2025-11-19T04:04:13.212Z] INFO: Session completed
  Context: {
  "sessionId": "093367e1-23d2-4f2a-abe0-e7063a60837b",
  "title": "Untitled Session",
  "totalThoughts": 1
}
[2025-11-19T04:04:13.212Z] INFO: Session completed
  Context: {
  "sessionId": "093367e1-23d2-4f2a-abe0-e7063a60837b",
  "title": "Untitled Session",
  "totalThoughts": 2
}

[90mstdout[2m | tests/integration/error-handling.test.ts[2m > [22m[2mError Handling and Edge Cases[2m > [22m[2mError Recovery[2m > [22m[2mshould allow mode switch even after adding invalid data[22m[39m
[2025-11-19T04:04:13.214Z] INFO: Session created
  Context: {
  "sessionId": "093dd360-3393-44af-b2ef-23a0f2c7e8a9",
  "title": "Untitled Session",
  "mode": "sequential"
}
[2025-11-19T04:04:13.214Z] INFO: Session completed
  Context: {
  "sessionId": "093dd360-3393-44af-b2ef-23a0f2c7e8a9",
  "title": "Untitled Session",
  "totalThoughts": 1
}
[2025-11-19T04:04:13.215Z] INFO: Session mode switched
  Context: {
  "sessionId": "093dd360-3393-44af-b2ef-23a0f2c7e8a9",
  "oldMode": "sequential",
  "newMode": "shannon"
}

[90mstdout[2m | tests/integration/error-handling.test.ts[2m > [22m[2mError Handling and Edge Cases[2m > [22m[2mSummary Generation Edge Cases[2m > [22m[2mshould generate summary for empty session[22m[39m
[2025-11-19T04:04:13.216Z] INFO: Session created
  Context: {
  "sessionId": "9cfb07a1-6527-4846-83dd-f4e1f9fa0f19",
  "title": "Empty Session",
  "mode": "hybrid"
}

[90mstdout[2m | tests/integration/error-handling.test.ts[2m > [22m[2mError Handling and Edge Cases[2m > [22m[2mSummary Generation Edge Cases[2m > [22m[2mshould generate summary for single thought session[22m[39m
[2025-11-19T04:04:13.264Z] INFO: Session created
  Context: {
  "sessionId": "8272193e-f927-49a6-a571-4cabcdd54464",
  "title": "Single Thought",
  "mode": "hybrid"
}
[2025-11-19T04:04:13.264Z] INFO: Session completed
  Context: {
  "sessionId": "8272193e-f927-49a6-a571-4cabcdd54464",
  "title": "Single Thought",
  "totalThoughts": 1
}

[90mstdout[2m | tests/integration/error-handling.test.ts[2m > [22m[2mError Handling and Edge Cases[2m > [22m[2mSummary Generation Edge Cases[2m > [22m[2mshould handle summary for session with very long thoughts[22m[39m
[2025-11-19T04:04:13.265Z] INFO: Session created
  Context: {
  "sessionId": "2eb1c833-d656-471e-8061-363e5ab70fb4",
  "title": "Untitled Session",
  "mode": "hybrid"
}
[2025-11-19T04:04:13.266Z] INFO: Session completed
  Context: {
  "sessionId": "2eb1c833-d656-471e-8061-363e5ab70fb4",
  "title": "Untitled Session",
  "totalThoughts": 1
}

[90mstdout[2m | tests/integration/error-handling.test.ts[2m > [22m[2mError Handling and Edge Cases[2m > [22m[2mConcurrent Session Management[2m > [22m[2mshould handle rapid session creation[22m[39m
[2025-11-19T04:04:13.268Z] INFO: Session created
  Context: {
  "sessionId": "a6d20ed1-4b5f-4bf5-8f52-36a934c10a8d",
  "title": "Session 0",
  "mode": "hybrid"
}
[2025-11-19T04:04:13.268Z] INFO: Session created
  Context: {
  "sessionId": "1525f527-8ddf-4841-aed3-0f03ffab25f8",
  "title": "Session 1",
  "mode": "hybrid"
}
[2025-11-19T04:04:13.268Z] INFO: Session created
  Context: {
  "sessionId": "e8543d64-cc23-41fe-8d4f-2e79b674be75",
  "title": "Session 2",
  "mode": "hybrid"
}
[2025-11-19T04:04:13.268Z] INFO: Session created
  Context: {
  "sessionId": "ee406053-ae7e-4999-9e40-6ddac8fc10c8",
  "title": "Session 3",
  "mode": "hybrid"
}
[2025-11-19T04:04:13.268Z] INFO: Session created
  Context: {
  "sessionId": "e9575105-2664-4fa3-933a-18a49ce542e9",
  "title": "Session 4",
  "mode": "hybrid"
}
[2025-11-19T04:04:13.268Z] INFO: Session created
  Context: {
  "sessionId": "87e06382-97a8-4a79-9690-c2568536ce10",
  "title": "Session 5",
  "mode": "hybrid"
}
[2025-11-19T04:04:13.268Z] INFO: Session created
  Context: {
  "sessionId": "f54614d8-8189-4ce4-84f5-0219cfa4ae1e",
  "title": "Session 6",
  "mode": "hybrid"
}
[2025-11-19T04:04:13.268Z] INFO: Session created
  Context: {
  "sessionId": "721f3d03-ff4b-4a5c-a30b-bb59f153110c",
  "title": "Session 7",
  "mode": "hybrid"
}
[2025-11-19T04:04:13.268Z] INFO: Session created
  Context: {
  "sessionId": "cc599fc6-5495-47aa-91eb-745e688f0319",
  "title": "Session 8",
  "mode": "hybrid"
}
[2025-11-19T04:04:13.268Z] INFO: Session created
  Context: {
  "sessionId": "d943fb72-18d0-465a-b944-176915a03b06",
  "title": "Session 9",
  "mode": "hybrid"
}

[90mstdout[2m | tests/integration/error-handling.test.ts[2m > [22m[2mError Handling and Edge Cases[2m > [22m[2mConcurrent Session Management[2m > [22m[2mshould handle concurrent thought additions to same session[22m[39m
[2025-11-19T04:04:13.271Z] INFO: Session created
  Context: {
  "sessionId": "ab54949e-8c60-4456-a22c-16812a1ca694",
  "title": "Untitled Session",
  "mode": "hybrid"
}
[2025-11-19T04:04:13.271Z] INFO: Session completed
  Context: {
  "sessionId": "ab54949e-8c60-4456-a22c-16812a1ca694",
  "title": "Untitled Session",
  "totalThoughts": 5
}

[90mstdout[2m | tests/integration/error-handling.test.ts[2m > [22m[2mError Handling and Edge Cases[2m > [22m[2mConcurrent Session Management[2m > [22m[2mshould maintain independence of multiple sessions[22m[39m
[2025-11-19T04:04:13.272Z] INFO: Session created
  Context: {
  "sessionId": "43a321ef-0326-4cda-b1bb-93092e838cef",
  "title": "Session 1",
  "mode": "hybrid"
}
[2025-11-19T04:04:13.273Z] INFO: Session created
  Context: {
  "sessionId": "ada8e4a0-8f23-461a-9c8e-0ee716ac6001",
  "title": "Session 2",
  "mode": "hybrid"
}
[2025-11-19T04:04:13.273Z] INFO: Session completed
  Context: {
  "sessionId": "43a321ef-0326-4cda-b1bb-93092e838cef",
  "title": "Session 1",
  "totalThoughts": 1
}
[2025-11-19T04:04:13.273Z] INFO: Session completed
  Context: {
  "sessionId": "ada8e4a0-8f23-461a-9c8e-0ee716ac6001",
  "title": "Session 2",
  "totalThoughts": 1
}

[90mstdout[2m | tests/integration/error-handling.test.ts[2m > [22m[2mError Handling and Edge Cases[2m > [22m[2mMode-Specific Edge Cases[2m > [22m[2mshould handle mathematics mode with missing optional fields[22m[39m
[2025-11-19T04:04:13.274Z] INFO: Session created
  Context: {
  "sessionId": "63df18ff-1e14-410a-bd3d-4fbf43f0ca57",
  "title": "Untitled Session",
  "mode": "mathematics"
}
[2025-11-19T04:04:13.275Z] INFO: Session completed
  Context: {
  "sessionId": "63df18ff-1e14-410a-bd3d-4fbf43f0ca57",
  "title": "Untitled Session",
  "totalThoughts": 1
}

[90mstdout[2m | tests/integration/error-handling.test.ts[2m > [22m[2mError Handling and Edge Cases[2m > [22m[2mMode-Specific Edge Cases[2m > [22m[2mshould handle Shannon mode without explicit stage[22m[39m
[2025-11-19T04:04:13.279Z] INFO: Session created
  Context: {
  "sessionId": "de2d6e8f-4975-4c0c-ae97-1debeadaeaf1",
  "title": "Untitled Session",
  "mode": "shannon"
}
[2025-11-19T04:04:13.279Z] INFO: Session completed
  Context: {
  "sessionId": "de2d6e8f-4975-4c0c-ae97-1debeadaeaf1",
  "title": "Untitled Session",
  "totalThoughts": 1
}

[90mstdout[2m | tests/integration/error-handling.test.ts[2m > [22m[2mError Handling and Edge Cases[2m > [22m[2mMode-Specific Edge Cases[2m > [22m[2mshould handle temporal mode with minimal event data[22m[39m
[2025-11-19T04:04:13.281Z] INFO: Session created
  Context: {
  "sessionId": "5b2182df-b7e3-4c2f-ab94-227dd9f3cd81",
  "title": "Untitled Session",
  "mode": "temporal"
}
[2025-11-19T04:04:13.281Z] INFO: Session completed
  Context: {
  "sessionId": "5b2182df-b7e3-4c2f-ab94-227dd9f3cd81",
  "title": "Untitled Session",
  "totalThoughts": 1
}

 [32m✓[39m tests/integration/error-handling.test.ts [2m ([22m[2m36 tests[22m[2m)[22m[33m 482[2mms[22m[39m
[90mstdout[2m | tests/unit/session-manager.test.ts[2m > [22m[2mSessionManager[2m > [22m[2mcreateSession[2m > [22m[2mshould create a new session with default values[22m[39m
[2025-11-19T04:04:14.619Z] INFO: Session created
  Context: {
  "sessionId": "0d97a95f-2cca-4054-9ff2-63a5bdc53308",
  "title": "Untitled Session",
  "mode": "hybrid"
}

[90mstdout[2m | tests/unit/session-manager.test.ts[2m > [22m[2mSessionManager[2m > [22m[2mcreateSession[2m > [22m[2mshould create a session with custom options[22m[39m
[2025-11-19T04:04:14.708Z] INFO: Session created
  Context: {
  "sessionId": "a5355bcc-59a1-4097-9282-1ff5479ae983",
  "title": "My Problem",
  "mode": "mathematics",
  "domain": "number_theory",
  "author": "Test User"
}

[90mstdout[2m | tests/unit/session-manager.test.ts[2m > [22m[2mSessionManager[2m > [22m[2mcreateSession[2m > [22m[2mshould initialize metrics correctly[22m[39m
[2025-11-19T04:04:14.710Z] INFO: Session created
  Context: {
  "sessionId": "298f92d9-4de0-44a4-8b0e-df7f802480cb",
  "title": "Untitled Session",
  "mode": "hybrid"
}

[90mstdout[2m | tests/unit/session-manager.test.ts[2m > [22m[2mSessionManager[2m > [22m[2mgetSession[2m > [22m[2mshould retrieve an existing session[22m[39m
[2025-11-19T04:04:14.713Z] INFO: Session created
  Context: {
  "sessionId": "547daec9-8375-4f12-96c6-7995b86e3f51",
  "title": "Test Session",
  "mode": "hybrid"
}

[90mstdout[2m | tests/unit/session-manager.test.ts[2m > [22m[2mSessionManager[2m > [22m[2maddThought[2m > [22m[2mshould add a sequential thought to session[22m[39m
[2025-11-19T04:04:14.716Z] INFO: Session created
  Context: {
  "sessionId": "52d6aa69-65d2-41fe-9487-b5930d9d3d39",
  "title": "Untitled Session",
  "mode": "sequential"
}

[90mstdout[2m | tests/unit/session-manager.test.ts[2m > [22m[2mSessionManager[2m > [22m[2maddThought[2m > [22m[2mshould mark session as complete when nextThoughtNeeded is false[22m[39m
[2025-11-19T04:04:14.721Z] INFO: Session created
  Context: {
  "sessionId": "b5b319a9-f584-4204-9b36-01e11fa45fdf",
  "title": "Untitled Session",
  "mode": "hybrid"
}
[2025-11-19T04:04:14.721Z] INFO: Session completed
  Context: {
  "sessionId": "b5b319a9-f584-4204-9b36-01e11fa45fdf",
  "title": "Untitled Session",
  "totalThoughts": 1
}

[90mstdout[2m | tests/unit/session-manager.test.ts[2m > [22m[2mSessionManager[2m > [22m[2maddThought[2m > [22m[2mshould track revisions in metrics[22m[39m
[2025-11-19T04:04:14.723Z] INFO: Session created
  Context: {
  "sessionId": "ba29ae54-9dfa-4fbd-8f8a-477865f3854e",
  "title": "Untitled Session",
  "mode": "hybrid"
}

[90mstdout[2m | tests/unit/session-manager.test.ts[2m > [22m[2mSessionManager[2m > [22m[2maddThought[2m > [22m[2mshould calculate average uncertainty for Shannon thoughts[22m[39m
[2025-11-19T04:04:14.725Z] INFO: Session created
  Context: {
  "sessionId": "ac2de888-3646-42a3-8a87-b921e0c25fa5",
  "title": "Untitled Session",
  "mode": "shannon"
}

[90mstderr[2m | tests/unit/session-manager.test.ts[2m > [22m[2mSessionManager[2m > [22m[2maddThought[2m > [22m[2mshould throw error for non-existent session[22m[39m
[2025-11-19T04:04:14.727Z] ERROR: Session not found
  Context: {
  "sessionId": "00000000-0000-4000-8000-000000000000"
}

[90mstdout[2m | tests/unit/session-manager.test.ts[2m > [22m[2mSessionManager[2m > [22m[2mswitchMode[2m > [22m[2mshould switch session mode[22m[39m
[2025-11-19T04:04:14.733Z] INFO: Session created
  Context: {
  "sessionId": "6d2c385f-b06a-4926-9671-cb09352d0d9e",
  "title": "Untitled Session",
  "mode": "sequential"
}
[2025-11-19T04:04:14.734Z] INFO: Session mode switched
  Context: {
  "sessionId": "6d2c385f-b06a-4926-9671-cb09352d0d9e",
  "oldMode": "sequential",
  "newMode": "shannon",
  "reason": "Need systematic approach"
}

[90mstderr[2m | tests/unit/session-manager.test.ts[2m > [22m[2mSessionManager[2m > [22m[2mswitchMode[2m > [22m[2mshould throw error for non-existent session[22m[39m
[2025-11-19T04:04:14.735Z] ERROR: Session not found
  Context: {
  "sessionId": "00000000-0000-4000-8000-000000000000"
}

[90mstdout[2m | tests/unit/session-manager.test.ts[2m > [22m[2mSessionManager[2m > [22m[2mlistSessions[2m > [22m[2mshould list all sessions[22m[39m
[2025-11-19T04:04:14.737Z] INFO: Session created
  Context: {
  "sessionId": "924ebdd9-182b-461c-a105-61c8a87bca9e",
  "title": "Session 1",
  "mode": "hybrid"
}
[2025-11-19T04:04:14.738Z] INFO: Session created
  Context: {
  "sessionId": "c2f5a040-48d6-4cba-8ba6-ddb58450ac05",
  "title": "Session 2",
  "mode": "hybrid"
}
[2025-11-19T04:04:14.822Z] INFO: Session created
  Context: {
  "sessionId": "837b1994-e57f-4490-8b20-83d16335da18",
  "title": "Session 3",
  "mode": "hybrid"
}

[90mstdout[2m | tests/unit/session-manager.test.ts[2m > [22m[2mSessionManager[2m > [22m[2mdeleteSession[2m > [22m[2mshould delete a session[22m[39m
[2025-11-19T04:04:14.828Z] INFO: Session created
  Context: {
  "sessionId": "1bc26aea-e746-439e-9f81-92cfff1d68bb",
  "title": "Untitled Session",
  "mode": "hybrid"
}
[2025-11-19T04:04:14.828Z] INFO: Session deleted
  Context: {
  "sessionId": "1bc26aea-e746-439e-9f81-92cfff1d68bb",
  "title": "Untitled Session",
  "thoughtCount": 0
}

[90mstdout[2m | tests/unit/session-manager.test.ts[2m > [22m[2mSessionManager[2m > [22m[2mgenerateSummary[2m > [22m[2mshould generate a summary of session[22m[39m
[2025-11-19T04:04:14.831Z] INFO: Session created
  Context: {
  "sessionId": "1250c655-1326-4220-881d-021ab188fd27",
  "title": "Test Problem",
  "mode": "hybrid"
}
[2025-11-19T04:04:14.831Z] INFO: Session completed
  Context: {
  "sessionId": "1250c655-1326-4220-881d-021ab188fd27",
  "title": "Test Problem",
  "totalThoughts": 1
}

 [32m✓[39m tests/unit/session-manager.test.ts [2m ([22m[2m16 tests[22m[2m)[22m[90m 234[2mms[22m[39m
[90mstdout[2m | tests/integration/multi-session.test.ts[2m > [22m[2mMulti-Session and Concurrent Scenarios[2m > [22m[2mMultiple Session Management[2m > [22m[2mshould create and manage multiple sessions independently[22m[39m
[2025-11-19T04:04:15.215Z] INFO: Session created
  Context: {
  "sessionId": "7a2af6b6-7233-4817-bdda-ec6910f684b8",
  "title": "Session 1",
  "mode": "sequential"
}
[2025-11-19T04:04:15.218Z] INFO: Session created
  Context: {
  "sessionId": "10c14cb4-7708-474a-8589-df751da3c608",
  "title": "Session 2",
  "mode": "shannon"
}
[2025-11-19T04:04:15.219Z] INFO: Session created
  Context: {
  "sessionId": "592601fc-950c-4a74-ad53-68af3fd0c6ea",
  "title": "Session 3",
  "mode": "mathematics"
}
[2025-11-19T04:04:15.219Z] INFO: Session created
  Context: {
  "sessionId": "4a6d52b7-72c0-4e7e-8c2b-15e3d37db6a7",
  "title": "Session 4",
  "mode": "physics"
}
[2025-11-19T04:04:15.219Z] INFO: Session created
  Context: {
  "sessionId": "77e3ce06-524d-47f3-85fb-f81df31ba9a1",
  "title": "Session 5",
  "mode": "hybrid"
}

[90mstdout[2m | tests/integration/multi-session.test.ts[2m > [22m[2mMulti-Session and Concurrent Scenarios[2m > [22m[2mMultiple Session Management[2m > [22m[2mshould maintain session isolation (changes in one do not affect others)[22m[39m
[2025-11-19T04:04:15.230Z] INFO: Session created
  Context: {
  "sessionId": "cbbabc61-b63e-405b-b50e-4e3c3f69a10e",
  "title": "Isolated Session 1",
  "mode": "sequential"
}
[2025-11-19T04:04:15.230Z] INFO: Session created
  Context: {
  "sessionId": "a1356e61-bc45-4436-a430-f501c945d8b2",
  "title": "Isolated Session 2",
  "mode": "sequential"
}

[90mstdout[2m | tests/integration/multi-session.test.ts[2m > [22m[2mMulti-Session and Concurrent Scenarios[2m > [22m[2mMultiple Session Management[2m > [22m[2mshould handle mode switching independently across sessions[22m[39m
[2025-11-19T04:04:15.237Z] INFO: Session created
  Context: {
  "sessionId": "6a8e825b-ce6e-491b-8e8b-6bbe7c80fc32",
  "title": "S1",
  "mode": "sequential"
}
[2025-11-19T04:04:15.237Z] INFO: Session created
  Context: {
  "sessionId": "411fdf5f-2830-4e75-8a83-c889686e476e",
  "title": "S2",
  "mode": "sequential"
}
[2025-11-19T04:04:15.238Z] INFO: Session created
  Context: {
  "sessionId": "e476ddf4-cbf0-474e-abdc-10d94b5e226f",
  "title": "S3",
  "mode": "sequential"
}
[2025-11-19T04:04:15.239Z] INFO: Session mode switched
  Context: {
  "sessionId": "6a8e825b-ce6e-491b-8e8b-6bbe7c80fc32",
  "oldMode": "sequential",
  "newMode": "mathematics",
  "reason": "Switch to math"
}
[2025-11-19T04:04:15.239Z] INFO: Session mode switched
  Context: {
  "sessionId": "411fdf5f-2830-4e75-8a83-c889686e476e",
  "oldMode": "sequential",
  "newMode": "physics",
  "reason": "Switch to physics"
}

[90mstdout[2m | tests/integration/multi-session.test.ts[2m > [22m[2mMulti-Session and Concurrent Scenarios[2m > [22m[2mMultiple Session Management[2m > [22m[2mshould handle completion status independently across sessions[22m[39m
[2025-11-19T04:04:15.383Z] INFO: Session created
  Context: {
  "sessionId": "7056d2cd-5d17-4668-a3c8-ca801fb696c6",
  "title": "S1",
  "mode": "sequential"
}
[2025-11-19T04:04:15.384Z] INFO: Session created
  Context: {
  "sessionId": "d2b1ac12-98ee-429a-8689-c4d77ae6bfac",
  "title": "S2",
  "mode": "sequential"
}
[2025-11-19T04:04:15.384Z] INFO: Session completed
  Context: {
  "sessionId": "7056d2cd-5d17-4668-a3c8-ca801fb696c6",
  "title": "S1",
  "totalThoughts": 1
}

[90mstdout[2m | tests/integration/multi-session.test.ts[2m > [22m[2mMulti-Session and Concurrent Scenarios[2m > [22m[2mConcurrent Operations on Same Session[2m > [22m[2mshould handle concurrent thought additions to same session[22m[39m
[2025-11-19T04:04:15.391Z] INFO: Session created
  Context: {
  "sessionId": "61200b8b-9099-4118-86f0-18a242aacbe9",
  "title": "Concurrent Test",
  "mode": "sequential"
}
[2025-11-19T04:04:15.392Z] INFO: Session completed
  Context: {
  "sessionId": "61200b8b-9099-4118-86f0-18a242aacbe9",
  "title": "Concurrent Test",
  "totalThoughts": 3
}

[90mstdout[2m | tests/integration/index-handlers.test.ts[2m > [22m[2mIndex.ts Handler Functions[2m > [22m[2mHandler Functions[2m > [22m[2mhandleAddThought()[2m > [22m[2mshould create new session if sessionId not provided[22m[39m
[2025-11-19T04:04:15.596Z] INFO: Session created
  Context: {
  "sessionId": "a6ea929a-6c03-4585-9379-936e38f91853",
  "title": "Test Session",
  "mode": "sequential"
}

[90mstdout[2m | tests/integration/index-handlers.test.ts[2m > [22m[2mIndex.ts Handler Functions[2m > [22m[2mHandler Functions[2m > [22m[2mhandleAddThought()[2m > [22m[2mshould add thought to existing session[22m[39m
[2025-11-19T04:04:15.599Z] INFO: Session created
  Context: {
  "sessionId": "a09d21ec-8fa1-467a-bc69-d01b9607f458",
  "title": "Test Session",
  "mode": "sequential"
}

[90mstdout[2m | tests/integration/index-handlers.test.ts[2m > [22m[2mIndex.ts Handler Functions[2m > [22m[2mHandler Functions[2m > [22m[2mhandleAddThought()[2m > [22m[2mshould handle all 13 modes in add_thought[22m[39m
[2025-11-19T04:04:15.604Z] INFO: Session created
  Context: {
  "sessionId": "d7c07811-a9ed-4f04-9c0f-7b818d097189",
  "title": "Test sequential",
  "mode": "sequential"
}
[2025-11-19T04:04:15.605Z] INFO: Session completed
  Context: {
  "sessionId": "d7c07811-a9ed-4f04-9c0f-7b818d097189",
  "title": "Test sequential",
  "totalThoughts": 1
}
[2025-11-19T04:04:15.606Z] INFO: Session created
  Context: {
  "sessionId": "081e5ac2-acb4-4087-8e62-733bb6101574",
  "title": "Test shannon",
  "mode": "shannon"
}
[2025-11-19T04:04:15.606Z] INFO: Session completed
  Context: {
  "sessionId": "081e5ac2-acb4-4087-8e62-733bb6101574",
  "title": "Test shannon",
  "totalThoughts": 1
}
[2025-11-19T04:04:15.607Z] INFO: Session created
  Context: {
  "sessionId": "f25d28c4-4757-4aab-b180-62358795e6e3",
  "title": "Test mathematics",
  "mode": "mathematics"
}
[2025-11-19T04:04:15.607Z] INFO: Session completed
  Context: {
  "sessionId": "f25d28c4-4757-4aab-b180-62358795e6e3",
  "title": "Test mathematics",
  "totalThoughts": 1
}
[2025-11-19T04:04:15.608Z] INFO: Session created
  Context: {
  "sessionId": "ccb5fa76-55fa-4751-a34f-b6b8e23afdb1",
  "title": "Test physics",
  "mode": "physics"
}
[2025-11-19T04:04:15.608Z] INFO: Session completed
  Context: {
  "sessionId": "ccb5fa76-55fa-4751-a34f-b6b8e23afdb1",
  "title": "Test physics",
  "totalThoughts": 1
}
[2025-11-19T04:04:15.609Z] INFO: Session created
  Context: {
  "sessionId": "8f08bf1d-4868-4da1-863f-36bdfa089c30",
  "title": "Test hybrid",
  "mode": "hybrid"
}
[2025-11-19T04:04:15.609Z] INFO: Session completed
  Context: {
  "sessionId": "8f08bf1d-4868-4da1-863f-36bdfa089c30",
  "title": "Test hybrid",
  "totalThoughts": 1
}
[2025-11-19T04:04:15.610Z] INFO: Session created
  Context: {
  "sessionId": "17cb10f2-bbe6-4174-b969-9514645eda7e",
  "title": "Test abductive",
  "mode": "abductive"
}
[2025-11-19T04:04:15.610Z] INFO: Session completed
  Context: {
  "sessionId": "17cb10f2-bbe6-4174-b969-9514645eda7e",
  "title": "Test abductive",
  "totalThoughts": 1
}
[2025-11-19T04:04:15.610Z] INFO: Session created
  Context: {
  "sessionId": "649c19cb-8022-433f-948d-0ff7018ca9b1",
  "title": "Test causal",
  "mode": "causal"
}
[2025-11-19T04:04:15.610Z] INFO: Session completed
  Context: {
  "sessionId": "649c19cb-8022-433f-948d-0ff7018ca9b1",
  "title": "Test causal",
  "totalThoughts": 1
}
[2025-11-19T04:04:15.611Z] INFO: Session created
  Context: {
  "sessionId": "161db6d1-c9c3-4423-b7bb-4a0dab45040d",
  "title": "Test bayesian",
  "mode": "bayesian"
}
[2025-11-19T04:04:15.611Z] INFO: Session completed
  Context: {
  "sessionId": "161db6d1-c9c3-4423-b7bb-4a0dab45040d",
  "title": "Test bayesian",
  "totalThoughts": 1
}
[2025-11-19T04:04:15.612Z] INFO: Session created
  Context: {
  "sessionId": "f7652224-5efe-4c8d-947f-5e450404b702",
  "title": "Test counterfactual",
  "mode": "counterfactual"
}
[2025-11-19T04:04:15.612Z] INFO: Session completed
  Context: {
  "sessionId": "f7652224-5efe-4c8d-947f-5e450404b702",
  "title": "Test counterfactual",
  "totalThoughts": 1
}
[2025-11-19T04:04:15.612Z] INFO: Session created
  Context: {
  "sessionId": "549a3e38-7974-4b20-a86c-6b66093024f5",
  "title": "Test analogical",
  "mode": "analogical"
}
[2025-11-19T04:04:15.612Z] INFO: Session completed
  Context: {
  "sessionId": "549a3e38-7974-4b20-a86c-6b66093024f5",
  "title": "Test analogical",
  "totalThoughts": 1
}
[2025-11-19T04:04:15.713Z] INFO: Session created
  Context: {
  "sessionId": "c0c39800-4a49-416f-b71e-4481d3d121d3",
  "title": "Test temporal",
  "mode": "temporal"
}
[2025-11-19T04:04:15.714Z] INFO: Session completed
  Context: {
  "sessionId": "c0c39800-4a49-416f-b71e-4481d3d121d3",
  "title": "Test temporal",
  "totalThoughts": 1
}
[2025-11-19T04:04:15.714Z] INFO: Session created
  Context: {
  "sessionId": "7787617d-3020-486f-a4ad-358b639e58b6",
  "title": "Test gametheory",
  "mode": "gametheory"
}
[2025-11-19T04:04:15.715Z] INFO: Session completed
  Context: {
  "sessionId": "7787617d-3020-486f-a4ad-358b639e58b6",
  "title": "Test gametheory",
  "totalThoughts": 1
}
[2025-11-19T04:04:15.715Z] INFO: Session created
  Context: {
  "sessionId": "306c39db-125b-4fd5-803f-48004809e1f9",
  "title": "Test evidential",
  "mode": "evidential"
}
[2025-11-19T04:04:15.716Z] INFO: Session completed
  Context: {
  "sessionId": "306c39db-125b-4fd5-803f-48004809e1f9",
  "title": "Test evidential",
  "totalThoughts": 1
}

[90mstdout[2m | tests/integration/index-handlers.test.ts[2m > [22m[2mIndex.ts Handler Functions[2m > [22m[2mHandler Functions[2m > [22m[2mhandleSummarize()[2m > [22m[2mshould generate summary for session with thoughts[22m[39m
[2025-11-19T04:04:15.722Z] INFO: Session created
  Context: {
  "sessionId": "4d3d16ed-c2dd-47ad-99a3-831e7a91c5a3",
  "title": "Test Session",
  "mode": "sequential"
}

[90mstdout[2m | tests/integration/index-handlers.test.ts[2m > [22m[2mIndex.ts Handler Functions[2m > [22m[2mHandler Functions[2m > [22m[2mhandleSummarize()[2m > [22m[2mshould generate summary for empty session[22m[39m
[2025-11-19T04:04:15.723Z] INFO: Session created
  Context: {
  "sessionId": "0fcfdbe9-e45d-4d34-b39d-826b934686ab",
  "title": "Empty Session",
  "mode": "sequential"
}

[90mstdout[2m | tests/integration/index-handlers.test.ts[2m > [22m[2mIndex.ts Handler Functions[2m > [22m[2mHandler Functions[2m > [22m[2mhandleSwitchMode()[2m > [22m[2mshould switch mode successfully[22m[39m
[2025-11-19T04:04:15.728Z] INFO: Session created
  Context: {
  "sessionId": "23b25835-ad8f-4db1-88cb-05b7a38e3fde",
  "title": "Test Session",
  "mode": "sequential"
}
[2025-11-19T04:04:15.728Z] INFO: Session mode switched
  Context: {
  "sessionId": "23b25835-ad8f-4db1-88cb-05b7a38e3fde",
  "oldMode": "sequential",
  "newMode": "shannon",
  "reason": "User requested mode switch"
}

[90mstdout[2m | tests/integration/index-handlers.test.ts[2m > [22m[2mIndex.ts Handler Functions[2m > [22m[2mHandler Functions[2m > [22m[2mhandleSwitchMode()[2m > [22m[2mshould switch between all 13 modes[22m[39m
[2025-11-19T04:04:15.729Z] INFO: Session created
  Context: {
  "sessionId": "bb243eef-9323-4cf2-b83f-cd7bbef4f1c8",
  "title": "Multi-mode Session",
  "mode": "hybrid"
}
[2025-11-19T04:04:15.729Z] INFO: Session mode switched
  Context: {
  "sessionId": "bb243eef-9323-4cf2-b83f-cd7bbef4f1c8",
  "oldMode": "hybrid",
  "newMode": "sequential",
  "reason": "Switching to sequential"
}
[2025-11-19T04:04:15.729Z] INFO: Session mode switched
  Context: {
  "sessionId": "bb243eef-9323-4cf2-b83f-cd7bbef4f1c8",
  "oldMode": "sequential",
  "newMode": "shannon",
  "reason": "Switching to shannon"
}
[2025-11-19T04:04:15.729Z] INFO: Session mode switched
  Context: {
  "sessionId": "bb243eef-9323-4cf2-b83f-cd7bbef4f1c8",
  "oldMode": "shannon",
  "newMode": "mathematics",
  "reason": "Switching to mathematics"
}
[2025-11-19T04:04:15.729Z] INFO: Session mode switched
  Context: {
  "sessionId": "bb243eef-9323-4cf2-b83f-cd7bbef4f1c8",
  "oldMode": "mathematics",
  "newMode": "physics",
  "reason": "Switching to physics"
}
[2025-11-19T04:04:15.730Z] INFO: Session mode switched
  Context: {
  "sessionId": "bb243eef-9323-4cf2-b83f-cd7bbef4f1c8",
  "oldMode": "physics",
  "newMode": "abductive",
  "reason": "Switching to abductive"
}
[2025-11-19T04:04:15.730Z] INFO: Session mode switched
  Context: {
  "sessionId": "bb243eef-9323-4cf2-b83f-cd7bbef4f1c8",
  "oldMode": "abductive",
  "newMode": "causal",
  "reason": "Switching to causal"
}
[2025-11-19T04:04:15.730Z] INFO: Session mode switched
  Context: {
  "sessionId": "bb243eef-9323-4cf2-b83f-cd7bbef4f1c8",
  "oldMode": "causal",
  "newMode": "bayesian",
  "reason": "Switching to bayesian"
}
[2025-11-19T04:04:15.730Z] INFO: Session mode switched
  Context: {
  "sessionId": "bb243eef-9323-4cf2-b83f-cd7bbef4f1c8",
  "oldMode": "bayesian",
  "newMode": "counterfactual",
  "reason": "Switching to counterfactual"
}
[2025-11-19T04:04:15.730Z] INFO: Session mode switched
  Context: {
  "sessionId": "bb243eef-9323-4cf2-b83f-cd7bbef4f1c8",
  "oldMode": "counterfactual",
  "newMode": "analogical",
  "reason": "Switching to analogical"
}
[2025-11-19T04:04:15.730Z] INFO: Session mode switched
  Context: {
  "sessionId": "bb243eef-9323-4cf2-b83f-cd7bbef4f1c8",
  "oldMode": "analogical",
  "newMode": "temporal",
  "reason": "Switching to temporal"
}
[2025-11-19T04:04:15.730Z] INFO: Session mode switched
  Context: {
  "sessionId": "bb243eef-9323-4cf2-b83f-cd7bbef4f1c8",
  "oldMode": "temporal",
  "newMode": "gametheory",
  "reason": "Switching to gametheory"
}
[2025-11-19T04:04:15.730Z] INFO: Session mode switched
  Context: {
  "sessionId": "bb243eef-9323-4cf2-b83f-cd7bbef4f1c8",
  "oldMode": "gametheory",
  "newMode": "evidential",
  "reason": "Switching to evidential"
}
[2025-11-19T04:04:15.730Z] INFO: Session mode switched
  Context: {
  "sessionId": "bb243eef-9323-4cf2-b83f-cd7bbef4f1c8",
  "oldMode": "evidential",
  "newMode": "hybrid",
  "reason": "Switching to hybrid"
}

[90mstdout[2m | tests/integration/index-handlers.test.ts[2m > [22m[2mIndex.ts Handler Functions[2m > [22m[2mHandler Functions[2m > [22m[2mhandleGetSession()[2m > [22m[2mshould retrieve session with all properties[22m[39m
[2025-11-19T04:04:15.732Z] INFO: Session created
  Context: {
  "sessionId": "b63bf7c3-2933-4668-a5c4-bb27f7f83342",
  "title": "Test Session",
  "mode": "sequential"
}

[90mstdout[2m | tests/integration/index-handlers.test.ts[2m > [22m[2mIndex.ts Handler Functions[2m > [22m[2mHandler Functions[2m > [22m[2mhandleGetSession()[2m > [22m[2mshould retrieve session with thoughts[22m[39m
[2025-11-19T04:04:15.733Z] INFO: Session created
  Context: {
  "sessionId": "d3713dc7-d595-4783-8dcb-ed4a680e719f",
  "title": "Session with Thoughts",
  "mode": "sequential"
}
[2025-11-19T04:04:15.734Z] INFO: Session completed
  Context: {
  "sessionId": "d3713dc7-d595-4783-8dcb-ed4a680e719f",
  "title": "Session with Thoughts",
  "totalThoughts": 1
}

[90mstdout[2m | tests/integration/index-handlers.test.ts[2m > [22m[2mIndex.ts Handler Functions[2m > [22m[2mHandler Functions[2m > [22m[2mhandleExport()[2m > [22m[2mshould export session in JSON format[22m[39m
[2025-11-19T04:04:15.735Z] INFO: Session created
  Context: {
  "sessionId": "9a3e6f23-6b78-4fcc-b9eb-936947eb6984",
  "title": "Export Test",
  "mode": "sequential"
}
[2025-11-19T04:04:15.735Z] INFO: Session completed
  Context: {
  "sessionId": "9a3e6f23-6b78-4fcc-b9eb-936947eb6984",
  "title": "Export Test",
  "totalThoughts": 1
}

[90mstdout[2m | tests/integration/multi-session.test.ts[2m > [22m[2mMulti-Session and Concurrent Scenarios[2m > [22m[2mConcurrent Operations on Same Session[2m > [22m[2mshould handle concurrent retrieval of same session[22m[39m
[2025-11-19T04:04:15.394Z] INFO: Session created
  Context: {
  "sessionId": "02fbc873-4788-4c70-b846-e75797b2f473",
  "title": "Concurrent Retrieval",
  "mode": "sequential"
}

[90mstdout[2m | tests/integration/multi-session.test.ts[2m > [22m[2mMulti-Session and Concurrent Scenarios[2m > [22m[2mConcurrent Operations on Same Session[2m > [22m[2mshould handle concurrent mode switches on same session[22m[39m
[2025-11-19T04:04:15.395Z] INFO: Session created
  Context: {
  "sessionId": "1b798117-9ddb-4aac-84d5-9d633852ea22",
  "title": "Mode Switch Race",
  "mode": "sequential"
}
[2025-11-19T04:04:15.396Z] INFO: Session mode switched
  Context: {
  "sessionId": "1b798117-9ddb-4aac-84d5-9d633852ea22",
  "oldMode": "sequential",
  "newMode": "mathematics",
  "reason": "Switch 1"
}
[2025-11-19T04:04:15.396Z] INFO: Session mode switched
  Context: {
  "sessionId": "1b798117-9ddb-4aac-84d5-9d633852ea22",
  "oldMode": "mathematics",
  "newMode": "physics",
  "reason": "Switch 2"
}
[2025-11-19T04:04:15.396Z] INFO: Session mode switched
  Context: {
  "sessionId": "1b798117-9ddb-4aac-84d5-9d633852ea22",
  "oldMode": "physics",
  "newMode": "hybrid",
  "reason": "Switch 3"
}

[90mstdout[2m | tests/integration/multi-session.test.ts[2m > [22m[2mMulti-Session and Concurrent Scenarios[2m > [22m[2mConcurrent Operations Across Different Sessions[2m > [22m[2mshould handle concurrent operations on different sessions[22m[39m
[2025-11-19T04:04:15.399Z] INFO: Session created
  Context: {
  "sessionId": "651176a0-a73b-4df4-8006-413141b6b8a1",
  "title": "S1",
  "mode": "sequential"
}
[2025-11-19T04:04:15.399Z] INFO: Session created
  Context: {
  "sessionId": "7de444e7-534c-4da4-86f7-2cfa63b9c794",
  "title": "S2",
  "mode": "shannon"
}
[2025-11-19T04:04:15.399Z] INFO: Session created
  Context: {
  "sessionId": "87f5d05e-e578-4822-8dfc-aec38ecc1aa9",
  "title": "S3",
  "mode": "mathematics"
}
[2025-11-19T04:04:15.399Z] INFO: Session completed
  Context: {
  "sessionId": "651176a0-a73b-4df4-8006-413141b6b8a1",
  "title": "S1",
  "totalThoughts": 1
}
[2025-11-19T04:04:15.399Z] INFO: Session mode switched
  Context: {
  "sessionId": "7de444e7-534c-4da4-86f7-2cfa63b9c794",
  "oldMode": "shannon",
  "newMode": "physics",
  "reason": "Switch mode"
}

[90mstdout[2m | tests/integration/multi-session.test.ts[2m > [22m[2mMulti-Session and Concurrent Scenarios[2m > [22m[2mConcurrent Operations Across Different Sessions[2m > [22m[2mshould handle concurrent session creation[22m[39m
[2025-11-19T04:04:15.486Z] INFO: Session created
  Context: {
  "sessionId": "5600f3ea-8178-4d06-9201-ade782f8f691",
  "title": "Session 1",
  "mode": "sequential"
}
[2025-11-19T04:04:15.486Z] INFO: Session created
  Context: {
  "sessionId": "4347d356-6c1a-4567-8b59-1f88bf3e544e",
  "title": "Session 2",
  "mode": "sequential"
}
[2025-11-19T04:04:15.486Z] INFO: Session created
  Context: {
  "sessionId": "69c78243-917b-4c7e-8f57-5138c5d5b118",
  "title": "Session 3",
  "mode": "sequential"
}
[2025-11-19T04:04:15.486Z] INFO: Session created
  Context: {
  "sessionId": "a057c053-d1d0-49bd-875d-4b8b52b32a89",
  "title": "Session 4",
  "mode": "sequential"
}
[2025-11-19T04:04:15.486Z] INFO: Session created
  Context: {
  "sessionId": "60f04a35-1926-49a5-ba2f-350e7fa94877",
  "title": "Session 5",
  "mode": "sequential"
}
[2025-11-19T04:04:15.487Z] INFO: Session created
  Context: {
  "sessionId": "ef2b80f0-dc42-4d25-a451-1dde5319c588",
  "title": "Session 6",
  "mode": "sequential"
}
[2025-11-19T04:04:15.487Z] INFO: Session created
  Context: {
  "sessionId": "a62a74e3-7def-43a2-b9b2-e052be55195d",
  "title": "Session 7",
  "mode": "sequential"
}
[2025-11-19T04:04:15.487Z] INFO: Session created
  Context: {
  "sessionId": "9ec9d5ad-9e56-433c-91fc-c9c1cf41d2b6",
  "title": "Session 8",
  "mode": "sequential"
}
[2025-11-19T04:04:15.487Z] INFO: Session created
  Context: {
  "sessionId": "0b2db2c4-84d6-478b-9e7d-476ba5752873",
  "title": "Session 9",
  "mode": "sequential"
}
[2025-11-19T04:04:15.487Z] INFO: Session created
  Context: {
  "sessionId": "2bd9f6d0-f2c3-4f51-9464-c6eb2a55c621",
  "title": "Session 10",
  "mode": "sequential"
}
[2025-11-19T04:04:15.487Z] INFO: Session created
  Context: {
  "sessionId": "209f5b7e-b796-4b89-974d-2de216ac9f61",
  "title": "Session 11",
  "mode": "sequential"
}
[2025-11-19T04:04:15.487Z] INFO: Session created
  Context: {
  "sessionId": "bd061913-2ef8-4f78-b198-c14a13bc17e3",
  "title": "Session 12",
  "mode": "sequential"
}
[2025-11-19T04:04:15.487Z] INFO: Session created
  Context: {
  "sessionId": "822fe1c9-cd9d-4bad-8524-ea77d7c93dde",
  "title": "Session 13",
  "mode": "sequential"
}
[2025-11-19T04:04:15.487Z] INFO: Session created
  Context: {
  "sessionId": "3d2de478-db54-41cd-9863-aac828ea29ec",
  "title": "Session 14",
  "mode": "sequential"
}
[2025-11-19T04:04:15.487Z] INFO: Session created
  Context: {
  "sessionId": "42193086-e160-42fe-b9ad-67e45dfba2cb",
  "title": "Session 15",
  "mode": "sequential"
}
[2025-11-19T04:04:15.488Z] INFO: Session created
  Context: {
  "sessionId": "edc5dacf-7d5a-4c54-b2ce-e537c76ec661",
  "title": "Session 16",
  "mode": "sequential"
}
[2025-11-19T04:04:15.488Z] INFO: Session created
  Context: {
  "sessionId": "3f69fee1-c79c-4657-a435-ba386c986b4d",
  "title": "Session 17",
  "mode": "sequential"
}
[2025-11-19T04:04:15.488Z] INFO: Session created
  Context: {
  "sessionId": "f84aa6da-0108-452e-98ff-e3c84d0880e7",
  "title": "Session 18",
  "mode": "sequential"
}
[2025-11-19T04:04:15.488Z] INFO: Session created
  Context: {
  "sessionId": "202661bd-7138-4179-92c2-1d84300177cf",
  "title": "Session 19",
  "mode": "sequential"
}
[2025-11-19T04:04:15.488Z] INFO: Session created
  Context: {
  "sessionId": "8ccd01bf-765d-45d9-9101-361d4bcfaafe",
  "title": "Session 20",
  "mode": "sequential"
}

[90mstdout[2m | tests/integration/multi-session.test.ts[2m > [22m[2mMulti-Session and Concurrent Scenarios[2m > [22m[2mConcurrent Operations Across Different Sessions[2m > [22m[2mshould handle concurrent summary generation for different sessions[22m[39m
[2025-11-19T04:04:15.491Z] INFO: Session created
  Context: {
  "sessionId": "3d1cad68-bb3c-41ff-bd6b-e8822c83cc21",
  "title": "S1",
  "mode": "sequential"
}
[2025-11-19T04:04:15.491Z] INFO: Session created
  Context: {
  "sessionId": "f7156f59-cdcb-47bf-94a4-e48b65700ca8",
  "title": "S2",
  "mode": "sequential"
}
[2025-11-19T04:04:15.491Z] INFO: Session created
  Context: {
  "sessionId": "7fd2958b-6d83-4f9f-9634-d1078816b392",
  "title": "S3",
  "mode": "sequential"
}
[2025-11-19T04:04:15.492Z] INFO: Session completed
  Context: {
  "sessionId": "3d1cad68-bb3c-41ff-bd6b-e8822c83cc21",
  "title": "S1",
  "totalThoughts": 1
}
[2025-11-19T04:04:15.492Z] INFO: Session completed
  Context: {
  "sessionId": "f7156f59-cdcb-47bf-94a4-e48b65700ca8",
  "title": "S2",
  "totalThoughts": 1
}
[2025-11-19T04:04:15.492Z] INFO: Session completed
  Context: {
  "sessionId": "7fd2958b-6d83-4f9f-9634-d1078816b392",
  "title": "S3",
  "totalThoughts": 1
}

[90mstdout[2m | tests/integration/multi-session.test.ts[2m > [22m[2mMulti-Session and Concurrent Scenarios[2m > [22m[2mResource Management with Many Sessions[2m > [22m[2mshould handle creation of many sessions[22m[39m
[2025-11-19T04:04:15.495Z] INFO: Session created
  Context: {
  "sessionId": "03e8e61f-fb88-4074-a9b8-0cf25cd02d41",
  "title": "Session 1",
  "mode": "sequential"
}
[2025-11-19T04:04:15.495Z] INFO: Session created
  Context: {
  "sessionId": "c39cb39d-ea3f-4611-880f-265f9c3de49f",
  "title": "Session 2",
  "mode": "sequential"
}
[2025-11-19T04:04:15.495Z] INFO: Session created
  Context: {
  "sessionId": "bec67890-f55f-4660-8d81-dcf1d2f3e58f",
  "title": "Session 3",
  "mode": "sequential"
}
[2025-11-19T04:04:15.495Z] INFO: Session created
  Context: {
  "sessionId": "6ebcc7f6-e98e-4774-82d7-3ebda12d7948",
  "title": "Session 4",
  "mode": "sequential"
}
[2025-11-19T04:04:15.495Z] INFO: Session created
  Context: {
  "sessionId": "7710238c-e903-4078-a4ee-72d89c0cbb2c",
  "title": "Session 5",
  "mode": "sequential"
}
[2025-11-19T04:04:15.495Z] INFO: Session created
  Context: {
  "sessionId": "a3926d74-c979-41a8-a6ae-8de76ef97606",
  "title": "Session 6",
  "mode": "sequential"
}
[2025-11-19T04:04:15.495Z] INFO: Session created
  Context: {
  "sessionId": "de281753-a761-421e-b6fe-261f9fe9a9fc",
  "title": "Session 7",
  "mode": "sequential"
}
[2025-11-19T04:04:15.495Z] INFO: Session created
  Context: {
  "sessionId": "0e7d5087-7ec8-4296-9ba2-0dc115b68a4e",
  "title": "Session 8",
  "mode": "sequential"
}
[2025-11-19T04:04:15.496Z] INFO: Session created
  Context: {
  "sessionId": "d02220b7-06f7-44b9-ac9c-dd6035150e20",
  "title": "Session 9",
  "mode": "sequential"
}
[2025-11-19T04:04:15.496Z] INFO: Session created
  Context: {
  "sessionId": "211da784-abc2-4bf3-9cb4-fa4ad6061582",
  "title": "Session 10",
  "mode": "sequential"
}
[2025-11-19T04:04:15.496Z] INFO: Session created
  Context: {
  "sessionId": "11d21556-f026-4e93-b3f1-8be026904143",
  "title": "Session 11",
  "mode": "sequential"
}
[2025-11-19T04:04:15.496Z] INFO: Session created
  Context: {
  "sessionId": "a50df448-9c20-41c9-ab38-8e3c107f98e9",
  "title": "Session 12",
  "mode": "sequential"
}
[2025-11-19T04:04:15.496Z] INFO: Session created
  Context: {
  "sessionId": "a753fa02-fb85-450d-b444-cae1858ae3eb",
  "title": "Session 13",
  "mode": "sequential"
}
[2025-11-19T04:04:15.496Z] INFO: Session created
  Context: {
  "sessionId": "4540f9c0-6a38-4687-8360-5cdd26936009",
  "title": "Session 14",
  "mode": "sequential"
}
[2025-11-19T04:04:15.497Z] INFO: Session created
  Context: {
  "sessionId": "aadf2efe-b120-4288-974a-6cd589078a97",
  "title": "Session 15",
  "mode": "sequential"
}
[2025-11-19T04:04:15.497Z] INFO: Session created
  Context: {
  "sessionId": "a03188dd-12fc-4991-8223-b58071acd9ad",
  "title": "Session 16",
  "mode": "sequential"
}
[2025-11-19T04:04:15.497Z] INFO: Session created
  Context: {
  "sessionId": "14833913-d212-4b6a-bb05-ba7efef2feab",
  "title": "Session 17",
  "mode": "sequential"
}
[2025-11-19T04:04:15.497Z] INFO: Session created
  Context: {
  "sessionId": "0b117b54-e40a-4df6-9a08-34127f0dd01b",
  "title": "Session 18",
  "mode": "sequential"
}
[2025-11-19T04:04:15.497Z] INFO: Session created
  Context: {
  "sessionId": "ddff292b-2cc6-4b31-9b45-fea21bd54dc9",
  "title": "Session 19",
  "mode": "sequential"
}
[2025-11-19T04:04:15.497Z] INFO: Session created
  Context: {
  "sessionId": "cfd91d9e-03e2-429d-88c3-cbdfb435d211",
  "title": "Session 20",
  "mode": "sequential"
}
[2025-11-19T04:04:15.497Z] INFO: Session created
  Context: {
  "sessionId": "d763f129-0f09-4b65-85e0-6b86087ee5a6",
  "title": "Session 21",
  "mode": "sequential"
}
[2025-11-19T04:04:15.497Z] INFO: Session created
  Context: {
  "sessionId": "9e7b696a-7e3b-499f-abc6-1bb46f78bc84",
  "title": "Session 22",
  "mode": "sequential"
}
[2025-11-19T04:04:15.497Z] INFO: Session created
  Context: {
  "sessionId": "6c03bb7f-50d7-4807-a049-336022438852",
  "title": "Session 23",
  "mode": "sequential"
}
[2025-11-19T04:04:15.497Z] INFO: Session created
  Context: {
  "sessionId": "324b1e10-604f-4286-8024-c857af3b600e",
  "title": "Session 24",
  "mode": "sequential"
}
[2025-11-19T04:04:15.497Z] INFO: Session created
  Context: {
  "sessionId": "0ee63ddf-64a9-4d87-b198-9a8af4b94adb",
  "title": "Session 25",
  "mode": "sequential"
}
[2025-11-19T04:04:15.497Z] INFO: Session created
  Context: {
  "sessionId": "e56cc0cb-5a6f-4edf-94cb-db4127fa6d0b",
  "title": "Session 26",
  "mode": "sequential"
}
[2025-11-19T04:04:15.498Z] INFO: Session created
  Context: {
  "sessionId": "63f5ad16-9bf5-4dbc-81cd-019e250a4d56",
  "title": "Session 27",
  "mode": "sequential"
}
[2025-11-19T04:04:15.498Z] INFO: Session created
  Context: {
  "sessionId": "3ba1adf2-1eed-461f-83f6-f1f6b1f510f8",
  "title": "Session 28",
  "mode": "sequential"
}
[2025-11-19T04:04:15.498Z] INFO: Session created
  Context: {
  "sessionId": "c27437db-8a4f-4b5d-a985-d6adfc2b7c53",
  "title": "Session 29",
  "mode": "sequential"
}
[2025-11-19T04:04:15.498Z] INFO: Session created
  Context: {
  "sessionId": "11a998b4-cf23-41c4-9046-9321ebb6e9e2",
  "title": "Session 30",
  "mode": "sequential"
}
[2025-11-19T04:04:15.498Z] INFO: Session created
  Context: {
  "sessionId": "c67f514f-e21a-4275-a7e2-58ffae89972a",
  "title": "Session 31",
  "mode": "sequential"
}
[2025-11-19T04:04:15.498Z] INFO: Session created
  Context: {
  "sessionId": "37cd6b5d-12a8-40a5-ba9a-4eb0c24646d4",
  "title": "Session 32",
  "mode": "sequential"
}
[2025-11-19T04:04:15.498Z] INFO: Session created
  Context: {
  "sessionId": "6bf04ca4-562f-4cbf-ad6c-8b8d134e3f67",
  "title": "Session 33",
  "mode": "sequential"
}
[2025-11-19T04:04:15.498Z] INFO: Session created
  Context: {
  "sessionId": "a14d59ba-c1a3-4a6e-9d7f-49c46ba6a92d",
  "title": "Session 34",
  "mode": "sequential"
}
[2025-11-19T04:04:15.498Z] INFO: Session created
  Context: {
  "sessionId": "9786446e-4426-4b0b-b1cb-1a8312f8821e",
  "title": "Session 35",
  "mode": "sequential"
}
[2025-11-19T04:04:15.498Z] INFO: Session created
  Context: {
  "sessionId": "b3a076f9-f6c6-441d-972e-aa14d1e7877c",
  "title": "Session 36",
  "mode": "sequential"
}
[2025-11-19T04:04:15.498Z] INFO: Session created
  Context: {
  "sessionId": "644aea58-526a-4f1f-a109-bfb2703e1e05",
  "title": "Session 37",
  "mode": "sequential"
}
[2025-11-19T04:04:15.498Z] INFO: Session created
  Context: {
  "sessionId": "e503c2da-ac34-42d8-b31c-79d7701d0ab1",
  "title": "Session 38",
  "mode": "sequential"
}
[2025-11-19T04:04:15.498Z] INFO: Session created
  Context: {
  "sessionId": "b0d19f80-ce89-4de3-b30e-4a1ff3bd98d0",
  "title": "Session 39",
  "mode": "sequential"
}
[2025-11-19T04:04:15.499Z] INFO: Session created
  Context: {
  "sessionId": "d66f1463-aade-49b7-bef4-a2cf3bfddaab",
  "title": "Session 40",
  "mode": "sequential"
}
[2025-11-19T04:04:15.499Z] INFO: Session created
  Context: {
  "sessionId": "4fe34f08-87ce-4ef2-9db0-0f0433ce6481",
  "title": "Session 41",
  "mode": "sequential"
}
[2025-11-19T04:04:15.499Z] INFO: Session created
  Context: {
  "sessionId": "8d98ed33-c2bf-4c40-9e70-6cb1269f2f9a",
  "title": "Session 42",
  "mode": "sequential"
}
[2025-11-19T04:04:15.499Z] INFO: Session created
  Context: {
  "sessionId": "dd5920b4-c0cc-42a0-a0d4-63e67d538598",
  "title": "Session 43",
  "mode": "sequential"
}
[2025-11-19T04:04:15.499Z] INFO: Session created
  Context: {
  "sessionId": "bac645a0-6077-4124-a44e-c97a70ed1f90",
  "title": "Session 44",
  "mode": "sequential"
}
[2025-11-19T04:04:15.499Z] INFO: Session created
  Context: {
  "sessionId": "1e41f83b-3a24-4699-a3dc-7667092a8915",
  "title": "Session 45",
  "mode": "sequential"
}
[2025-11-19T04:04:15.499Z] INFO: Session created
  Context: {
  "sessionId": "e671edc9-b199-480e-869a-eee80fa1c7dd",
  "title": "Session 46",
  "mode": "sequential"
}
[2025-11-19T04:04:15.499Z] INFO: Session created
  Context: {
  "sessionId": "ae92178a-5d1a-4d22-af39-d693c3deb20e",
  "title": "Session 47",
  "mode": "sequential"
}
[2025-11-19T04:04:15.499Z] INFO: Session created
  Context: {
  "sessionId": "6968245a-52c2-44af-bd1e-1276c05fa3f9",
  "title": "Session 48",
  "mode": "sequential"
}
[2025-11-19T04:04:15.499Z] INFO: Session created
  Context: {
  "sessionId": "b24f7675-136e-4a69-82cb-1ef80771e037",
  "title": "Session 49",
  "mode": "sequential"
}
[2025-11-19T04:04:15.499Z] INFO: Session created
  Context: {
  "sessionId": "8e00c109-9c22-41b1-b0ac-b77c3f342092",
  "title": "Session 50",
  "mode": "sequential"
}

[90mstdout[2m | tests/integration/multi-session.test.ts[2m > [22m[2mMulti-Session and Concurrent Scenarios[2m > [22m[2mResource Management with Many Sessions[2m > [22m[2mshould retrieve sessions efficiently with many active sessions[22m[39m
[2025-11-19T04:04:15.501Z] INFO: Session created
  Context: {
  "sessionId": "59b67782-3809-426b-910b-2531f569510a",
  "title": "Session 1",
  "mode": "sequential"
}
[2025-11-19T04:04:15.501Z] INFO: Session created
  Context: {
  "sessionId": "04e8a277-eb15-4f68-b1ba-84936a3c3f67",
  "title": "Session 2",
  "mode": "sequential"
}
[2025-11-19T04:04:15.501Z] INFO: Session created
  Context: {
  "sessionId": "c59bf21e-f917-40fe-addd-9613ed13102e",
  "title": "Session 3",
  "mode": "sequential"
}
[2025-11-19T04:04:15.501Z] INFO: Session created
  Context: {
  "sessionId": "a77f1100-43eb-46aa-beb9-38d82dade0af",
  "title": "Session 4",
  "mode": "sequential"
}
[2025-11-19T04:04:15.501Z] INFO: Session created
  Context: {
  "sessionId": "4e7da111-810c-46ff-bb3f-b314409e3744",
  "title": "Session 5",
  "mode": "sequential"
}
[2025-11-19T04:04:15.502Z] INFO: Session created
  Context: {
  "sessionId": "7ca4f969-61f2-4b1b-a7b5-2fc88c4adcfa",
  "title": "Session 6",
  "mode": "sequential"
}
[2025-11-19T04:04:15.502Z] INFO: Session created
  Context: {
  "sessionId": "d7cb49c5-0e09-4f20-a2f8-43f9c2273960",
  "title": "Session 7",
  "mode": "sequential"
}
[2025-11-19T04:04:15.502Z] INFO: Session created
  Context: {
  "sessionId": "5c84eadc-bc84-403b-be47-3aeea84c3469",
  "title": "Session 8",
  "mode": "sequential"
}
[2025-11-19T04:04:15.502Z] INFO: Session created
  Context: {
  "sessionId": "da5df1c3-a018-42ff-b477-15d6f005a898",
  "title": "Session 9",
  "mode": "sequential"
}
[2025-11-19T04:04:15.502Z] INFO: Session created
  Context: {
  "sessionId": "278b732b-81a4-462c-8f72-af31a26c0656",
  "title": "Session 10",
  "mode": "sequential"
}

[90mstdout[2m | tests/integration/multi-session.test.ts[2m > [22m[2mMulti-Session and Concurrent Scenarios[2m > [22m[2mResource Management with Many Sessions[2m > [22m[2mshould list all sessions when many exist[22m[39m
[2025-11-19T04:04:15.504Z] INFO: Session created
  Context: {
  "sessionId": "d09c803b-edbd-4fea-b9fb-c1e2333e8d8d",
  "title": "Session 1",
  "mode": "sequential"
}
[2025-11-19T04:04:15.504Z] INFO: Session created
  Context: {
  "sessionId": "bcc4d671-59af-4e50-9ccb-753b40ea3ba7",
  "title": "Session 2",
  "mode": "sequential"
}
[2025-11-19T04:04:15.504Z] INFO: Session created
  Context: {
  "sessionId": "7eadcc78-a33d-482b-8c48-21cb320745bc",
  "title": "Session 3",
  "mode": "sequential"
}
[2025-11-19T04:04:15.504Z] INFO: Session created
  Context: {
  "sessionId": "ad8d836b-f294-49db-b568-c1b246a7fac7",
  "title": "Session 4",
  "mode": "sequential"
}
[2025-11-19T04:04:15.504Z] INFO: Session created
  Context: {
  "sessionId": "2646b9b8-35a0-4937-b720-20b9bb6e8d9d",
  "title": "Session 5",
  "mode": "sequential"
}
[2025-11-19T04:04:15.505Z] INFO: Session created
  Context: {
  "sessionId": "75cd3e61-7616-45ec-a1aa-34ce4d665fb7",
  "title": "Session 6",
  "mode": "sequential"
}
[2025-11-19T04:04:15.505Z] INFO: Session created
  Context: {
  "sessionId": "ab9fdd77-26d3-4301-aad5-c0bbf99b1fc5",
  "title": "Session 7",
  "mode": "sequential"
}
[2025-11-19T04:04:15.643Z] INFO: Session created
  Context: {
  "sessionId": "c8ab5bfd-7ad8-4986-898f-9826c01857f9",
  "title": "Session 8",
  "mode": "sequential"
}
[2025-11-19T04:04:15.643Z] INFO: Session created
  Context: {
  "sessionId": "db2eb3ab-13cd-43f6-9cf5-7549a34e2b7e",
  "title": "Session 9",
  "mode": "sequential"
}
[2025-11-19T04:04:15.643Z] INFO: Session created
  Context: {
  "sessionId": "13029454-ec68-4276-b3bd-dd8bce9eda36",
  "title": "Session 10",
  "mode": "sequential"
}
[2025-11-19T04:04:15.643Z] INFO: Session created
  Context: {
  "sessionId": "e20e638d-82d7-487e-970b-a58790526278",
  "title": "Session 11",
  "mode": "sequential"
}
[2025-11-19T04:04:15.643Z] INFO: Session created
  Context: {
  "sessionId": "09e4e1ca-6af1-4e7e-9603-40916673d0dc",
  "title": "Session 12",
  "mode": "sequential"
}
[2025-11-19T04:04:15.643Z] INFO: Session created
  Context: {
  "sessionId": "6adb70ea-f978-43ab-a0cf-bc11e8f3114b",
  "title": "Session 13",
  "mode": "sequential"
}
[2025-11-19T04:04:15.643Z] INFO: Session created
  Context: {
  "sessionId": "2e70c3ec-f3c1-4f5c-adf3-b777cafcf12e",
  "title": "Session 14",
  "mode": "sequential"
}
[2025-11-19T04:04:15.644Z] INFO: Session created
  Context: {
  "sessionId": "bc3723d7-fcdd-4263-8aff-b714fa3f0422",
  "title": "Session 15",
  "mode": "sequential"
}

[90mstdout[2m | tests/integration/multi-session.test.ts[2m > [22m[2mMulti-Session and Concurrent Scenarios[2m > [22m[2mSession State Consistency[2m > [22m[2mshould maintain consistent thought count across concurrent additions[22m[39m
[2025-11-19T04:04:15.646Z] INFO: Session created
  Context: {
  "sessionId": "6a31b1eb-d086-438c-bc2a-2a9485e08f7f",
  "title": "Consistency Test",
  "mode": "sequential"
}
[2025-11-19T04:04:15.647Z] INFO: Session completed
  Context: {
  "sessionId": "6a31b1eb-d086-438c-bc2a-2a9485e08f7f",
  "title": "Consistency Test",
  "totalThoughts": 10
}

[90mstdout[2m | tests/integration/multi-session.test.ts[2m > [22m[2mMulti-Session and Concurrent Scenarios[2m > [22m[2mSession State Consistency[2m > [22m[2mshould maintain correct status after concurrent operations[22m[39m
[2025-11-19T04:04:15.648Z] INFO: Session created
  Context: {
  "sessionId": "c0746d99-aded-40b0-bbf0-9d2d430afc76",
  "title": "Status Test",
  "mode": "sequential"
}
[2025-11-19T04:04:15.648Z] INFO: Session completed
  Context: {
  "sessionId": "c0746d99-aded-40b0-bbf0-9d2d430afc76",
  "title": "Status Test",
  "totalThoughts": 1
}

[90mstdout[2m | tests/integration/multi-session.test.ts[2m > [22m[2mMulti-Session and Concurrent Scenarios[2m > [22m[2mSession State Consistency[2m > [22m[2mshould handle concurrent thought additions with proper sequencing[22m[39m
[2025-11-19T04:04:15.649Z] INFO: Session created
  Context: {
  "sessionId": "29cc6802-d9d0-4b1e-8997-c271858db1cc",
  "title": "Sequence Test",
  "mode": "sequential"
}

[90mstdout[2m | tests/integration/multi-session.test.ts[2m > [22m[2mMulti-Session and Concurrent Scenarios[2m > [22m[2mError Handling in Concurrent Scenarios[2m > [22m[2mshould handle mixed success/failure scenarios gracefully[22m[39m
[2025-11-19T04:04:15.654Z] INFO: Session created
  Context: {
  "sessionId": "bbf4e7b9-b31e-45e1-8198-22e473ceb262",
  "title": "Mixed Test",
  "mode": "sequential"
}

 [32m✓[39m tests/integration/multi-session.test.ts [2m ([22m[2m18 tests[22m[2m)[22m[33m 450[2mms[22m[39m
 [32m✓[39m tests/integration/index-handlers.test.ts [2m ([22m[2m33 tests[22m[2m)[22m[33m 900[2mms[22m[39m
[90mstdout[2m | tests/benchmarks/metrics-performance.test.ts[2m > [22m[2mMetrics Performance Benchmark[2m > [22m[2mshould show performance improvement with incremental calculation[22m[39m
[2025-11-19T04:04:16.512Z] INFO: Session created
  Context: {
  "sessionId": "378fde0c-6fa7-451b-b275-3113b986de98",
  "title": "Performance Test",
  "mode": "sequential"
}

📊 Benchmark: Adding 1000 thoughts with uncertainty tracking
[2025-11-19T04:04:16.526Z] INFO: Session completed
  Context: {
  "sessionId": "378fde0c-6fa7-451b-b275-3113b986de98",
  "title": "Performance Test",
  "totalThoughts": 1000
}
✅ Total time: 11.97ms
✅ Average time per thought: 0.0120ms
✅ Expected average uncertainty: 0.500269
✅ Actual average uncertainty: 0.500269
✅ Accuracy verified: PASS

🎯 Performance: EXCELLENT

[90mstdout[2m | tests/benchmarks/metrics-performance.test.ts[2m > [22m[2mMetrics Performance Benchmark[2m > [22m[2mshould maintain O(1) complexity regardless of session size[22m[39m

📈 Complexity Analysis: Testing O(1) behavior
[2025-11-19T04:04:16.534Z] INFO: Session created
  Context: {
  "sessionId": "ffbf2dee-33df-456a-b546-54fb58ab4add",
  "title": "Test Session 100",
  "mode": "sequential"
}
[2025-11-19T04:04:16.581Z] INFO: Session completed
  Context: {
  "sessionId": "ffbf2dee-33df-456a-b546-54fb58ab4add",
  "title": "Test Session 100",
  "totalThoughts": 100
}
  Session size 100: 0.4712ms per thought
[2025-11-19T04:04:16.581Z] INFO: Session created
  Context: {
  "sessionId": "025d5cf5-75bf-4ae2-a266-fd648e304e8c",
  "title": "Test Session 500",
  "mode": "sequential"
}
[2025-11-19T04:04:16.586Z] INFO: Session completed
  Context: {
  "sessionId": "025d5cf5-75bf-4ae2-a266-fd648e304e8c",
  "title": "Test Session 500",
  "totalThoughts": 500
}
  Session size 500: 0.0103ms per thought
[2025-11-19T04:04:16.586Z] INFO: Session created
  Context: {
  "sessionId": "f298b689-06d0-4bc2-b343-ddc0323d8ec7",
  "title": "Test Session 1000",
  "mode": "sequential"
}
[2025-11-19T04:04:16.594Z] INFO: Session completed
  Context: {
  "sessionId": "f298b689-06d0-4bc2-b343-ddc0323d8ec7",
  "title": "Test Session 1000",
  "totalThoughts": 1000
}
  Session size 1000: 0.0089ms per thought

  Min: 0.0089ms, Max: 0.4712ms, Overall Ratio: 52.97x
  Ratio (500 vs 1000): 1.16x
  Complexity: O(1) ✅

 [32m✓[39m tests/benchmarks/metrics-performance.test.ts [2m ([22m[2m2 tests[22m[2m)[22m[90m 106[2mms[22m[39m
 [32m✓[39m tests/unit/errors.test.ts [2m ([22m[2m13 tests[22m[2m)[22m[90m 192[2mms[22m[39m

[2m Test Files [22m [1m[32m8 passed[39m[22m[90m (8)[39m
[2m      Tests [22m [1m[32m168 passed[39m[22m[90m (168)[39m
[2m   Start at [22m 23:04:08
[2m   Duration [22m 15.70s


[1m[7m[32m PASS [39m[27m[22m[32m Waiting for file changes...[39m
       [2mpress [22m[1mh[22m[2m to show help[22m[2m, [22m[2mpress [22m[1mq[22m[2m to quit[22m
[3Jc
[7m[1m[34m RERUN [39m[22m[27m[2m src/utils/errors.ts[22m

[90mstderr[2m | tests/integration/error-handling.test.ts[2m > [22m[2mError Handling and Edge Cases[2m > [22m[2mInvalid Session Operations[2m > [22m[2mshould throw error for non-existent session ID[22m[39m
[2025-11-19T04:04:43.546Z] ERROR: Session not found
  Context: {
  "sessionId": "00000000-0000-4000-8000-000000000000"
}

[90mstdout[2m | tests/integration/error-handling.test.ts[2m > [22m[2mError Handling and Edge Cases[2m > [22m[2mInvalid Session Operations[2m > [22m[2mshould handle session deletion idempotently[22m[39m
[2025-11-19T04:04:43.558Z] INFO: Session created
  Context: {
  "sessionId": "ec457b1c-84fe-4427-aa95-1ec7d38a0738",
  "title": "Test",
  "mode": "hybrid"
}
[2025-11-19T04:04:43.559Z] INFO: Session deleted
  Context: {
  "sessionId": "ec457b1c-84fe-4427-aa95-1ec7d38a0738",
  "title": "Test",
  "thoughtCount": 0
}

[90mstderr[2m | tests/integration/error-handling.test.ts[2m > [22m[2mError Handling and Edge Cases[2m > [22m[2mInvalid Session Operations[2m > [22m[2mshould handle session deletion idempotently[22m[39m
[2025-11-19T04:04:43.559Z] WARN: Attempted to delete non-existent session from memory
  Context: {
  "sessionId": "ec457b1c-84fe-4427-aa95-1ec7d38a0738"
}

[90mstdout[2m | tests/integration/error-handling.test.ts[2m > [22m[2mError Handling and Edge Cases[2m > [22m[2mValidation Errors[2m > [22m[2mshould accept thoughts with missing fields (lenient validation)[22m[39m
[2025-11-19T04:04:43.562Z] INFO: Session created
  Context: {
  "sessionId": "21407d60-f2e0-4cb9-93c7-ebd778ac62a8",
  "title": "Untitled Session",
  "mode": "hybrid"
}
[2025-11-19T04:04:43.564Z] INFO: Session completed
  Context: {
  "sessionId": "21407d60-f2e0-4cb9-93c7-ebd778ac62a8",
  "title": "Untitled Session",
  "totalThoughts": 1
}

[90mstdout[2m | tests/integration/error-handling.test.ts[2m > [22m[2mError Handling and Edge Cases[2m > [22m[2mValidation Errors[2m > [22m[2mshould accept invalid uncertainty values (lenient validation)[22m[39m
[2025-11-19T04:04:43.566Z] INFO: Session created
  Context: {
  "sessionId": "575bf5ff-4ef9-4eed-8202-ab66bc8450c4",
  "title": "Untitled Session",
  "mode": "hybrid"
}
[2025-11-19T04:04:43.567Z] INFO: Session completed
  Context: {
  "sessionId": "575bf5ff-4ef9-4eed-8202-ab66bc8450c4",
  "title": "Untitled Session",
  "totalThoughts": 1
}

[90mstdout[2m | tests/integration/error-handling.test.ts[2m > [22m[2mError Handling and Edge Cases[2m > [22m[2mValidation Errors[2m > [22m[2mshould accept negative thought numbers (lenient validation)[22m[39m
[2025-11-19T04:04:43.568Z] INFO: Session created
  Context: {
  "sessionId": "944dbe87-35a8-4567-9da9-2e22c80d650f",
  "title": "Untitled Session",
  "mode": "hybrid"
}
[2025-11-19T04:04:43.569Z] INFO: Session completed
  Context: {
  "sessionId": "944dbe87-35a8-4567-9da9-2e22c80d650f",
  "title": "Untitled Session",
  "totalThoughts": 1
}

[90mstdout[2m | tests/integration/error-handling.test.ts[2m > [22m[2mError Handling and Edge Cases[2m > [22m[2mValidation Errors[2m > [22m[2mshould accept zero thought numbers (lenient validation)[22m[39m
[2025-11-19T04:04:43.570Z] INFO: Session created
  Context: {
  "sessionId": "fc25a49d-1c9e-4c6f-afe4-884a0c45f03c",
  "title": "Untitled Session",
  "mode": "hybrid"
}
[2025-11-19T04:04:43.571Z] INFO: Session completed
  Context: {
  "sessionId": "fc25a49d-1c9e-4c6f-afe4-884a0c45f03c",
  "title": "Untitled Session",
  "totalThoughts": 1
}

[90mstdout[2m | tests/integration/error-handling.test.ts[2m > [22m[2mError Handling and Edge Cases[2m > [22m[2mValidation Errors[2m > [22m[2mshould accept invalid mode values (lenient validation)[22m[39m
[2025-11-19T04:04:43.572Z] INFO: Session created
  Context: {
  "sessionId": "484c7cd4-53a1-4d94-bb95-a75b99bf9cfb",
  "title": "Untitled Session",
  "mode": "invalid_mode"
}

[90mstdout[2m | tests/integration/error-handling.test.ts[2m > [22m[2mError Handling and Edge Cases[2m > [22m[2mValidation Errors[2m > [22m[2mshould accept invalid Shannon stage (lenient validation)[22m[39m
[2025-11-19T04:04:43.574Z] INFO: Session created
  Context: {
  "sessionId": "698a984b-d5cf-40d5-80a6-eb4f48cf02ac",
  "title": "Untitled Session",
  "mode": "shannon"
}
[2025-11-19T04:04:43.574Z] INFO: Session completed
  Context: {
  "sessionId": "698a984b-d5cf-40d5-80a6-eb4f48cf02ac",
  "title": "Untitled Session",
  "totalThoughts": 1
}

[90mstdout[2m | tests/integration/error-handling.test.ts[2m > [22m[2mError Handling and Edge Cases[2m > [22m[2mBoundary Conditions[2m > [22m[2mshould handle uncertainty = 0 (perfect certainty)[22m[39m
[2025-11-19T04:04:43.589Z] INFO: Session created
  Context: {
  "sessionId": "37f7f787-14a8-4d1b-a715-4fea1924a709",
  "title": "Untitled Session",
  "mode": "hybrid"
}
[2025-11-19T04:04:43.589Z] INFO: Session completed
  Context: {
  "sessionId": "37f7f787-14a8-4d1b-a715-4fea1924a709",
  "title": "Untitled Session",
  "totalThoughts": 1
}

[90mstdout[2m | tests/integration/error-handling.test.ts[2m > [22m[2mError Handling and Edge Cases[2m > [22m[2mBoundary Conditions[2m > [22m[2mshould handle uncertainty = 1 (complete uncertainty)[22m[39m
[2025-11-19T04:04:43.591Z] INFO: Session created
  Context: {
  "sessionId": "8334b8a2-2bae-4551-a015-849768bb58a5",
  "title": "Untitled Session",
  "mode": "hybrid"
}
[2025-11-19T04:04:43.591Z] INFO: Session completed
  Context: {
  "sessionId": "8334b8a2-2bae-4551-a015-849768bb58a5",
  "title": "Untitled Session",
  "totalThoughts": 1
}

[90mstdout[2m | tests/integration/error-handling.test.ts[2m > [22m[2mError Handling and Edge Cases[2m > [22m[2mBoundary Conditions[2m > [22m[2mshould handle very large thoughtNumber[22m[39m
[2025-11-19T04:04:43.592Z] INFO: Session created
  Context: {
  "sessionId": "7569aad4-563d-4d99-b889-44cf6a00cbe0",
  "title": "Untitled Session",
  "mode": "hybrid"
}
[2025-11-19T04:04:43.593Z] INFO: Session completed
  Context: {
  "sessionId": "7569aad4-563d-4d99-b889-44cf6a00cbe0",
  "title": "Untitled Session",
  "totalThoughts": 1
}

[90mstdout[2m | tests/integration/error-handling.test.ts[2m > [22m[2mError Handling and Edge Cases[2m > [22m[2mBoundary Conditions[2m > [22m[2mshould handle totalThoughts = thoughtNumber (single thought)[22m[39m
[2025-11-19T04:04:43.594Z] INFO: Session created
  Context: {
  "sessionId": "09d7696d-50c0-43a2-b7f9-eb10295f139e",
  "title": "Untitled Session",
  "mode": "hybrid"
}
[2025-11-19T04:04:43.594Z] INFO: Session completed
  Context: {
  "sessionId": "09d7696d-50c0-43a2-b7f9-eb10295f139e",
  "title": "Untitled Session",
  "totalThoughts": 1
}

[90mstdout[2m | tests/integration/error-handling.test.ts[2m > [22m[2mError Handling and Edge Cases[2m > [22m[2mEdge Cases - Empty Data[2m > [22m[2mshould handle empty thought content[22m[39m
[2025-11-19T04:04:43.599Z] INFO: Session created
  Context: {
  "sessionId": "a9d46cb5-7f13-46a8-815d-91a126852690",
  "title": "Untitled Session",
  "mode": "hybrid"
}
[2025-11-19T04:04:43.599Z] INFO: Session completed
  Context: {
  "sessionId": "a9d46cb5-7f13-46a8-815d-91a126852690",
  "title": "Untitled Session",
  "totalThoughts": 1
}

[90mstdout[2m | tests/integration/error-handling.test.ts[2m > [22m[2mError Handling and Edge Cases[2m > [22m[2mEdge Cases - Empty Data[2m > [22m[2mshould handle empty session title with default[22m[39m
[2025-11-19T04:04:43.600Z] INFO: Session created
  Context: {
  "sessionId": "5977a091-f799-4b1c-a33a-001b5b8e8592",
  "title": "Untitled Session",
  "mode": "hybrid"
}

[90mstdout[2m | tests/integration/error-handling.test.ts[2m > [22m[2mError Handling and Edge Cases[2m > [22m[2mEdge Cases - Empty Data[2m > [22m[2mshould handle empty arrays for optional fields[22m[39m
[2025-11-19T04:04:43.602Z] INFO: Session created
  Context: {
  "sessionId": "85dadc20-5088-4161-8b65-8e484f65456c",
  "title": "Untitled Session",
  "mode": "hybrid"
}
[2025-11-19T04:04:43.602Z] INFO: Session completed
  Context: {
  "sessionId": "85dadc20-5088-4161-8b65-8e484f65456c",
  "title": "Untitled Session",
  "totalThoughts": 1
}

[90mstdout[2m | tests/integration/error-handling.test.ts[2m > [22m[2mError Handling and Edge Cases[2m > [22m[2mEdge Cases - Empty Data[2m > [22m[2mshould handle session with no thoughts[22m[39m
[2025-11-19T04:04:43.606Z] INFO: Session created
  Context: {
  "sessionId": "49076ba0-5bb3-4aaf-8395-6c2c4c49104d",
  "title": "Untitled Session",
  "mode": "hybrid"
}

[90mstdout[2m | tests/integration/error-handling.test.ts[2m > [22m[2mError Handling and Edge Cases[2m > [22m[2mEdge Cases - Special Characters[2m > [22m[2mshould handle Unicode characters in thought content[22m[39m
[2025-11-19T04:04:43.608Z] INFO: Session created
  Context: {
  "sessionId": "ac09e097-b2dc-4c6b-8268-c91e67ffee57",
  "title": "Untitled Session",
  "mode": "hybrid"
}
[2025-11-19T04:04:43.609Z] INFO: Session completed
  Context: {
  "sessionId": "ac09e097-b2dc-4c6b-8268-c91e67ffee57",
  "title": "Untitled Session",
  "totalThoughts": 1
}

[90mstdout[2m | tests/integration/error-handling.test.ts[2m > [22m[2mError Handling and Edge Cases[2m > [22m[2mEdge Cases - Special Characters[2m > [22m[2mshould handle special characters in session title[22m[39m
[2025-11-19T04:04:43.615Z] INFO: Session created
  Context: {
  "sessionId": "9a5f4560-776d-4c7a-8238-a27f3c38c4ec",
  "title": "<script>alert(\"xss\")</script>",
  "mode": "hybrid"
}

[90mstdout[2m | tests/integration/error-handling.test.ts[2m > [22m[2mError Handling and Edge Cases[2m > [22m[2mEdge Cases - Special Characters[2m > [22m[2mshould handle LaTeX with special characters[22m[39m
[2025-11-19T04:04:43.616Z] INFO: Session created
  Context: {
  "sessionId": "e6cda1b3-c300-48e5-8bb9-d60dafa5b64f",
  "title": "Untitled Session",
  "mode": "mathematics"
}
[2025-11-19T04:04:43.617Z] INFO: Session completed
  Context: {
  "sessionId": "e6cda1b3-c300-48e5-8bb9-d60dafa5b64f",
  "title": "Untitled Session",
  "totalThoughts": 1
}

[90mstdout[2m | tests/integration/error-handling.test.ts[2m > [22m[2mError Handling and Edge Cases[2m > [22m[2mEdge Cases - Special Characters[2m > [22m[2mshould handle newlines and tabs in thought content[22m[39m
[2025-11-19T04:04:43.618Z] INFO: Session created
  Context: {
  "sessionId": "32e2ec11-51bb-4136-8e8f-37dcf69b14d6",
  "title": "Untitled Session",
  "mode": "hybrid"
}
[2025-11-19T04:04:43.619Z] INFO: Session completed
  Context: {
  "sessionId": "32e2ec11-51bb-4136-8e8f-37dcf69b14d6",
  "title": "Untitled Session",
  "totalThoughts": 1
}

[90mstdout[2m | tests/integration/error-handling.test.ts[2m > [22m[2mError Handling and Edge Cases[2m > [22m[2mEdge Cases - Large Data[2m > [22m[2mshould handle very long thought content[22m[39m
[2025-11-19T04:04:43.620Z] INFO: Session created
  Context: {
  "sessionId": "7d31389c-ce52-4b73-900d-0936cae58e2d",
  "title": "Untitled Session",
  "mode": "hybrid"
}
[2025-11-19T04:04:43.620Z] INFO: Session completed
  Context: {
  "sessionId": "7d31389c-ce52-4b73-900d-0936cae58e2d",
  "title": "Untitled Session",
  "totalThoughts": 1
}

[90mstdout[2m | tests/integration/error-handling.test.ts[2m > [22m[2mError Handling and Edge Cases[2m > [22m[2mEdge Cases - Large Data[2m > [22m[2mshould handle sessions with many thoughts[22m[39m
[2025-11-19T04:04:43.622Z] INFO: Session created
  Context: {
  "sessionId": "ec220bc4-97e1-4864-841d-b154e02d0d27",
  "title": "Untitled Session",
  "mode": "hybrid"
}
[2025-11-19T04:04:43.625Z] INFO: Session completed
  Context: {
  "sessionId": "ec220bc4-97e1-4864-841d-b154e02d0d27",
  "title": "Untitled Session",
  "totalThoughts": 100
}

[90mstdout[2m | tests/integration/error-handling.test.ts[2m > [22m[2mError Handling and Edge Cases[2m > [22m[2mEdge Cases - Large Data[2m > [22m[2mshould handle large dependency arrays[22m[39m
[2025-11-19T04:04:43.626Z] INFO: Session created
  Context: {
  "sessionId": "ebb4fea3-b23e-4472-ad8d-8419812e5187",
  "title": "Untitled Session",
  "mode": "hybrid"
}
[2025-11-19T04:04:43.626Z] INFO: Session completed
  Context: {
  "sessionId": "ebb4fea3-b23e-4472-ad8d-8419812e5187",
  "title": "Untitled Session",
  "totalThoughts": 1
}

[90mstdout[2m | tests/integration/error-handling.test.ts[2m > [22m[2mError Handling and Edge Cases[2m > [22m[2mError Recovery[2m > [22m[2mshould maintain session integrity even with lenient validation[22m[39m
[2025-11-19T04:04:43.641Z] INFO: Session created
  Context: {
  "sessionId": "32f7f272-0702-4ffc-a653-4c2af32309e6",
  "title": "Untitled Session",
  "mode": "hybrid"
}
[2025-11-19T04:04:43.642Z] INFO: Session completed
  Context: {
  "sessionId": "32f7f272-0702-4ffc-a653-4c2af32309e6",
  "title": "Untitled Session",
  "totalThoughts": 1
}
[2025-11-19T04:04:43.643Z] INFO: Session completed
  Context: {
  "sessionId": "32f7f272-0702-4ffc-a653-4c2af32309e6",
  "title": "Untitled Session",
  "totalThoughts": 2
}

[90mstdout[2m | tests/integration/error-handling.test.ts[2m > [22m[2mError Handling and Edge Cases[2m > [22m[2mError Recovery[2m > [22m[2mshould allow mode switch even after adding invalid data[22m[39m
[2025-11-19T04:04:43.644Z] INFO: Session created
  Context: {
  "sessionId": "4c548f04-a9f6-4f53-9086-ecbde7071477",
  "title": "Untitled Session",
  "mode": "sequential"
}
[2025-11-19T04:04:43.644Z] INFO: Session completed
  Context: {
  "sessionId": "4c548f04-a9f6-4f53-9086-ecbde7071477",
  "title": "Untitled Session",
  "totalThoughts": 1
}
[2025-11-19T04:04:43.645Z] INFO: Session mode switched
  Context: {
  "sessionId": "4c548f04-a9f6-4f53-9086-ecbde7071477",
  "oldMode": "sequential",
  "newMode": "shannon"
}

[90mstdout[2m | tests/integration/error-handling.test.ts[2m > [22m[2mError Handling and Edge Cases[2m > [22m[2mSummary Generation Edge Cases[2m > [22m[2mshould generate summary for empty session[22m[39m
[2025-11-19T04:04:43.646Z] INFO: Session created
  Context: {
  "sessionId": "d53cb625-019a-4e4e-b696-d62c25d3975e",
  "title": "Empty Session",
  "mode": "hybrid"
}

[90mstdout[2m | tests/integration/error-handling.test.ts[2m > [22m[2mError Handling and Edge Cases[2m > [22m[2mSummary Generation Edge Cases[2m > [22m[2mshould generate summary for single thought session[22m[39m
[2025-11-19T04:04:43.648Z] INFO: Session created
  Context: {
  "sessionId": "934c9115-822e-4861-a214-d2cd363771ee",
  "title": "Single Thought",
  "mode": "hybrid"
}
[2025-11-19T04:04:43.648Z] INFO: Session completed
  Context: {
  "sessionId": "934c9115-822e-4861-a214-d2cd363771ee",
  "title": "Single Thought",
  "totalThoughts": 1
}

[90mstdout[2m | tests/integration/error-handling.test.ts[2m > [22m[2mError Handling and Edge Cases[2m > [22m[2mSummary Generation Edge Cases[2m > [22m[2mshould handle summary for session with very long thoughts[22m[39m
[2025-11-19T04:04:43.649Z] INFO: Session created
  Context: {
  "sessionId": "fa80aabd-1b4a-4ae8-a343-a5cce42b90e9",
  "title": "Untitled Session",
  "mode": "hybrid"
}
[2025-11-19T04:04:43.649Z] INFO: Session completed
  Context: {
  "sessionId": "fa80aabd-1b4a-4ae8-a343-a5cce42b90e9",
  "title": "Untitled Session",
  "totalThoughts": 1
}

[90mstdout[2m | tests/integration/error-handling.test.ts[2m > [22m[2mError Handling and Edge Cases[2m > [22m[2mConcurrent Session Management[2m > [22m[2mshould handle rapid session creation[22m[39m
[2025-11-19T04:04:43.651Z] INFO: Session created
  Context: {
  "sessionId": "f091775d-27a4-4db5-aed7-91fcb6298f40",
  "title": "Session 0",
  "mode": "hybrid"
}
[2025-11-19T04:04:43.651Z] INFO: Session created
  Context: {
  "sessionId": "24710135-5580-4f1e-bc4e-99b321eba501",
  "title": "Session 1",
  "mode": "hybrid"
}
[2025-11-19T04:04:43.651Z] INFO: Session created
  Context: {
  "sessionId": "a980a8ba-90bb-4599-81b1-988f9d1d3d37",
  "title": "Session 2",
  "mode": "hybrid"
}
[2025-11-19T04:04:43.651Z] INFO: Session created
  Context: {
  "sessionId": "42e63f1f-fb92-451f-be36-acc8bc5916ff",
  "title": "Session 3",
  "mode": "hybrid"
}
[2025-11-19T04:04:43.652Z] INFO: Session created
  Context: {
  "sessionId": "960cf796-72c0-4d15-9588-e0173637ae6b",
  "title": "Session 4",
  "mode": "hybrid"
}
[2025-11-19T04:04:43.652Z] INFO: Session created
  Context: {
  "sessionId": "406308a0-96d1-4f44-8c5a-1f8258731b59",
  "title": "Session 5",
  "mode": "hybrid"
}
[2025-11-19T04:04:43.652Z] INFO: Session created
  Context: {
  "sessionId": "166700ac-7b1b-49de-a27a-047dea1bb1e9",
  "title": "Session 6",
  "mode": "hybrid"
}
[2025-11-19T04:04:43.652Z] INFO: Session created
  Context: {
  "sessionId": "6a456a8e-b146-4335-b506-32d3d82e60d4",
  "title": "Session 7",
  "mode": "hybrid"
}
[2025-11-19T04:04:43.652Z] INFO: Session created
  Context: {
  "sessionId": "c927b71e-d496-4e50-8d5c-a62602671001",
  "title": "Session 8",
  "mode": "hybrid"
}
[2025-11-19T04:04:43.652Z] INFO: Session created
  Context: {
  "sessionId": "e176fb7a-f4cc-4ae4-8c75-b4846e028789",
  "title": "Session 9",
  "mode": "hybrid"
}

[90mstdout[2m | tests/integration/error-handling.test.ts[2m > [22m[2mError Handling and Edge Cases[2m > [22m[2mConcurrent Session Management[2m > [22m[2mshould handle concurrent thought additions to same session[22m[39m
[2025-11-19T04:04:43.654Z] INFO: Session created
  Context: {
  "sessionId": "ac974d48-4c92-45b2-a941-45dc79d21b2e",
  "title": "Untitled Session",
  "mode": "hybrid"
}
[2025-11-19T04:04:43.654Z] INFO: Session completed
  Context: {
  "sessionId": "ac974d48-4c92-45b2-a941-45dc79d21b2e",
  "title": "Untitled Session",
  "totalThoughts": 5
}

[90mstdout[2m | tests/integration/error-handling.test.ts[2m > [22m[2mError Handling and Edge Cases[2m > [22m[2mConcurrent Session Management[2m > [22m[2mshould maintain independence of multiple sessions[22m[39m
[2025-11-19T04:04:43.655Z] INFO: Session created
  Context: {
  "sessionId": "2a1cb15a-0320-4a64-aba6-51b2ef5cc36f",
  "title": "Session 1",
  "mode": "hybrid"
}
[2025-11-19T04:04:43.655Z] INFO: Session created
  Context: {
  "sessionId": "045ce9ba-5727-4619-9349-638b9990fb44",
  "title": "Session 2",
  "mode": "hybrid"
}
[2025-11-19T04:04:43.655Z] INFO: Session completed
  Context: {
  "sessionId": "2a1cb15a-0320-4a64-aba6-51b2ef5cc36f",
  "title": "Session 1",
  "totalThoughts": 1
}
[2025-11-19T04:04:43.655Z] INFO: Session completed
  Context: {
  "sessionId": "045ce9ba-5727-4619-9349-638b9990fb44",
  "title": "Session 2",
  "totalThoughts": 1
}

[90mstdout[2m | tests/integration/error-handling.test.ts[2m > [22m[2mError Handling and Edge Cases[2m > [22m[2mMode-Specific Edge Cases[2m > [22m[2mshould handle mathematics mode with missing optional fields[22m[39m
[2025-11-19T04:04:43.659Z] INFO: Session created
  Context: {
  "sessionId": "e274900e-21ef-404d-9cd8-54b8054dfd5b",
  "title": "Untitled Session",
  "mode": "mathematics"
}
[2025-11-19T04:04:43.659Z] INFO: Session completed
  Context: {
  "sessionId": "e274900e-21ef-404d-9cd8-54b8054dfd5b",
  "title": "Untitled Session",
  "totalThoughts": 1
}

[90mstdout[2m | tests/integration/error-handling.test.ts[2m > [22m[2mError Handling and Edge Cases[2m > [22m[2mMode-Specific Edge Cases[2m > [22m[2mshould handle Shannon mode without explicit stage[22m[39m
[2025-11-19T04:04:43.660Z] INFO: Session created
  Context: {
  "sessionId": "ac8fc1dc-d563-41b3-9783-5e634d4652ff",
  "title": "Untitled Session",
  "mode": "shannon"
}
[2025-11-19T04:04:43.660Z] INFO: Session completed
  Context: {
  "sessionId": "ac8fc1dc-d563-41b3-9783-5e634d4652ff",
  "title": "Untitled Session",
  "totalThoughts": 1
}

[90mstdout[2m | tests/integration/error-handling.test.ts[2m > [22m[2mError Handling and Edge Cases[2m > [22m[2mMode-Specific Edge Cases[2m > [22m[2mshould handle temporal mode with minimal event data[22m[39m
[2025-11-19T04:04:43.661Z] INFO: Session created
  Context: {
  "sessionId": "db08192f-7a23-4a7e-9498-1d79908bcb89",
  "title": "Untitled Session",
  "mode": "temporal"
}
[2025-11-19T04:04:43.662Z] INFO: Session completed
  Context: {
  "sessionId": "db08192f-7a23-4a7e-9498-1d79908bcb89",
  "title": "Untitled Session",
  "totalThoughts": 1
}

 [32m✓[39m tests/integration/error-handling.test.ts [2m ([22m[2m36 tests[22m[2m)[22m[90m 138[2mms[22m[39m
[90mstdout[2m | tests/integration/index-handlers.test.ts[2m > [22m[2mIndex.ts Handler Functions[2m > [22m[2mHandler Functions[2m > [22m[2mhandleAddThought()[2m > [22m[2mshould create new session if sessionId not provided[22m[39m
[2025-11-19T04:04:43.610Z] INFO: Session created
  Context: {
  "sessionId": "5d00d394-9aeb-4c72-a17c-b8c1cb9e02d0",
  "title": "Test Session",
  "mode": "sequential"
}

[90mstdout[2m | tests/integration/index-handlers.test.ts[2m > [22m[2mIndex.ts Handler Functions[2m > [22m[2mHandler Functions[2m > [22m[2mhandleAddThought()[2m > [22m[2mshould add thought to existing session[22m[39m
[2025-11-19T04:04:43.615Z] INFO: Session created
  Context: {
  "sessionId": "b146fb37-659f-4647-89b3-104b3cbe9109",
  "title": "Test Session",
  "mode": "sequential"
}

[90mstdout[2m | tests/integration/index-handlers.test.ts[2m > [22m[2mIndex.ts Handler Functions[2m > [22m[2mHandler Functions[2m > [22m[2mhandleAddThought()[2m > [22m[2mshould handle all 13 modes in add_thought[22m[39m
[2025-11-19T04:04:43.619Z] INFO: Session created
  Context: {
  "sessionId": "7542b437-4b74-44e1-9812-3c548e22e82b",
  "title": "Test sequential",
  "mode": "sequential"
}
[2025-11-19T04:04:43.620Z] INFO: Session completed
  Context: {
  "sessionId": "7542b437-4b74-44e1-9812-3c548e22e82b",
  "title": "Test sequential",
  "totalThoughts": 1
}
[2025-11-19T04:04:43.621Z] INFO: Session created
  Context: {
  "sessionId": "94dea866-1628-4754-9207-8e373f5ac832",
  "title": "Test shannon",
  "mode": "shannon"
}
[2025-11-19T04:04:43.621Z] INFO: Session completed
  Context: {
  "sessionId": "94dea866-1628-4754-9207-8e373f5ac832",
  "title": "Test shannon",
  "totalThoughts": 1
}
[2025-11-19T04:04:43.623Z] INFO: Session created
  Context: {
  "sessionId": "01e5ac3d-2231-4641-8dc8-10c82defca88",
  "title": "Test mathematics",
  "mode": "mathematics"
}
[2025-11-19T04:04:43.623Z] INFO: Session completed
  Context: {
  "sessionId": "01e5ac3d-2231-4641-8dc8-10c82defca88",
  "title": "Test mathematics",
  "totalThoughts": 1
}
[2025-11-19T04:04:43.624Z] INFO: Session created
  Context: {
  "sessionId": "57bd9e0a-1cb8-4347-a97d-28293debd52c",
  "title": "Test physics",
  "mode": "physics"
}
[2025-11-19T04:04:43.625Z] INFO: Session completed
  Context: {
  "sessionId": "57bd9e0a-1cb8-4347-a97d-28293debd52c",
  "title": "Test physics",
  "totalThoughts": 1
}
[2025-11-19T04:04:43.626Z] INFO: Session created
  Context: {
  "sessionId": "48a6dbc7-c472-4d49-b97f-145a4894e449",
  "title": "Test hybrid",
  "mode": "hybrid"
}
[2025-11-19T04:04:43.626Z] INFO: Session completed
  Context: {
  "sessionId": "48a6dbc7-c472-4d49-b97f-145a4894e449",
  "title": "Test hybrid",
  "totalThoughts": 1
}
[2025-11-19T04:04:43.627Z] INFO: Session created
  Context: {
  "sessionId": "71430dd1-ce2c-49bf-83c2-e4882b9f3167",
  "title": "Test abductive",
  "mode": "abductive"
}
[2025-11-19T04:04:43.627Z] INFO: Session completed
  Context: {
  "sessionId": "71430dd1-ce2c-49bf-83c2-e4882b9f3167",
  "title": "Test abductive",
  "totalThoughts": 1
}
[2025-11-19T04:04:43.640Z] INFO: Session created
  Context: {
  "sessionId": "c884e9c2-5bd1-4406-ad5b-3199da5b5384",
  "title": "Test causal",
  "mode": "causal"
}
[2025-11-19T04:04:43.641Z] INFO: Session completed
  Context: {
  "sessionId": "c884e9c2-5bd1-4406-ad5b-3199da5b5384",
  "title": "Test causal",
  "totalThoughts": 1
}
[2025-11-19T04:04:43.641Z] INFO: Session created
  Context: {
  "sessionId": "99c22dc9-ef77-4322-83a9-0191f982b850",
  "title": "Test bayesian",
  "mode": "bayesian"
}
[2025-11-19T04:04:43.642Z] INFO: Session completed
  Context: {
  "sessionId": "99c22dc9-ef77-4322-83a9-0191f982b850",
  "title": "Test bayesian",
  "totalThoughts": 1
}
[2025-11-19T04:04:43.643Z] INFO: Session created
  Context: {
  "sessionId": "0190147a-26fc-4bd0-ada2-e88e09a700b9",
  "title": "Test counterfactual",
  "mode": "counterfactual"
}
[2025-11-19T04:04:43.643Z] INFO: Session completed
  Context: {
  "sessionId": "0190147a-26fc-4bd0-ada2-e88e09a700b9",
  "title": "Test counterfactual",
  "totalThoughts": 1
}
[2025-11-19T04:04:43.645Z] INFO: Session created
  Context: {
  "sessionId": "b937f79b-384a-4c49-abd3-9b22679995cd",
  "title": "Test analogical",
  "mode": "analogical"
}
[2025-11-19T04:04:43.645Z] INFO: Session completed
  Context: {
  "sessionId": "b937f79b-384a-4c49-abd3-9b22679995cd",
  "title": "Test analogical",
  "totalThoughts": 1
}
[2025-11-19T04:04:43.647Z] INFO: Session created
  Context: {
  "sessionId": "e639d3f2-4318-46f3-8d76-03d608e24c0d",
  "title": "Test temporal",
  "mode": "temporal"
}
[2025-11-19T04:04:43.647Z] INFO: Session completed
  Context: {
  "sessionId": "e639d3f2-4318-46f3-8d76-03d608e24c0d",
  "title": "Test temporal",
  "totalThoughts": 1
}
[2025-11-19T04:04:43.648Z] INFO: Session created
  Context: {
  "sessionId": "fd5de90f-94a4-4eeb-805a-caab9d6adf95",
  "title": "Test gametheory",
  "mode": "gametheory"
}
[2025-11-19T04:04:43.649Z] INFO: Session completed
  Context: {
  "sessionId": "fd5de90f-94a4-4eeb-805a-caab9d6adf95",
  "title": "Test gametheory",
  "totalThoughts": 1
}
[2025-11-19T04:04:43.650Z] INFO: Session created
  Context: {
  "sessionId": "ac2f9630-6ccd-4cdb-805a-576dc016f17c",
  "title": "Test evidential",
  "mode": "evidential"
}
[2025-11-19T04:04:43.650Z] INFO: Session completed
  Context: {
  "sessionId": "ac2f9630-6ccd-4cdb-805a-576dc016f17c",
  "title": "Test evidential",
  "totalThoughts": 1
}

[90mstdout[2m | tests/integration/index-handlers.test.ts[2m > [22m[2mIndex.ts Handler Functions[2m > [22m[2mHandler Functions[2m > [22m[2mhandleSummarize()[2m > [22m[2mshould generate summary for session with thoughts[22m[39m
[2025-11-19T04:04:43.657Z] INFO: Session created
  Context: {
  "sessionId": "6234f184-411f-42da-86ba-3a829b5609d9",
  "title": "Test Session",
  "mode": "sequential"
}

[90mstdout[2m | tests/integration/index-handlers.test.ts[2m > [22m[2mIndex.ts Handler Functions[2m > [22m[2mHandler Functions[2m > [22m[2mhandleSummarize()[2m > [22m[2mshould generate summary for empty session[22m[39m
[2025-11-19T04:04:43.663Z] INFO: Session created
  Context: {
  "sessionId": "eb385add-6f45-4030-acba-30e3ef1e1812",
  "title": "Empty Session",
  "mode": "sequential"
}

[90mstdout[2m | tests/integration/index-handlers.test.ts[2m > [22m[2mIndex.ts Handler Functions[2m > [22m[2mHandler Functions[2m > [22m[2mhandleSwitchMode()[2m > [22m[2mshould switch mode successfully[22m[39m
[2025-11-19T04:04:43.668Z] INFO: Session created
  Context: {
  "sessionId": "9371466e-2e7c-4c2a-9756-614c7a31cc35",
  "title": "Test Session",
  "mode": "sequential"
}
[2025-11-19T04:04:43.668Z] INFO: Session mode switched
  Context: {
  "sessionId": "9371466e-2e7c-4c2a-9756-614c7a31cc35",
  "oldMode": "sequential",
  "newMode": "shannon",
  "reason": "User requested mode switch"
}

[90mstdout[2m | tests/integration/index-handlers.test.ts[2m > [22m[2mIndex.ts Handler Functions[2m > [22m[2mHandler Functions[2m > [22m[2mhandleSwitchMode()[2m > [22m[2mshould switch between all 13 modes[22m[39m
[2025-11-19T04:04:43.669Z] INFO: Session created
  Context: {
  "sessionId": "1ccb3081-0594-4877-a775-9dc7e5ac70a1",
  "title": "Multi-mode Session",
  "mode": "hybrid"
}
[2025-11-19T04:04:43.669Z] INFO: Session mode switched
  Context: {
  "sessionId": "1ccb3081-0594-4877-a775-9dc7e5ac70a1",
  "oldMode": "hybrid",
  "newMode": "sequential",
  "reason": "Switching to sequential"
}
[2025-11-19T04:04:43.669Z] INFO: Session mode switched
  Context: {
  "sessionId": "1ccb3081-0594-4877-a775-9dc7e5ac70a1",
  "oldMode": "sequential",
  "newMode": "shannon",
  "reason": "Switching to shannon"
}
[2025-11-19T04:04:43.669Z] INFO: Session mode switched
  Context: {
  "sessionId": "1ccb3081-0594-4877-a775-9dc7e5ac70a1",
  "oldMode": "shannon",
  "newMode": "mathematics",
  "reason": "Switching to mathematics"
}
[2025-11-19T04:04:43.670Z] INFO: Session mode switched
  Context: {
  "sessionId": "1ccb3081-0594-4877-a775-9dc7e5ac70a1",
  "oldMode": "mathematics",
  "newMode": "physics",
  "reason": "Switching to physics"
}
[2025-11-19T04:04:43.670Z] INFO: Session mode switched
  Context: {
  "sessionId": "1ccb3081-0594-4877-a775-9dc7e5ac70a1",
  "oldMode": "physics",
  "newMode": "abductive",
  "reason": "Switching to abductive"
}
[2025-11-19T04:04:43.670Z] INFO: Session mode switched
  Context: {
  "sessionId": "1ccb3081-0594-4877-a775-9dc7e5ac70a1",
  "oldMode": "abductive",
  "newMode": "causal",
  "reason": "Switching to causal"
}
[2025-11-19T04:04:43.670Z] INFO: Session mode switched
  Context: {
  "sessionId": "1ccb3081-0594-4877-a775-9dc7e5ac70a1",
  "oldMode": "causal",
  "newMode": "bayesian",
  "reason": "Switching to bayesian"
}
[2025-11-19T04:04:43.670Z] INFO: Session mode switched
  Context: {
  "sessionId": "1ccb3081-0594-4877-a775-9dc7e5ac70a1",
  "oldMode": "bayesian",
  "newMode": "counterfactual",
  "reason": "Switching to counterfactual"
}
[2025-11-19T04:04:43.670Z] INFO: Session mode switched
  Context: {
  "sessionId": "1ccb3081-0594-4877-a775-9dc7e5ac70a1",
  "oldMode": "counterfactual",
  "newMode": "analogical",
  "reason": "Switching to analogical"
}
[2025-11-19T04:04:43.670Z] INFO: Session mode switched
  Context: {
  "sessionId": "1ccb3081-0594-4877-a775-9dc7e5ac70a1",
  "oldMode": "analogical",
  "newMode": "temporal",
  "reason": "Switching to temporal"
}
[2025-11-19T04:04:43.671Z] INFO: Session mode switched
  Context: {
  "sessionId": "1ccb3081-0594-4877-a775-9dc7e5ac70a1",
  "oldMode": "temporal",
  "newMode": "gametheory",
  "reason": "Switching to gametheory"
}
[2025-11-19T04:04:43.671Z] INFO: Session mode switched
  Context: {
  "sessionId": "1ccb3081-0594-4877-a775-9dc7e5ac70a1",
  "oldMode": "gametheory",
  "newMode": "evidential",
  "reason": "Switching to evidential"
}
[2025-11-19T04:04:43.671Z] INFO: Session mode switched
  Context: {
  "sessionId": "1ccb3081-0594-4877-a775-9dc7e5ac70a1",
  "oldMode": "evidential",
  "newMode": "hybrid",
  "reason": "Switching to hybrid"
}

[90mstdout[2m | tests/integration/index-handlers.test.ts[2m > [22m[2mIndex.ts Handler Functions[2m > [22m[2mHandler Functions[2m > [22m[2mhandleGetSession()[2m > [22m[2mshould retrieve session with all properties[22m[39m
[2025-11-19T04:04:43.673Z] INFO: Session created
  Context: {
  "sessionId": "c2fb4e5b-79e9-4e8b-96a0-358632b5f8a7",
  "title": "Test Session",
  "mode": "sequential"
}

[90mstdout[2m | tests/integration/index-handlers.test.ts[2m > [22m[2mIndex.ts Handler Functions[2m > [22m[2mHandler Functions[2m > [22m[2mhandleGetSession()[2m > [22m[2mshould retrieve session with thoughts[22m[39m
[2025-11-19T04:04:43.674Z] INFO: Session created
  Context: {
  "sessionId": "63668fa0-b238-47fb-a749-0de3abeaa64f",
  "title": "Session with Thoughts",
  "mode": "sequential"
}
[2025-11-19T04:04:43.674Z] INFO: Session completed
  Context: {
  "sessionId": "63668fa0-b238-47fb-a749-0de3abeaa64f",
  "title": "Session with Thoughts",
  "totalThoughts": 1
}

[90mstdout[2m | tests/integration/index-handlers.test.ts[2m > [22m[2mIndex.ts Handler Functions[2m > [22m[2mHandler Functions[2m > [22m[2mhandleExport()[2m > [22m[2mshould export session in JSON format[22m[39m
[2025-11-19T04:04:43.675Z] INFO: Session created
  Context: {
  "sessionId": "079027f5-5318-4f2f-b7e2-71a9513ed6fa",
  "title": "Export Test",
  "mode": "sequential"
}
[2025-11-19T04:04:43.675Z] INFO: Session completed
  Context: {
  "sessionId": "079027f5-5318-4f2f-b7e2-71a9513ed6fa",
  "title": "Export Test",
  "totalThoughts": 1
}

 [32m✓[39m tests/integration/index-handlers.test.ts [2m ([22m[2m33 tests[22m[2m)[22m[90m 151[2mms[22m[39m
 [32m✓[39m tests/unit/errors.test.ts [2m ([22m[2m13 tests[22m[2m)[22m[90m 152[2mms[22m[39m
 [32m✓[39m tests/unit/session-manager.test.ts [2m ([22m[2m16 tests[22m[2m)[22m[33m 731[2mms[22m[39m
[90mstdout[2m | tests/unit/session-manager.test.ts[2m > [22m[2mSessionManager[2m > [22m[2mcreateSession[2m > [22m[2mshould create a new session with default values[22m[39m
[2025-11-19T04:04:46.754Z] INFO: Session created
  Context: {
  "sessionId": "4c190a98-6ec6-4c6a-80b6-6d2d0c0ac268",
  "title": "Untitled Session",
  "mode": "hybrid"
}

[90mstdout[2m | tests/unit/session-manager.test.ts[2m > [22m[2mSessionManager[2m > [22m[2mcreateSession[2m > [22m[2mshould create a session with custom options[22m[39m
[2025-11-19T04:04:46.923Z] INFO: Session created
  Context: {
  "sessionId": "925acfda-d422-4cc4-984c-0f8d72e549b8",
  "title": "My Problem",
  "mode": "mathematics",
  "domain": "number_theory",
  "author": "Test User"
}

[90mstdout[2m | tests/unit/session-manager.test.ts[2m > [22m[2mSessionManager[2m > [22m[2mcreateSession[2m > [22m[2mshould initialize metrics correctly[22m[39m
[2025-11-19T04:04:46.924Z] INFO: Session created
  Context: {
  "sessionId": "7ba3a796-90b1-4de4-bd79-f4bed1931382",
  "title": "Untitled Session",
  "mode": "hybrid"
}

[90mstdout[2m | tests/unit/session-manager.test.ts[2m > [22m[2mSessionManager[2m > [22m[2mgetSession[2m > [22m[2mshould retrieve an existing session[22m[39m
[2025-11-19T04:04:46.926Z] INFO: Session created
  Context: {
  "sessionId": "7ba6db36-bc17-4b6b-afc8-fcf6b70425e7",
  "title": "Test Session",
  "mode": "hybrid"
}

[90mstdout[2m | tests/unit/session-manager.test.ts[2m > [22m[2mSessionManager[2m > [22m[2maddThought[2m > [22m[2mshould add a sequential thought to session[22m[39m
[2025-11-19T04:04:47.033Z] INFO: Session created
  Context: {
  "sessionId": "41a6f22f-a8bc-4349-a9b4-0c61b6e41b03",
  "title": "Untitled Session",
  "mode": "sequential"
}

[90mstdout[2m | tests/unit/session-manager.test.ts[2m > [22m[2mSessionManager[2m > [22m[2maddThought[2m > [22m[2mshould mark session as complete when nextThoughtNeeded is false[22m[39m
[2025-11-19T04:04:47.169Z] INFO: Session created
  Context: {
  "sessionId": "47a70771-b974-480c-903b-b58c96516557",
  "title": "Untitled Session",
  "mode": "hybrid"
}
[2025-11-19T04:04:47.169Z] INFO: Session completed
  Context: {
  "sessionId": "47a70771-b974-480c-903b-b58c96516557",
  "title": "Untitled Session",
  "totalThoughts": 1
}

[90mstdout[2m | tests/unit/session-manager.test.ts[2m > [22m[2mSessionManager[2m > [22m[2maddThought[2m > [22m[2mshould track revisions in metrics[22m[39m
[2025-11-19T04:04:47.306Z] INFO: Session created
  Context: {
  "sessionId": "cb92876d-9af6-4979-bd03-dbbd7003a1a7",
  "title": "Untitled Session",
  "mode": "hybrid"
}

[90mstdout[2m | tests/unit/session-manager.test.ts[2m > [22m[2mSessionManager[2m > [22m[2maddThought[2m > [22m[2mshould calculate average uncertainty for Shannon thoughts[22m[39m
[2025-11-19T04:04:47.308Z] INFO: Session created
  Context: {
  "sessionId": "4bff4e39-c00a-4d07-8802-7c340082ecc1",
  "title": "Untitled Session",
  "mode": "shannon"
}

[90mstderr[2m | tests/unit/session-manager.test.ts[2m > [22m[2mSessionManager[2m > [22m[2maddThought[2m > [22m[2mshould throw error for non-existent session[22m[39m
[2025-11-19T04:04:47.312Z] ERROR: Session not found
  Context: {
  "sessionId": "00000000-0000-4000-8000-000000000000"
}

[90mstdout[2m | tests/unit/session-manager.test.ts[2m > [22m[2mSessionManager[2m > [22m[2mswitchMode[2m > [22m[2mshould switch session mode[22m[39m
[2025-11-19T04:04:47.462Z] INFO: Session created
  Context: {
  "sessionId": "518f5e12-51f7-48e8-9018-7ee9e4cb4935",
  "title": "Untitled Session",
  "mode": "sequential"
}
[2025-11-19T04:04:47.463Z] INFO: Session mode switched
  Context: {
  "sessionId": "518f5e12-51f7-48e8-9018-7ee9e4cb4935",
  "oldMode": "sequential",
  "newMode": "shannon",
  "reason": "Need systematic approach"
}

[90mstderr[2m | tests/unit/session-manager.test.ts[2m > [22m[2mSessionManager[2m > [22m[2mswitchMode[2m > [22m[2mshould throw error for non-existent session[22m[39m
[2025-11-19T04:04:47.465Z] ERROR: Session not found
  Context: {
  "sessionId": "00000000-0000-4000-8000-000000000000"
}

[90mstdout[2m | tests/unit/session-manager.test.ts[2m > [22m[2mSessionManager[2m > [22m[2mlistSessions[2m > [22m[2mshould list all sessions[22m[39m
[2025-11-19T04:04:47.467Z] INFO: Session created
  Context: {
  "sessionId": "ba70a932-dc58-4487-80af-f57b869bc4b0",
  "title": "Session 1",
  "mode": "hybrid"
}
[2025-11-19T04:04:47.467Z] INFO: Session created
  Context: {
  "sessionId": "d8988c9f-1ede-4897-bd02-ddf31045f1b4",
  "title": "Session 2",
  "mode": "hybrid"
}
[2025-11-19T04:04:47.467Z] INFO: Session created
  Context: {
  "sessionId": "7374f3bf-2eea-4043-9a31-6a572a4e277e",
  "title": "Session 3",
  "mode": "hybrid"
}

[90mstdout[2m | tests/unit/session-manager.test.ts[2m > [22m[2mSessionManager[2m > [22m[2mdeleteSession[2m > [22m[2mshould delete a session[22m[39m
[2025-11-19T04:04:47.473Z] INFO: Session created
  Context: {
  "sessionId": "986fb5e1-19ef-4acf-ab71-ec2e997f2205",
  "title": "Untitled Session",
  "mode": "hybrid"
}
[2025-11-19T04:04:47.473Z] INFO: Session deleted
  Context: {
  "sessionId": "986fb5e1-19ef-4acf-ab71-ec2e997f2205",
  "title": "Untitled Session",
  "thoughtCount": 0
}

[90mstdout[2m | tests/unit/session-manager.test.ts[2m > [22m[2mSessionManager[2m > [22m[2mgenerateSummary[2m > [22m[2mshould generate a summary of session[22m[39m
[2025-11-19T04:04:47.476Z] INFO: Session created
  Context: {
  "sessionId": "3f01f9ca-1a2c-4493-839c-c351bca92536",
  "title": "Test Problem",
  "mode": "hybrid"
}
[2025-11-19T04:04:47.476Z] INFO: Session completed
  Context: {
  "sessionId": "3f01f9ca-1a2c-4493-839c-c351bca92536",
  "title": "Test Problem",
  "totalThoughts": 1
}

 [32m✓[39m tests/benchmarks/metrics-performance.test.ts [2m ([22m[2m2 tests[22m[2m)[22m[90m 54[2mms[22m[39m
[90mstdout[2m | tests/benchmarks/metrics-performance.test.ts[2m > [22m[2mMetrics Performance Benchmark[2m > [22m[2mshould show performance improvement with incremental calculation[22m[39m
[2025-11-19T04:04:47.746Z] INFO: Session created
  Context: {
  "sessionId": "e437b799-1a64-4fe3-a9a8-5645d2c728ac",
  "title": "Performance Test",
  "mode": "sequential"
}

📊 Benchmark: Adding 1000 thoughts with uncertainty tracking
[2025-11-19T04:04:47.763Z] INFO: Session completed
  Context: {
  "sessionId": "e437b799-1a64-4fe3-a9a8-5645d2c728ac",
  "title": "Performance Test",
  "totalThoughts": 1000
}
✅ Total time: 14.81ms
✅ Average time per thought: 0.0148ms
✅ Expected average uncertainty: 0.499511
✅ Actual average uncertainty: 0.499511
✅ Accuracy verified: PASS

🎯 Performance: EXCELLENT

[90mstdout[2m | tests/benchmarks/metrics-performance.test.ts[2m > [22m[2mMetrics Performance Benchmark[2m > [22m[2mshould maintain O(1) complexity regardless of session size[22m[39m

📈 Complexity Analysis: Testing O(1) behavior
[2025-11-19T04:04:47.771Z] INFO: Session created
  Context: {
  "sessionId": "50b22ace-e416-4ef8-978b-51f08774d403",
  "title": "Test Session 100",
  "mode": "sequential"
}
[2025-11-19T04:04:47.774Z] INFO: Session completed
  Context: {
  "sessionId": "50b22ace-e416-4ef8-978b-51f08774d403",
  "title": "Test Session 100",
  "totalThoughts": 100
}
  Session size 100: 0.0309ms per thought
[2025-11-19T04:04:47.775Z] INFO: Session created
  Context: {
  "sessionId": "7baeb51a-5f2b-4ca3-ba06-c38bdf8c0a81",
  "title": "Test Session 500",
  "mode": "sequential"
}
[2025-11-19T04:04:47.778Z] INFO: Session completed
  Context: {
  "sessionId": "7baeb51a-5f2b-4ca3-ba06-c38bdf8c0a81",
  "title": "Test Session 500",
  "totalThoughts": 500
}
  Session size 500: 0.0144ms per thought
[2025-11-19T04:04:47.779Z] INFO: Session created
  Context: {
  "sessionId": "87b7de86-b4ef-426a-801a-9bdcdaf4c25c",
  "title": "Test Session 1000",
  "mode": "sequential"
}
[2025-11-19T04:04:47.786Z] INFO: Session completed
  Context: {
  "sessionId": "87b7de86-b4ef-426a-801a-9bdcdaf4c25c",
  "title": "Test Session 1000",
  "totalThoughts": 1000
}
  Session size 1000: 0.0083ms per thought

  Min: 0.0083ms, Max: 0.0309ms, Overall Ratio: 3.74x
  Ratio (500 vs 1000): 1.75x
  Complexity: O(1) ✅

 [32m✓[39m tests/integration/session-workflow.test.ts [2m ([22m[2m7 tests[22m[2m)[22m[90m 53[2mms[22m[39m
[90mstdout[2m | tests/integration/session-workflow.test.ts[2m > [22m[2mSession Workflow Integration[2m > [22m[2mshould complete full sequential thinking workflow[22m[39m
[2025-11-19T04:04:47.806Z] INFO: Session created
  Context: {
  "sessionId": "6ddc68c5-3de6-43a2-9c17-af010cfaeacf",
  "title": "Solve Prime Factorization Problem",
  "mode": "sequential"
}
[2025-11-19T04:04:47.822Z] INFO: Session completed
  Context: {
  "sessionId": "6ddc68c5-3de6-43a2-9c17-af010cfaeacf",
  "title": "Solve Prime Factorization Problem",
  "totalThoughts": 5
}

[90mstdout[2m | tests/integration/session-workflow.test.ts[2m > [22m[2mSession Workflow Integration[2m > [22m[2mshould handle mathematics mode with validation[22m[39m
[2025-11-19T04:04:47.828Z] INFO: Session created
  Context: {
  "sessionId": "c90176ab-4339-4e3d-a5ab-5bb804a4ff27",
  "title": "Prove Fundamental Theorem",
  "mode": "mathematics"
}
[2025-11-19T04:04:47.829Z] INFO: Session completed
  Context: {
  "sessionId": "c90176ab-4339-4e3d-a5ab-5bb804a4ff27",
  "title": "Prove Fundamental Theorem",
  "totalThoughts": 3
}

[90mstdout[2m | tests/integration/session-workflow.test.ts[2m > [22m[2mSession Workflow Integration[2m > [22m[2mshould handle mode switching mid-session[22m[39m
[2025-11-19T04:04:47.832Z] INFO: Session created
  Context: {
  "sessionId": "f5b0b078-bb4a-4496-9b7a-2af30997d65e",
  "title": "Problem Solving Session",
  "mode": "sequential"
}
[2025-11-19T04:04:47.833Z] INFO: Session mode switched
  Context: {
  "sessionId": "f5b0b078-bb4a-4496-9b7a-2af30997d65e",
  "oldMode": "sequential",
  "newMode": "shannon",
  "reason": "Need more structure"
}
[2025-11-19T04:04:47.834Z] INFO: Session completed
  Context: {
  "sessionId": "f5b0b078-bb4a-4496-9b7a-2af30997d65e",
  "title": "Problem Solving Session",
  "totalThoughts": 3
}

[90mstdout[2m | tests/integration/session-workflow.test.ts[2m > [22m[2mSession Workflow Integration[2m > [22m[2mshould track validation cache statistics[22m[39m
[2025-11-19T04:04:47.836Z] INFO: Session created
  Context: {
  "sessionId": "63b48540-ceb7-40ce-b71b-d7773045c78f",
  "title": "Cache Test Session",
  "mode": "sequential"
}
[2025-11-19T04:04:47.836Z] INFO: Session completed
  Context: {
  "sessionId": "63b48540-ceb7-40ce-b71b-d7773045c78f",
  "title": "Cache Test Session",
  "totalThoughts": 3
}

[90mstdout[2m | tests/integration/session-workflow.test.ts[2m > [22m[2mSession Workflow Integration[2m > [22m[2mshould handle multiple concurrent sessions[22m[39m
[2025-11-19T04:04:47.839Z] INFO: Session created
  Context: {
  "sessionId": "3e4a2bf9-400c-4e07-9420-03cce9817ef7",
  "title": "Session 1",
  "mode": "sequential"
}
[2025-11-19T04:04:47.839Z] INFO: Session created
  Context: {
  "sessionId": "66a1a6de-0c54-4d0c-a7a5-5e578f87c782",
  "title": "Session 2",
  "mode": "mathematics"
}
[2025-11-19T04:04:47.839Z] INFO: Session created
  Context: {
  "sessionId": "f39cd306-7fcb-4c1b-b979-637e925e7217",
  "title": "Session 3",
  "mode": "shannon"
}
[2025-11-19T04:04:47.839Z] INFO: Session completed
  Context: {
  "sessionId": "3e4a2bf9-400c-4e07-9420-03cce9817ef7",
  "title": "Session 1",
  "totalThoughts": 1
}
[2025-11-19T04:04:47.840Z] INFO: Session completed
  Context: {
  "sessionId": "66a1a6de-0c54-4d0c-a7a5-5e578f87c782",
  "title": "Session 2",
  "totalThoughts": 1
}
[2025-11-19T04:04:47.840Z] INFO: Session completed
  Context: {
  "sessionId": "f39cd306-7fcb-4c1b-b979-637e925e7217",
  "title": "Session 3",
  "totalThoughts": 1
}

[90mstdout[2m | tests/integration/session-workflow.test.ts[2m > [22m[2mSession Workflow Integration[2m > [22m[2mshould handle session deletion[22m[39m
[2025-11-19T04:04:47.842Z] INFO: Session created
  Context: {
  "sessionId": "1019256d-7482-40c0-9179-e7d5bf83545a",
  "title": "Temporary Session",
  "mode": "sequential"
}
[2025-11-19T04:04:47.843Z] INFO: Session completed
  Context: {
  "sessionId": "1019256d-7482-40c0-9179-e7d5bf83545a",
  "title": "Temporary Session",
  "totalThoughts": 1
}
[2025-11-19T04:04:47.843Z] INFO: Session deleted
  Context: {
  "sessionId": "1019256d-7482-40c0-9179-e7d5bf83545a",
  "title": "Temporary Session",
  "thoughtCount": 1
}

[90mstdout[2m | tests/integration/session-workflow.test.ts[2m > [22m[2mSession Workflow Integration[2m > [22m[2mshould maintain metrics accuracy across workflow[22m[39m
[2025-11-19T04:04:47.847Z] INFO: Session created
  Context: {
  "sessionId": "cd581524-7795-4abf-86d5-99fce983f471",
  "title": "Metrics Test",
  "mode": "sequential"
}
[2025-11-19T04:04:47.848Z] INFO: Session completed
  Context: {
  "sessionId": "cd581524-7795-4abf-86d5-99fce983f471",
  "title": "Metrics Test",
  "totalThoughts": 5
}

 [32m✓[39m tests/integration/multi-session.test.ts [2m ([22m[2m18 tests[22m[2m)[22m[33m 995[2mms[22m[39m
[90mstdout[2m | tests/integration/multi-session.test.ts[2m > [22m[2mMulti-Session and Concurrent Scenarios[2m > [22m[2mMultiple Session Management[2m > [22m[2mshould create and manage multiple sessions independently[22m[39m
[2025-11-19T04:04:47.351Z] INFO: Session created
  Context: {
  "sessionId": "2fdc405d-fb99-475d-8f4f-fad30bd63c57",
  "title": "Session 1",
  "mode": "sequential"
}
[2025-11-19T04:04:47.353Z] INFO: Session created
  Context: {
  "sessionId": "9bbf1a45-a148-4437-a60c-2531d000d1cf",
  "title": "Session 2",
  "mode": "shannon"
}
[2025-11-19T04:04:47.354Z] INFO: Session created
  Context: {
  "sessionId": "170fbd2c-0392-4332-80ce-0cf61ca9e813",
  "title": "Session 3",
  "mode": "mathematics"
}
[2025-11-19T04:04:47.354Z] INFO: Session created
  Context: {
  "sessionId": "7babdb94-9489-4bc3-b682-8111079da80c",
  "title": "Session 4",
  "mode": "physics"
}
[2025-11-19T04:04:47.354Z] INFO: Session created
  Context: {
  "sessionId": "96b63ee5-d61d-4fe7-97bc-a3d44e683f16",
  "title": "Session 5",
  "mode": "hybrid"
}

[90mstdout[2m | tests/integration/multi-session.test.ts[2m > [22m[2mMulti-Session and Concurrent Scenarios[2m > [22m[2mMultiple Session Management[2m > [22m[2mshould maintain session isolation (changes in one do not affect others)[22m[39m
[2025-11-19T04:04:47.501Z] INFO: Session created
  Context: {
  "sessionId": "7b614519-5769-4fc4-b3e2-6c14ae15b998",
  "title": "Isolated Session 1",
  "mode": "sequential"
}
[2025-11-19T04:04:47.501Z] INFO: Session created
  Context: {
  "sessionId": "137635e6-5649-4a16-8912-1e7157f75a8d",
  "title": "Isolated Session 2",
  "mode": "sequential"
}

[90mstdout[2m | tests/integration/multi-session.test.ts[2m > [22m[2mMulti-Session and Concurrent Scenarios[2m > [22m[2mMultiple Session Management[2m > [22m[2mshould handle mode switching independently across sessions[22m[39m
[2025-11-19T04:04:47.513Z] INFO: Session created
  Context: {
  "sessionId": "69e3f265-7b35-4cd0-ba4d-f15176f0bc9a",
  "title": "S1",
  "mode": "sequential"
}
[2025-11-19T04:04:47.514Z] INFO: Session created
  Context: {
  "sessionId": "bf028277-c2e0-41ea-bb1a-1441c3ec7d9a",
  "title": "S2",
  "mode": "sequential"
}
[2025-11-19T04:04:47.606Z] INFO: Session created
  Context: {
  "sessionId": "4c1a4332-bb5c-4888-8777-b2ab3c3956a5",
  "title": "S3",
  "mode": "sequential"
}
[2025-11-19T04:04:47.607Z] INFO: Session mode switched
  Context: {
  "sessionId": "69e3f265-7b35-4cd0-ba4d-f15176f0bc9a",
  "oldMode": "sequential",
  "newMode": "mathematics",
  "reason": "Switch to math"
}
[2025-11-19T04:04:47.608Z] INFO: Session mode switched
  Context: {
  "sessionId": "bf028277-c2e0-41ea-bb1a-1441c3ec7d9a",
  "oldMode": "sequential",
  "newMode": "physics",
  "reason": "Switch to physics"
}

[90mstdout[2m | tests/integration/multi-session.test.ts[2m > [22m[2mMulti-Session and Concurrent Scenarios[2m > [22m[2mMultiple Session Management[2m > [22m[2mshould handle completion status independently across sessions[22m[39m
[2025-11-19T04:04:47.731Z] INFO: Session created
  Context: {
  "sessionId": "8277f978-537f-4262-9d01-c44f042de873",
  "title": "S1",
  "mode": "sequential"
}
[2025-11-19T04:04:47.731Z] INFO: Session created
  Context: {
  "sessionId": "f0dc719c-47bf-47b2-a4c6-e7a25e8aea32",
  "title": "S2",
  "mode": "sequential"
}
[2025-11-19T04:04:47.732Z] INFO: Session completed
  Context: {
  "sessionId": "8277f978-537f-4262-9d01-c44f042de873",
  "title": "S1",
  "totalThoughts": 1
}

[90mstdout[2m | tests/integration/multi-session.test.ts[2m > [22m[2mMulti-Session and Concurrent Scenarios[2m > [22m[2mConcurrent Operations on Same Session[2m > [22m[2mshould handle concurrent thought additions to same session[22m[39m
[2025-11-19T04:04:47.850Z] INFO: Session created
  Context: {
  "sessionId": "d8a72a56-8a8d-4933-bebc-3bd1a57fdd4c",
  "title": "Concurrent Test",
  "mode": "sequential"
}
[2025-11-19T04:04:47.852Z] INFO: Session completed
  Context: {
  "sessionId": "d8a72a56-8a8d-4933-bebc-3bd1a57fdd4c",
  "title": "Concurrent Test",
  "totalThoughts": 3
}

[90mstdout[2m | tests/integration/multi-session.test.ts[2m > [22m[2mMulti-Session and Concurrent Scenarios[2m > [22m[2mConcurrent Operations on Same Session[2m > [22m[2mshould handle concurrent retrieval of same session[22m[39m
[2025-11-19T04:04:47.854Z] INFO: Session created
  Context: {
  "sessionId": "4d597389-f5ef-4730-aa9e-f66d0a61b3a2",
  "title": "Concurrent Retrieval",
  "mode": "sequential"
}

[90mstdout[2m | tests/integration/multi-session.test.ts[2m > [22m[2mMulti-Session and Concurrent Scenarios[2m > [22m[2mConcurrent Operations on Same Session[2m > [22m[2mshould handle concurrent mode switches on same session[22m[39m
[2025-11-19T04:04:47.856Z] INFO: Session created
  Context: {
  "sessionId": "f9411699-4ef7-447a-92d1-f3e07ed2b8c8",
  "title": "Mode Switch Race",
  "mode": "sequential"
}
[2025-11-19T04:04:47.858Z] INFO: Session mode switched
  Context: {
  "sessionId": "f9411699-4ef7-447a-92d1-f3e07ed2b8c8",
  "oldMode": "sequential",
  "newMode": "mathematics",
  "reason": "Switch 1"
}
[2025-11-19T04:04:47.858Z] INFO: Session mode switched
  Context: {
  "sessionId": "f9411699-4ef7-447a-92d1-f3e07ed2b8c8",
  "oldMode": "mathematics",
  "newMode": "physics",
  "reason": "Switch 2"
}
[2025-11-19T04:04:47.858Z] INFO: Session mode switched
  Context: {
  "sessionId": "f9411699-4ef7-447a-92d1-f3e07ed2b8c8",
  "oldMode": "physics",
  "newMode": "hybrid",
  "reason": "Switch 3"
}

[90mstdout[2m | tests/integration/multi-session.test.ts[2m > [22m[2mMulti-Session and Concurrent Scenarios[2m > [22m[2mConcurrent Operations Across Different Sessions[2m > [22m[2mshould handle concurrent operations on different sessions[22m[39m
[2025-11-19T04:04:47.960Z] INFO: Session created
  Context: {
  "sessionId": "0a11b3cc-04ed-4b0b-9f6f-4e16c8839dd3",
  "title": "S1",
  "mode": "sequential"
}
[2025-11-19T04:04:47.961Z] INFO: Session created
  Context: {
  "sessionId": "2e3313bc-155e-429a-9273-f522ec89d3da",
  "title": "S2",
  "mode": "shannon"
}
[2025-11-19T04:04:47.961Z] INFO: Session created
  Context: {
  "sessionId": "0eaeff34-a00d-44cd-b6f0-eee90f347277",
  "title": "S3",
  "mode": "mathematics"
}
[2025-11-19T04:04:47.961Z] INFO: Session completed
  Context: {
  "sessionId": "0a11b3cc-04ed-4b0b-9f6f-4e16c8839dd3",
  "title": "S1",
  "totalThoughts": 1
}
[2025-11-19T04:04:47.961Z] INFO: Session mode switched
  Context: {
  "sessionId": "2e3313bc-155e-429a-9273-f522ec89d3da",
  "oldMode": "shannon",
  "newMode": "physics",
  "reason": "Switch mode"
}

[90mstdout[2m | tests/integration/multi-session.test.ts[2m > [22m[2mMulti-Session and Concurrent Scenarios[2m > [22m[2mConcurrent Operations Across Different Sessions[2m > [22m[2mshould handle concurrent session creation[22m[39m
[2025-11-19T04:04:48.058Z] INFO: Session created
  Context: {
  "sessionId": "f24ef08f-2e58-43d1-b049-8cda0ef3202e",
  "title": "Session 1",
  "mode": "sequential"
}
[2025-11-19T04:04:48.058Z] INFO: Session created
  Context: {
  "sessionId": "5499a7bb-f637-4394-a92b-ff671490f85c",
  "title": "Session 2",
  "mode": "sequential"
}
[2025-11-19T04:04:48.059Z] INFO: Session created
  Context: {
  "sessionId": "0b3cd9c4-e012-4744-a080-5f99ff893343",
  "title": "Session 3",
  "mode": "sequential"
}
[2025-11-19T04:04:48.059Z] INFO: Session created
  Context: {
  "sessionId": "7d89481d-d858-4462-848f-1621f20727c9",
  "title": "Session 4",
  "mode": "sequential"
}
[2025-11-19T04:04:48.059Z] INFO: Session created
  Context: {
  "sessionId": "074423be-7304-4fc1-addb-75f9a17a83a7",
  "title": "Session 5",
  "mode": "sequential"
}
[2025-11-19T04:04:48.059Z] INFO: Session created
  Context: {
  "sessionId": "8a144dc4-875f-4c5d-80f1-4440b2c1ccc5",
  "title": "Session 6",
  "mode": "sequential"
}
[2025-11-19T04:04:48.059Z] INFO: Session created
  Context: {
  "sessionId": "53c5e916-cb61-4368-8525-5e68ea1d9d02",
  "title": "Session 7",
  "mode": "sequential"
}
[2025-11-19T04:04:48.059Z] INFO: Session created
  Context: {
  "sessionId": "84ad5302-b84e-4b01-9fda-f5a7118eee78",
  "title": "Session 8",
  "mode": "sequential"
}
[2025-11-19T04:04:48.059Z] INFO: Session created
  Context: {
  "sessionId": "604d59e0-f286-4440-9e9e-22716e14ae74",
  "title": "Session 9",
  "mode": "sequential"
}
[2025-11-19T04:04:48.059Z] INFO: Session created
  Context: {
  "sessionId": "1a8015aa-ccab-4f23-98b1-a81e971ddd66",
  "title": "Session 10",
  "mode": "sequential"
}
[2025-11-19T04:04:48.059Z] INFO: Session created
  Context: {
  "sessionId": "3e5fa79f-cd22-4f66-8121-b86efbeba49b",
  "title": "Session 11",
  "mode": "sequential"
}
[2025-11-19T04:04:48.059Z] INFO: Session created
  Context: {
  "sessionId": "7e7f35f8-9ef2-40b4-8548-f89dc3764771",
  "title": "Session 12",
  "mode": "sequential"
}
[2025-11-19T04:04:48.059Z] INFO: Session created
  Context: {
  "sessionId": "40030015-1b8a-4eaf-ba76-b10e57879deb",
  "title": "Session 13",
  "mode": "sequential"
}
[2025-11-19T04:04:48.060Z] INFO: Session created
  Context: {
  "sessionId": "a133ee01-b74a-4958-8a4d-fac2901e649d",
  "title": "Session 14",
  "mode": "sequential"
}
[2025-11-19T04:04:48.060Z] INFO: Session created
  Context: {
  "sessionId": "2750a1d3-7117-43c9-9baf-60cb72c2f9da",
  "title": "Session 15",
  "mode": "sequential"
}
[2025-11-19T04:04:48.060Z] INFO: Session created
  Context: {
  "sessionId": "42e30736-e56d-4ebd-9784-0e5d936259ce",
  "title": "Session 16",
  "mode": "sequential"
}
[2025-11-19T04:04:48.060Z] INFO: Session created
  Context: {
  "sessionId": "1814986c-0922-46e6-b2da-78539a68dab9",
  "title": "Session 17",
  "mode": "sequential"
}
[2025-11-19T04:04:48.060Z] INFO: Session created
  Context: {
  "sessionId": "b790c286-e730-47a3-95df-5cefd3dd5c1a",
  "title": "Session 18",
  "mode": "sequential"
}
[2025-11-19T04:04:48.060Z] INFO: Session created
  Context: {
  "sessionId": "9889f0d5-36c7-4045-9847-fcb10941db6d",
  "title": "Session 19",
  "mode": "sequential"
}
[2025-11-19T04:04:48.062Z] INFO: Session created
  Context: {
  "sessionId": "8768fae2-a832-4ba1-ab03-5134a32a633d",
  "title": "Session 20",
  "mode": "sequential"
}

[90mstdout[2m | tests/integration/multi-session.test.ts[2m > [22m[2mMulti-Session and Concurrent Scenarios[2m > [22m[2mConcurrent Operations Across Different Sessions[2m > [22m[2mshould handle concurrent summary generation for different sessions[22m[39m
[2025-11-19T04:04:48.065Z] INFO: Session created
  Context: {
  "sessionId": "5c27a5b2-2e44-4351-9f23-a62527ab3baa",
  "title": "S1",
  "mode": "sequential"
}
[2025-11-19T04:04:48.065Z] INFO: Session created
  Context: {
  "sessionId": "009453f5-4b82-42b4-b062-9d45fcc9d816",
  "title": "S2",
  "mode": "sequential"
}
[2025-11-19T04:04:48.065Z] INFO: Session created
  Context: {
  "sessionId": "4d6748bc-a2ea-4627-9de2-167e1f39a0f1",
  "title": "S3",
  "mode": "sequential"
}
[2025-11-19T04:04:48.066Z] INFO: Session completed
  Context: {
  "sessionId": "5c27a5b2-2e44-4351-9f23-a62527ab3baa",
  "title": "S1",
  "totalThoughts": 1
}
[2025-11-19T04:04:48.066Z] INFO: Session completed
  Context: {
  "sessionId": "009453f5-4b82-42b4-b062-9d45fcc9d816",
  "title": "S2",
  "totalThoughts": 1
}
[2025-11-19T04:04:48.066Z] INFO: Session completed
  Context: {
  "sessionId": "4d6748bc-a2ea-4627-9de2-167e1f39a0f1",
  "title": "S3",
  "totalThoughts": 1
}

[90mstdout[2m | tests/integration/multi-session.test.ts[2m > [22m[2mMulti-Session and Concurrent Scenarios[2m > [22m[2mResource Management with Many Sessions[2m > [22m[2mshould handle creation of many sessions[22m[39m
[2025-11-19T04:04:48.069Z] INFO: Session created
  Context: {
  "sessionId": "43d9c133-0268-4572-94fe-8497b6a171f4",
  "title": "Session 1",
  "mode": "sequential"
}
[2025-11-19T04:04:48.070Z] INFO: Session created
  Context: {
  "sessionId": "56e71eb0-c28f-4fb6-9418-a50476f9126d",
  "title": "Session 2",
  "mode": "sequential"
}
[2025-11-19T04:04:48.070Z] INFO: Session created
  Context: {
  "sessionId": "66cf272d-7ef4-489b-b32e-9d66a964894c",
  "title": "Session 3",
  "mode": "sequential"
}
[2025-11-19T04:04:48.070Z] INFO: Session created
  Context: {
  "sessionId": "7589cd0c-4faf-4aa2-b20d-e5121a8bfb2d",
  "title": "Session 4",
  "mode": "sequential"
}
[2025-11-19T04:04:48.070Z] INFO: Session created
  Context: {
  "sessionId": "0c4f21a1-b9d5-448d-a8ba-518b89e5fa83",
  "title": "Session 5",
  "mode": "sequential"
}
[2025-11-19T04:04:48.070Z] INFO: Session created
  Context: {
  "sessionId": "cb1c2a97-defd-4fa2-bc0d-3c0b317b90a3",
  "title": "Session 6",
  "mode": "sequential"
}
[2025-11-19T04:04:48.070Z] INFO: Session created
  Context: {
  "sessionId": "77a5e9e9-ae50-4e17-ac3d-1dd4c0f14dc8",
  "title": "Session 7",
  "mode": "sequential"
}
[2025-11-19T04:04:48.071Z] INFO: Session created
  Context: {
  "sessionId": "55196b77-fe11-4370-9e22-4bb8f9a77cb9",
  "title": "Session 8",
  "mode": "sequential"
}
[2025-11-19T04:04:48.071Z] INFO: Session created
  Context: {
  "sessionId": "1d08e30c-6d25-429c-8e19-260b6f99e2f2",
  "title": "Session 9",
  "mode": "sequential"
}
[2025-11-19T04:04:48.072Z] INFO: Session created
  Context: {
  "sessionId": "05a1aee4-07c2-41ff-a98d-e3e3ee989f85",
  "title": "Session 10",
  "mode": "sequential"
}
[2025-11-19T04:04:48.072Z] INFO: Session created
  Context: {
  "sessionId": "acb983de-b765-4cfa-8232-f1d7d6b058aa",
  "title": "Session 11",
  "mode": "sequential"
}
[2025-11-19T04:04:48.072Z] INFO: Session created
  Context: {
  "sessionId": "4e979a84-04a7-4ab1-bb43-ec9decbc5c05",
  "title": "Session 12",
  "mode": "sequential"
}
[2025-11-19T04:04:48.072Z] INFO: Session created
  Context: {
  "sessionId": "4bbeaf77-b788-4125-aab5-d4d67e0177ad",
  "title": "Session 13",
  "mode": "sequential"
}
[2025-11-19T04:04:48.072Z] INFO: Session created
  Context: {
  "sessionId": "afbd1d38-f4b0-48a2-a87b-48e1c9fff465",
  "title": "Session 14",
  "mode": "sequential"
}
[2025-11-19T04:04:48.072Z] INFO: Session created
  Context: {
  "sessionId": "c307be34-3dee-486e-9f57-514a26ab0d73",
  "title": "Session 15",
  "mode": "sequential"
}
[2025-11-19T04:04:48.073Z] INFO: Session created
  Context: {
  "sessionId": "702e2394-6b81-4932-b4eb-f1fa9e4d7696",
  "title": "Session 16",
  "mode": "sequential"
}
[2025-11-19T04:04:48.073Z] INFO: Session created
  Context: {
  "sessionId": "02d31466-79db-4107-92ef-673a7eca1758",
  "title": "Session 17",
  "mode": "sequential"
}
[2025-11-19T04:04:48.073Z] INFO: Session created
  Context: {
  "sessionId": "019c940c-a9d3-4617-9e62-70101f107429",
  "title": "Session 18",
  "mode": "sequential"
}
[2025-11-19T04:04:48.073Z] INFO: Session created
  Context: {
  "sessionId": "e0d47ca8-a6a4-4243-bad3-3144a8455b36",
  "title": "Session 19",
  "mode": "sequential"
}
[2025-11-19T04:04:48.073Z] INFO: Session created
  Context: {
  "sessionId": "98fd2ddc-244f-4e2b-adcd-ff36c83dfcaa",
  "title": "Session 20",
  "mode": "sequential"
}
[2025-11-19T04:04:48.073Z] INFO: Session created
  Context: {
  "sessionId": "bff72d9d-7bf0-4bf7-bcb7-f58217cae6aa",
  "title": "Session 21",
  "mode": "sequential"
}
[2025-11-19T04:04:48.073Z] INFO: Session created
  Context: {
  "sessionId": "ec83b180-281a-4106-a376-1a1e974b956f",
  "title": "Session 22",
  "mode": "sequential"
}
[2025-11-19T04:04:48.073Z] INFO: Session created
  Context: {
  "sessionId": "f1746e69-7477-4bb6-b299-695c18f03dfd",
  "title": "Session 23",
  "mode": "sequential"
}
[2025-11-19T04:04:48.074Z] INFO: Session created
  Context: {
  "sessionId": "1c0713a4-6054-4bf7-89b5-f6a004ca23b7",
  "title": "Session 24",
  "mode": "sequential"
}
[2025-11-19T04:04:48.074Z] INFO: Session created
  Context: {
  "sessionId": "f140648e-0f36-4fb6-be5b-1a3107f12611",
  "title": "Session 25",
  "mode": "sequential"
}
[2025-11-19T04:04:48.074Z] INFO: Session created
  Context: {
  "sessionId": "58faa49c-e45d-4064-aa25-da6a5a92671e",
  "title": "Session 26",
  "mode": "sequential"
}
[2025-11-19T04:04:48.074Z] INFO: Session created
  Context: {
  "sessionId": "a36d0da6-b6fc-43b8-9fba-21f2fba24f75",
  "title": "Session 27",
  "mode": "sequential"
}
[2025-11-19T04:04:48.074Z] INFO: Session created
  Context: {
  "sessionId": "9787ca16-ae4c-4542-ae3d-fde41050ca51",
  "title": "Session 28",
  "mode": "sequential"
}
[2025-11-19T04:04:48.074Z] INFO: Session created
  Context: {
  "sessionId": "d784864e-c60a-40d5-9a09-66d8b8c34461",
  "title": "Session 29",
  "mode": "sequential"
}
[2025-11-19T04:04:48.074Z] INFO: Session created
  Context: {
  "sessionId": "e4597602-cb11-497d-b0fe-d564923f2a81",
  "title": "Session 30",
  "mode": "sequential"
}
[2025-11-19T04:04:48.074Z] INFO: Session created
  Context: {
  "sessionId": "14f0682f-a9f7-4fff-85a3-b2367872de9f",
  "title": "Session 31",
  "mode": "sequential"
}
[2025-11-19T04:04:48.074Z] INFO: Session created
  Context: {
  "sessionId": "c7e84404-5381-4ae7-b513-2acb63011617",
  "title": "Session 32",
  "mode": "sequential"
}
[2025-11-19T04:04:48.074Z] INFO: Session created
  Context: {
  "sessionId": "cfbc5668-ccaf-432d-babe-0f6963a4913d",
  "title": "Session 33",
  "mode": "sequential"
}
[2025-11-19T04:04:48.074Z] INFO: Session created
  Context: {
  "sessionId": "00dee7c2-1531-41d9-bdb9-4dd75582b3df",
  "title": "Session 34",
  "mode": "sequential"
}
[2025-11-19T04:04:48.074Z] INFO: Session created
  Context: {
  "sessionId": "e5d38af6-97b7-477e-832a-7c4b0db8fdbd",
  "title": "Session 35",
  "mode": "sequential"
}
[2025-11-19T04:04:48.075Z] INFO: Session created
  Context: {
  "sessionId": "4b21d0ea-2f57-4923-bb56-f02a44747278",
  "title": "Session 36",
  "mode": "sequential"
}
[2025-11-19T04:04:48.075Z] INFO: Session created
  Context: {
  "sessionId": "abf01e7d-7b92-4066-9137-9be86dca7ff5",
  "title": "Session 37",
  "mode": "sequential"
}
[2025-11-19T04:04:48.075Z] INFO: Session created
  Context: {
  "sessionId": "826acfee-dfca-4519-958c-e63e6866137b",
  "title": "Session 38",
  "mode": "sequential"
}
[2025-11-19T04:04:48.075Z] INFO: Session created
  Context: {
  "sessionId": "11846f3f-1564-4eac-a44b-e587ef10837c",
  "title": "Session 39",
  "mode": "sequential"
}
[2025-11-19T04:04:48.075Z] INFO: Session created
  Context: {
  "sessionId": "ad363dc5-82e0-4f57-84fa-a15752386741",
  "title": "Session 40",
  "mode": "sequential"
}
[2025-11-19T04:04:48.075Z] INFO: Session created
  Context: {
  "sessionId": "dab443a5-184f-4d8b-936f-b5a74e7519e1",
  "title": "Session 41",
  "mode": "sequential"
}
[2025-11-19T04:04:48.075Z] INFO: Session created
  Context: {
  "sessionId": "6ac960e2-ccad-4e79-b912-f8ab022a9d85",
  "title": "Session 42",
  "mode": "sequential"
}
[2025-11-19T04:04:48.075Z] INFO: Session created
  Context: {
  "sessionId": "7b9161a0-d655-421e-8f87-324d4c215335",
  "title": "Session 43",
  "mode": "sequential"
}
[2025-11-19T04:04:48.075Z] INFO: Session created
  Context: {
  "sessionId": "7c105acd-4073-4af7-bb11-574ff8eaef9c",
  "title": "Session 44",
  "mode": "sequential"
}
[2025-11-19T04:04:48.075Z] INFO: Session created
  Context: {
  "sessionId": "275011ae-7535-4a32-92ed-f4474068886b",
  "title": "Session 45",
  "mode": "sequential"
}
[2025-11-19T04:04:48.075Z] INFO: Session created
  Context: {
  "sessionId": "143bcbb5-1102-4b17-8790-bcdf6ac8d9b9",
  "title": "Session 46",
  "mode": "sequential"
}
[2025-11-19T04:04:48.075Z] INFO: Session created
  Context: {
  "sessionId": "2495e1fc-1f41-4954-9693-de0545d3c0a0",
  "title": "Session 47",
  "mode": "sequential"
}
[2025-11-19T04:04:48.075Z] INFO: Session created
  Context: {
  "sessionId": "1bc5303a-1a56-44df-abb3-e5e0a7f3364e",
  "title": "Session 48",
  "mode": "sequential"
}
[2025-11-19T04:04:48.076Z] INFO: Session created
  Context: {
  "sessionId": "79f463e8-9822-4ee1-8424-991c7f601206",
  "title": "Session 49",
  "mode": "sequential"
}
[2025-11-19T04:04:48.076Z] INFO: Session created
  Context: {
  "sessionId": "724bbd10-2c80-4b4f-834c-5fb6c7f7713f",
  "title": "Session 50",
  "mode": "sequential"
}

[90mstdout[2m | tests/integration/multi-session.test.ts[2m > [22m[2mMulti-Session and Concurrent Scenarios[2m > [22m[2mResource Management with Many Sessions[2m > [22m[2mshould retrieve sessions efficiently with many active sessions[22m[39m
[2025-11-19T04:04:48.077Z] INFO: Session created
  Context: {
  "sessionId": "ac52bc65-31f0-40e4-a0c5-3eb98a680e86",
  "title": "Session 1",
  "mode": "sequential"
}
[2025-11-19T04:04:48.077Z] INFO: Session created
  Context: {
  "sessionId": "333a794c-4060-4933-b637-67e8954a2fb7",
  "title": "Session 2",
  "mode": "sequential"
}
[2025-11-19T04:04:48.077Z] INFO: Session created
  Context: {
  "sessionId": "15e5272d-b543-43d1-9ec1-9deef454feb4",
  "title": "Session 3",
  "mode": "sequential"
}
[2025-11-19T04:04:48.078Z] INFO: Session created
  Context: {
  "sessionId": "59a5ce8e-cb9d-4e6e-8e7d-b3c3cd0bbe85",
  "title": "Session 4",
  "mode": "sequential"
}
[2025-11-19T04:04:48.149Z] INFO: Session created
  Context: {
  "sessionId": "079ac8ba-29d3-4a24-a7a4-dbcae9c3736f",
  "title": "Session 5",
  "mode": "sequential"
}
[2025-11-19T04:04:48.149Z] INFO: Session created
  Context: {
  "sessionId": "bdfe3572-546f-4112-aa7b-b546f16bd717",
  "title": "Session 6",
  "mode": "sequential"
}
[2025-11-19T04:04:48.149Z] INFO: Session created
  Context: {
  "sessionId": "e6032f98-eff8-4148-958f-4204c747d92d",
  "title": "Session 7",
  "mode": "sequential"
}
[2025-11-19T04:04:48.149Z] INFO: Session created
  Context: {
  "sessionId": "26a5fb58-be7c-48ea-bbae-eeacf0b36e3e",
  "title": "Session 8",
  "mode": "sequential"
}
[2025-11-19T04:04:48.149Z] INFO: Session created
  Context: {
  "sessionId": "4acc363c-f150-431d-bc30-baf6515153c4",
  "title": "Session 9",
  "mode": "sequential"
}
[2025-11-19T04:04:48.149Z] INFO: Session created
  Context: {
  "sessionId": "eb6c1319-3689-49a6-a973-f600d5e27cfc",
  "title": "Session 10",
  "mode": "sequential"
}

[90mstdout[2m | tests/integration/multi-session.test.ts[2m > [22m[2mMulti-Session and Concurrent Scenarios[2m > [22m[2mResource Management with Many Sessions[2m > [22m[2mshould list all sessions when many exist[22m[39m
[2025-11-19T04:04:48.155Z] INFO: Session created
  Context: {
  "sessionId": "7e282ea5-81d8-4edc-8e2c-9ed25336062b",
  "title": "Session 1",
  "mode": "sequential"
}
[2025-11-19T04:04:48.155Z] INFO: Session created
  Context: {
  "sessionId": "d283b982-3c80-45c0-a281-3a129eac650e",
  "title": "Session 2",
  "mode": "sequential"
}
[2025-11-19T04:04:48.155Z] INFO: Session created
  Context: {
  "sessionId": "77aa783e-fe95-4622-ac28-da6df9dcbb1b",
  "title": "Session 3",
  "mode": "sequential"
}
[2025-11-19T04:04:48.155Z] INFO: Session created
  Context: {
  "sessionId": "d60026e5-532e-4eda-b426-90d41d1c12d6",
  "title": "Session 4",
  "mode": "sequential"
}
[2025-11-19T04:04:48.155Z] INFO: Session created
  Context: {
  "sessionId": "380f23eb-448f-43a0-8992-711074866e4a",
  "title": "Session 5",
  "mode": "sequential"
}
[2025-11-19T04:04:48.155Z] INFO: Session created
  Context: {
  "sessionId": "d3d133bd-60a3-47fd-aa88-cbd9d5e49c0e",
  "title": "Session 6",
  "mode": "sequential"
}
[2025-11-19T04:04:48.155Z] INFO: Session created
  Context: {
  "sessionId": "155ea383-266f-4272-8806-628ae76665d4",
  "title": "Session 7",
  "mode": "sequential"
}
[2025-11-19T04:04:48.156Z] INFO: Session created
  Context: {
  "sessionId": "740f2e3d-1a09-4c7e-8c2c-316eb467defb",
  "title": "Session 8",
  "mode": "sequential"
}
[2025-11-19T04:04:48.156Z] INFO: Session created
  Context: {
  "sessionId": "091ed085-1b7c-49c1-8ad0-38e0bd799e82",
  "title": "Session 9",
  "mode": "sequential"
}
[2025-11-19T04:04:48.156Z] INFO: Session created
  Context: {
  "sessionId": "184b2466-5c70-4faa-bd61-63b7c533a83b",
  "title": "Session 10",
  "mode": "sequential"
}
[2025-11-19T04:04:48.156Z] INFO: Session created
  Context: {
  "sessionId": "f6d14843-178e-4a5d-a34c-344e8f5953d4",
  "title": "Session 11",
  "mode": "sequential"
}
[2025-11-19T04:04:48.156Z] INFO: Session created
  Context: {
  "sessionId": "77650151-8b50-45b0-b286-88ddb177eb0b",
  "title": "Session 12",
  "mode": "sequential"
}
[2025-11-19T04:04:48.156Z] INFO: Session created
  Context: {
  "sessionId": "663ccb59-7d17-4fce-af4a-1714f6c36be0",
  "title": "Session 13",
  "mode": "sequential"
}
[2025-11-19T04:04:48.156Z] INFO: Session created
  Context: {
  "sessionId": "879d61b0-520d-435f-9880-442053a084f7",
  "title": "Session 14",
  "mode": "sequential"
}
[2025-11-19T04:04:48.156Z] INFO: Session created
  Context: {
  "sessionId": "e95b5cb1-ee5a-44c3-8d60-5b7d024e0d68",
  "title": "Session 15",
  "mode": "sequential"
}

[90mstdout[2m | tests/integration/multi-session.test.ts[2m > [22m[2mMulti-Session and Concurrent Scenarios[2m > [22m[2mSession State Consistency[2m > [22m[2mshould maintain consistent thought count across concurrent additions[22m[39m
[2025-11-19T04:04:48.159Z] INFO: Session created
  Context: {
  "sessionId": "e8b51050-ed4b-40bf-9e68-ff1e0738a449",
  "title": "Consistency Test",
  "mode": "sequential"
}
[2025-11-19T04:04:48.162Z] INFO: Session completed
  Context: {
  "sessionId": "e8b51050-ed4b-40bf-9e68-ff1e0738a449",
  "title": "Consistency Test",
  "totalThoughts": 10
}

[90mstdout[2m | tests/integration/multi-session.test.ts[2m > [22m[2mMulti-Session and Concurrent Scenarios[2m > [22m[2mSession State Consistency[2m > [22m[2mshould maintain correct status after concurrent operations[22m[39m
[2025-11-19T04:04:48.164Z] INFO: Session created
  Context: {
  "sessionId": "d117fec2-72e0-4cbf-85fa-5f31c37bb586",
  "title": "Status Test",
  "mode": "sequential"
}
[2025-11-19T04:04:48.164Z] INFO: Session completed
  Context: {
  "sessionId": "d117fec2-72e0-4cbf-85fa-5f31c37bb586",
  "title": "Status Test",
  "totalThoughts": 1
}

[90mstdout[2m | tests/integration/multi-session.test.ts[2m > [22m[2mMulti-Session and Concurrent Scenarios[2m > [22m[2mSession State Consistency[2m > [22m[2mshould handle concurrent thought additions with proper sequencing[22m[39m
[2025-11-19T04:04:48.167Z] INFO: Session created
  Context: {
  "sessionId": "05b46e91-5ff7-4b8f-a606-f03ad8411e90",
  "title": "Sequence Test",
  "mode": "sequential"
}

[90mstdout[2m | tests/integration/multi-session.test.ts[2m > [22m[2mMulti-Session and Concurrent Scenarios[2m > [22m[2mError Handling in Concurrent Scenarios[2m > [22m[2mshould handle mixed success/failure scenarios gracefully[22m[39m
[2025-11-19T04:04:48.171Z] INFO: Session created
  Context: {
  "sessionId": "ff3a75f8-1673-42f4-a807-457d4f0e8683",
  "title": "Mixed Test",
  "mode": "sequential"
}

[90mstdout[2m | tests/integration/mcp-protocol.test.ts[2m > [22m[2mMCP Protocol Compliance[2m > [22m[2mMCP Response Format Compliance[2m > [22m[2mshould return MCP-compliant response for successful operation[22m[39m
[2025-11-19T04:04:48.801Z] INFO: Session created
  Context: {
  "sessionId": "0668cd8d-dc62-4aec-9b87-f47f8e81d6a1",
  "title": "Test Session",
  "mode": "sequential"
}

 [32m✓[39m tests/integration/mcp-protocol.test.ts [2m ([22m[2m43 tests[22m[2m)[22m[33m 756[2mms[22m[39m

[2m Test Files [22m [1m[32m8 passed[39m[22m[90m (8)[39m
[2m      Tests [22m [1m[32m168 passed[39m[22m[90m (168)[39m
[2m   Start at [22m 23:04:40
[2m   Duration [22m 11.39s


[1m[7m[32m PASS [39m[27m[22m[32m Waiting for file changes...[39m
       [2mpress [22m[1mh[22m[2m to show help[22m[2m, [22m[2mpress [22m[1mq[22m[2m to quit[22m
[3Jc
[7m[1m[34m RERUN [39m[22m[27m[2m src/types/core.ts[22m

 [32m✓[39m tests/unit/causal.test.ts [2m ([22m[2m10 tests[22m[2m)[22m[90m 174[2mms[22m[39m
[90mstdout[2m | tests/unit/session-manager.test.ts[2m > [22m[2mSessionManager[2m > [22m[2mcreateSession[2m > [22m[2mshould create a new session with default values[22m[39m
[2025-11-19T04:09:53.248Z] INFO: Session created
  Context: {
  "sessionId": "d1d99b51-82b2-4c13-9db7-185238d0c7de",
  "title": "Untitled Session",
  "mode": "hybrid"
}

[90mstdout[2m | tests/unit/session-manager.test.ts[2m > [22m[2mSessionManager[2m > [22m[2mcreateSession[2m > [22m[2mshould create a session with custom options[22m[39m
[2025-11-19T04:09:53.259Z] INFO: Session created
  Context: {
  "sessionId": "99825065-373c-4b37-99ae-b30b108dc7c2",
  "title": "My Problem",
  "mode": "mathematics",
  "domain": "number_theory",
  "author": "Test User"
}

[90mstdout[2m | tests/unit/session-manager.test.ts[2m > [22m[2mSessionManager[2m > [22m[2mcreateSession[2m > [22m[2mshould initialize metrics correctly[22m[39m
[2025-11-19T04:09:53.260Z] INFO: Session created
  Context: {
  "sessionId": "bdc4564f-b079-4c16-aa0e-9ba6bf29d387",
  "title": "Untitled Session",
  "mode": "hybrid"
}

[90mstdout[2m | tests/unit/session-manager.test.ts[2m > [22m[2mSessionManager[2m > [22m[2mgetSession[2m > [22m[2mshould retrieve an existing session[22m[39m
[2025-11-19T04:09:53.263Z] INFO: Session created
  Context: {
  "sessionId": "99dfdc49-da4a-4238-b42d-e93c9f16eb3f",
  "title": "Test Session",
  "mode": "hybrid"
}

[90mstdout[2m | tests/unit/session-manager.test.ts[2m > [22m[2mSessionManager[2m > [22m[2maddThought[2m > [22m[2mshould add a sequential thought to session[22m[39m
[2025-11-19T04:09:53.266Z] INFO: Session created
  Context: {
  "sessionId": "e1ed8cb0-e59a-4b70-960c-3edfda00043b",
  "title": "Untitled Session",
  "mode": "sequential"
}

[90mstdout[2m | tests/unit/session-manager.test.ts[2m > [22m[2mSessionManager[2m > [22m[2maddThought[2m > [22m[2mshould mark session as complete when nextThoughtNeeded is false[22m[39m
[2025-11-19T04:09:53.269Z] INFO: Session created
  Context: {
  "sessionId": "4a639364-0fed-46de-82da-900ddcbb57e0",
  "title": "Untitled Session",
  "mode": "hybrid"
}
[2025-11-19T04:09:53.270Z] INFO: Session completed
  Context: {
  "sessionId": "4a639364-0fed-46de-82da-900ddcbb57e0",
  "title": "Untitled Session",
  "totalThoughts": 1
}

[90mstdout[2m | tests/unit/session-manager.test.ts[2m > [22m[2mSessionManager[2m > [22m[2maddThought[2m > [22m[2mshould track revisions in metrics[22m[39m
[2025-11-19T04:09:53.271Z] INFO: Session created
  Context: {
  "sessionId": "39a2a797-e94c-404a-8d28-e957d79a91e8",
  "title": "Untitled Session",
  "mode": "hybrid"
}

[90mstdout[2m | tests/unit/session-manager.test.ts[2m > [22m[2mSessionManager[2m > [22m[2maddThought[2m > [22m[2mshould calculate average uncertainty for Shannon thoughts[22m[39m
[2025-11-19T04:09:53.273Z] INFO: Session created
  Context: {
  "sessionId": "1e7c000a-b0b4-432f-a5b5-41c18ba7de27",
  "title": "Untitled Session",
  "mode": "shannon"
}

[90mstderr[2m | tests/unit/session-manager.test.ts[2m > [22m[2mSessionManager[2m > [22m[2maddThought[2m > [22m[2mshould throw error for non-existent session[22m[39m
[2025-11-19T04:09:53.280Z] ERROR: Session not found
  Context: {
  "sessionId": "00000000-0000-4000-8000-000000000000"
}

[90mstdout[2m | tests/unit/session-manager.test.ts[2m > [22m[2mSessionManager[2m > [22m[2mswitchMode[2m > [22m[2mshould switch session mode[22m[39m
[2025-11-19T04:09:53.287Z] INFO: Session created
  Context: {
  "sessionId": "0808fe23-ba7c-4e83-87e5-79fa7b61e1f2",
  "title": "Untitled Session",
  "mode": "sequential"
}
[2025-11-19T04:09:53.288Z] INFO: Session mode switched
  Context: {
  "sessionId": "0808fe23-ba7c-4e83-87e5-79fa7b61e1f2",
  "oldMode": "sequential",
  "newMode": "shannon",
  "reason": "Need systematic approach"
}

[90mstderr[2m | tests/unit/session-manager.test.ts[2m > [22m[2mSessionManager[2m > [22m[2mswitchMode[2m > [22m[2mshould throw error for non-existent session[22m[39m
[2025-11-19T04:09:53.289Z] ERROR: Session not found
  Context: {
  "sessionId": "00000000-0000-4000-8000-000000000000"
}

[90mstdout[2m | tests/unit/session-manager.test.ts[2m > [22m[2mSessionManager[2m > [22m[2mlistSessions[2m > [22m[2mshould list all sessions[22m[39m
[2025-11-19T04:09:53.292Z] INFO: Session created
  Context: {
  "sessionId": "1e44a83c-3e27-4df4-9c11-8bdb812f1098",
  "title": "Session 1",
  "mode": "hybrid"
}
[2025-11-19T04:09:53.292Z] INFO: Session created
  Context: {
  "sessionId": "afb7fea3-a1b3-4a67-b881-c06c3a754a45",
  "title": "Session 2",
  "mode": "hybrid"
}
[2025-11-19T04:09:53.293Z] INFO: Session created
  Context: {
  "sessionId": "0e7323b8-3c32-45e1-8c88-87645f20ab4d",
  "title": "Session 3",
  "mode": "hybrid"
}

[90mstdout[2m | tests/unit/session-manager.test.ts[2m > [22m[2mSessionManager[2m > [22m[2mdeleteSession[2m > [22m[2mshould delete a session[22m[39m
[2025-11-19T04:09:53.300Z] INFO: Session created
  Context: {
  "sessionId": "d2d488f8-8829-4995-8f92-2d245bc592b4",
  "title": "Untitled Session",
  "mode": "hybrid"
}
[2025-11-19T04:09:53.300Z] INFO: Session deleted
  Context: {
  "sessionId": "d2d488f8-8829-4995-8f92-2d245bc592b4",
  "title": "Untitled Session",
  "thoughtCount": 0
}

[90mstdout[2m | tests/unit/session-manager.test.ts[2m > [22m[2mSessionManager[2m > [22m[2mgenerateSummary[2m > [22m[2mshould generate a summary of session[22m[39m
[2025-11-19T04:09:53.302Z] INFO: Session created
  Context: {
  "sessionId": "42a7a36e-2633-4285-a45e-bad56dfa2ea2",
  "title": "Test Problem",
  "mode": "hybrid"
}
[2025-11-19T04:09:53.302Z] INFO: Session completed
  Context: {
  "sessionId": "42a7a36e-2633-4285-a45e-bad56dfa2ea2",
  "title": "Test Problem",
  "totalThoughts": 1
}

 [32m✓[39m tests/unit/session-manager.test.ts [2m ([22m[2m16 tests[22m[2m)[22m[90m 63[2mms[22m[39m
[90mstdout[2m | tests/unit/file-store.test.ts[2m > [22m[2mFileSessionStore[2m > [22m[2minitialization[2m > [22m[2mshould create necessary directories[22m[39m
[2025-11-19T04:09:55.423Z] INFO: FileSessionStore initialized
  Context: {
  "baseDir": "C:\\Users\\danie\\AppData\\Local\\Temp\\deepthinking-test-eefc1edc-2466-49f7-9f26-50f9f2ae7abf",
  "config": {
    "autoSave": true,
    "autoSaveDelay": 1000,
    "enableCompression": false,
    "maxSessions": 1000,
    "maxSessionAge": 2592000000,
    "enableEncryption": false,
    "serialization": {
      "prettyPrint": false,
      "includeMetadata": true
    }
  }
}

[90mstdout[2m | tests/unit/file-store.test.ts[2m > [22m[2mFileSessionStore[2m > [22m[2minitialization[2m > [22m[2mshould create necessary directories[22m[39m
[2025-11-19T04:09:55.434Z] INFO: FileSessionStore closed

[90mstdout[2m | tests/integration/multi-session.test.ts[2m > [22m[2mMulti-Session and Concurrent Scenarios[2m > [22m[2mMultiple Session Management[2m > [22m[2mshould create and manage multiple sessions independently[22m[39m
[2025-11-19T04:09:55.500Z] INFO: Session created
  Context: {
  "sessionId": "83d70dd1-305b-414a-8642-43d3a20ee7bd",
  "title": "Session 1",
  "mode": "sequential"
}
[2025-11-19T04:09:55.502Z] INFO: Session created
  Context: {
  "sessionId": "668aa649-c566-45be-a7c4-b4cfce5f6b17",
  "title": "Session 2",
  "mode": "shannon"
}
[2025-11-19T04:09:55.503Z] INFO: Session created
  Context: {
  "sessionId": "49fa860d-975e-48ce-a6ae-7891a945301c",
  "title": "Session 3",
  "mode": "mathematics"
}
[2025-11-19T04:09:55.503Z] INFO: Session created
  Context: {
  "sessionId": "9a149a06-9648-48b3-bd33-0b8dc0fe62f1",
  "title": "Session 4",
  "mode": "physics"
}
[2025-11-19T04:09:55.503Z] INFO: Session created
  Context: {
  "sessionId": "2ed88c63-254f-4c98-b48c-e8e38630be55",
  "title": "Session 5",
  "mode": "hybrid"
}

[90mstdout[2m | tests/integration/multi-session.test.ts[2m > [22m[2mMulti-Session and Concurrent Scenarios[2m > [22m[2mMultiple Session Management[2m > [22m[2mshould maintain session isolation (changes in one do not affect others)[22m[39m
[2025-11-19T04:09:55.511Z] INFO: Session created
  Context: {
  "sessionId": "de6668b7-38c1-4477-a775-65104be96b05",
  "title": "Isolated Session 1",
  "mode": "sequential"
}
[2025-11-19T04:09:55.511Z] INFO: Session created
  Context: {
  "sessionId": "8ff29929-f1d8-4a11-982f-78977aa8bbcc",
  "title": "Isolated Session 2",
  "mode": "sequential"
}

[90mstdout[2m | tests/integration/multi-session.test.ts[2m > [22m[2mMulti-Session and Concurrent Scenarios[2m > [22m[2mMultiple Session Management[2m > [22m[2mshould handle mode switching independently across sessions[22m[39m
[2025-11-19T04:09:55.515Z] INFO: Session created
  Context: {
  "sessionId": "afc6b710-58d7-4284-9765-7a517492fc16",
  "title": "S1",
  "mode": "sequential"
}
[2025-11-19T04:09:55.516Z] INFO: Session created
  Context: {
  "sessionId": "ce827c2b-e3f0-4c19-9254-628c355f4184",
  "title": "S2",
  "mode": "sequential"
}
[2025-11-19T04:09:55.516Z] INFO: Session created
  Context: {
  "sessionId": "29aa8450-ba3b-436b-8f8a-14b1a76c6aa1",
  "title": "S3",
  "mode": "sequential"
}
[2025-11-19T04:09:55.516Z] INFO: Session mode switched
  Context: {
  "sessionId": "afc6b710-58d7-4284-9765-7a517492fc16",
  "oldMode": "sequential",
  "newMode": "mathematics",
  "reason": "Switch to math"
}
[2025-11-19T04:09:55.517Z] INFO: Session mode switched
  Context: {
  "sessionId": "ce827c2b-e3f0-4c19-9254-628c355f4184",
  "oldMode": "sequential",
  "newMode": "physics",
  "reason": "Switch to physics"
}

[90mstdout[2m | tests/integration/multi-session.test.ts[2m > [22m[2mMulti-Session and Concurrent Scenarios[2m > [22m[2mMultiple Session Management[2m > [22m[2mshould handle completion status independently across sessions[22m[39m
[2025-11-19T04:09:55.518Z] INFO: Session created
  Context: {
  "sessionId": "5488db1a-b7f9-480d-ae99-f83fce56b0da",
  "title": "S1",
  "mode": "sequential"
}
[2025-11-19T04:09:55.518Z] INFO: Session created
  Context: {
  "sessionId": "e03987ee-2f95-41b9-af0d-bd4a5151033c",
  "title": "S2",
  "mode": "sequential"
}
[2025-11-19T04:09:55.518Z] INFO: Session completed
  Context: {
  "sessionId": "5488db1a-b7f9-480d-ae99-f83fce56b0da",
  "title": "S1",
  "totalThoughts": 1
}

[90mstdout[2m | tests/integration/multi-session.test.ts[2m > [22m[2mMulti-Session and Concurrent Scenarios[2m > [22m[2mConcurrent Operations on Same Session[2m > [22m[2mshould handle concurrent thought additions to same session[22m[39m
[2025-11-19T04:09:55.520Z] INFO: Session created
  Context: {
  "sessionId": "d92ef9bc-efcd-415d-bf89-230ed6bdb9cf",
  "title": "Concurrent Test",
  "mode": "sequential"
}
[2025-11-19T04:09:55.521Z] INFO: Session completed
  Context: {
  "sessionId": "d92ef9bc-efcd-415d-bf89-230ed6bdb9cf",
  "title": "Concurrent Test",
  "totalThoughts": 3
}

[90mstdout[2m | tests/integration/multi-session.test.ts[2m > [22m[2mMulti-Session and Concurrent Scenarios[2m > [22m[2mConcurrent Operations on Same Session[2m > [22m[2mshould handle concurrent retrieval of same session[22m[39m
[2025-11-19T04:09:55.522Z] INFO: Session created
  Context: {
  "sessionId": "cff42f8e-f7ba-4e5c-8315-85052ec94753",
  "title": "Concurrent Retrieval",
  "mode": "sequential"
}

[90mstdout[2m | tests/integration/multi-session.test.ts[2m > [22m[2mMulti-Session and Concurrent Scenarios[2m > [22m[2mConcurrent Operations on Same Session[2m > [22m[2mshould handle concurrent mode switches on same session[22m[39m
[2025-11-19T04:09:55.523Z] INFO: Session created
  Context: {
  "sessionId": "29481d48-650f-4292-b040-b370ec73aeca",
  "title": "Mode Switch Race",
  "mode": "sequential"
}
[2025-11-19T04:09:55.523Z] INFO: Session mode switched
  Context: {
  "sessionId": "29481d48-650f-4292-b040-b370ec73aeca",
  "oldMode": "sequential",
  "newMode": "mathematics",
  "reason": "Switch 1"
}
[2025-11-19T04:09:55.523Z] INFO: Session mode switched
  Context: {
  "sessionId": "29481d48-650f-4292-b040-b370ec73aeca",
  "oldMode": "mathematics",
  "newMode": "physics",
  "reason": "Switch 2"
}
[2025-11-19T04:09:55.523Z] INFO: Session mode switched
  Context: {
  "sessionId": "29481d48-650f-4292-b040-b370ec73aeca",
  "oldMode": "physics",
  "newMode": "hybrid",
  "reason": "Switch 3"
}

[90mstdout[2m | tests/integration/multi-session.test.ts[2m > [22m[2mMulti-Session and Concurrent Scenarios[2m > [22m[2mConcurrent Operations Across Different Sessions[2m > [22m[2mshould handle concurrent operations on different sessions[22m[39m
[2025-11-19T04:09:55.526Z] INFO: Session created
  Context: {
  "sessionId": "6793d746-a361-4baa-8d36-145361d716f5",
  "title": "S1",
  "mode": "sequential"
}
[2025-11-19T04:09:55.580Z] INFO: Session created
  Context: {
  "sessionId": "eafe8c3d-2421-4743-91ff-6e1d41096bb5",
  "title": "S2",
  "mode": "shannon"
}
[2025-11-19T04:09:55.580Z] INFO: Session created
  Context: {
  "sessionId": "664e4122-9e63-4e76-844d-38d8a578716f",
  "title": "S3",
  "mode": "mathematics"
}
[2025-11-19T04:09:55.580Z] INFO: Session completed
  Context: {
  "sessionId": "6793d746-a361-4baa-8d36-145361d716f5",
  "title": "S1",
  "totalThoughts": 1
}
[2025-11-19T04:09:55.580Z] INFO: Session mode switched
  Context: {
  "sessionId": "eafe8c3d-2421-4743-91ff-6e1d41096bb5",
  "oldMode": "shannon",
  "newMode": "physics",
  "reason": "Switch mode"
}

[90mstdout[2m | tests/integration/multi-session.test.ts[2m > [22m[2mMulti-Session and Concurrent Scenarios[2m > [22m[2mConcurrent Operations Across Different Sessions[2m > [22m[2mshould handle concurrent session creation[22m[39m
[2025-11-19T04:09:55.582Z] INFO: Session created
  Context: {
  "sessionId": "de371b7d-1686-461b-8582-b825108e71e3",
  "title": "Session 1",
  "mode": "sequential"
}
[2025-11-19T04:09:55.582Z] INFO: Session created
  Context: {
  "sessionId": "c3072712-c64d-42d6-aec0-d996ea1147f8",
  "title": "Session 2",
  "mode": "sequential"
}
[2025-11-19T04:09:55.582Z] INFO: Session created
  Context: {
  "sessionId": "ea7bd1aa-0ea0-494b-920e-014a093a2de0",
  "title": "Session 3",
  "mode": "sequential"
}
[2025-11-19T04:09:55.582Z] INFO: Session created
  Context: {
  "sessionId": "9afd7065-dd39-4d9b-95ca-38b71f378229",
  "title": "Session 4",
  "mode": "sequential"
}
[2025-11-19T04:09:55.582Z] INFO: Session created
  Context: {
  "sessionId": "5a314cd0-015c-45ff-8a26-6715b002ed4b",
  "title": "Session 5",
  "mode": "sequential"
}
[2025-11-19T04:09:55.582Z] INFO: Session created
  Context: {
  "sessionId": "a5af21cf-0220-4939-90df-33c7c87730b0",
  "title": "Session 6",
  "mode": "sequential"
}
[2025-11-19T04:09:55.582Z] INFO: Session created
  Context: {
  "sessionId": "37f90db1-bb44-451f-9540-f461aaf78c88",
  "title": "Session 7",
  "mode": "sequential"
}
[2025-11-19T04:09:55.583Z] INFO: Session created
  Context: {
  "sessionId": "cf467fb0-a931-475b-9ff6-ea9266a4c8c4",
  "title": "Session 8",
  "mode": "sequential"
}
[2025-11-19T04:09:55.583Z] INFO: Session created
  Context: {
  "sessionId": "465fce45-4b99-487f-babc-9916ec06a5ad",
  "title": "Session 9",
  "mode": "sequential"
}
[2025-11-19T04:09:55.583Z] INFO: Session created
  Context: {
  "sessionId": "4ea86fb6-45ba-4003-ad23-687eea7dc854",
  "title": "Session 10",
  "mode": "sequential"
}
[2025-11-19T04:09:55.583Z] INFO: Session created
  Context: {
  "sessionId": "bfec5402-1ae3-4210-afb2-1f9b9f56de04",
  "title": "Session 11",
  "mode": "sequential"
}
[2025-11-19T04:09:55.583Z] INFO: Session created
  Context: {
  "sessionId": "fd43b2d7-5083-4da2-8f96-4c9d0506d95d",
  "title": "Session 12",
  "mode": "sequential"
}
[2025-11-19T04:09:55.583Z] INFO: Session created
  Context: {
  "sessionId": "4007491e-694a-4e97-9726-92d57231cded",
  "title": "Session 13",
  "mode": "sequential"
}
[2025-11-19T04:09:55.583Z] INFO: Session created
  Context: {
  "sessionId": "ebe244e2-af57-44da-9df9-8b31a29259eb",
  "title": "Session 14",
  "mode": "sequential"
}
[2025-11-19T04:09:55.583Z] INFO: Session created
  Context: {
  "sessionId": "62d7c52b-9af8-4d01-afd1-32698dc683d4",
  "title": "Session 15",
  "mode": "sequential"
}
[2025-11-19T04:09:55.583Z] INFO: Session created
  Context: {
  "sessionId": "f7876a47-2485-4028-9783-24c066946d36",
  "title": "Session 16",
  "mode": "sequential"
}
[2025-11-19T04:09:55.583Z] INFO: Session created
  Context: {
  "sessionId": "02ece678-d49e-4f23-9d30-bfc67ec6fb5a",
  "title": "Session 17",
  "mode": "sequential"
}
[2025-11-19T04:09:55.583Z] INFO: Session created
  Context: {
  "sessionId": "cb903874-0675-47f6-a7a6-21a4fa1158ec",
  "title": "Session 18",
  "mode": "sequential"
}
[2025-11-19T04:09:55.583Z] INFO: Session created
  Context: {
  "sessionId": "0ef976a1-066d-4710-8a63-519e161f21f0",
  "title": "Session 19",
  "mode": "sequential"
}
[2025-11-19T04:09:55.583Z] INFO: Session created
  Context: {
  "sessionId": "b2368411-6b3e-4cb7-88cc-12aedda2f4ef",
  "title": "Session 20",
  "mode": "sequential"
}

[90mstdout[2m | tests/integration/multi-session.test.ts[2m > [22m[2mMulti-Session and Concurrent Scenarios[2m > [22m[2mConcurrent Operations Across Different Sessions[2m > [22m[2mshould handle concurrent summary generation for different sessions[22m[39m
[2025-11-19T04:09:55.585Z] INFO: Session created
  Context: {
  "sessionId": "f2edb13f-349e-40ca-8e26-3eef4b281e71",
  "title": "S1",
  "mode": "sequential"
}
[2025-11-19T04:09:55.585Z] INFO: Session created
  Context: {
  "sessionId": "44420a92-90d1-49eb-8513-fb007a41f85b",
  "title": "S2",
  "mode": "sequential"
}
[2025-11-19T04:09:55.585Z] INFO: Session created
  Context: {
  "sessionId": "00bf6d51-c80a-4f2d-b023-67d0cbceb0d2",
  "title": "S3",
  "mode": "sequential"
}
[2025-11-19T04:09:55.586Z] INFO: Session completed
  Context: {
  "sessionId": "f2edb13f-349e-40ca-8e26-3eef4b281e71",
  "title": "S1",
  "totalThoughts": 1
}
[2025-11-19T04:09:55.586Z] INFO: Session completed
  Context: {
  "sessionId": "44420a92-90d1-49eb-8513-fb007a41f85b",
  "title": "S2",
  "totalThoughts": 1
}
[2025-11-19T04:09:55.586Z] INFO: Session completed
  Context: {
  "sessionId": "00bf6d51-c80a-4f2d-b023-67d0cbceb0d2",
  "title": "S3",
  "totalThoughts": 1
}

[90mstdout[2m | tests/integration/multi-session.test.ts[2m > [22m[2mMulti-Session and Concurrent Scenarios[2m > [22m[2mResource Management with Many Sessions[2m > [22m[2mshould handle creation of many sessions[22m[39m
[2025-11-19T04:09:55.588Z] INFO: Session created
  Context: {
  "sessionId": "13ef27cf-b1ac-4b4a-b649-1908ddcabb11",
  "title": "Session 1",
  "mode": "sequential"
}
[2025-11-19T04:09:55.588Z] INFO: Session created
  Context: {
  "sessionId": "c96d4ff6-6d55-44d2-9e2a-389c90b2939a",
  "title": "Session 2",
  "mode": "sequential"
}
[2025-11-19T04:09:55.589Z] INFO: Session created
  Context: {
  "sessionId": "512cc579-38b2-415a-961c-eef0b50cabd5",
  "title": "Session 3",
  "mode": "sequential"
}
[2025-11-19T04:09:55.589Z] INFO: Session created
  Context: {
  "sessionId": "9eb51c7d-e11c-4b47-a0ca-f951b9ab7987",
  "title": "Session 4",
  "mode": "sequential"
}
[2025-11-19T04:09:55.589Z] INFO: Session created
  Context: {
  "sessionId": "845097f5-cbd4-401d-8834-b9c8045f58d6",
  "title": "Session 5",
  "mode": "sequential"
}
[2025-11-19T04:09:55.589Z] INFO: Session created
  Context: {
  "sessionId": "9513d83f-a619-4759-b3bf-340c7bf83d95",
  "title": "Session 6",
  "mode": "sequential"
}
[2025-11-19T04:09:55.589Z] INFO: Session created
  Context: {
  "sessionId": "61f6ebe5-986f-4115-ae46-a5033ea275f4",
  "title": "Session 7",
  "mode": "sequential"
}
[2025-11-19T04:09:55.589Z] INFO: Session created
  Context: {
  "sessionId": "16169587-6921-4e0c-9491-1d77321a303d",
  "title": "Session 8",
  "mode": "sequential"
}
[2025-11-19T04:09:55.589Z] INFO: Session created
  Context: {
  "sessionId": "e8a1f787-da5b-4449-990e-be746256b89a",
  "title": "Session 9",
  "mode": "sequential"
}
[2025-11-19T04:09:55.589Z] INFO: Session created
  Context: {
  "sessionId": "db5ee350-6f0d-4063-a266-4397835d0e12",
  "title": "Session 10",
  "mode": "sequential"
}
[2025-11-19T04:09:55.589Z] INFO: Session created
  Context: {
  "sessionId": "cd9e0a6a-d57c-4c67-8811-9afd575f7fc2",
  "title": "Session 11",
  "mode": "sequential"
}
[2025-11-19T04:09:55.589Z] INFO: Session created
  Context: {
  "sessionId": "7245aa92-9e1f-4ac8-ac91-368edced015a",
  "title": "Session 12",
  "mode": "sequential"
}
[2025-11-19T04:09:55.590Z] INFO: Session created
  Context: {
  "sessionId": "3ed6e7ed-f43b-4581-b831-0885da30ba8f",
  "title": "Session 13",
  "mode": "sequential"
}
[2025-11-19T04:09:55.590Z] INFO: Session created
  Context: {
  "sessionId": "e6394e45-8d32-4cac-9a2c-34199e8b7c1b",
  "title": "Session 14",
  "mode": "sequential"
}
[2025-11-19T04:09:55.590Z] INFO: Session created
  Context: {
  "sessionId": "a363b043-1f71-48a3-a68d-5c7f9beba539",
  "title": "Session 15",
  "mode": "sequential"
}
[2025-11-19T04:09:55.590Z] INFO: Session created
  Context: {
  "sessionId": "9f4f9c09-90fb-4a6e-8a8b-8a6c2408b2eb",
  "title": "Session 16",
  "mode": "sequential"
}
[2025-11-19T04:09:55.590Z] INFO: Session created
  Context: {
  "sessionId": "1db4ba7f-4680-4acb-bc36-36ae9fb6fad3",
  "title": "Session 17",
  "mode": "sequential"
}
[2025-11-19T04:09:55.590Z] INFO: Session created
  Context: {
  "sessionId": "5a6fc303-33d3-4284-8330-11d12ff252c9",
  "title": "Session 18",
  "mode": "sequential"
}
[2025-11-19T04:09:55.590Z] INFO: Session created
  Context: {
  "sessionId": "23909396-f359-47da-b3f7-cb46fbc364be",
  "title": "Session 19",
  "mode": "sequential"
}
[2025-11-19T04:09:55.590Z] INFO: Session created
  Context: {
  "sessionId": "bb23e8f7-9b3f-4519-a04f-503f2b458f7e",
  "title": "Session 20",
  "mode": "sequential"
}
[2025-11-19T04:09:55.590Z] INFO: Session created
  Context: {
  "sessionId": "da244fb8-e298-49a0-85f6-a722ce5df871",
  "title": "Session 21",
  "mode": "sequential"
}
[2025-11-19T04:09:55.590Z] INFO: Session created
  Context: {
  "sessionId": "337b08f9-5cea-4cb5-bec2-a35e7958c071",
  "title": "Session 22",
  "mode": "sequential"
}
[2025-11-19T04:09:55.590Z] INFO: Session created
  Context: {
  "sessionId": "698838d8-2573-449a-8e67-427641de2389",
  "title": "Session 23",
  "mode": "sequential"
}
[2025-11-19T04:09:55.590Z] INFO: Session created
  Context: {
  "sessionId": "7bcfc548-1bdc-41f7-bc65-f0fee49f1a66",
  "title": "Session 24",
  "mode": "sequential"
}
[2025-11-19T04:09:55.590Z] INFO: Session created
  Context: {
  "sessionId": "3ebb5b4b-6b50-4481-9150-96c9c8b05376",
  "title": "Session 25",
  "mode": "sequential"
}
[2025-11-19T04:09:55.590Z] INFO: Session created
  Context: {
  "sessionId": "9b740a37-9293-4eec-8a0f-a55cba103b4a",
  "title": "Session 26",
  "mode": "sequential"
}
[2025-11-19T04:09:55.591Z] INFO: Session created
  Context: {
  "sessionId": "a058997d-5e73-4909-b7c7-6338ac4e10ec",
  "title": "Session 27",
  "mode": "sequential"
}
[2025-11-19T04:09:55.591Z] INFO: Session created
  Context: {
  "sessionId": "c65c124b-c558-4328-92df-fa514817ac14",
  "title": "Session 28",
  "mode": "sequential"
}
[2025-11-19T04:09:55.591Z] INFO: Session created
  Context: {
  "sessionId": "dff51bd3-8023-43b6-bbde-06891c6e4e96",
  "title": "Session 29",
  "mode": "sequential"
}
[2025-11-19T04:09:55.591Z] INFO: Session created
  Context: {
  "sessionId": "c33e9e50-52a7-49bb-9400-97501700d305",
  "title": "Session 30",
  "mode": "sequential"
}
[2025-11-19T04:09:55.591Z] INFO: Session created
  Context: {
  "sessionId": "cf92a773-8022-4b30-a05b-ba53b81fe70a",
  "title": "Session 31",
  "mode": "sequential"
}
[2025-11-19T04:09:55.591Z] INFO: Session created
  Context: {
  "sessionId": "91a6c918-e35f-4fa6-97aa-94ec359b0dd1",
  "title": "Session 32",
  "mode": "sequential"
}
[2025-11-19T04:09:55.591Z] INFO: Session created
  Context: {
  "sessionId": "1b46d6e0-c1c8-48f0-b64f-0864373c9f2e",
  "title": "Session 33",
  "mode": "sequential"
}
[2025-11-19T04:09:55.591Z] INFO: Session created
  Context: {
  "sessionId": "595e07ee-b9d2-4366-838e-142a5c358f59",
  "title": "Session 34",
  "mode": "sequential"
}
[2025-11-19T04:09:55.591Z] INFO: Session created
  Context: {
  "sessionId": "6aa5e7dd-512a-48d8-a88a-b17e4bf0492f",
  "title": "Session 35",
  "mode": "sequential"
}
[2025-11-19T04:09:55.591Z] INFO: Session created
  Context: {
  "sessionId": "912ec26e-0702-4672-88b8-e76dad7cad9d",
  "title": "Session 36",
  "mode": "sequential"
}
[2025-11-19T04:09:55.591Z] INFO: Session created
  Context: {
  "sessionId": "7dfedd00-d0e8-4e0f-a4c1-19b798da2088",
  "title": "Session 37",
  "mode": "sequential"
}
[2025-11-19T04:09:55.591Z] INFO: Session created
  Context: {
  "sessionId": "4c78f1ea-95ab-42cf-a3ab-ce517e80a526",
  "title": "Session 38",
  "mode": "sequential"
}
[2025-11-19T04:09:55.591Z] INFO: Session created
  Context: {
  "sessionId": "421113c2-f422-40ed-8843-088cb848f890",
  "title": "Session 39",
  "mode": "sequential"
}
[2025-11-19T04:09:55.591Z] INFO: Session created
  Context: {
  "sessionId": "834fa91b-798f-4c5d-9e5f-a9532b815bcb",
  "title": "Session 40",
  "mode": "sequential"
}
[2025-11-19T04:09:55.592Z] INFO: Session created
  Context: {
  "sessionId": "34edef8d-f3d8-49d8-a725-0016b5579268",
  "title": "Session 41",
  "mode": "sequential"
}
[2025-11-19T04:09:55.592Z] INFO: Session created
  Context: {
  "sessionId": "6aa50496-0b61-471b-939f-b9cf41c74e45",
  "title": "Session 42",
  "mode": "sequential"
}
[2025-11-19T04:09:55.592Z] INFO: Session created
  Context: {
  "sessionId": "9797e1de-5980-4ac6-88ea-7bcdc7950bba",
  "title": "Session 43",
  "mode": "sequential"
}
[2025-11-19T04:09:55.592Z] INFO: Session created
  Context: {
  "sessionId": "7678a314-4fc1-44bd-bd45-98838b53e167",
  "title": "Session 44",
  "mode": "sequential"
}
[2025-11-19T04:09:55.592Z] INFO: Session created
  Context: {
  "sessionId": "a6869f57-702f-4460-b431-cec5c314c3cd",
  "title": "Session 45",
  "mode": "sequential"
}
[2025-11-19T04:09:55.592Z] INFO: Session created
  Context: {
  "sessionId": "b5ed1071-6186-4b1f-8d39-697d72152196",
  "title": "Session 46",
  "mode": "sequential"
}
[2025-11-19T04:09:55.592Z] INFO: Session created
  Context: {
  "sessionId": "641febd5-8966-4e96-be54-e4aab2073a36",
  "title": "Session 47",
  "mode": "sequential"
}
[2025-11-19T04:09:55.592Z] INFO: Session created
  Context: {
  "sessionId": "4beae1a3-d8ea-47af-812b-c94de2e7fa88",
  "title": "Session 48",
  "mode": "sequential"
}
[2025-11-19T04:09:55.592Z] INFO: Session created
  Context: {
  "sessionId": "f423b410-d1eb-472c-b947-9c49da2c6f09",
  "title": "Session 49",
  "mode": "sequential"
}
[2025-11-19T04:09:55.592Z] INFO: Session created
  Context: {
  "sessionId": "a7312f17-6af4-43ad-ba64-5e2c251c37f5",
  "title": "Session 50",
  "mode": "sequential"
}

[90mstdout[2m | tests/integration/multi-session.test.ts[2m > [22m[2mMulti-Session and Concurrent Scenarios[2m > [22m[2mResource Management with Many Sessions[2m > [22m[2mshould retrieve sessions efficiently with many active sessions[22m[39m
[2025-11-19T04:09:55.593Z] INFO: Session created
  Context: {
  "sessionId": "e0afb964-6660-40bb-99b6-488a7d5e9efe",
  "title": "Session 1",
  "mode": "sequential"
}
[2025-11-19T04:09:55.594Z] INFO: Session created
  Context: {
  "sessionId": "6547a3bb-022a-4336-be78-f995fddcc8f3",
  "title": "Session 2",
  "mode": "sequential"
}
[2025-11-19T04:09:55.594Z] INFO: Session created
  Context: {
  "sessionId": "8a297f41-de9c-42a2-8e83-40e8eb3e5534",
  "title": "Session 3",
  "mode": "sequential"
}
[2025-11-19T04:09:55.594Z] INFO: Session created
  Context: {
  "sessionId": "9dcc7b51-2acb-45f8-8c19-fb6d68575933",
  "title": "Session 4",
  "mode": "sequential"
}
[2025-11-19T04:09:55.594Z] INFO: Session created
  Context: {
  "sessionId": "0d1f32d5-7cd3-4db8-9f4c-20fec7b4b1aa",
  "title": "Session 5",
  "mode": "sequential"
}
[2025-11-19T04:09:55.594Z] INFO: Session created
  Context: {
  "sessionId": "d202dc6d-12b9-4dac-a808-d3165af081d8",
  "title": "Session 6",
  "mode": "sequential"
}
[2025-11-19T04:09:55.594Z] INFO: Session created
  Context: {
  "sessionId": "d86e95b2-b7f7-4ee2-9d14-9352fe53cbdb",
  "title": "Session 7",
  "mode": "sequential"
}
[2025-11-19T04:09:55.594Z] INFO: Session created
  Context: {
  "sessionId": "1bd262d9-4590-464e-834a-ddee0a53faa3",
  "title": "Session 8",
  "mode": "sequential"
}
[2025-11-19T04:09:55.594Z] INFO: Session created
  Context: {
  "sessionId": "b0a0cd24-1022-4798-88c1-1f5289341062",
  "title": "Session 9",
  "mode": "sequential"
}
[2025-11-19T04:09:55.594Z] INFO: Session created
  Context: {
  "sessionId": "eb0fe92a-90bd-43a8-b95f-bcad8af854b8",
  "title": "Session 10",
  "mode": "sequential"
}

[90mstdout[2m | tests/integration/multi-session.test.ts[2m > [22m[2mMulti-Session and Concurrent Scenarios[2m > [22m[2mResource Management with Many Sessions[2m > [22m[2mshould list all sessions when many exist[22m[39m
[2025-11-19T04:09:55.596Z] INFO: Session created
  Context: {
  "sessionId": "11159fbf-29fc-4705-beb9-fa1a594bc9a7",
  "title": "Session 1",
  "mode": "sequential"
}
[2025-11-19T04:09:55.596Z] INFO: Session created
  Context: {
  "sessionId": "711c3a9a-0574-4ece-b8ae-37db6662093b",
  "title": "Session 2",
  "mode": "sequential"
}
[2025-11-19T04:09:55.596Z] INFO: Session created
  Context: {
  "sessionId": "6650fb46-2427-4e52-b6a1-2fee1bd6bc72",
  "title": "Session 3",
  "mode": "sequential"
}
[2025-11-19T04:09:55.596Z] INFO: Session created
  Context: {
  "sessionId": "a2f0ee5d-0772-4025-916d-108db45c87f6",
  "title": "Session 4",
  "mode": "sequential"
}
[2025-11-19T04:09:55.596Z] INFO: Session created
  Context: {
  "sessionId": "eaf4f30a-1f38-4f10-8795-f5fe64f59117",
  "title": "Session 5",
  "mode": "sequential"
}
[2025-11-19T04:09:55.596Z] INFO: Session created
  Context: {
  "sessionId": "4dcc179b-3c8a-48f5-9f3a-abbabb42ec86",
  "title": "Session 6",
  "mode": "sequential"
}
[2025-11-19T04:09:55.597Z] INFO: Session created
  Context: {
  "sessionId": "3721592d-3598-4b08-99b2-7b3cf26431a8",
  "title": "Session 7",
  "mode": "sequential"
}
[2025-11-19T04:09:55.597Z] INFO: Session created
  Context: {
  "sessionId": "c024dbb5-5054-4a8a-9ae6-38d79cf7357b",
  "title": "Session 8",
  "mode": "sequential"
}
[2025-11-19T04:09:55.597Z] INFO: Session created
  Context: {
  "sessionId": "b2d29a94-b40c-478b-9cfc-53b034d88732",
  "title": "Session 9",
  "mode": "sequential"
}
[2025-11-19T04:09:55.597Z] INFO: Session created
  Context: {
  "sessionId": "84545ce9-fb72-40f7-9c10-b7a31a5648f3",
  "title": "Session 10",
  "mode": "sequential"
}
[2025-11-19T04:09:55.597Z] INFO: Session created
  Context: {
  "sessionId": "9e88158e-3177-49f4-8f76-b411db2871f5",
  "title": "Session 11",
  "mode": "sequential"
}
[2025-11-19T04:09:55.597Z] INFO: Session created
  Context: {
  "sessionId": "4822b80a-e510-4f65-8c76-963bfec2c755",
  "title": "Session 12",
  "mode": "sequential"
}
[2025-11-19T04:09:55.597Z] INFO: Session created
  Context: {
  "sessionId": "7ec44c81-5328-4edc-b56a-5329d6cdbd15",
  "title": "Session 13",
  "mode": "sequential"
}
[2025-11-19T04:09:55.597Z] INFO: Session created
  Context: {
  "sessionId": "7830f47e-07d5-4b5d-b56d-358f96191d25",
  "title": "Session 14",
  "mode": "sequential"
}
[2025-11-19T04:09:55.597Z] INFO: Session created
  Context: {
  "sessionId": "e0085ce7-253b-4f58-b1d4-5742bcd60fe9",
  "title": "Session 15",
  "mode": "sequential"
}

[90mstdout[2m | tests/integration/multi-session.test.ts[2m > [22m[2mMulti-Session and Concurrent Scenarios[2m > [22m[2mSession State Consistency[2m > [22m[2mshould maintain consistent thought count across concurrent additions[22m[39m
[2025-11-19T04:09:55.599Z] INFO: Session created
  Context: {
  "sessionId": "b4595beb-bb6e-449e-8d03-a8bfa18f67c5",
  "title": "Consistency Test",
  "mode": "sequential"
}
[2025-11-19T04:09:55.600Z] INFO: Session completed
  Context: {
  "sessionId": "b4595beb-bb6e-449e-8d03-a8bfa18f67c5",
  "title": "Consistency Test",
  "totalThoughts": 10
}

[90mstdout[2m | tests/integration/multi-session.test.ts[2m > [22m[2mMulti-Session and Concurrent Scenarios[2m > [22m[2mSession State Consistency[2m > [22m[2mshould maintain correct status after concurrent operations[22m[39m
[2025-11-19T04:09:55.601Z] INFO: Session created
  Context: {
  "sessionId": "8daac9bb-6587-4468-b753-7414ced05279",
  "title": "Status Test",
  "mode": "sequential"
}
[2025-11-19T04:09:55.601Z] INFO: Session completed
  Context: {
  "sessionId": "8daac9bb-6587-4468-b753-7414ced05279",
  "title": "Status Test",
  "totalThoughts": 1
}

[90mstdout[2m | tests/integration/multi-session.test.ts[2m > [22m[2mMulti-Session and Concurrent Scenarios[2m > [22m[2mSession State Consistency[2m > [22m[2mshould handle concurrent thought additions with proper sequencing[22m[39m
[2025-11-19T04:09:55.602Z] INFO: Session created
  Context: {
  "sessionId": "247d481a-645d-49cf-97ab-7372d85164bd",
  "title": "Sequence Test",
  "mode": "sequential"
}

[90mstdout[2m | tests/integration/multi-session.test.ts[2m > [22m[2mMulti-Session and Concurrent Scenarios[2m > [22m[2mError Handling in Concurrent Scenarios[2m > [22m[2mshould handle mixed success/failure scenarios gracefully[22m[39m
[2025-11-19T04:09:55.612Z] INFO: Session created
  Context: {
  "sessionId": "dbfca805-82bd-432a-8a30-0e641f538385",
  "title": "Mixed Test",
  "mode": "sequential"
}

 [32m✓[39m tests/integration/multi-session.test.ts [2m ([22m[2m18 tests[22m[2m)[22m[90m 119[2mms[22m[39m
[90mstdout[2m | tests/unit/file-store.test.ts[2m > [22m[2mFileSessionStore[2m > [22m[2minitialization[2m > [22m[2mshould handle multiple initialization calls[22m[39m
[2025-11-19T04:09:56.005Z] INFO: FileSessionStore initialized
  Context: {
  "baseDir": "C:\\Users\\danie\\AppData\\Local\\Temp\\deepthinking-test-62ab2e4b-fc42-4793-bc48-56170db9d8bd",
  "config": {
    "autoSave": true,
    "autoSaveDelay": 1000,
    "enableCompression": false,
    "maxSessions": 1000,
    "maxSessionAge": 2592000000,
    "enableEncryption": false,
    "serialization": {
      "prettyPrint": false,
      "includeMetadata": true
    }
  }
}
[2025-11-19T04:09:56.005Z] INFO: FileSessionStore closed

[90mstdout[2m | tests/integration/mcp-protocol.test.ts[2m > [22m[2mMCP Protocol Compliance[2m > [22m[2mMCP Response Format Compliance[2m > [22m[2mshould return MCP-compliant response for successful operation[22m[39m
[2025-11-19T04:09:55.959Z] INFO: Session created
  Context: {
  "sessionId": "8fe23928-85bc-4962-a7a5-87cb4609a023",
  "title": "Test Session",
  "mode": "sequential"
}

 [32m✓[39m tests/integration/mcp-protocol.test.ts [2m ([22m[2m43 tests[22m[2m)[22m[90m 293[2mms[22m[39m
[90mstdout[2m | tests/unit/file-store.test.ts[2m > [22m[2mFileSessionStore[2m > [22m[2msaveSession[2m > [22m[2mshould save a session to disk[22m[39m
[2025-11-19T04:09:56.628Z] INFO: FileSessionStore initialized
  Context: {
  "baseDir": "C:\\Users\\danie\\AppData\\Local\\Temp\\deepthinking-test-7908ee33-4cbd-4b81-af87-aabb1f3ce59c",
  "config": {
    "autoSave": true,
    "autoSaveDelay": 1000,
    "enableCompression": false,
    "maxSessions": 1000,
    "maxSessionAge": 2592000000,
    "enableEncryption": false,
    "serialization": {
      "prettyPrint": false,
      "includeMetadata": true
    }
  }
}

[90mstderr[2m | tests/integration/error-handling.test.ts[2m > [22m[2mError Handling and Edge Cases[2m > [22m[2mInvalid Session Operations[2m > [22m[2mshould throw error for non-existent session ID[22m[39m
[2025-11-19T04:09:56.565Z] ERROR: Session not found
  Context: {
  "sessionId": "00000000-0000-4000-8000-000000000000"
}

[90mstdout[2m | tests/integration/error-handling.test.ts[2m > [22m[2mError Handling and Edge Cases[2m > [22m[2mInvalid Session Operations[2m > [22m[2mshould handle session deletion idempotently[22m[39m
[2025-11-19T04:09:56.576Z] INFO: Session created
  Context: {
  "sessionId": "a1d6b1f3-e07f-4479-9a5d-e5686fca998c",
  "title": "Test",
  "mode": "hybrid"
}
[2025-11-19T04:09:56.577Z] INFO: Session deleted
  Context: {
  "sessionId": "a1d6b1f3-e07f-4479-9a5d-e5686fca998c",
  "title": "Test",
  "thoughtCount": 0
}

[90mstderr[2m | tests/integration/error-handling.test.ts[2m > [22m[2mError Handling and Edge Cases[2m > [22m[2mInvalid Session Operations[2m > [22m[2mshould handle session deletion idempotently[22m[39m
[2025-11-19T04:09:56.577Z] WARN: Attempted to delete non-existent session from memory
  Context: {
  "sessionId": "a1d6b1f3-e07f-4479-9a5d-e5686fca998c"
}

[90mstdout[2m | tests/integration/error-handling.test.ts[2m > [22m[2mError Handling and Edge Cases[2m > [22m[2mValidation Errors[2m > [22m[2mshould accept thoughts with missing fields (lenient validation)[22m[39m
[2025-11-19T04:09:56.579Z] INFO: Session created
  Context: {
  "sessionId": "6f07cedf-520f-4b0f-8274-4ac2a2239583",
  "title": "Untitled Session",
  "mode": "hybrid"
}
[2025-11-19T04:09:56.581Z] INFO: Session completed
  Context: {
  "sessionId": "6f07cedf-520f-4b0f-8274-4ac2a2239583",
  "title": "Untitled Session",
  "totalThoughts": 1
}

[90mstdout[2m | tests/integration/error-handling.test.ts[2m > [22m[2mError Handling and Edge Cases[2m > [22m[2mValidation Errors[2m > [22m[2mshould accept invalid uncertainty values (lenient validation)[22m[39m
[2025-11-19T04:09:56.583Z] INFO: Session created
  Context: {
  "sessionId": "830ffc17-298b-480b-8be4-0dda791b8936",
  "title": "Untitled Session",
  "mode": "hybrid"
}
[2025-11-19T04:09:56.583Z] INFO: Session completed
  Context: {
  "sessionId": "830ffc17-298b-480b-8be4-0dda791b8936",
  "title": "Untitled Session",
  "totalThoughts": 1
}

[90mstdout[2m | tests/integration/error-handling.test.ts[2m > [22m[2mError Handling and Edge Cases[2m > [22m[2mValidation Errors[2m > [22m[2mshould accept negative thought numbers (lenient validation)[22m[39m
[2025-11-19T04:09:56.584Z] INFO: Session created
  Context: {
  "sessionId": "543df8b0-5b7d-4585-a458-7c56a6aa5f39",
  "title": "Untitled Session",
  "mode": "hybrid"
}
[2025-11-19T04:09:56.585Z] INFO: Session completed
  Context: {
  "sessionId": "543df8b0-5b7d-4585-a458-7c56a6aa5f39",
  "title": "Untitled Session",
  "totalThoughts": 1
}

[90mstdout[2m | tests/integration/error-handling.test.ts[2m > [22m[2mError Handling and Edge Cases[2m > [22m[2mValidation Errors[2m > [22m[2mshould accept zero thought numbers (lenient validation)[22m[39m
[2025-11-19T04:09:56.603Z] INFO: Session created
  Context: {
  "sessionId": "f2f5bd53-6e2f-4256-9fa5-e9a8c001fd68",
  "title": "Untitled Session",
  "mode": "hybrid"
}
[2025-11-19T04:09:56.603Z] INFO: Session completed
  Context: {
  "sessionId": "f2f5bd53-6e2f-4256-9fa5-e9a8c001fd68",
  "title": "Untitled Session",
  "totalThoughts": 1
}

[90mstdout[2m | tests/integration/error-handling.test.ts[2m > [22m[2mError Handling and Edge Cases[2m > [22m[2mValidation Errors[2m > [22m[2mshould accept invalid mode values (lenient validation)[22m[39m
[2025-11-19T04:09:56.604Z] INFO: Session created
  Context: {
  "sessionId": "db6aeaa9-68dd-41ea-8a0e-bf12621bd103",
  "title": "Untitled Session",
  "mode": "invalid_mode"
}

[90mstdout[2m | tests/integration/error-handling.test.ts[2m > [22m[2mError Handling and Edge Cases[2m > [22m[2mValidation Errors[2m > [22m[2mshould accept invalid Shannon stage (lenient validation)[22m[39m
[2025-11-19T04:09:56.606Z] INFO: Session created
  Context: {
  "sessionId": "9f30ea82-fc4e-4464-b1dd-2e0ec99d661a",
  "title": "Untitled Session",
  "mode": "shannon"
}
[2025-11-19T04:09:56.606Z] INFO: Session completed
  Context: {
  "sessionId": "9f30ea82-fc4e-4464-b1dd-2e0ec99d661a",
  "title": "Untitled Session",
  "totalThoughts": 1
}

[90mstdout[2m | tests/integration/error-handling.test.ts[2m > [22m[2mError Handling and Edge Cases[2m > [22m[2mBoundary Conditions[2m > [22m[2mshould handle uncertainty = 0 (perfect certainty)[22m[39m
[2025-11-19T04:09:56.608Z] INFO: Session created
  Context: {
  "sessionId": "cf6c0835-5ed8-49c4-a253-37cb5ab4daf5",
  "title": "Untitled Session",
  "mode": "hybrid"
}
[2025-11-19T04:09:56.608Z] INFO: Session completed
  Context: {
  "sessionId": "cf6c0835-5ed8-49c4-a253-37cb5ab4daf5",
  "title": "Untitled Session",
  "totalThoughts": 1
}

[90mstdout[2m | tests/integration/error-handling.test.ts[2m > [22m[2mError Handling and Edge Cases[2m > [22m[2mBoundary Conditions[2m > [22m[2mshould handle uncertainty = 1 (complete uncertainty)[22m[39m
[2025-11-19T04:09:56.609Z] INFO: Session created
  Context: {
  "sessionId": "e0412e1b-ba55-40bd-a8f4-029e841bb843",
  "title": "Untitled Session",
  "mode": "hybrid"
}
[2025-11-19T04:09:56.610Z] INFO: Session completed
  Context: {
  "sessionId": "e0412e1b-ba55-40bd-a8f4-029e841bb843",
  "title": "Untitled Session",
  "totalThoughts": 1
}

[90mstdout[2m | tests/integration/error-handling.test.ts[2m > [22m[2mError Handling and Edge Cases[2m > [22m[2mBoundary Conditions[2m > [22m[2mshould handle very large thoughtNumber[22m[39m
[2025-11-19T04:09:56.611Z] INFO: Session created
  Context: {
  "sessionId": "0de30666-c296-4991-a3cc-8200dcd54da3",
  "title": "Untitled Session",
  "mode": "hybrid"
}
[2025-11-19T04:09:56.612Z] INFO: Session completed
  Context: {
  "sessionId": "0de30666-c296-4991-a3cc-8200dcd54da3",
  "title": "Untitled Session",
  "totalThoughts": 1
}

[90mstdout[2m | tests/integration/error-handling.test.ts[2m > [22m[2mError Handling and Edge Cases[2m > [22m[2mBoundary Conditions[2m > [22m[2mshould handle totalThoughts = thoughtNumber (single thought)[22m[39m
[2025-11-19T04:09:56.615Z] INFO: Session created
  Context: {
  "sessionId": "bb93d24f-01c1-4d8c-9e3b-5779e7fd0807",
  "title": "Untitled Session",
  "mode": "hybrid"
}
[2025-11-19T04:09:56.615Z] INFO: Session completed
  Context: {
  "sessionId": "bb93d24f-01c1-4d8c-9e3b-5779e7fd0807",
  "title": "Untitled Session",
  "totalThoughts": 1
}

[90mstdout[2m | tests/integration/error-handling.test.ts[2m > [22m[2mError Handling and Edge Cases[2m > [22m[2mEdge Cases - Empty Data[2m > [22m[2mshould handle empty thought content[22m[39m
[2025-11-19T04:09:56.620Z] INFO: Session created
  Context: {
  "sessionId": "0b67e1a6-6fac-48a4-8c48-c54431a19f7e",
  "title": "Untitled Session",
  "mode": "hybrid"
}
[2025-11-19T04:09:56.620Z] INFO: Session completed
  Context: {
  "sessionId": "0b67e1a6-6fac-48a4-8c48-c54431a19f7e",
  "title": "Untitled Session",
  "totalThoughts": 1
}

[90mstdout[2m | tests/integration/error-handling.test.ts[2m > [22m[2mError Handling and Edge Cases[2m > [22m[2mEdge Cases - Empty Data[2m > [22m[2mshould handle empty session title with default[22m[39m
[2025-11-19T04:09:56.621Z] INFO: Session created
  Context: {
  "sessionId": "225ac83d-b113-43d3-9ccd-62b487a3f70c",
  "title": "Untitled Session",
  "mode": "hybrid"
}

[90mstdout[2m | tests/integration/error-handling.test.ts[2m > [22m[2mError Handling and Edge Cases[2m > [22m[2mEdge Cases - Empty Data[2m > [22m[2mshould handle empty arrays for optional fields[22m[39m
[2025-11-19T04:09:56.622Z] INFO: Session created
  Context: {
  "sessionId": "b9f657a6-d1a6-412a-8ad5-816f239289b8",
  "title": "Untitled Session",
  "mode": "hybrid"
}
[2025-11-19T04:09:56.622Z] INFO: Session completed
  Context: {
  "sessionId": "b9f657a6-d1a6-412a-8ad5-816f239289b8",
  "title": "Untitled Session",
  "totalThoughts": 1
}

[90mstdout[2m | tests/integration/error-handling.test.ts[2m > [22m[2mError Handling and Edge Cases[2m > [22m[2mEdge Cases - Empty Data[2m > [22m[2mshould handle session with no thoughts[22m[39m
[2025-11-19T04:09:56.624Z] INFO: Session created
  Context: {
  "sessionId": "ed08273e-9207-42db-a4ba-da44f5dcdc96",
  "title": "Untitled Session",
  "mode": "hybrid"
}

[90mstdout[2m | tests/integration/error-handling.test.ts[2m > [22m[2mError Handling and Edge Cases[2m > [22m[2mEdge Cases - Special Characters[2m > [22m[2mshould handle Unicode characters in thought content[22m[39m
[2025-11-19T04:09:56.625Z] INFO: Session created
  Context: {
  "sessionId": "c5754e22-dbb5-4978-97c6-c4e357d94669",
  "title": "Untitled Session",
  "mode": "hybrid"
}
[2025-11-19T04:09:56.626Z] INFO: Session completed
  Context: {
  "sessionId": "c5754e22-dbb5-4978-97c6-c4e357d94669",
  "title": "Untitled Session",
  "totalThoughts": 1
}

[90mstdout[2m | tests/integration/error-handling.test.ts[2m > [22m[2mError Handling and Edge Cases[2m > [22m[2mEdge Cases - Special Characters[2m > [22m[2mshould handle special characters in session title[22m[39m
[2025-11-19T04:09:56.627Z] INFO: Session created
  Context: {
  "sessionId": "29c9e9a2-32df-4f21-8432-9a27807b3a06",
  "title": "<script>alert(\"xss\")</script>",
  "mode": "hybrid"
}

[90mstdout[2m | tests/integration/error-handling.test.ts[2m > [22m[2mError Handling and Edge Cases[2m > [22m[2mEdge Cases - Special Characters[2m > [22m[2mshould handle LaTeX with special characters[22m[39m
[2025-11-19T04:09:56.629Z] INFO: Session created
  Context: {
  "sessionId": "bcd5c915-8fa2-43e3-b25a-a7aaacf7dc4f",
  "title": "Untitled Session",
  "mode": "mathematics"
}
[2025-11-19T04:09:56.629Z] INFO: Session completed
  Context: {
  "sessionId": "bcd5c915-8fa2-43e3-b25a-a7aaacf7dc4f",
  "title": "Untitled Session",
  "totalThoughts": 1
}

[90mstdout[2m | tests/integration/error-handling.test.ts[2m > [22m[2mError Handling and Edge Cases[2m > [22m[2mEdge Cases - Special Characters[2m > [22m[2mshould handle newlines and tabs in thought content[22m[39m
[2025-11-19T04:09:56.630Z] INFO: Session created
  Context: {
  "sessionId": "70d465ba-69b5-4206-b059-afceb71184d0",
  "title": "Untitled Session",
  "mode": "hybrid"
}
[2025-11-19T04:09:56.630Z] INFO: Session completed
  Context: {
  "sessionId": "70d465ba-69b5-4206-b059-afceb71184d0",
  "title": "Untitled Session",
  "totalThoughts": 1
}

[90mstdout[2m | tests/integration/error-handling.test.ts[2m > [22m[2mError Handling and Edge Cases[2m > [22m[2mEdge Cases - Large Data[2m > [22m[2mshould handle very long thought content[22m[39m
[2025-11-19T04:09:56.632Z] INFO: Session created
  Context: {
  "sessionId": "3c0b1550-a0a1-482a-9ab3-2515de5e5c2c",
  "title": "Untitled Session",
  "mode": "hybrid"
}
[2025-11-19T04:09:56.632Z] INFO: Session completed
  Context: {
  "sessionId": "3c0b1550-a0a1-482a-9ab3-2515de5e5c2c",
  "title": "Untitled Session",
  "totalThoughts": 1
}

[90mstdout[2m | tests/integration/error-handling.test.ts[2m > [22m[2mError Handling and Edge Cases[2m > [22m[2mEdge Cases - Large Data[2m > [22m[2mshould handle sessions with many thoughts[22m[39m
[2025-11-19T04:09:56.633Z] INFO: Session created
  Context: {
  "sessionId": "ead16b6f-7758-420f-91a8-2532d3f6d699",
  "title": "Untitled Session",
  "mode": "hybrid"
}
[2025-11-19T04:09:56.635Z] INFO: Session completed
  Context: {
  "sessionId": "ead16b6f-7758-420f-91a8-2532d3f6d699",
  "title": "Untitled Session",
  "totalThoughts": 100
}

[90mstdout[2m | tests/integration/error-handling.test.ts[2m > [22m[2mError Handling and Edge Cases[2m > [22m[2mEdge Cases - Large Data[2m > [22m[2mshould handle large dependency arrays[22m[39m
[2025-11-19T04:09:56.637Z] INFO: Session created
  Context: {
  "sessionId": "108bfef2-19f1-4bb9-b81d-32f894f29103",
  "title": "Untitled Session",
  "mode": "hybrid"
}
[2025-11-19T04:09:56.637Z] INFO: Session completed
  Context: {
  "sessionId": "108bfef2-19f1-4bb9-b81d-32f894f29103",
  "title": "Untitled Session",
  "totalThoughts": 1
}

[90mstdout[2m | tests/integration/error-handling.test.ts[2m > [22m[2mError Handling and Edge Cases[2m > [22m[2mError Recovery[2m > [22m[2mshould maintain session integrity even with lenient validation[22m[39m
[2025-11-19T04:09:56.655Z] INFO: Session created
  Context: {
  "sessionId": "c0e4fe30-915f-49fa-82ed-293a74e31f60",
  "title": "Untitled Session",
  "mode": "hybrid"
}
[2025-11-19T04:09:56.657Z] INFO: Session completed
  Context: {
  "sessionId": "c0e4fe30-915f-49fa-82ed-293a74e31f60",
  "title": "Untitled Session",
  "totalThoughts": 1
}
[2025-11-19T04:09:56.657Z] INFO: Session completed
  Context: {
  "sessionId": "c0e4fe30-915f-49fa-82ed-293a74e31f60",
  "title": "Untitled Session",
  "totalThoughts": 2
}

[90mstdout[2m | tests/integration/error-handling.test.ts[2m > [22m[2mError Handling and Edge Cases[2m > [22m[2mError Recovery[2m > [22m[2mshould allow mode switch even after adding invalid data[22m[39m
[2025-11-19T04:09:56.658Z] INFO: Session created
  Context: {
  "sessionId": "190787f8-ce52-4b26-a78c-98f0051b0d17",
  "title": "Untitled Session",
  "mode": "sequential"
}
[2025-11-19T04:09:56.659Z] INFO: Session completed
  Context: {
  "sessionId": "190787f8-ce52-4b26-a78c-98f0051b0d17",
  "title": "Untitled Session",
  "totalThoughts": 1
}
[2025-11-19T04:09:56.659Z] INFO: Session mode switched
  Context: {
  "sessionId": "190787f8-ce52-4b26-a78c-98f0051b0d17",
  "oldMode": "sequential",
  "newMode": "shannon"
}

[90mstdout[2m | tests/integration/error-handling.test.ts[2m > [22m[2mError Handling and Edge Cases[2m > [22m[2mSummary Generation Edge Cases[2m > [22m[2mshould generate summary for empty session[22m[39m
[2025-11-19T04:09:56.660Z] INFO: Session created
  Context: {
  "sessionId": "3192e333-0761-44b9-a583-79a6f1cfe71f",
  "title": "Empty Session",
  "mode": "hybrid"
}

[90mstdout[2m | tests/integration/error-handling.test.ts[2m > [22m[2mError Handling and Edge Cases[2m > [22m[2mSummary Generation Edge Cases[2m > [22m[2mshould generate summary for single thought session[22m[39m
[2025-11-19T04:09:56.662Z] INFO: Session created
  Context: {
  "sessionId": "c6b1f1ad-0577-42c5-8b02-b91124cd50e3",
  "title": "Single Thought",
  "mode": "hybrid"
}
[2025-11-19T04:09:56.662Z] INFO: Session completed
  Context: {
  "sessionId": "c6b1f1ad-0577-42c5-8b02-b91124cd50e3",
  "title": "Single Thought",
  "totalThoughts": 1
}

[90mstdout[2m | tests/integration/error-handling.test.ts[2m > [22m[2mError Handling and Edge Cases[2m > [22m[2mSummary Generation Edge Cases[2m > [22m[2mshould handle summary for session with very long thoughts[22m[39m
[2025-11-19T04:09:56.663Z] INFO: Session created
  Context: {
  "sessionId": "a52bd15a-eeda-4506-b4fa-9c249c2493e9",
  "title": "Untitled Session",
  "mode": "hybrid"
}
[2025-11-19T04:09:56.663Z] INFO: Session completed
  Context: {
  "sessionId": "a52bd15a-eeda-4506-b4fa-9c249c2493e9",
  "title": "Untitled Session",
  "totalThoughts": 1
}

[90mstdout[2m | tests/integration/error-handling.test.ts[2m > [22m[2mError Handling and Edge Cases[2m > [22m[2mConcurrent Session Management[2m > [22m[2mshould handle rapid session creation[22m[39m
[2025-11-19T04:09:56.666Z] INFO: Session created
  Context: {
  "sessionId": "a96e9e71-b50e-4063-b333-b30891ec4e0e",
  "title": "Session 0",
  "mode": "hybrid"
}
[2025-11-19T04:09:56.666Z] INFO: Session created
  Context: {
  "sessionId": "af0450b5-2986-4da5-b2f3-26bf9777f2d1",
  "title": "Session 1",
  "mode": "hybrid"
}
[2025-11-19T04:09:56.666Z] INFO: Session created
  Context: {
  "sessionId": "41c2de6a-edd5-4a5e-9538-6a89bbdd92c8",
  "title": "Session 2",
  "mode": "hybrid"
}
[2025-11-19T04:09:56.667Z] INFO: Session created
  Context: {
  "sessionId": "abda43dc-638e-4385-be92-7fcac27ced48",
  "title": "Session 3",
  "mode": "hybrid"
}
[2025-11-19T04:09:56.667Z] INFO: Session created
  Context: {
  "sessionId": "770a0bf6-2ca8-43ad-8b89-332405284114",
  "title": "Session 4",
  "mode": "hybrid"
}
[2025-11-19T04:09:56.667Z] INFO: Session created
  Context: {
  "sessionId": "d68424c3-2fe8-4c28-9f6a-0e7ed35a146a",
  "title": "Session 5",
  "mode": "hybrid"
}
[2025-11-19T04:09:56.667Z] INFO: Session created
  Context: {
  "sessionId": "a750a6ec-6c5f-40ec-8f03-82497a6842e5",
  "title": "Session 6",
  "mode": "hybrid"
}
[2025-11-19T04:09:56.667Z] INFO: Session created
  Context: {
  "sessionId": "713f6160-070e-47b3-8b50-77cd6f60b41c",
  "title": "Session 7",
  "mode": "hybrid"
}
[2025-11-19T04:09:56.667Z] INFO: Session created
  Context: {
  "sessionId": "8c6ad49a-cf8b-407e-882a-8d29f9b2e33b",
  "title": "Session 8",
  "mode": "hybrid"
}
[2025-11-19T04:09:56.668Z] INFO: Session created
  Context: {
  "sessionId": "fbb27756-4825-44f7-a585-55dae9aa542f",
  "title": "Session 9",
  "mode": "hybrid"
}

[90mstdout[2m | tests/integration/error-handling.test.ts[2m > [22m[2mError Handling and Edge Cases[2m > [22m[2mConcurrent Session Management[2m > [22m[2mshould handle concurrent thought additions to same session[22m[39m
[2025-11-19T04:09:56.669Z] INFO: Session created
  Context: {
  "sessionId": "be2406b3-fa2b-4a72-8aa5-01edd1ff1e60",
  "title": "Untitled Session",
  "mode": "hybrid"
}
[2025-11-19T04:09:56.669Z] INFO: Session completed
  Context: {
  "sessionId": "be2406b3-fa2b-4a72-8aa5-01edd1ff1e60",
  "title": "Untitled Session",
  "totalThoughts": 5
}

[90mstdout[2m | tests/integration/error-handling.test.ts[2m > [22m[2mError Handling and Edge Cases[2m > [22m[2mConcurrent Session Management[2m > [22m[2mshould maintain independence of multiple sessions[22m[39m
[2025-11-19T04:09:56.671Z] INFO: Session created
  Context: {
  "sessionId": "5505b080-6921-4d87-8666-386fe6663d0d",
  "title": "Session 1",
  "mode": "hybrid"
}
[2025-11-19T04:09:56.671Z] INFO: Session created
  Context: {
  "sessionId": "1911a083-33a5-42c4-af6a-0cf8a9da9c26",
  "title": "Session 2",
  "mode": "hybrid"
}
[2025-11-19T04:09:56.671Z] INFO: Session completed
  Context: {
  "sessionId": "5505b080-6921-4d87-8666-386fe6663d0d",
  "title": "Session 1",
  "totalThoughts": 1
}
[2025-11-19T04:09:56.671Z] INFO: Session completed
  Context: {
  "sessionId": "1911a083-33a5-42c4-af6a-0cf8a9da9c26",
  "title": "Session 2",
  "totalThoughts": 1
}

[90mstdout[2m | tests/integration/error-handling.test.ts[2m > [22m[2mError Handling and Edge Cases[2m > [22m[2mMode-Specific Edge Cases[2m > [22m[2mshould handle mathematics mode with missing optional fields[22m[39m
[2025-11-19T04:09:56.679Z] INFO: Session created
  Context: {
  "sessionId": "b505eb92-9e13-41a6-9356-3cf0d27507e8",
  "title": "Untitled Session",
  "mode": "mathematics"
}
[2025-11-19T04:09:56.679Z] INFO: Session completed
  Context: {
  "sessionId": "b505eb92-9e13-41a6-9356-3cf0d27507e8",
  "title": "Untitled Session",
  "totalThoughts": 1
}

[90mstdout[2m | tests/integration/error-handling.test.ts[2m > [22m[2mError Handling and Edge Cases[2m > [22m[2mMode-Specific Edge Cases[2m > [22m[2mshould handle Shannon mode without explicit stage[22m[39m
[2025-11-19T04:09:56.680Z] INFO: Session created
  Context: {
  "sessionId": "8dcadc91-63e3-4f2d-b034-88210f35e88d",
  "title": "Untitled Session",
  "mode": "shannon"
}
[2025-11-19T04:09:56.681Z] INFO: Session completed
  Context: {
  "sessionId": "8dcadc91-63e3-4f2d-b034-88210f35e88d",
  "title": "Untitled Session",
  "totalThoughts": 1
}

[90mstdout[2m | tests/integration/error-handling.test.ts[2m > [22m[2mError Handling and Edge Cases[2m > [22m[2mMode-Specific Edge Cases[2m > [22m[2mshould handle temporal mode with minimal event data[22m[39m
[2025-11-19T04:09:56.681Z] INFO: Session created
  Context: {
  "sessionId": "ce4a8a70-b387-4f66-a992-c1e3ad85c7d4",
  "title": "Untitled Session",
  "mode": "temporal"
}
[2025-11-19T04:09:56.682Z] INFO: Session completed
  Context: {
  "sessionId": "ce4a8a70-b387-4f66-a992-c1e3ad85c7d4",
  "title": "Untitled Session",
  "totalThoughts": 1
}

 [32m✓[39m tests/integration/error-handling.test.ts [2m ([22m[2m36 tests[22m[2m)[22m[90m 128[2mms[22m[39m
[90mstdout[2m | tests/integration/index-handlers.test.ts[2m > [22m[2mIndex.ts Handler Functions[2m > [22m[2mHandler Functions[2m > [22m[2mhandleAddThought()[2m > [22m[2mshould create new session if sessionId not provided[22m[39m
[2025-11-19T04:09:56.429Z] INFO: Session created
  Context: {
  "sessionId": "7132b4a8-6f77-4f42-be18-e7156ae82d0f",
  "title": "Test Session",
  "mode": "sequential"
}

[90mstdout[2m | tests/integration/index-handlers.test.ts[2m > [22m[2mIndex.ts Handler Functions[2m > [22m[2mHandler Functions[2m > [22m[2mhandleAddThought()[2m > [22m[2mshould add thought to existing session[22m[39m
[2025-11-19T04:09:56.434Z] INFO: Session created
  Context: {
  "sessionId": "c308a612-3733-4660-bc19-7c3179c17fed",
  "title": "Test Session",
  "mode": "sequential"
}

[90mstdout[2m | tests/integration/index-handlers.test.ts[2m > [22m[2mIndex.ts Handler Functions[2m > [22m[2mHandler Functions[2m > [22m[2mhandleAddThought()[2m > [22m[2mshould handle all 13 modes in add_thought[22m[39m
[2025-11-19T04:09:56.437Z] INFO: Session created
  Context: {
  "sessionId": "ec1baed6-8b10-494a-84b8-ea9f3fc6d6d2",
  "title": "Test sequential",
  "mode": "sequential"
}
[2025-11-19T04:09:56.438Z] INFO: Session completed
  Context: {
  "sessionId": "ec1baed6-8b10-494a-84b8-ea9f3fc6d6d2",
  "title": "Test sequential",
  "totalThoughts": 1
}
[2025-11-19T04:09:56.439Z] INFO: Session created
  Context: {
  "sessionId": "a7a34252-3196-40df-a50d-f654bd6df8d9",
  "title": "Test shannon",
  "mode": "shannon"
}
[2025-11-19T04:09:56.439Z] INFO: Session completed
  Context: {
  "sessionId": "a7a34252-3196-40df-a50d-f654bd6df8d9",
  "title": "Test shannon",
  "totalThoughts": 1
}
[2025-11-19T04:09:56.440Z] INFO: Session created
  Context: {
  "sessionId": "1bf590e0-af0d-4e65-b6d7-0ee0993e2004",
  "title": "Test mathematics",
  "mode": "mathematics"
}
[2025-11-19T04:09:56.440Z] INFO: Session completed
  Context: {
  "sessionId": "1bf590e0-af0d-4e65-b6d7-0ee0993e2004",
  "title": "Test mathematics",
  "totalThoughts": 1
}
[2025-11-19T04:09:56.443Z] INFO: Session created
  Context: {
  "sessionId": "9e2fd074-4eca-4c02-b675-c7dcaaf8e625",
  "title": "Test physics",
  "mode": "physics"
}
[2025-11-19T04:09:56.444Z] INFO: Session completed
  Context: {
  "sessionId": "9e2fd074-4eca-4c02-b675-c7dcaaf8e625",
  "title": "Test physics",
  "totalThoughts": 1
}
[2025-11-19T04:09:56.444Z] INFO: Session created
  Context: {
  "sessionId": "2111fbb4-9ed3-407e-82a8-aa96341fd70f",
  "title": "Test hybrid",
  "mode": "hybrid"
}
[2025-11-19T04:09:56.445Z] INFO: Session completed
  Context: {
  "sessionId": "2111fbb4-9ed3-407e-82a8-aa96341fd70f",
  "title": "Test hybrid",
  "totalThoughts": 1
}
[2025-11-19T04:09:56.445Z] INFO: Session created
  Context: {
  "sessionId": "3ddb46f5-e9d0-4420-91c1-b00efd149010",
  "title": "Test abductive",
  "mode": "abductive"
}
[2025-11-19T04:09:56.446Z] INFO: Session completed
  Context: {
  "sessionId": "3ddb46f5-e9d0-4420-91c1-b00efd149010",
  "title": "Test abductive",
  "totalThoughts": 1
}
[2025-11-19T04:09:56.446Z] INFO: Session created
  Context: {
  "sessionId": "d9b45e85-9ba1-4264-ac9a-1f6e1afcb2d4",
  "title": "Test causal",
  "mode": "causal"
}
[2025-11-19T04:09:56.446Z] INFO: Session completed
  Context: {
  "sessionId": "d9b45e85-9ba1-4264-ac9a-1f6e1afcb2d4",
  "title": "Test causal",
  "totalThoughts": 1
}
[2025-11-19T04:09:56.447Z] INFO: Session created
  Context: {
  "sessionId": "3a8ec341-07d0-4865-a046-1925f236fa4e",
  "title": "Test bayesian",
  "mode": "bayesian"
}
[2025-11-19T04:09:56.447Z] INFO: Session completed
  Context: {
  "sessionId": "3a8ec341-07d0-4865-a046-1925f236fa4e",
  "title": "Test bayesian",
  "totalThoughts": 1
}
[2025-11-19T04:09:56.448Z] INFO: Session created
  Context: {
  "sessionId": "5666a98f-df42-449a-88d5-baf36e9442fb",
  "title": "Test counterfactual",
  "mode": "counterfactual"
}
[2025-11-19T04:09:56.448Z] INFO: Session completed
  Context: {
  "sessionId": "5666a98f-df42-449a-88d5-baf36e9442fb",
  "title": "Test counterfactual",
  "totalThoughts": 1
}
[2025-11-19T04:09:56.449Z] INFO: Session created
  Context: {
  "sessionId": "03afa794-e1d1-47de-a780-3a7adc2ae1db",
  "title": "Test analogical",
  "mode": "analogical"
}
[2025-11-19T04:09:56.449Z] INFO: Session completed
  Context: {
  "sessionId": "03afa794-e1d1-47de-a780-3a7adc2ae1db",
  "title": "Test analogical",
  "totalThoughts": 1
}
[2025-11-19T04:09:56.449Z] INFO: Session created
  Context: {
  "sessionId": "1a07acb2-7794-44a1-93c2-10b4de5e2f36",
  "title": "Test temporal",
  "mode": "temporal"
}
[2025-11-19T04:09:56.450Z] INFO: Session completed
  Context: {
  "sessionId": "1a07acb2-7794-44a1-93c2-10b4de5e2f36",
  "title": "Test temporal",
  "totalThoughts": 1
}
[2025-11-19T04:09:56.450Z] INFO: Session created
  Context: {
  "sessionId": "df580fc6-32a4-4b1b-9350-e7a699181796",
  "title": "Test gametheory",
  "mode": "gametheory"
}
[2025-11-19T04:09:56.451Z] INFO: Session completed
  Context: {
  "sessionId": "df580fc6-32a4-4b1b-9350-e7a699181796",
  "title": "Test gametheory",
  "totalThoughts": 1
}
[2025-11-19T04:09:56.452Z] INFO: Session created
  Context: {
  "sessionId": "692b0315-0f9f-4bea-80fc-886b86439723",
  "title": "Test evidential",
  "mode": "evidential"
}
[2025-11-19T04:09:56.452Z] INFO: Session completed
  Context: {
  "sessionId": "692b0315-0f9f-4bea-80fc-886b86439723",
  "title": "Test evidential",
  "totalThoughts": 1
}

[90mstdout[2m | tests/integration/index-handlers.test.ts[2m > [22m[2mIndex.ts Handler Functions[2m > [22m[2mHandler Functions[2m > [22m[2mhandleSummarize()[2m > [22m[2mshould generate summary for session with thoughts[22m[39m
[2025-11-19T04:09:56.504Z] INFO: Session created
  Context: {
  "sessionId": "67f94de2-95d2-4e43-9898-ae4dea8c9b16",
  "title": "Test Session",
  "mode": "sequential"
}

[90mstdout[2m | tests/integration/index-handlers.test.ts[2m > [22m[2mIndex.ts Handler Functions[2m > [22m[2mHandler Functions[2m > [22m[2mhandleSummarize()[2m > [22m[2mshould generate summary for empty session[22m[39m
[2025-11-19T04:09:56.730Z] INFO: Session created
  Context: {
  "sessionId": "33d3d48c-280f-4583-91f0-60574d2dd1d6",
  "title": "Empty Session",
  "mode": "sequential"
}

[90mstdout[2m | tests/integration/index-handlers.test.ts[2m > [22m[2mIndex.ts Handler Functions[2m > [22m[2mHandler Functions[2m > [22m[2mhandleSwitchMode()[2m > [22m[2mshould switch mode successfully[22m[39m
[2025-11-19T04:09:56.735Z] INFO: Session created
  Context: {
  "sessionId": "23e0eaad-dd25-4822-ac27-77926979c17d",
  "title": "Test Session",
  "mode": "sequential"
}
[2025-11-19T04:09:56.735Z] INFO: Session mode switched
  Context: {
  "sessionId": "23e0eaad-dd25-4822-ac27-77926979c17d",
  "oldMode": "sequential",
  "newMode": "shannon",
  "reason": "User requested mode switch"
}

[90mstdout[2m | tests/integration/index-handlers.test.ts[2m > [22m[2mIndex.ts Handler Functions[2m > [22m[2mHandler Functions[2m > [22m[2mhandleSwitchMode()[2m > [22m[2mshould switch between all 13 modes[22m[39m
[2025-11-19T04:09:56.736Z] INFO: Session created
  Context: {
  "sessionId": "0d1b27a1-78bd-4384-9f38-c50b4288c10c",
  "title": "Multi-mode Session",
  "mode": "hybrid"
}
[2025-11-19T04:09:56.736Z] INFO: Session mode switched
  Context: {
  "sessionId": "0d1b27a1-78bd-4384-9f38-c50b4288c10c",
  "oldMode": "hybrid",
  "newMode": "sequential",
  "reason": "Switching to sequential"
}
[2025-11-19T04:09:56.736Z] INFO: Session mode switched
  Context: {
  "sessionId": "0d1b27a1-78bd-4384-9f38-c50b4288c10c",
  "oldMode": "sequential",
  "newMode": "shannon",
  "reason": "Switching to shannon"
}
[2025-11-19T04:09:56.736Z] INFO: Session mode switched
  Context: {
  "sessionId": "0d1b27a1-78bd-4384-9f38-c50b4288c10c",
  "oldMode": "shannon",
  "newMode": "mathematics",
  "reason": "Switching to mathematics"
}
[2025-11-19T04:09:56.736Z] INFO: Session mode switched
  Context: {
  "sessionId": "0d1b27a1-78bd-4384-9f38-c50b4288c10c",
  "oldMode": "mathematics",
  "newMode": "physics",
  "reason": "Switching to physics"
}
[2025-11-19T04:09:56.737Z] INFO: Session mode switched
  Context: {
  "sessionId": "0d1b27a1-78bd-4384-9f38-c50b4288c10c",
  "oldMode": "physics",
  "newMode": "abductive",
  "reason": "Switching to abductive"
}
[2025-11-19T04:09:56.737Z] INFO: Session mode switched
  Context: {
  "sessionId": "0d1b27a1-78bd-4384-9f38-c50b4288c10c",
  "oldMode": "abductive",
  "newMode": "causal",
  "reason": "Switching to causal"
}
[2025-11-19T04:09:56.737Z] INFO: Session mode switched
  Context: {
  "sessionId": "0d1b27a1-78bd-4384-9f38-c50b4288c10c",
  "oldMode": "causal",
  "newMode": "bayesian",
  "reason": "Switching to bayesian"
}
[2025-11-19T04:09:56.737Z] INFO: Session mode switched
  Context: {
  "sessionId": "0d1b27a1-78bd-4384-9f38-c50b4288c10c",
  "oldMode": "bayesian",
  "newMode": "counterfactual",
  "reason": "Switching to counterfactual"
}
[2025-11-19T04:09:56.737Z] INFO: Session mode switched
  Context: {
  "sessionId": "0d1b27a1-78bd-4384-9f38-c50b4288c10c",
  "oldMode": "counterfactual",
  "newMode": "analogical",
  "reason": "Switching to analogical"
}
[2025-11-19T04:09:56.737Z] INFO: Session mode switched
  Context: {
  "sessionId": "0d1b27a1-78bd-4384-9f38-c50b4288c10c",
  "oldMode": "analogical",
  "newMode": "temporal",
  "reason": "Switching to temporal"
}
[2025-11-19T04:09:56.737Z] INFO: Session mode switched
  Context: {
  "sessionId": "0d1b27a1-78bd-4384-9f38-c50b4288c10c",
  "oldMode": "temporal",
  "newMode": "gametheory",
  "reason": "Switching to gametheory"
}
[2025-11-19T04:09:56.738Z] INFO: Session mode switched
  Context: {
  "sessionId": "0d1b27a1-78bd-4384-9f38-c50b4288c10c",
  "oldMode": "gametheory",
  "newMode": "evidential",
  "reason": "Switching to evidential"
}
[2025-11-19T04:09:56.738Z] INFO: Session mode switched
  Context: {
  "sessionId": "0d1b27a1-78bd-4384-9f38-c50b4288c10c",
  "oldMode": "evidential",
  "newMode": "hybrid",
  "reason": "Switching to hybrid"
}

[90mstdout[2m | tests/integration/index-handlers.test.ts[2m > [22m[2mIndex.ts Handler Functions[2m > [22m[2mHandler Functions[2m > [22m[2mhandleGetSession()[2m > [22m[2mshould retrieve session with all properties[22m[39m
[2025-11-19T04:09:56.739Z] INFO: Session created
  Context: {
  "sessionId": "03493a84-bc79-4463-9ff6-5c0ee8891711",
  "title": "Test Session",
  "mode": "sequential"
}

[90mstdout[2m | tests/integration/index-handlers.test.ts[2m > [22m[2mIndex.ts Handler Functions[2m > [22m[2mHandler Functions[2m > [22m[2mhandleGetSession()[2m > [22m[2mshould retrieve session with thoughts[22m[39m
[2025-11-19T04:09:56.740Z] INFO: Session created
  Context: {
  "sessionId": "d21f96d2-7724-422b-a218-6be15d6d0f64",
  "title": "Session with Thoughts",
  "mode": "sequential"
}
[2025-11-19T04:09:56.741Z] INFO: Session completed
  Context: {
  "sessionId": "d21f96d2-7724-422b-a218-6be15d6d0f64",
  "title": "Session with Thoughts",
  "totalThoughts": 1
}

[90mstdout[2m | tests/integration/index-handlers.test.ts[2m > [22m[2mIndex.ts Handler Functions[2m > [22m[2mHandler Functions[2m > [22m[2mhandleExport()[2m > [22m[2mshould export session in JSON format[22m[39m
[2025-11-19T04:09:56.742Z] INFO: Session created
  Context: {
  "sessionId": "273f9b61-1c10-481d-8f5e-d3d687fa330b",
  "title": "Export Test",
  "mode": "sequential"
}
[2025-11-19T04:09:56.742Z] INFO: Session completed
  Context: {
  "sessionId": "273f9b61-1c10-481d-8f5e-d3d687fa330b",
  "title": "Export Test",
  "totalThoughts": 1
}

 [32m✓[39m tests/integration/index-handlers.test.ts [2m ([22m[2m33 tests[22m[2m)[22m[33m 941[2mms[22m[39m
[90mstdout[2m | tests/unit/file-store.test.ts[2m > [22m[2mFileSessionStore[2m > [22m[2msaveSession[2m > [22m[2mshould save a session to disk[22m[39m
[2025-11-19T04:09:56.939Z] INFO: FileSessionStore closed

[90mstdout[2m | tests/unit/file-store.test.ts[2m > [22m[2mFileSessionStore[2m > [22m[2msaveSession[2m > [22m[2mshould save session with correct content[22m[39m
[2025-11-19T04:09:57.922Z] INFO: FileSessionStore initialized
  Context: {
  "baseDir": "C:\\Users\\danie\\AppData\\Local\\Temp\\deepthinking-test-8fe10359-2d93-4241-9cc4-5ab8a962a7e8",
  "config": {
    "autoSave": true,
    "autoSaveDelay": 1000,
    "enableCompression": false,
    "maxSessions": 1000,
    "maxSessionAge": 2592000000,
    "enableEncryption": false,
    "serialization": {
      "prettyPrint": false,
      "includeMetadata": true
    }
  }
}

[90mstdout[2m | tests/unit/file-store.test.ts[2m > [22m[2mFileSessionStore[2m > [22m[2msaveSession[2m > [22m[2mshould save session with correct content[22m[39m
[2025-11-19T04:09:58.518Z] INFO: FileSessionStore closed

[90mstdout[2m | tests/unit/file-store.test.ts[2m > [22m[2mFileSessionStore[2m > [22m[2msaveSession[2m > [22m[2mshould update metadata index[22m[39m
[2025-11-19T04:09:59.866Z] INFO: FileSessionStore initialized
  Context: {
  "baseDir": "C:\\Users\\danie\\AppData\\Local\\Temp\\deepthinking-test-998e4348-397d-4bb7-b91e-0ed1dfd44889",
  "config": {
    "autoSave": true,
    "autoSaveDelay": 1000,
    "enableCompression": false,
    "maxSessions": 1000,
    "maxSessionAge": 2592000000,
    "enableEncryption": false,
    "serialization": {
      "prettyPrint": false,
      "includeMetadata": true
    }
  }
}

 [32m✓[39m tests/unit/recommendations.test.ts [2m ([22m[2m15 tests[22m[2m)[22m[90m 52[2mms[22m[39m
[90mstdout[2m | tests/unit/file-store.test.ts[2m > [22m[2mFileSessionStore[2m > [22m[2msaveSession[2m > [22m[2mshould update metadata index[22m[39m
[2025-11-19T04:10:00.193Z] INFO: FileSessionStore closed

[90mstdout[2m | tests/unit/file-store.test.ts[2m > [22m[2mFileSessionStore[2m > [22m[2msaveSession[2m > [22m[2mshould overwrite existing session[22m[39m
[2025-11-19T04:10:00.911Z] INFO: FileSessionStore initialized
  Context: {
  "baseDir": "C:\\Users\\danie\\AppData\\Local\\Temp\\deepthinking-test-8d209230-94d9-40cc-b43a-a9f51a52bf9f",
  "config": {
    "autoSave": true,
    "autoSaveDelay": 1000,
    "enableCompression": false,
    "maxSessions": 1000,
    "maxSessionAge": 2592000000,
    "enableEncryption": false,
    "serialization": {
      "prettyPrint": false,
      "includeMetadata": true
    }
  }
}

[90mstdout[2m | tests/unit/file-store.test.ts[2m > [22m[2mFileSessionStore[2m > [22m[2msaveSession[2m > [22m[2mshould overwrite existing session[22m[39m
[2025-11-19T04:10:01.421Z] INFO: FileSessionStore closed

[90mstdout[2m | tests/benchmarks/metrics-performance.test.ts[2m > [22m[2mMetrics Performance Benchmark[2m > [22m[2mshould show performance improvement with incremental calculation[22m[39m
[2025-11-19T04:10:01.668Z] INFO: Session created
  Context: {
  "sessionId": "1c26a02f-15e6-4971-bfd6-d633536e7dcc",
  "title": "Performance Test",
  "mode": "sequential"
}

📊 Benchmark: Adding 1000 thoughts with uncertainty tracking
[2025-11-19T04:10:01.700Z] INFO: Session completed
  Context: {
  "sessionId": "1c26a02f-15e6-4971-bfd6-d633536e7dcc",
  "title": "Performance Test",
  "totalThoughts": 1000
}
✅ Total time: 28.83ms
✅ Average time per thought: 0.0288ms
✅ Expected average uncertainty: 0.513482
✅ Actual average uncertainty: 0.513482
✅ Accuracy verified: PASS

🎯 Performance: EXCELLENT

[90mstdout[2m | tests/benchmarks/metrics-performance.test.ts[2m > [22m[2mMetrics Performance Benchmark[2m > [22m[2mshould maintain O(1) complexity regardless of session size[22m[39m

📈 Complexity Analysis: Testing O(1) behavior
[2025-11-19T04:10:01.706Z] INFO: Session created
  Context: {
  "sessionId": "5927a72d-75bb-4c98-9387-82fdab77cd1c",
  "title": "Test Session 100",
  "mode": "sequential"
}
[2025-11-19T04:10:01.708Z] INFO: Session completed
  Context: {
  "sessionId": "5927a72d-75bb-4c98-9387-82fdab77cd1c",
  "title": "Test Session 100",
  "totalThoughts": 100
}
  Session size 100: 0.0183ms per thought
[2025-11-19T04:10:01.709Z] INFO: Session created
  Context: {
  "sessionId": "8aa85bed-731f-4bf7-a03c-e1e1bfa3e509",
  "title": "Test Session 500",
  "mode": "sequential"
}
[2025-11-19T04:10:01.712Z] INFO: Session completed
  Context: {
  "sessionId": "8aa85bed-731f-4bf7-a03c-e1e1bfa3e509",
  "title": "Test Session 500",
  "totalThoughts": 500
}
  Session size 500: 0.0060ms per thought
[2025-11-19T04:10:01.712Z] INFO: Session created
  Context: {
  "sessionId": "ecc3b927-f2b8-42d1-967f-4bc303007e5d",
  "title": "Test Session 1000",
  "mode": "sequential"
}
[2025-11-19T04:10:01.718Z] INFO: Session completed
  Context: {
  "sessionId": "ecc3b927-f2b8-42d1-967f-4bc303007e5d",
  "title": "Test Session 1000",
  "totalThoughts": 1000
}
  Session size 1000: 0.0077ms per thought

  Min: 0.0060ms, Max: 0.0183ms, Overall Ratio: 3.03x
  Ratio (500 vs 1000): 1.28x
  Complexity: O(1) ✅

[90mstdout[2m | tests/unit/file-store.test.ts[2m > [22m[2mFileSessionStore[2m > [22m[2mloadSession[2m > [22m[2mshould load an existing session[22m[39m
[2025-11-19T04:10:01.726Z] INFO: FileSessionStore initialized
  Context: {
  "baseDir": "C:\\Users\\danie\\AppData\\Local\\Temp\\deepthinking-test-ad779fd0-6d19-44e7-9e41-86ddaa099357",
  "config": {
    "autoSave": true,
    "autoSaveDelay": 1000,
    "enableCompression": false,
    "maxSessions": 1000,
    "maxSessionAge": 2592000000,
    "enableEncryption": false,
    "serialization": {
      "prettyPrint": false,
      "includeMetadata": true
    }
  }
}

 [32m✓[39m tests/benchmarks/metrics-performance.test.ts [2m ([22m[2m2 tests[22m[2m)[22m[90m 60[2mms[22m[39m
[90mstdout[2m | tests/unit/file-store.test.ts[2m > [22m[2mFileSessionStore[2m > [22m[2mloadSession[2m > [22m[2mshould load an existing session[22m[39m
[2025-11-19T04:10:01.905Z] INFO: FileSessionStore closed

 [32m✓[39m tests/unit/temporal.test.ts [2m ([22m[2m19 tests[22m[2m)[22m[90m 54[2mms[22m[39m
[90mstdout[2m | tests/benchmarks/validation-performance.test.ts[2m > [22m[2mValidation Performance Benchmark[2m > [22m[2mshould show significant performance improvement for cache hits[22m[39m

📊 Validation Cache Benchmark: Testing cache performance

🔴 First validation (cache miss):
   Time: 3.6259ms
   Valid: true
   Confidence: 0.70

🟢 Second validation (cache hit):
   Time: 0.2289ms
   Valid: true
   Confidence: 0.70

📈 Performance Analysis:
   Cache miss time: 3.6259ms
   Cache hit time: 0.2289ms
   Speedup: 15.84x
   Hit rate: 50.0%

🎯 Result: EXCELLENT (≥10x)

[90mstdout[2m | tests/benchmarks/validation-performance.test.ts[2m > [22m[2mValidation Performance Benchmark[2m > [22m[2mshould maintain O(1) lookup complexity regardless of cache size[22m[39m

📈 Complexity Analysis: Testing O(1) cache lookup
   Cache size 10: 0.1214ms per lookup
   Cache size 50: 0.0432ms per lookup
   Cache size 100: 0.0716ms per lookup

   Min: 0.0432ms, Max: 0.1214ms, Ratio: 2.81x
   Complexity: O(1) ✅

[90mstdout[2m | tests/benchmarks/validation-performance.test.ts[2m > [22m[2mValidation Performance Benchmark[2m > [22m[2mshould handle high cache hit rates efficiently[22m[39m

📊 High-Volume Test: Simulating realistic usage patterns
   Running 100 validations (5 unique thoughts, repeated pattern)...

📈 Results:
   Total validations: 100
   Cache misses: 5 (avg 0.4839ms)
   Cache hits: 95 (avg 0.0804ms)
   Average speedup: 6.02x
   Hit rate: 95.0%
   Cache size: 5/1000

🎯 Overall Performance: EXCELLENT

[90mstdout[2m | tests/unit/file-store.test.ts[2m > [22m[2mFileSessionStore[2m > [22m[2mloadSession[2m > [22m[2mshould return null for non-existent session[22m[39m
[2025-11-19T04:10:02.149Z] INFO: FileSessionStore initialized
  Context: {
  "baseDir": "C:\\Users\\danie\\AppData\\Local\\Temp\\deepthinking-test-3efc583d-293c-4185-b6f5-804969d4163a",
  "config": {
    "autoSave": true,
    "autoSaveDelay": 1000,
    "enableCompression": false,
    "maxSessions": 1000,
    "maxSessionAge": 2592000000,
    "enableEncryption": false,
    "serialization": {
      "prettyPrint": false,
      "includeMetadata": true
    }
  }
}

 [32m✓[39m tests/benchmarks/validation-performance.test.ts [2m ([22m[2m3 tests[22m[2m)[22m[33m 315[2mms[22m[39m
[90mstdout[2m | tests/unit/file-store.test.ts[2m > [22m[2mFileSessionStore[2m > [22m[2mloadSession[2m > [22m[2mshould return null for non-existent session[22m[39m
[2025-11-19T04:10:02.160Z] INFO: FileSessionStore closed

 [32m✓[39m tests/unit/bayesian.test.ts [2m ([22m[2m10 tests[22m[2m)[22m[90m 32[2mms[22m[39m
[90mstdout[2m | tests/unit/file-store.test.ts[2m > [22m[2mFileSessionStore[2m > [22m[2mloadSession[2m > [22m[2mshould preserve Date objects[22m[39m
[2025-11-19T04:10:02.626Z] INFO: FileSessionStore initialized
  Context: {
  "baseDir": "C:\\Users\\danie\\AppData\\Local\\Temp\\deepthinking-test-b71c8cb3-ea5e-46ca-9dea-e25930f63bc1",
  "config": {
    "autoSave": true,
    "autoSaveDelay": 1000,
    "enableCompression": false,
    "maxSessions": 1000,
    "maxSessionAge": 2592000000,
    "enableEncryption": false,
    "serialization": {
      "prettyPrint": false,
      "includeMetadata": true
    }
  }
}

[90mstdout[2m | tests/unit/file-store.test.ts[2m > [22m[2mFileSessionStore[2m > [22m[2mloadSession[2m > [22m[2mshould preserve Date objects[22m[39m
[2025-11-19T04:10:03.193Z] INFO: FileSessionStore closed

[90mstdout[2m | tests/unit/file-store.test.ts[2m > [22m[2mFileSessionStore[2m > [22m[2mloadSession[2m > [22m[2mshould preserve Map objects[22m[39m
[2025-11-19T04:10:03.751Z] INFO: FileSessionStore initialized
  Context: {
  "baseDir": "C:\\Users\\danie\\AppData\\Local\\Temp\\deepthinking-test-32854f24-23ff-4b02-bfd6-aa6bc9cbc5ea",
  "config": {
    "autoSave": true,
    "autoSaveDelay": 1000,
    "enableCompression": false,
    "maxSessions": 1000,
    "maxSessionAge": 2592000000,
    "enableEncryption": false,
    "serialization": {
      "prettyPrint": false,
      "includeMetadata": true
    }
  }
}

[90mstdout[2m | tests/unit/file-store.test.ts[2m > [22m[2mFileSessionStore[2m > [22m[2mloadSession[2m > [22m[2mshould preserve Map objects[22m[39m
[2025-11-19T04:10:03.897Z] INFO: FileSessionStore closed

[90mstdout[2m | tests/unit/file-store.test.ts[2m > [22m[2mFileSessionStore[2m > [22m[2mdeleteSession[2m > [22m[2mshould delete an existing session[22m[39m
[2025-11-19T04:10:04.076Z] INFO: FileSessionStore initialized
  Context: {
  "baseDir": "C:\\Users\\danie\\AppData\\Local\\Temp\\deepthinking-test-e05a9135-1339-4092-b08b-841eb04137be",
  "config": {
    "autoSave": true,
    "autoSaveDelay": 1000,
    "enableCompression": false,
    "maxSessions": 1000,
    "maxSessionAge": 2592000000,
    "enableEncryption": false,
    "serialization": {
      "prettyPrint": false,
      "includeMetadata": true
    }
  }
}

[90mstdout[2m | tests/unit/file-store.test.ts[2m > [22m[2mFileSessionStore[2m > [22m[2mdeleteSession[2m > [22m[2mshould delete an existing session[22m[39m
[2025-11-19T04:10:04.474Z] INFO: Session deleted
  Context: {
  "sessionId": "4a038b15-ad51-43a7-ac27-e31bc2f18d06"
}

[90mstdout[2m | tests/unit/file-store.test.ts[2m > [22m[2mFileSessionStore[2m > [22m[2mdeleteSession[2m > [22m[2mshould delete an existing session[22m[39m
[2025-11-19T04:10:04.478Z] INFO: FileSessionStore closed

[90mstdout[2m | tests/integration/session-workflow.test.ts[2m > [22m[2mSession Workflow Integration[2m > [22m[2mshould complete full sequential thinking workflow[22m[39m
[2025-11-19T04:10:04.900Z] INFO: Session created
  Context: {
  "sessionId": "86380116-9ffd-4d8a-aeb0-5ae62ff4399c",
  "title": "Solve Prime Factorization Problem",
  "mode": "sequential"
}
[2025-11-19T04:10:04.924Z] INFO: Session completed
  Context: {
  "sessionId": "86380116-9ffd-4d8a-aeb0-5ae62ff4399c",
  "title": "Solve Prime Factorization Problem",
  "totalThoughts": 5
}

[90mstdout[2m | tests/integration/session-workflow.test.ts[2m > [22m[2mSession Workflow Integration[2m > [22m[2mshould handle mathematics mode with validation[22m[39m
[2025-11-19T04:10:04.928Z] INFO: Session created
  Context: {
  "sessionId": "6886cfb7-1b44-4020-a29d-362a0b1f82c5",
  "title": "Prove Fundamental Theorem",
  "mode": "mathematics"
}
[2025-11-19T04:10:04.929Z] INFO: Session completed
  Context: {
  "sessionId": "6886cfb7-1b44-4020-a29d-362a0b1f82c5",
  "title": "Prove Fundamental Theorem",
  "totalThoughts": 3
}

[90mstdout[2m | tests/integration/session-workflow.test.ts[2m > [22m[2mSession Workflow Integration[2m > [22m[2mshould handle mode switching mid-session[22m[39m
[2025-11-19T04:10:04.930Z] INFO: Session created
  Context: {
  "sessionId": "3d251f67-3780-4aef-b786-f14f8934b164",
  "title": "Problem Solving Session",
  "mode": "sequential"
}
[2025-11-19T04:10:04.931Z] INFO: Session mode switched
  Context: {
  "sessionId": "3d251f67-3780-4aef-b786-f14f8934b164",
  "oldMode": "sequential",
  "newMode": "shannon",
  "reason": "Need more structure"
}
[2025-11-19T04:10:04.931Z] INFO: Session completed
  Context: {
  "sessionId": "3d251f67-3780-4aef-b786-f14f8934b164",
  "title": "Problem Solving Session",
  "totalThoughts": 3
}

[90mstdout[2m | tests/integration/session-workflow.test.ts[2m > [22m[2mSession Workflow Integration[2m > [22m[2mshould track validation cache statistics[22m[39m
[2025-11-19T04:10:04.932Z] INFO: Session created
  Context: {
  "sessionId": "d7a0d447-3a42-4bca-91e3-883772aa365d",
  "title": "Cache Test Session",
  "mode": "sequential"
}
[2025-11-19T04:10:04.933Z] INFO: Session completed
  Context: {
  "sessionId": "d7a0d447-3a42-4bca-91e3-883772aa365d",
  "title": "Cache Test Session",
  "totalThoughts": 3
}

[90mstdout[2m | tests/integration/session-workflow.test.ts[2m > [22m[2mSession Workflow Integration[2m > [22m[2mshould handle multiple concurrent sessions[22m[39m
[2025-11-19T04:10:04.935Z] INFO: Session created
  Context: {
  "sessionId": "3725400b-29ac-43ab-946e-2d57f4bafca2",
  "title": "Session 1",
  "mode": "sequential"
}
[2025-11-19T04:10:04.935Z] INFO: Session created
  Context: {
  "sessionId": "8a8b8f69-42c2-4c10-a045-dd8cf91616a4",
  "title": "Session 2",
  "mode": "mathematics"
}
[2025-11-19T04:10:04.935Z] INFO: Session created
  Context: {
  "sessionId": "e6191a4f-b3ce-44bb-9e5d-0220bd9f83a2",
  "title": "Session 3",
  "mode": "shannon"
}
[2025-11-19T04:10:04.935Z] INFO: Session completed
  Context: {
  "sessionId": "3725400b-29ac-43ab-946e-2d57f4bafca2",
  "title": "Session 1",
  "totalThoughts": 1
}
[2025-11-19T04:10:04.936Z] INFO: Session completed
  Context: {
  "sessionId": "8a8b8f69-42c2-4c10-a045-dd8cf91616a4",
  "title": "Session 2",
  "totalThoughts": 1
}
[2025-11-19T04:10:04.936Z] INFO: Session completed
  Context: {
  "sessionId": "e6191a4f-b3ce-44bb-9e5d-0220bd9f83a2",
  "title": "Session 3",
  "totalThoughts": 1
}

[90mstdout[2m | tests/integration/session-workflow.test.ts[2m > [22m[2mSession Workflow Integration[2m > [22m[2mshould handle session deletion[22m[39m
[2025-11-19T04:10:04.953Z] INFO: Session created
  Context: {
  "sessionId": "2f4a9d36-d0e3-4c6d-a0e7-d49a54e39c68",
  "title": "Temporary Session",
  "mode": "sequential"
}
[2025-11-19T04:10:04.953Z] INFO: Session completed
  Context: {
  "sessionId": "2f4a9d36-d0e3-4c6d-a0e7-d49a54e39c68",
  "title": "Temporary Session",
  "totalThoughts": 1
}
[2025-11-19T04:10:04.953Z] INFO: Session deleted
  Context: {
  "sessionId": "2f4a9d36-d0e3-4c6d-a0e7-d49a54e39c68",
  "title": "Temporary Session",
  "thoughtCount": 1
}

[90mstdout[2m | tests/integration/session-workflow.test.ts[2m > [22m[2mSession Workflow Integration[2m > [22m[2mshould maintain metrics accuracy across workflow[22m[39m
[2025-11-19T04:10:04.954Z] INFO: Session created
  Context: {
  "sessionId": "8ddcd3fd-1c8e-4325-acad-9ab60ac2cb2a",
  "title": "Metrics Test",
  "mode": "sequential"
}
[2025-11-19T04:10:04.955Z] INFO: Session completed
  Context: {
  "sessionId": "8ddcd3fd-1c8e-4325-acad-9ab60ac2cb2a",
  "title": "Metrics Test",
  "totalThoughts": 5
}

[90mstdout[2m | tests/unit/file-store.test.ts[2m > [22m[2mFileSessionStore[2m > [22m[2mdeleteSession[2m > [22m[2mshould return false for non-existent session[22m[39m
[2025-11-19T04:10:05.015Z] INFO: FileSessionStore initialized
  Context: {
  "baseDir": "C:\\Users\\danie\\AppData\\Local\\Temp\\deepthinking-test-127e933c-927e-4e83-ae8a-869ad4e038d4",
  "config": {
    "autoSave": true,
    "autoSaveDelay": 1000,
    "enableCompression": false,
    "maxSessions": 1000,
    "maxSessionAge": 2592000000,
    "enableEncryption": false,
    "serialization": {
      "prettyPrint": false,
      "includeMetadata": true
    }
  }
}
[2025-11-19T04:10:05.018Z] INFO: FileSessionStore closed

[90mstdout[2m | tests/unit/file-store.test.ts[2m > [22m[2mFileSessionStore[2m > [22m[2mdeleteSession[2m > [22m[2mshould update metadata index after deletion[22m[39m
[2025-11-19T04:10:05.039Z] INFO: FileSessionStore initialized
  Context: {
  "baseDir": "C:\\Users\\danie\\AppData\\Local\\Temp\\deepthinking-test-e2b6f6c1-6e6c-44ad-9e79-12d059fd7e24",
  "config": {
    "autoSave": true,
    "autoSaveDelay": 1000,
    "enableCompression": false,
    "maxSessions": 1000,
    "maxSessionAge": 2592000000,
    "enableEncryption": false,
    "serialization": {
      "prettyPrint": false,
      "includeMetadata": true
    }
  }
}

 [32m✓[39m tests/integration/session-workflow.test.ts [2m ([22m[2m7 tests[22m[2m)[22m[90m 79[2mms[22m[39m
[90mstdout[2m | tests/unit/file-store.test.ts[2m > [22m[2mFileSessionStore[2m > [22m[2mdeleteSession[2m > [22m[2mshould update metadata index after deletion[22m[39m
[2025-11-19T04:10:05.046Z] INFO: Session deleted
  Context: {
  "sessionId": "d6a405ed-dd75-41ec-aceb-ae953c034b35"
}
[2025-11-19T04:10:05.047Z] INFO: FileSessionStore closed

[90mstdout[2m | tests/unit/file-store.test.ts[2m > [22m[2mFileSessionStore[2m > [22m[2mlistSessions[2m > [22m[2mshould list all sessions[22m[39m
[2025-11-19T04:10:05.055Z] INFO: FileSessionStore initialized
  Context: {
  "baseDir": "C:\\Users\\danie\\AppData\\Local\\Temp\\deepthinking-test-a15305be-b368-43cb-b3be-1ff5b5844c89",
  "config": {
    "autoSave": true,
    "autoSaveDelay": 1000,
    "enableCompression": false,
    "maxSessions": 1000,
    "maxSessionAge": 2592000000,
    "enableEncryption": false,
    "serialization": {
      "prettyPrint": false,
      "includeMetadata": true
    }
  }
}

[90mstdout[2m | tests/unit/file-store.test.ts[2m > [22m[2mFileSessionStore[2m > [22m[2mlistSessions[2m > [22m[2mshould list all sessions[22m[39m
[2025-11-19T04:10:05.072Z] INFO: FileSessionStore closed

[90mstdout[2m | tests/unit/file-store.test.ts[2m > [22m[2mFileSessionStore[2m > [22m[2mlistSessions[2m > [22m[2mshould return empty array when no sessions exist[22m[39m
[2025-11-19T04:10:05.409Z] INFO: FileSessionStore initialized
  Context: {
  "baseDir": "C:\\Users\\danie\\AppData\\Local\\Temp\\deepthinking-test-d85c2756-5735-4781-aeb8-6737b9e1d34b",
  "config": {
    "autoSave": true,
    "autoSaveDelay": 1000,
    "enableCompression": false,
    "maxSessions": 1000,
    "maxSessionAge": 2592000000,
    "enableEncryption": false,
    "serialization": {
      "prettyPrint": false,
      "includeMetadata": true
    }
  }
}
[2025-11-19T04:10:05.410Z] INFO: FileSessionStore closed

[90mstdout[2m | tests/unit/file-store.test.ts[2m > [22m[2mFileSessionStore[2m > [22m[2mlistSessions[2m > [22m[2mshould include correct metadata fields[22m[39m
[2025-11-19T04:10:05.734Z] INFO: FileSessionStore initialized
  Context: {
  "baseDir": "C:\\Users\\danie\\AppData\\Local\\Temp\\deepthinking-test-bee3ba3f-039c-4b69-8e55-d1f053df1d5d",
  "config": {
    "autoSave": true,
    "autoSaveDelay": 1000,
    "enableCompression": false,
    "maxSessions": 1000,
    "maxSessionAge": 2592000000,
    "enableEncryption": false,
    "serialization": {
      "prettyPrint": false,
      "includeMetadata": true
    }
  }
}

[90mstdout[2m | tests/unit/file-store.test.ts[2m > [22m[2mFileSessionStore[2m > [22m[2mlistSessions[2m > [22m[2mshould include correct metadata fields[22m[39m
[2025-11-19T04:10:05.939Z] INFO: FileSessionStore closed

 [32m✓[39m tests/unit/types.test.ts [2m ([22m[2m14 tests[22m[2m)[22m[90m 48[2mms[22m[39m
[90mstdout[2m | tests/unit/file-store.test.ts[2m > [22m[2mFileSessionStore[2m > [22m[2mexists[2m > [22m[2mshould return true for existing session[22m[39m
[2025-11-19T04:10:06.202Z] INFO: FileSessionStore initialized
  Context: {
  "baseDir": "C:\\Users\\danie\\AppData\\Local\\Temp\\deepthinking-test-f1b3f4d2-364e-4b8d-be12-f454e7b44743",
  "config": {
    "autoSave": true,
    "autoSaveDelay": 1000,
    "enableCompression": false,
    "maxSessions": 1000,
    "maxSessionAge": 2592000000,
    "enableEncryption": false,
    "serialization": {
      "prettyPrint": false,
      "includeMetadata": true
    }
  }
}

[90mstdout[2m | tests/unit/file-store.test.ts[2m > [22m[2mFileSessionStore[2m > [22m[2mexists[2m > [22m[2mshould return true for existing session[22m[39m
[2025-11-19T04:10:06.247Z] INFO: FileSessionStore closed

[90mstdout[2m | tests/unit/file-store.test.ts[2m > [22m[2mFileSessionStore[2m > [22m[2mexists[2m > [22m[2mshould return false for non-existent session[22m[39m
[2025-11-19T04:10:06.347Z] INFO: FileSessionStore initialized
  Context: {
  "baseDir": "C:\\Users\\danie\\AppData\\Local\\Temp\\deepthinking-test-f5828391-b42c-430d-af78-476154486b31",
  "config": {
    "autoSave": true,
    "autoSaveDelay": 1000,
    "enableCompression": false,
    "maxSessions": 1000,
    "maxSessionAge": 2592000000,
    "enableEncryption": false,
    "serialization": {
      "prettyPrint": false,
      "includeMetadata": true
    }
  }
}
[2025-11-19T04:10:06.348Z] INFO: FileSessionStore closed

[90mstdout[2m | tests/unit/file-store.test.ts[2m > [22m[2mFileSessionStore[2m > [22m[2mgetStats[2m > [22m[2mshould return storage statistics[22m[39m
[2025-11-19T04:10:06.399Z] INFO: FileSessionStore initialized
  Context: {
  "baseDir": "C:\\Users\\danie\\AppData\\Local\\Temp\\deepthinking-test-1966ea63-d0f8-4495-b7c6-3efe473b9d44",
  "config": {
    "autoSave": true,
    "autoSaveDelay": 1000,
    "enableCompression": false,
    "maxSessions": 1000,
    "maxSessionAge": 2592000000,
    "enableEncryption": false,
    "serialization": {
      "prettyPrint": false,
      "includeMetadata": true
    }
  }
}

[90mstdout[2m | tests/unit/file-store.test.ts[2m > [22m[2mFileSessionStore[2m > [22m[2mgetStats[2m > [22m[2mshould return storage statistics[22m[39m
[2025-11-19T04:10:06.468Z] INFO: FileSessionStore closed

[90mstdout[2m | tests/unit/file-store.test.ts[2m > [22m[2mFileSessionStore[2m > [22m[2mgetStats[2m > [22m[2mshould calculate total thoughts correctly[22m[39m
[2025-11-19T04:10:06.519Z] INFO: FileSessionStore initialized
  Context: {
  "baseDir": "C:\\Users\\danie\\AppData\\Local\\Temp\\deepthinking-test-f8cce21b-2d19-4871-adb1-3073e6b2bf53",
  "config": {
    "autoSave": true,
    "autoSaveDelay": 1000,
    "enableCompression": false,
    "maxSessions": 1000,
    "maxSessionAge": 2592000000,
    "enableEncryption": false,
    "serialization": {
      "prettyPrint": false,
      "includeMetadata": true
    }
  }
}

[90mstdout[2m | tests/unit/file-store.test.ts[2m > [22m[2mFileSessionStore[2m > [22m[2mgetStats[2m > [22m[2mshould calculate total thoughts correctly[22m[39m
[2025-11-19T04:10:06.588Z] INFO: FileSessionStore closed

[90mstdout[2m | tests/unit/file-store.test.ts[2m > [22m[2mFileSessionStore[2m > [22m[2mgetStats[2m > [22m[2mshould identify storage health status[22m[39m
[2025-11-19T04:10:06.641Z] INFO: FileSessionStore initialized
  Context: {
  "baseDir": "C:\\Users\\danie\\AppData\\Local\\Temp\\deepthinking-test-8f933a64-e8f0-4cde-aef7-86f5f23e53c6",
  "config": {
    "autoSave": true,
    "autoSaveDelay": 1000,
    "enableCompression": false,
    "maxSessions": 1000,
    "maxSessionAge": 2592000000,
    "enableEncryption": false,
    "serialization": {
      "prettyPrint": false,
      "includeMetadata": true
    }
  }
}

[90mstdout[2m | tests/unit/file-store.test.ts[2m > [22m[2mFileSessionStore[2m > [22m[2mgetStats[2m > [22m[2mshould identify storage health status[22m[39m
[2025-11-19T04:10:06.649Z] INFO: FileSessionStore initialized
  Context: {
  "baseDir": "C:\\Users\\danie\\AppData\\Local\\Temp\\deepthinking-test-8f933a64-e8f0-4cde-aef7-86f5f23e53c6",
  "config": {
    "autoSave": true,
    "autoSaveDelay": 1000,
    "enableCompression": false,
    "maxSessions": 10,
    "maxSessionAge": 2592000000,
    "enableEncryption": false,
    "serialization": {
      "prettyPrint": false,
      "includeMetadata": true
    }
  }
}

 [32m✓[39m tests/unit/abductive.test.ts [2m ([22m[2m10 tests[22m[2m)[22m[90m 30[2mms[22m[39m
[90mstdout[2m | tests/unit/file-store.test.ts[2m > [22m[2mFileSessionStore[2m > [22m[2mgetStats[2m > [22m[2mshould identify storage health status[22m[39m
[2025-11-19T04:10:06.744Z] INFO: FileSessionStore closed
[2025-11-19T04:10:06.744Z] INFO: FileSessionStore closed

[90mstdout[2m | tests/unit/file-store.test.ts[2m > [22m[2mFileSessionStore[2m > [22m[2mcleanup[2m > [22m[2mshould clean up old sessions[22m[39m
[2025-11-19T04:10:06.757Z] INFO: FileSessionStore initialized
  Context: {
  "baseDir": "C:\\Users\\danie\\AppData\\Local\\Temp\\deepthinking-test-c6026fd8-a07a-419f-84d3-31441247e991",
  "config": {
    "autoSave": true,
    "autoSaveDelay": 1000,
    "enableCompression": false,
    "maxSessions": 1000,
    "maxSessionAge": 2592000000,
    "enableEncryption": false,
    "serialization": {
      "prettyPrint": false,
      "includeMetadata": true
    }
  }
}

[90mstdout[2m | tests/unit/file-store.test.ts[2m > [22m[2mFileSessionStore[2m > [22m[2mcleanup[2m > [22m[2mshould clean up old sessions[22m[39m
[2025-11-19T04:10:06.769Z] INFO: Session deleted
  Context: {
  "sessionId": "1d2893df-f8c0-4274-9f7e-b4043519cb0a"
}
[2025-11-19T04:10:06.769Z] INFO: Cleanup completed
  Context: {
  "cleanedCount": 1,
  "maxAgeMs": 604800000,
  "remaining": 1
}
[2025-11-19T04:10:06.770Z] INFO: FileSessionStore closed

[90mstdout[2m | tests/unit/file-store.test.ts[2m > [22m[2mFileSessionStore[2m > [22m[2mcleanup[2m > [22m[2mshould return 0 when no sessions need cleanup[22m[39m
[2025-11-19T04:10:06.780Z] INFO: FileSessionStore initialized
  Context: {
  "baseDir": "C:\\Users\\danie\\AppData\\Local\\Temp\\deepthinking-test-f3c996f9-09d6-4705-9ba6-4c1ae294aebd",
  "config": {
    "autoSave": true,
    "autoSaveDelay": 1000,
    "enableCompression": false,
    "maxSessions": 1000,
    "maxSessionAge": 2592000000,
    "enableEncryption": false,
    "serialization": {
      "prettyPrint": false,
      "includeMetadata": true
    }
  }
}

[90mstdout[2m | tests/unit/file-store.test.ts[2m > [22m[2mFileSessionStore[2m > [22m[2mcleanup[2m > [22m[2mshould return 0 when no sessions need cleanup[22m[39m
[2025-11-19T04:10:06.785Z] INFO: FileSessionStore closed

[90mstdout[2m | tests/unit/file-store.test.ts[2m > [22m[2mFileSessionStore[2m > [22m[2mconcurrent operations[2m > [22m[2mshould handle concurrent saves[22m[39m
[2025-11-19T04:10:06.795Z] INFO: FileSessionStore initialized
  Context: {
  "baseDir": "C:\\Users\\danie\\AppData\\Local\\Temp\\deepthinking-test-f4dd717a-58b7-42c9-943f-fdca36078a1e",
  "config": {
    "autoSave": true,
    "autoSaveDelay": 1000,
    "enableCompression": false,
    "maxSessions": 1000,
    "maxSessionAge": 2592000000,
    "enableEncryption": false,
    "serialization": {
      "prettyPrint": false,
      "includeMetadata": true
    }
  }
}

[90mstdout[2m | tests/unit/file-store.test.ts[2m > [22m[2mFileSessionStore[2m > [22m[2mconcurrent operations[2m > [22m[2mshould handle concurrent saves[22m[39m
[2025-11-19T04:10:06.817Z] INFO: FileSessionStore closed

[90mstdout[2m | tests/unit/file-store.test.ts[2m > [22m[2mFileSessionStore[2m > [22m[2mconcurrent operations[2m > [22m[2mshould handle concurrent reads[22m[39m
[2025-11-19T04:10:06.837Z] INFO: FileSessionStore initialized
  Context: {
  "baseDir": "C:\\Users\\danie\\AppData\\Local\\Temp\\deepthinking-test-18803faa-dd0b-4fc1-b8eb-f96b4487da2c",
  "config": {
    "autoSave": true,
    "autoSaveDelay": 1000,
    "enableCompression": false,
    "maxSessions": 1000,
    "maxSessionAge": 2592000000,
    "enableEncryption": false,
    "serialization": {
      "prettyPrint": false,
      "includeMetadata": true
    }
  }
}

[90mstdout[2m | tests/unit/file-store.test.ts[2m > [22m[2mFileSessionStore[2m > [22m[2mconcurrent operations[2m > [22m[2mshould handle concurrent reads[22m[39m
[2025-11-19T04:10:07.007Z] INFO: FileSessionStore closed

[90mstdout[2m | tests/unit/file-store.test.ts[2m > [22m[2mFileSessionStore[2m > [22m[2merror handling[2m > [22m[2mshould handle invalid session data gracefully[22m[39m
[2025-11-19T04:10:07.017Z] INFO: FileSessionStore initialized
  Context: {
  "baseDir": "C:\\Users\\danie\\AppData\\Local\\Temp\\deepthinking-test-ea12affa-35c7-40af-b865-bb18edfea5d8",
  "config": {
    "autoSave": true,
    "autoSaveDelay": 1000,
    "enableCompression": false,
    "maxSessions": 1000,
    "maxSessionAge": 2592000000,
    "enableEncryption": false,
    "serialization": {
      "prettyPrint": false,
      "includeMetadata": true
    }
  }
}

[90mstderr[2m | tests/unit/file-store.test.ts[2m > [22m[2mFileSessionStore[2m > [22m[2merror handling[2m > [22m[2mshould handle invalid session data gracefully[22m[39m
[2025-11-19T04:10:07.024Z] ERROR: Failed to load session
  Context: {
  "sessionId": "cc4011ea-dad2-4e1c-a5d6-33b0ef97b478"
}
  Error: Unexpected token 'i', "invalid json {{{" is not valid JSON
  Stack: SyntaxError: Unexpected token 'i', "invalid json {{{" is not valid JSON
    at JSON.parse (<anonymous>)
    at FileSessionStore.loadSession (C:\mcp-servers\deepthinking-mcp\src\session\storage\file-store.ts:124:27)
    at C:\mcp-servers\deepthinking-mcp\tests\unit\file-store.test.ts:455:22
    at runTest (file:///C:/mcp-servers/deepthinking-mcp/node_modules/@vitest/runner/dist/index.js:781:11)
    at runSuite (file:///C:/mcp-servers/deepthinking-mcp/node_modules/@vitest/runner/dist/index.js:909:15)
    at runSuite (file:///C:/mcp-servers/deepthinking-mcp/node_modules/@vitest/runner/dist/index.js:909:15)
    at runSuite (file:///C:/mcp-servers/deepthinking-mcp/node_modules/@vitest/runner/dist/index.js:909:15)
    at runFiles (file:///C:/mcp-servers/deepthinking-mcp/node_modules/@vitest/runner/dist/index.js:958:5)
    at startTests (file:///C:/mcp-servers/deepthinking-mcp/node_modules/@vitest/runner/dist/index.js:967:3)
    at file:///C:/mcp-servers/deepthinking-mcp/node_modules/vitest/dist/chunks/runtime-runBaseTests.oAvMKtQC.js:116:7

[90mstdout[2m | tests/unit/file-store.test.ts[2m > [22m[2mFileSessionStore[2m > [22m[2merror handling[2m > [22m[2mshould handle invalid session data gracefully[22m[39m
[2025-11-19T04:10:07.040Z] INFO: FileSessionStore closed

[90mstdout[2m | tests/unit/file-store.test.ts[2m > [22m[2mFileSessionStore[2m > [22m[2merror handling[2m > [22m[2mshould handle operations before initialization[22m[39m
[2025-11-19T04:10:07.050Z] INFO: FileSessionStore initialized
  Context: {
  "baseDir": "C:\\Users\\danie\\AppData\\Local\\Temp\\deepthinking-test-20c3c231-f834-473a-9216-ea16e011ccb6",
  "config": {
    "autoSave": true,
    "autoSaveDelay": 1000,
    "enableCompression": false,
    "maxSessions": 1000,
    "maxSessionAge": 2592000000,
    "enableEncryption": false,
    "serialization": {
      "prettyPrint": false,
      "includeMetadata": true
    }
  }
}

[90mstdout[2m | tests/unit/file-store.test.ts[2m > [22m[2mFileSessionStore[2m > [22m[2merror handling[2m > [22m[2mshould handle operations before initialization[22m[39m
[2025-11-19T04:10:07.052Z] INFO: FileSessionStore initialized
  Context: {
  "baseDir": "C:\\Users\\danie\\AppData\\Local\\Temp\\deepthinking-test-20c3c231-f834-473a-9216-ea16e011ccb6",
  "config": {
    "autoSave": true,
    "autoSaveDelay": 1000,
    "enableCompression": false,
    "maxSessions": 1000,
    "maxSessionAge": 2592000000,
    "enableEncryption": false,
    "serialization": {
      "prettyPrint": false,
      "includeMetadata": true
    }
  }
}

[90mstdout[2m | tests/unit/file-store.test.ts[2m > [22m[2mFileSessionStore[2m > [22m[2merror handling[2m > [22m[2mshould handle operations before initialization[22m[39m
[2025-11-19T04:10:07.058Z] INFO: FileSessionStore closed
[2025-11-19T04:10:07.059Z] INFO: FileSessionStore closed

 [32m✓[39m tests/unit/file-store.test.ts [2m ([22m[2m27 tests[22m[2m)[22m[33m 11829[2mms[22m[39m
 [32m✓[39m tests/unit/analogical.test.ts [2m ([22m[2m9 tests[22m[2m)[22m[90m 244[2mms[22m[39m
 [32m✓[39m tests/unit/counterfactual.test.ts [2m ([22m[2m8 tests[22m[2m)[22m[90m 61[2mms[22m[39m

[2m Test Files [22m [1m[32m17 passed[39m[22m[90m (17)[39m
[2m      Tests [22m [1m[32m280 passed[39m[22m[90m (280)[39m
[2m   Start at [22m 23:09:50
[2m   Duration [22m 33.89s


[1m[7m[32m PASS [39m[27m[22m[32m Waiting for file changes...[39m
       [2mpress [22m[1mh[22m[2m to show help[22m[2m, [22m[2mpress [22m[1mq[22m[2m to quit[22m
[3Jc
[7m[1m[34m RERUN [39m[22m[27m[2m src/validation/validators/modes/bayesian.ts[22m

 [32m✓[39m tests/unit/analogical.test.ts [2m ([22m[2m9 tests[22m[2m)[22m[90m 66[2mms[22m[39m
 [32m✓[39m tests/benchmarks/validation-performance.test.ts [2m ([22m[2m3 tests[22m[2m)[22m[90m 94[2mms[22m[39m
[90mstdout[2m | tests/benchmarks/validation-performance.test.ts[2m > [22m[2mValidation Performance Benchmark[2m > [22m[2mshould show significant performance improvement for cache hits[22m[39m

📊 Validation Cache Benchmark: Testing cache performance

🔴 First validation (cache miss):
   Time: 3.8128ms
   Valid: true
   Confidence: 0.70

🟢 Second validation (cache hit):
   Time: 0.2328ms
   Valid: true
   Confidence: 0.70

📈 Performance Analysis:
   Cache miss time: 3.8128ms
   Cache hit time: 0.2328ms
   Speedup: 16.38x
   Hit rate: 50.0%

🎯 Result: EXCELLENT (≥10x)

[90mstdout[2m | tests/benchmarks/validation-performance.test.ts[2m > [22m[2mValidation Performance Benchmark[2m > [22m[2mshould maintain O(1) lookup complexity regardless of cache size[22m[39m

📈 Complexity Analysis: Testing O(1) cache lookup
   Cache size 10: 0.0515ms per lookup
   Cache size 50: 0.0587ms per lookup
   Cache size 100: 0.0632ms per lookup

   Min: 0.0515ms, Max: 0.0632ms, Ratio: 1.23x
   Complexity: O(1) ✅

[90mstdout[2m | tests/benchmarks/validation-performance.test.ts[2m > [22m[2mValidation Performance Benchmark[2m > [22m[2mshould handle high cache hit rates efficiently[22m[39m

📊 High-Volume Test: Simulating realistic usage patterns
   Running 100 validations (5 unique thoughts, repeated pattern)...

📈 Results:
   Total validations: 100
   Cache misses: 5 (avg 0.3015ms)
   Cache hits: 95 (avg 0.1063ms)
   Average speedup: 2.84x
   Hit rate: 95.0%
   Cache size: 5/1000

🎯 Overall Performance: ACCEPTABLE

 [32m✓[39m tests/unit/gametheory.test.ts [2m ([22m[2m17 tests[22m[2m)[22m[90m 54[2mms[22m[39m
 [32m✓[39m tests/unit/temporal.test.ts [2m ([22m[2m19 tests[22m[2m)[22m[90m 65[2mms[22m[39m
 [32m✓[39m tests/unit/evidential.test.ts [2m ([22m[2m16 tests[22m[2m)[22m[90m 63[2mms[22m[39m
 [32m✓[39m tests/unit/bayesian.test.ts [2m ([22m[2m10 tests[22m[2m)[22m[90m 39[2mms[22m[39m
 [32m✓[39m tests/unit/counterfactual.test.ts [2m ([22m[2m8 tests[22m[2m)[22m[90m 199[2mms[22m[39m
 [32m✓[39m tests/unit/causal.test.ts [2m ([22m[2m10 tests[22m[2m)[22m[90m 208[2mms[22m[39m
 [32m✓[39m tests/unit/abductive.test.ts [2m ([22m[2m10 tests[22m[2m)[22m[90m 37[2mms[22m[39m

[2m Test Files [22m [1m[32m9 passed[39m[22m[90m (9)[39m
[2m      Tests [22m [1m[32m102 passed[39m[22m[90m (102)[39m
[2m   Start at [22m 23:25:03
[2m   Duration [22m 17.37s


[1m[7m[32m PASS [39m[27m[22m[32m Waiting for file changes...[39m
       [2mpress [22m[1mh[22m[2m to show help[22m[2m, [22m[2mpress [22m[1mq[22m[2m to quit[22m
[3Jc
[7m[1m[34m RERUN [39m[22m[27m[2m src/validation/validators/modes/bayesian.ts[22m

 [32m✓[39m tests/unit/analogical.test.ts [2m ([22m[2m9 tests[22m[2m)[22m[90m 33[2mms[22m[39m
 [32m✓[39m tests/unit/causal.test.ts [2m ([22m[2m10 tests[22m[2m)[22m[90m 62[2mms[22m[39m
 [32m✓[39m tests/unit/temporal.test.ts [2m ([22m[2m19 tests[22m[2m)[22m[90m 66[2mms[22m[39m
 [32m✓[39m tests/unit/evidential.test.ts [2m ([22m[2m16 tests[22m[2m)[22m[90m 95[2mms[22m[39m
 [32m✓[39m tests/unit/gametheory.test.ts [2m ([22m[2m17 tests[22m[2m)[22m[90m 45[2mms[22m[39m
 [32m✓[39m tests/unit/abductive.test.ts [2m ([22m[2m10 tests[22m[2m)[22m[90m 34[2mms[22m[39m
 [32m✓[39m tests/unit/counterfactual.test.ts [2m ([22m[2m8 tests[22m[2m)[22m[90m 40[2mms[22m[39m
[90mstdout[2m | tests/benchmarks/validation-performance.test.ts[2m > [22m[2mValidation Performance Benchmark[2m > [22m[2mshould show significant performance improvement for cache hits[22m[39m

📊 Validation Cache Benchmark: Testing cache performance

🔴 First validation (cache miss):
   Time: 3.6506ms
   Valid: true
   Confidence: 0.70

🟢 Second validation (cache hit):
   Time: 0.2084ms
   Valid: true
   Confidence: 0.70

📈 Performance Analysis:
   Cache miss time: 3.6506ms
   Cache hit time: 0.2084ms
   Speedup: 17.52x
   Hit rate: 50.0%

🎯 Result: EXCELLENT (≥10x)

[90mstdout[2m | tests/benchmarks/validation-performance.test.ts[2m > [22m[2mValidation Performance Benchmark[2m > [22m[2mshould maintain O(1) lookup complexity regardless of cache size[22m[39m

📈 Complexity Analysis: Testing O(1) cache lookup
   Cache size 10: 0.0502ms per lookup
   Cache size 50: 0.0527ms per lookup
   Cache size 100: 0.0470ms per lookup

   Min: 0.0470ms, Max: 0.0527ms, Ratio: 1.12x
   Complexity: O(1) ✅

[90mstdout[2m | tests/benchmarks/validation-performance.test.ts[2m > [22m[2mValidation Performance Benchmark[2m > [22m[2mshould handle high cache hit rates efficiently[22m[39m

📊 High-Volume Test: Simulating realistic usage patterns
   Running 100 validations (5 unique thoughts, repeated pattern)...

📈 Results:
   Total validations: 100
   Cache misses: 5 (avg 0.3937ms)
   Cache hits: 95 (avg 0.1724ms)
   Average speedup: 2.28x
   Hit rate: 95.0%
   Cache size: 5/1000

🎯 Overall Performance: ACCEPTABLE

 [32m✓[39m tests/benchmarks/validation-performance.test.ts [2m ([22m[2m3 tests[22m[2m)[22m[33m 323[2mms[22m[39m
 [32m✓[39m tests/unit/bayesian.test.ts [2m ([22m[2m10 tests[22m[2m)[22m[90m 236[2mms[22m[39m

[2m Test Files [22m [1m[32m9 passed[39m[22m[90m (9)[39m
[2m      Tests [22m [1m[32m102 passed[39m[22m[90m (102)[39m
[2m   Start at [22m 23:25:12
[2m   Duration [22m 13.68s


[1m[7m[32m PASS [39m[27m[22m[32m Waiting for file changes...[39m
       [2mpress [22m[1mh[22m[2m to show help[22m[2m, [22m[2mpress [22m[1mq[22m[2m to quit[22m
[3Jc
[7m[1m[34m RERUN [39m[22m[27m[2m src/types/core.ts[22m

[90mstdout[2m | tests/unit/file-store.test.ts[2m > [22m[2mFileSessionStore[2m > [22m[2minitialization[2m > [22m[2mshould create necessary directories[22m[39m
[2025-11-19T04:32:14.753Z] INFO: FileSessionStore initialized
  Context: {
  "baseDir": "C:\\Users\\danie\\AppData\\Local\\Temp\\deepthinking-test-72c5d96c-6425-4df5-92e9-681c1b63a0ae",
  "config": {
    "autoSave": true,
    "autoSaveDelay": 1000,
    "enableCompression": false,
    "maxSessions": 1000,
    "maxSessionAge": 2592000000,
    "enableEncryption": false,
    "serialization": {
      "prettyPrint": false,
      "includeMetadata": true
    }
  }
}

[90mstdout[2m | tests/unit/file-store.test.ts[2m > [22m[2mFileSessionStore[2m > [22m[2minitialization[2m > [22m[2mshould create necessary directories[22m[39m
[2025-11-19T04:32:14.765Z] INFO: FileSessionStore closed

[90mstdout[2m | tests/unit/file-store.test.ts[2m > [22m[2mFileSessionStore[2m > [22m[2minitialization[2m > [22m[2mshould handle multiple initialization calls[22m[39m
[2025-11-19T04:32:14.811Z] INFO: FileSessionStore initialized
  Context: {
  "baseDir": "C:\\Users\\danie\\AppData\\Local\\Temp\\deepthinking-test-776ea1fc-893b-4e7e-a803-fb82979336a6",
  "config": {
    "autoSave": true,
    "autoSaveDelay": 1000,
    "enableCompression": false,
    "maxSessions": 1000,
    "maxSessionAge": 2592000000,
    "enableEncryption": false,
    "serialization": {
      "prettyPrint": false,
      "includeMetadata": true
    }
  }
}
[2025-11-19T04:32:14.812Z] INFO: FileSessionStore closed

[90mstdout[2m | tests/unit/file-store.test.ts[2m > [22m[2mFileSessionStore[2m > [22m[2msaveSession[2m > [22m[2mshould save a session to disk[22m[39m
[2025-11-19T04:32:14.872Z] INFO: FileSessionStore initialized
  Context: {
  "baseDir": "C:\\Users\\danie\\AppData\\Local\\Temp\\deepthinking-test-989427ba-db12-48b6-909c-4e6447ea7efd",
  "config": {
    "autoSave": true,
    "autoSaveDelay": 1000,
    "enableCompression": false,
    "maxSessions": 1000,
    "maxSessionAge": 2592000000,
    "enableEncryption": false,
    "serialization": {
      "prettyPrint": false,
      "includeMetadata": true
    }
  }
}

[90mstdout[2m | tests/unit/file-store.test.ts[2m > [22m[2mFileSessionStore[2m > [22m[2msaveSession[2m > [22m[2mshould save a session to disk[22m[39m
[2025-11-19T04:32:14.916Z] INFO: FileSessionStore closed

[90mstdout[2m | tests/unit/file-store.test.ts[2m > [22m[2mFileSessionStore[2m > [22m[2msaveSession[2m > [22m[2mshould save session with correct content[22m[39m
[2025-11-19T04:32:15.113Z] INFO: FileSessionStore initialized
  Context: {
  "baseDir": "C:\\Users\\danie\\AppData\\Local\\Temp\\deepthinking-test-a8eecf63-88bc-48c9-82f0-45c31baf17fe",
  "config": {
    "autoSave": true,
    "autoSaveDelay": 1000,
    "enableCompression": false,
    "maxSessions": 1000,
    "maxSessionAge": 2592000000,
    "enableEncryption": false,
    "serialization": {
      "prettyPrint": false,
      "includeMetadata": true
    }
  }
}

[90mstdout[2m | tests/unit/file-store.test.ts[2m > [22m[2mFileSessionStore[2m > [22m[2msaveSession[2m > [22m[2mshould save session with correct content[22m[39m
[2025-11-19T04:32:15.173Z] INFO: FileSessionStore closed

[90mstdout[2m | tests/unit/file-store.test.ts[2m > [22m[2mFileSessionStore[2m > [22m[2msaveSession[2m > [22m[2mshould update metadata index[22m[39m
[2025-11-19T04:32:15.194Z] INFO: FileSessionStore initialized
  Context: {
  "baseDir": "C:\\Users\\danie\\AppData\\Local\\Temp\\deepthinking-test-005dfb93-74e7-455f-944e-dcaf4371ca92",
  "config": {
    "autoSave": true,
    "autoSaveDelay": 1000,
    "enableCompression": false,
    "maxSessions": 1000,
    "maxSessionAge": 2592000000,
    "enableEncryption": false,
    "serialization": {
      "prettyPrint": false,
      "includeMetadata": true
    }
  }
}

[90mstdout[2m | tests/unit/file-store.test.ts[2m > [22m[2mFileSessionStore[2m > [22m[2msaveSession[2m > [22m[2mshould update metadata index[22m[39m
[2025-11-19T04:32:15.207Z] INFO: FileSessionStore closed

[90mstdout[2m | tests/unit/file-store.test.ts[2m > [22m[2mFileSessionStore[2m > [22m[2msaveSession[2m > [22m[2mshould overwrite existing session[22m[39m
[2025-11-19T04:32:15.227Z] INFO: FileSessionStore initialized
  Context: {
  "baseDir": "C:\\Users\\danie\\AppData\\Local\\Temp\\deepthinking-test-adcb339e-9296-4d5a-af89-0dc28459a475",
  "config": {
    "autoSave": true,
    "autoSaveDelay": 1000,
    "enableCompression": false,
    "maxSessions": 1000,
    "maxSessionAge": 2592000000,
    "enableEncryption": false,
    "serialization": {
      "prettyPrint": false,
      "includeMetadata": true
    }
  }
}

[90mstdout[2m | tests/unit/file-store.test.ts[2m > [22m[2mFileSessionStore[2m > [22m[2msaveSession[2m > [22m[2mshould overwrite existing session[22m[39m
[2025-11-19T04:32:15.258Z] INFO: FileSessionStore closed

[90mstdout[2m | tests/unit/file-store.test.ts[2m > [22m[2mFileSessionStore[2m > [22m[2mloadSession[2m > [22m[2mshould load an existing session[22m[39m
[2025-11-19T04:32:15.276Z] INFO: FileSessionStore initialized
  Context: {
  "baseDir": "C:\\Users\\danie\\AppData\\Local\\Temp\\deepthinking-test-3364afe1-d19c-4fe3-a026-d0163973d9af",
  "config": {
    "autoSave": true,
    "autoSaveDelay": 1000,
    "enableCompression": false,
    "maxSessions": 1000,
    "maxSessionAge": 2592000000,
    "enableEncryption": false,
    "serialization": {
      "prettyPrint": false,
      "includeMetadata": true
    }
  }
}

[90mstdout[2m | tests/unit/file-store.test.ts[2m > [22m[2mFileSessionStore[2m > [22m[2mloadSession[2m > [22m[2mshould load an existing session[22m[39m
[2025-11-19T04:32:15.302Z] INFO: FileSessionStore closed

[90mstdout[2m | tests/unit/file-store.test.ts[2m > [22m[2mFileSessionStore[2m > [22m[2mloadSession[2m > [22m[2mshould return null for non-existent session[22m[39m
[2025-11-19T04:32:15.323Z] INFO: FileSessionStore initialized
  Context: {
  "baseDir": "C:\\Users\\danie\\AppData\\Local\\Temp\\deepthinking-test-2d5c8eab-93dc-46ad-8859-76bb32d74614",
  "config": {
    "autoSave": true,
    "autoSaveDelay": 1000,
    "enableCompression": false,
    "maxSessions": 1000,
    "maxSessionAge": 2592000000,
    "enableEncryption": false,
    "serialization": {
      "prettyPrint": false,
      "includeMetadata": true
    }
  }
}

[90mstdout[2m | tests/unit/file-store.test.ts[2m > [22m[2mFileSessionStore[2m > [22m[2mloadSession[2m > [22m[2mshould return null for non-existent session[22m[39m
[2025-11-19T04:32:15.325Z] INFO: FileSessionStore closed

[90mstdout[2m | tests/unit/file-store.test.ts[2m > [22m[2mFileSessionStore[2m > [22m[2mloadSession[2m > [22m[2mshould preserve Date objects[22m[39m
[2025-11-19T04:32:15.388Z] INFO: FileSessionStore initialized
  Context: {
  "baseDir": "C:\\Users\\danie\\AppData\\Local\\Temp\\deepthinking-test-35a2cc52-c0b4-4ca7-8e7a-24778ed43703",
  "config": {
    "autoSave": true,
    "autoSaveDelay": 1000,
    "enableCompression": false,
    "maxSessions": 1000,
    "maxSessionAge": 2592000000,
    "enableEncryption": false,
    "serialization": {
      "prettyPrint": false,
      "includeMetadata": true
    }
  }
}

[90mstdout[2m | tests/unit/file-store.test.ts[2m > [22m[2mFileSessionStore[2m > [22m[2mloadSession[2m > [22m[2mshould preserve Date objects[22m[39m
[2025-11-19T04:32:15.440Z] INFO: FileSessionStore closed

[90mstdout[2m | tests/unit/file-store.test.ts[2m > [22m[2mFileSessionStore[2m > [22m[2mloadSession[2m > [22m[2mshould preserve Map objects[22m[39m
[2025-11-19T04:32:15.477Z] INFO: FileSessionStore initialized
  Context: {
  "baseDir": "C:\\Users\\danie\\AppData\\Local\\Temp\\deepthinking-test-e10e9ed6-f673-47da-aa1a-447444e07f2a",
  "config": {
    "autoSave": true,
    "autoSaveDelay": 1000,
    "enableCompression": false,
    "maxSessions": 1000,
    "maxSessionAge": 2592000000,
    "enableEncryption": false,
    "serialization": {
      "prettyPrint": false,
      "includeMetadata": true
    }
  }
}

[90mstdout[2m | tests/unit/file-store.test.ts[2m > [22m[2mFileSessionStore[2m > [22m[2mloadSession[2m > [22m[2mshould preserve Map objects[22m[39m
[2025-11-19T04:32:15.497Z] INFO: FileSessionStore closed

[90mstdout[2m | tests/unit/file-store.test.ts[2m > [22m[2mFileSessionStore[2m > [22m[2mdeleteSession[2m > [22m[2mshould delete an existing session[22m[39m
[2025-11-19T04:32:15.584Z] INFO: FileSessionStore initialized
  Context: {
  "baseDir": "C:\\Users\\danie\\AppData\\Local\\Temp\\deepthinking-test-e80dae47-d26f-41e7-b7fe-dbd142723152",
  "config": {
    "autoSave": true,
    "autoSaveDelay": 1000,
    "enableCompression": false,
    "maxSessions": 1000,
    "maxSessionAge": 2592000000,
    "enableEncryption": false,
    "serialization": {
      "prettyPrint": false,
      "includeMetadata": true
    }
  }
}

[90mstdout[2m | tests/unit/file-store.test.ts[2m > [22m[2mFileSessionStore[2m > [22m[2mdeleteSession[2m > [22m[2mshould delete an existing session[22m[39m
[2025-11-19T04:32:15.600Z] INFO: Session deleted
  Context: {
  "sessionId": "aeeb8f6d-4173-4ddd-a957-f1f0f95a2fb2"
}

[90mstdout[2m | tests/unit/file-store.test.ts[2m > [22m[2mFileSessionStore[2m > [22m[2mdeleteSession[2m > [22m[2mshould delete an existing session[22m[39m
[2025-11-19T04:32:15.604Z] INFO: FileSessionStore closed

[90mstdout[2m | tests/unit/file-store.test.ts[2m > [22m[2mFileSessionStore[2m > [22m[2mdeleteSession[2m > [22m[2mshould return false for non-existent session[22m[39m
[2025-11-19T04:32:15.618Z] INFO: FileSessionStore initialized
  Context: {
  "baseDir": "C:\\Users\\danie\\AppData\\Local\\Temp\\deepthinking-test-6af29249-2f77-4602-ba39-c921c052c296",
  "config": {
    "autoSave": true,
    "autoSaveDelay": 1000,
    "enableCompression": false,
    "maxSessions": 1000,
    "maxSessionAge": 2592000000,
    "enableEncryption": false,
    "serialization": {
      "prettyPrint": false,
      "includeMetadata": true
    }
  }
}

[90mstdout[2m | tests/unit/file-store.test.ts[2m > [22m[2mFileSessionStore[2m > [22m[2mdeleteSession[2m > [22m[2mshould return false for non-existent session[22m[39m
[2025-11-19T04:32:15.619Z] INFO: FileSessionStore closed

[90mstdout[2m | tests/unit/file-store.test.ts[2m > [22m[2mFileSessionStore[2m > [22m[2mdeleteSession[2m > [22m[2mshould update metadata index after deletion[22m[39m
[2025-11-19T04:32:15.627Z] INFO: FileSessionStore initialized
  Context: {
  "baseDir": "C:\\Users\\danie\\AppData\\Local\\Temp\\deepthinking-test-70a66cc4-bb2b-4270-afd4-e72632d0f10a",
  "config": {
    "autoSave": true,
    "autoSaveDelay": 1000,
    "enableCompression": false,
    "maxSessions": 1000,
    "maxSessionAge": 2592000000,
    "enableEncryption": false,
    "serialization": {
      "prettyPrint": false,
      "includeMetadata": true
    }
  }
}

[90mstdout[2m | tests/unit/file-store.test.ts[2m > [22m[2mFileSessionStore[2m > [22m[2mdeleteSession[2m > [22m[2mshould update metadata index after deletion[22m[39m
[2025-11-19T04:32:15.638Z] INFO: Session deleted
  Context: {
  "sessionId": "0f65eb2c-ba79-45f2-80ba-2641fcdb8861"
}
[2025-11-19T04:32:15.638Z] INFO: FileSessionStore closed

[90mstdout[2m | tests/unit/file-store.test.ts[2m > [22m[2mFileSessionStore[2m > [22m[2mlistSessions[2m > [22m[2mshould list all sessions[22m[39m
[2025-11-19T04:32:15.651Z] INFO: FileSessionStore initialized
  Context: {
  "baseDir": "C:\\Users\\danie\\AppData\\Local\\Temp\\deepthinking-test-80c48423-a1f5-49d2-988d-a43bd9b7337e",
  "config": {
    "autoSave": true,
    "autoSaveDelay": 1000,
    "enableCompression": false,
    "maxSessions": 1000,
    "maxSessionAge": 2592000000,
    "enableEncryption": false,
    "serialization": {
      "prettyPrint": false,
      "includeMetadata": true
    }
  }
}

[90mstderr[2m | tests/integration/error-handling.test.ts[2m > [22m[2mError Handling and Edge Cases[2m > [22m[2mInvalid Session Operations[2m > [22m[2mshould throw error for non-existent session ID[22m[39m
[2025-11-19T04:32:15.125Z] ERROR: Session not found
  Context: {
  "sessionId": "00000000-0000-4000-8000-000000000000"
}

[90mstdout[2m | tests/integration/error-handling.test.ts[2m > [22m[2mError Handling and Edge Cases[2m > [22m[2mInvalid Session Operations[2m > [22m[2mshould handle session deletion idempotently[22m[39m
[2025-11-19T04:32:15.214Z] INFO: Session created
  Context: {
  "sessionId": "e757467e-5bd2-4e59-989e-a478d554ca56",
  "title": "Test",
  "mode": "hybrid"
}
[2025-11-19T04:32:15.219Z] INFO: Session deleted
  Context: {
  "sessionId": "e757467e-5bd2-4e59-989e-a478d554ca56",
  "title": "Test",
  "thoughtCount": 0
}

[90mstderr[2m | tests/integration/error-handling.test.ts[2m > [22m[2mError Handling and Edge Cases[2m > [22m[2mInvalid Session Operations[2m > [22m[2mshould handle session deletion idempotently[22m[39m
[2025-11-19T04:32:15.219Z] WARN: Attempted to delete non-existent session from memory
  Context: {
  "sessionId": "e757467e-5bd2-4e59-989e-a478d554ca56"
}

[90mstdout[2m | tests/integration/error-handling.test.ts[2m > [22m[2mError Handling and Edge Cases[2m > [22m[2mValidation Errors[2m > [22m[2mshould accept thoughts with missing fields (lenient validation)[22m[39m
[2025-11-19T04:32:15.316Z] INFO: Session created
  Context: {
  "sessionId": "8706232c-0801-4d5e-a0bf-3ed5867c50c0",
  "title": "Untitled Session",
  "mode": "hybrid"
}
[2025-11-19T04:32:15.319Z] INFO: Session completed
  Context: {
  "sessionId": "8706232c-0801-4d5e-a0bf-3ed5867c50c0",
  "title": "Untitled Session",
  "totalThoughts": 1
}

[90mstdout[2m | tests/integration/error-handling.test.ts[2m > [22m[2mError Handling and Edge Cases[2m > [22m[2mValidation Errors[2m > [22m[2mshould accept invalid uncertainty values (lenient validation)[22m[39m
[2025-11-19T04:32:15.320Z] INFO: Session created
  Context: {
  "sessionId": "fcb23930-acb7-4084-91a7-1b3704e93668",
  "title": "Untitled Session",
  "mode": "hybrid"
}
[2025-11-19T04:32:15.400Z] INFO: Session completed
  Context: {
  "sessionId": "fcb23930-acb7-4084-91a7-1b3704e93668",
  "title": "Untitled Session",
  "totalThoughts": 1
}

[90mstdout[2m | tests/integration/error-handling.test.ts[2m > [22m[2mError Handling and Edge Cases[2m > [22m[2mValidation Errors[2m > [22m[2mshould accept negative thought numbers (lenient validation)[22m[39m
[2025-11-19T04:32:15.402Z] INFO: Session created
  Context: {
  "sessionId": "b575742b-46b6-423d-bc75-3cafee762e88",
  "title": "Untitled Session",
  "mode": "hybrid"
}
[2025-11-19T04:32:15.402Z] INFO: Session completed
  Context: {
  "sessionId": "b575742b-46b6-423d-bc75-3cafee762e88",
  "title": "Untitled Session",
  "totalThoughts": 1
}

[90mstdout[2m | tests/integration/error-handling.test.ts[2m > [22m[2mError Handling and Edge Cases[2m > [22m[2mValidation Errors[2m > [22m[2mshould accept zero thought numbers (lenient validation)[22m[39m
[2025-11-19T04:32:15.404Z] INFO: Session created
  Context: {
  "sessionId": "4837541a-3385-4782-8008-2d21d08955fd",
  "title": "Untitled Session",
  "mode": "hybrid"
}
[2025-11-19T04:32:15.404Z] INFO: Session completed
  Context: {
  "sessionId": "4837541a-3385-4782-8008-2d21d08955fd",
  "title": "Untitled Session",
  "totalThoughts": 1
}

[90mstdout[2m | tests/integration/error-handling.test.ts[2m > [22m[2mError Handling and Edge Cases[2m > [22m[2mValidation Errors[2m > [22m[2mshould accept invalid mode values (lenient validation)[22m[39m
[2025-11-19T04:32:15.405Z] INFO: Session created
  Context: {
  "sessionId": "ab31ff90-80f6-4ce4-bec0-b94d0bf2b3d2",
  "title": "Untitled Session",
  "mode": "invalid_mode"
}

[90mstdout[2m | tests/integration/error-handling.test.ts[2m > [22m[2mError Handling and Edge Cases[2m > [22m[2mValidation Errors[2m > [22m[2mshould accept invalid Shannon stage (lenient validation)[22m[39m
[2025-11-19T04:32:15.408Z] INFO: Session created
  Context: {
  "sessionId": "7e2d5eb4-ef14-44bc-92e7-2f844e63c684",
  "title": "Untitled Session",
  "mode": "shannon"
}
[2025-11-19T04:32:15.408Z] INFO: Session completed
  Context: {
  "sessionId": "7e2d5eb4-ef14-44bc-92e7-2f844e63c684",
  "title": "Untitled Session",
  "totalThoughts": 1
}

[90mstdout[2m | tests/integration/error-handling.test.ts[2m > [22m[2mError Handling and Edge Cases[2m > [22m[2mBoundary Conditions[2m > [22m[2mshould handle uncertainty = 0 (perfect certainty)[22m[39m
[2025-11-19T04:32:15.410Z] INFO: Session created
  Context: {
  "sessionId": "60fbc10e-f304-4a18-a50e-f5096d39283b",
  "title": "Untitled Session",
  "mode": "hybrid"
}
[2025-11-19T04:32:15.410Z] INFO: Session completed
  Context: {
  "sessionId": "60fbc10e-f304-4a18-a50e-f5096d39283b",
  "title": "Untitled Session",
  "totalThoughts": 1
}

[90mstdout[2m | tests/integration/error-handling.test.ts[2m > [22m[2mError Handling and Edge Cases[2m > [22m[2mBoundary Conditions[2m > [22m[2mshould handle uncertainty = 1 (complete uncertainty)[22m[39m
[2025-11-19T04:32:15.411Z] INFO: Session created
  Context: {
  "sessionId": "c05c7fda-1838-4901-9558-c08503fbe9ae",
  "title": "Untitled Session",
  "mode": "hybrid"
}
[2025-11-19T04:32:15.412Z] INFO: Session completed
  Context: {
  "sessionId": "c05c7fda-1838-4901-9558-c08503fbe9ae",
  "title": "Untitled Session",
  "totalThoughts": 1
}

[90mstdout[2m | tests/integration/error-handling.test.ts[2m > [22m[2mError Handling and Edge Cases[2m > [22m[2mBoundary Conditions[2m > [22m[2mshould handle very large thoughtNumber[22m[39m
[2025-11-19T04:32:15.413Z] INFO: Session created
  Context: {
  "sessionId": "829b2171-65ed-4ea2-a2f9-89d8ffb1ca0e",
  "title": "Untitled Session",
  "mode": "hybrid"
}
[2025-11-19T04:32:15.414Z] INFO: Session completed
  Context: {
  "sessionId": "829b2171-65ed-4ea2-a2f9-89d8ffb1ca0e",
  "title": "Untitled Session",
  "totalThoughts": 1
}

[90mstdout[2m | tests/integration/error-handling.test.ts[2m > [22m[2mError Handling and Edge Cases[2m > [22m[2mBoundary Conditions[2m > [22m[2mshould handle totalThoughts = thoughtNumber (single thought)[22m[39m
[2025-11-19T04:32:15.415Z] INFO: Session created
  Context: {
  "sessionId": "fb0d1d27-dc5d-4a4d-b2f5-9f3a41b5de97",
  "title": "Untitled Session",
  "mode": "hybrid"
}
[2025-11-19T04:32:15.416Z] INFO: Session completed
  Context: {
  "sessionId": "fb0d1d27-dc5d-4a4d-b2f5-9f3a41b5de97",
  "title": "Untitled Session",
  "totalThoughts": 1
}

[90mstdout[2m | tests/integration/error-handling.test.ts[2m > [22m[2mError Handling and Edge Cases[2m > [22m[2mEdge Cases - Empty Data[2m > [22m[2mshould handle empty thought content[22m[39m
[2025-11-19T04:32:15.421Z] INFO: Session created
  Context: {
  "sessionId": "5e909c2c-feef-4bff-9510-ffd77615fafa",
  "title": "Untitled Session",
  "mode": "hybrid"
}
[2025-11-19T04:32:15.422Z] INFO: Session completed
  Context: {
  "sessionId": "5e909c2c-feef-4bff-9510-ffd77615fafa",
  "title": "Untitled Session",
  "totalThoughts": 1
}

[90mstdout[2m | tests/integration/error-handling.test.ts[2m > [22m[2mError Handling and Edge Cases[2m > [22m[2mEdge Cases - Empty Data[2m > [22m[2mshould handle empty session title with default[22m[39m
[2025-11-19T04:32:15.423Z] INFO: Session created
  Context: {
  "sessionId": "f35444de-c5ce-48a3-b0b4-9ba469b545ea",
  "title": "Untitled Session",
  "mode": "hybrid"
}

[90mstdout[2m | tests/integration/error-handling.test.ts[2m > [22m[2mError Handling and Edge Cases[2m > [22m[2mEdge Cases - Empty Data[2m > [22m[2mshould handle empty arrays for optional fields[22m[39m
[2025-11-19T04:32:15.425Z] INFO: Session created
  Context: {
  "sessionId": "543c44d9-8e36-44a8-bd4d-1e939aaf70c6",
  "title": "Untitled Session",
  "mode": "hybrid"
}
[2025-11-19T04:32:15.425Z] INFO: Session completed
  Context: {
  "sessionId": "543c44d9-8e36-44a8-bd4d-1e939aaf70c6",
  "title": "Untitled Session",
  "totalThoughts": 1
}

[90mstdout[2m | tests/integration/error-handling.test.ts[2m > [22m[2mError Handling and Edge Cases[2m > [22m[2mEdge Cases - Empty Data[2m > [22m[2mshould handle session with no thoughts[22m[39m
[2025-11-19T04:32:15.427Z] INFO: Session created
  Context: {
  "sessionId": "569c85be-97d4-42eb-b279-5e486193df6c",
  "title": "Untitled Session",
  "mode": "hybrid"
}

[90mstdout[2m | tests/integration/error-handling.test.ts[2m > [22m[2mError Handling and Edge Cases[2m > [22m[2mEdge Cases - Special Characters[2m > [22m[2mshould handle Unicode characters in thought content[22m[39m
[2025-11-19T04:32:15.429Z] INFO: Session created
  Context: {
  "sessionId": "19533148-c3fb-4f84-803a-643f8cd41b1e",
  "title": "Untitled Session",
  "mode": "hybrid"
}
[2025-11-19T04:32:15.430Z] INFO: Session completed
  Context: {
  "sessionId": "19533148-c3fb-4f84-803a-643f8cd41b1e",
  "title": "Untitled Session",
  "totalThoughts": 1
}

[90mstdout[2m | tests/integration/error-handling.test.ts[2m > [22m[2mError Handling and Edge Cases[2m > [22m[2mEdge Cases - Special Characters[2m > [22m[2mshould handle special characters in session title[22m[39m
[2025-11-19T04:32:15.431Z] INFO: Session created
  Context: {
  "sessionId": "eb8f842d-bc94-46d4-a7d5-530661471953",
  "title": "<script>alert(\"xss\")</script>",
  "mode": "hybrid"
}

[90mstdout[2m | tests/integration/error-handling.test.ts[2m > [22m[2mError Handling and Edge Cases[2m > [22m[2mEdge Cases - Special Characters[2m > [22m[2mshould handle LaTeX with special characters[22m[39m
[2025-11-19T04:32:15.432Z] INFO: Session created
  Context: {
  "sessionId": "f1d8a288-3083-4937-bb8b-1c3bddff58ad",
  "title": "Untitled Session",
  "mode": "mathematics"
}
[2025-11-19T04:32:15.432Z] INFO: Session completed
  Context: {
  "sessionId": "f1d8a288-3083-4937-bb8b-1c3bddff58ad",
  "title": "Untitled Session",
  "totalThoughts": 1
}

[90mstdout[2m | tests/integration/error-handling.test.ts[2m > [22m[2mError Handling and Edge Cases[2m > [22m[2mEdge Cases - Special Characters[2m > [22m[2mshould handle newlines and tabs in thought content[22m[39m
[2025-11-19T04:32:15.498Z] INFO: Session created
  Context: {
  "sessionId": "81b8a76f-ebfa-4ba9-a637-6aa7455dc279",
  "title": "Untitled Session",
  "mode": "hybrid"
}
[2025-11-19T04:32:15.498Z] INFO: Session completed
  Context: {
  "sessionId": "81b8a76f-ebfa-4ba9-a637-6aa7455dc279",
  "title": "Untitled Session",
  "totalThoughts": 1
}

[90mstdout[2m | tests/integration/error-handling.test.ts[2m > [22m[2mError Handling and Edge Cases[2m > [22m[2mEdge Cases - Large Data[2m > [22m[2mshould handle very long thought content[22m[39m
[2025-11-19T04:32:15.597Z] INFO: Session created
  Context: {
  "sessionId": "079af605-d12d-4952-8dd2-c58d8db74a31",
  "title": "Untitled Session",
  "mode": "hybrid"
}
[2025-11-19T04:32:15.597Z] INFO: Session completed
  Context: {
  "sessionId": "079af605-d12d-4952-8dd2-c58d8db74a31",
  "title": "Untitled Session",
  "totalThoughts": 1
}

[90mstdout[2m | tests/integration/error-handling.test.ts[2m > [22m[2mError Handling and Edge Cases[2m > [22m[2mEdge Cases - Large Data[2m > [22m[2mshould handle sessions with many thoughts[22m[39m
[2025-11-19T04:32:15.598Z] INFO: Session created
  Context: {
  "sessionId": "4443955d-31ac-45d7-ae51-0d1cc27c3331",
  "title": "Untitled Session",
  "mode": "hybrid"
}
[2025-11-19T04:32:15.601Z] INFO: Session completed
  Context: {
  "sessionId": "4443955d-31ac-45d7-ae51-0d1cc27c3331",
  "title": "Untitled Session",
  "totalThoughts": 100
}

[90mstdout[2m | tests/integration/error-handling.test.ts[2m > [22m[2mError Handling and Edge Cases[2m > [22m[2mEdge Cases - Large Data[2m > [22m[2mshould handle large dependency arrays[22m[39m
[2025-11-19T04:32:15.603Z] INFO: Session created
  Context: {
  "sessionId": "8b5408bb-2e53-4e62-ab2a-2752d79eac14",
  "title": "Untitled Session",
  "mode": "hybrid"
}
[2025-11-19T04:32:15.603Z] INFO: Session completed
  Context: {
  "sessionId": "8b5408bb-2e53-4e62-ab2a-2752d79eac14",
  "title": "Untitled Session",
  "totalThoughts": 1
}

[90mstdout[2m | tests/integration/error-handling.test.ts[2m > [22m[2mError Handling and Edge Cases[2m > [22m[2mError Recovery[2m > [22m[2mshould maintain session integrity even with lenient validation[22m[39m
[2025-11-19T04:32:15.607Z] INFO: Session created
  Context: {
  "sessionId": "74b26713-ecd2-49af-8b26-e8cddb9b1096",
  "title": "Untitled Session",
  "mode": "hybrid"
}
[2025-11-19T04:32:15.607Z] INFO: Session completed
  Context: {
  "sessionId": "74b26713-ecd2-49af-8b26-e8cddb9b1096",
  "title": "Untitled Session",
  "totalThoughts": 1
}
[2025-11-19T04:32:15.607Z] INFO: Session completed
  Context: {
  "sessionId": "74b26713-ecd2-49af-8b26-e8cddb9b1096",
  "title": "Untitled Session",
  "totalThoughts": 2
}

[90mstdout[2m | tests/integration/error-handling.test.ts[2m > [22m[2mError Handling and Edge Cases[2m > [22m[2mError Recovery[2m > [22m[2mshould allow mode switch even after adding invalid data[22m[39m
[2025-11-19T04:32:15.609Z] INFO: Session created
  Context: {
  "sessionId": "f92a45ef-a6b8-4872-9b06-ffc0bc60293f",
  "title": "Untitled Session",
  "mode": "sequential"
}
[2025-11-19T04:32:15.609Z] INFO: Session completed
  Context: {
  "sessionId": "f92a45ef-a6b8-4872-9b06-ffc0bc60293f",
  "title": "Untitled Session",
  "totalThoughts": 1
}
[2025-11-19T04:32:15.609Z] INFO: Session mode switched
  Context: {
  "sessionId": "f92a45ef-a6b8-4872-9b06-ffc0bc60293f",
  "oldMode": "sequential",
  "newMode": "shannon"
}

[90mstdout[2m | tests/integration/error-handling.test.ts[2m > [22m[2mError Handling and Edge Cases[2m > [22m[2mSummary Generation Edge Cases[2m > [22m[2mshould generate summary for empty session[22m[39m
[2025-11-19T04:32:15.611Z] INFO: Session created
  Context: {
  "sessionId": "adacbe6c-24a4-4d2a-a19c-b64c795d0f26",
  "title": "Empty Session",
  "mode": "hybrid"
}

[90mstdout[2m | tests/integration/error-handling.test.ts[2m > [22m[2mError Handling and Edge Cases[2m > [22m[2mSummary Generation Edge Cases[2m > [22m[2mshould generate summary for single thought session[22m[39m
[2025-11-19T04:32:15.612Z] INFO: Session created
  Context: {
  "sessionId": "895c21ec-ea47-45ed-b53e-6d937495aff8",
  "title": "Single Thought",
  "mode": "hybrid"
}
[2025-11-19T04:32:15.612Z] INFO: Session completed
  Context: {
  "sessionId": "895c21ec-ea47-45ed-b53e-6d937495aff8",
  "title": "Single Thought",
  "totalThoughts": 1
}

[90mstdout[2m | tests/integration/error-handling.test.ts[2m > [22m[2mError Handling and Edge Cases[2m > [22m[2mSummary Generation Edge Cases[2m > [22m[2mshould handle summary for session with very long thoughts[22m[39m
[2025-11-19T04:32:15.615Z] INFO: Session created
  Context: {
  "sessionId": "bc5ec6ed-7e50-44f8-90ef-4545e6bd42b0",
  "title": "Untitled Session",
  "mode": "hybrid"
}
[2025-11-19T04:32:15.615Z] INFO: Session completed
  Context: {
  "sessionId": "bc5ec6ed-7e50-44f8-90ef-4545e6bd42b0",
  "title": "Untitled Session",
  "totalThoughts": 1
}

[90mstdout[2m | tests/integration/error-handling.test.ts[2m > [22m[2mError Handling and Edge Cases[2m > [22m[2mConcurrent Session Management[2m > [22m[2mshould handle rapid session creation[22m[39m
[2025-11-19T04:32:15.617Z] INFO: Session created
  Context: {
  "sessionId": "b0586aee-6b22-41d2-bddc-c9d3a31cd55e",
  "title": "Session 0",
  "mode": "hybrid"
}
[2025-11-19T04:32:15.617Z] INFO: Session created
  Context: {
  "sessionId": "5f4a708a-918e-4242-95c9-ef684604bca9",
  "title": "Session 1",
  "mode": "hybrid"
}
[2025-11-19T04:32:15.617Z] INFO: Session created
  Context: {
  "sessionId": "b9a9c3bc-5a30-428f-9b55-e64a44938282",
  "title": "Session 2",
  "mode": "hybrid"
}
[2025-11-19T04:32:15.617Z] INFO: Session created
  Context: {
  "sessionId": "b0bf67a6-d97f-481a-8dc3-6332f8836135",
  "title": "Session 3",
  "mode": "hybrid"
}
[2025-11-19T04:32:15.617Z] INFO: Session created
  Context: {
  "sessionId": "bd60feaf-cd7c-4d70-9a48-5282d51779ac",
  "title": "Session 4",
  "mode": "hybrid"
}
[2025-11-19T04:32:15.617Z] INFO: Session created
  Context: {
  "sessionId": "cd9a51cc-86e7-4667-a34b-39b3e87ced4e",
  "title": "Session 5",
  "mode": "hybrid"
}
[2025-11-19T04:32:15.617Z] INFO: Session created
  Context: {
  "sessionId": "6ee8e0c3-a625-4fb2-9fba-7e46d447031d",
  "title": "Session 6",
  "mode": "hybrid"
}
[2025-11-19T04:32:15.617Z] INFO: Session created
  Context: {
  "sessionId": "ae40aca0-6636-4a91-a6c1-a640f87d65cf",
  "title": "Session 7",
  "mode": "hybrid"
}
[2025-11-19T04:32:15.617Z] INFO: Session created
  Context: {
  "sessionId": "aedabf9c-5ada-4e99-8fc3-6cd0129b83f7",
  "title": "Session 8",
  "mode": "hybrid"
}
[2025-11-19T04:32:15.618Z] INFO: Session created
  Context: {
  "sessionId": "3a54de4d-60cb-4ee9-a5bc-b7450aff2be9",
  "title": "Session 9",
  "mode": "hybrid"
}

[90mstdout[2m | tests/integration/error-handling.test.ts[2m > [22m[2mError Handling and Edge Cases[2m > [22m[2mConcurrent Session Management[2m > [22m[2mshould handle concurrent thought additions to same session[22m[39m
[2025-11-19T04:32:15.619Z] INFO: Session created
  Context: {
  "sessionId": "b4fa2624-aefb-4327-aac1-0d2cec85dfaf",
  "title": "Untitled Session",
  "mode": "hybrid"
}
[2025-11-19T04:32:15.619Z] INFO: Session completed
  Context: {
  "sessionId": "b4fa2624-aefb-4327-aac1-0d2cec85dfaf",
  "title": "Untitled Session",
  "totalThoughts": 5
}

[90mstdout[2m | tests/integration/error-handling.test.ts[2m > [22m[2mError Handling and Edge Cases[2m > [22m[2mConcurrent Session Management[2m > [22m[2mshould maintain independence of multiple sessions[22m[39m
[2025-11-19T04:32:15.620Z] INFO: Session created
  Context: {
  "sessionId": "563e1764-84f6-4624-a174-724cf290ebf3",
  "title": "Session 1",
  "mode": "hybrid"
}
[2025-11-19T04:32:15.620Z] INFO: Session created
  Context: {
  "sessionId": "42e77735-a1fc-4f03-88e2-1f3bc9624792",
  "title": "Session 2",
  "mode": "hybrid"
}
[2025-11-19T04:32:15.620Z] INFO: Session completed
  Context: {
  "sessionId": "563e1764-84f6-4624-a174-724cf290ebf3",
  "title": "Session 1",
  "totalThoughts": 1
}
[2025-11-19T04:32:15.620Z] INFO: Session completed
  Context: {
  "sessionId": "42e77735-a1fc-4f03-88e2-1f3bc9624792",
  "title": "Session 2",
  "totalThoughts": 1
}

[90mstdout[2m | tests/integration/error-handling.test.ts[2m > [22m[2mError Handling and Edge Cases[2m > [22m[2mMode-Specific Edge Cases[2m > [22m[2mshould handle mathematics mode with missing optional fields[22m[39m
[2025-11-19T04:32:15.622Z] INFO: Session created
  Context: {
  "sessionId": "774f84df-1bd8-409c-bb97-89921f06eb25",
  "title": "Untitled Session",
  "mode": "mathematics"
}
[2025-11-19T04:32:15.622Z] INFO: Session completed
  Context: {
  "sessionId": "774f84df-1bd8-409c-bb97-89921f06eb25",
  "title": "Untitled Session",
  "totalThoughts": 1
}

[90mstdout[2m | tests/integration/error-handling.test.ts[2m > [22m[2mError Handling and Edge Cases[2m > [22m[2mMode-Specific Edge Cases[2m > [22m[2mshould handle Shannon mode without explicit stage[22m[39m
[2025-11-19T04:32:15.623Z] INFO: Session created
  Context: {
  "sessionId": "e77f039e-9a5d-4207-8b17-51978893020f",
  "title": "Untitled Session",
  "mode": "shannon"
}
[2025-11-19T04:32:15.623Z] INFO: Session completed
  Context: {
  "sessionId": "e77f039e-9a5d-4207-8b17-51978893020f",
  "title": "Untitled Session",
  "totalThoughts": 1
}

[90mstdout[2m | tests/integration/error-handling.test.ts[2m > [22m[2mError Handling and Edge Cases[2m > [22m[2mMode-Specific Edge Cases[2m > [22m[2mshould handle temporal mode with minimal event data[22m[39m
[2025-11-19T04:32:15.624Z] INFO: Session created
  Context: {
  "sessionId": "f4c66f1b-2438-46aa-9f34-334ddfe629f6",
  "title": "Untitled Session",
  "mode": "temporal"
}
[2025-11-19T04:32:15.624Z] INFO: Session completed
  Context: {
  "sessionId": "f4c66f1b-2438-46aa-9f34-334ddfe629f6",
  "title": "Untitled Session",
  "totalThoughts": 1
}

 [32m✓[39m tests/integration/error-handling.test.ts [2m ([22m[2m36 tests[22m[2m)[22m[33m 510[2mms[22m[39m
[90mstdout[2m | tests/benchmarks/validation-performance.test.ts[2m > [22m[2mValidation Performance Benchmark[2m > [22m[2mshould show significant performance improvement for cache hits[22m[39m

📊 Validation Cache Benchmark: Testing cache performance

🔴 First validation (cache miss):
   Time: 3.1218ms
   Valid: true
   Confidence: 0.70

🟢 Second validation (cache hit):
   Time: 0.1926ms
   Valid: true
   Confidence: 0.70

📈 Performance Analysis:
   Cache miss time: 3.1218ms
   Cache hit time: 0.1926ms
   Speedup: 16.21x
   Hit rate: 50.0%

🎯 Result: EXCELLENT (≥10x)

[90mstdout[2m | tests/benchmarks/validation-performance.test.ts[2m > [22m[2mValidation Performance Benchmark[2m > [22m[2mshould maintain O(1) lookup complexity regardless of cache size[22m[39m

📈 Complexity Analysis: Testing O(1) cache lookup
   Cache size 10: 0.0459ms per lookup
   Cache size 50: 0.0524ms per lookup
   Cache size 100: 0.0387ms per lookup

   Min: 0.0387ms, Max: 0.0524ms, Ratio: 1.35x
   Complexity: O(1) ✅

[90mstdout[2m | tests/benchmarks/validation-performance.test.ts[2m > [22m[2mValidation Performance Benchmark[2m > [22m[2mshould handle high cache hit rates efficiently[22m[39m

📊 High-Volume Test: Simulating realistic usage patterns
   Running 100 validations (5 unique thoughts, repeated pattern)...

📈 Results:
   Total validations: 100
   Cache misses: 5 (avg 0.2707ms)
   Cache hits: 95 (avg 0.0844ms)
   Average speedup: 3.21x
   Hit rate: 95.0%
   Cache size: 5/1000

🎯 Overall Performance: GOOD

 [32m✓[39m tests/benchmarks/validation-performance.test.ts [2m ([22m[2m3 tests[22m[2m)[22m[90m 75[2mms[22m[39m
[90mstdout[2m | tests/unit/file-store.test.ts[2m > [22m[2mFileSessionStore[2m > [22m[2mlistSessions[2m > [22m[2mshould list all sessions[22m[39m
[2025-11-19T04:32:16.128Z] INFO: FileSessionStore closed

[90mstdout[2m | tests/unit/file-store.test.ts[2m > [22m[2mFileSessionStore[2m > [22m[2mlistSessions[2m > [22m[2mshould return empty array when no sessions exist[22m[39m
[2025-11-19T04:32:16.244Z] INFO: FileSessionStore initialized
  Context: {
  "baseDir": "C:\\Users\\danie\\AppData\\Local\\Temp\\deepthinking-test-8d10e4f5-223f-4d4c-8ff4-97ff04db1813",
  "config": {
    "autoSave": true,
    "autoSaveDelay": 1000,
    "enableCompression": false,
    "maxSessions": 1000,
    "maxSessionAge": 2592000000,
    "enableEncryption": false,
    "serialization": {
      "prettyPrint": false,
      "includeMetadata": true
    }
  }
}
[2025-11-19T04:32:16.245Z] INFO: FileSessionStore closed

[90mstdout[2m | tests/unit/file-store.test.ts[2m > [22m[2mFileSessionStore[2m > [22m[2mlistSessions[2m > [22m[2mshould include correct metadata fields[22m[39m
[2025-11-19T04:32:16.335Z] INFO: FileSessionStore initialized
  Context: {
  "baseDir": "C:\\Users\\danie\\AppData\\Local\\Temp\\deepthinking-test-c0125186-2dfb-43c7-b59f-08010aaeb13c",
  "config": {
    "autoSave": true,
    "autoSaveDelay": 1000,
    "enableCompression": false,
    "maxSessions": 1000,
    "maxSessionAge": 2592000000,
    "enableEncryption": false,
    "serialization": {
      "prettyPrint": false,
      "includeMetadata": true
    }
  }
}

[90mstdout[2m | tests/unit/file-store.test.ts[2m > [22m[2mFileSessionStore[2m > [22m[2mlistSessions[2m > [22m[2mshould include correct metadata fields[22m[39m
[2025-11-19T04:32:16.397Z] INFO: FileSessionStore closed

[90mstdout[2m | tests/unit/file-store.test.ts[2m > [22m[2mFileSessionStore[2m > [22m[2mexists[2m > [22m[2mshould return true for existing session[22m[39m
[2025-11-19T04:32:16.653Z] INFO: FileSessionStore initialized
  Context: {
  "baseDir": "C:\\Users\\danie\\AppData\\Local\\Temp\\deepthinking-test-9f37b42d-19a2-43f5-a4f1-7858937b3463",
  "config": {
    "autoSave": true,
    "autoSaveDelay": 1000,
    "enableCompression": false,
    "maxSessions": 1000,
    "maxSessionAge": 2592000000,
    "enableEncryption": false,
    "serialization": {
      "prettyPrint": false,
      "includeMetadata": true
    }
  }
}

[90mstdout[2m | tests/unit/file-store.test.ts[2m > [22m[2mFileSessionStore[2m > [22m[2mexists[2m > [22m[2mshould return true for existing session[22m[39m
[2025-11-19T04:32:16.712Z] INFO: FileSessionStore closed

[90mstdout[2m | tests/unit/file-store.test.ts[2m > [22m[2mFileSessionStore[2m > [22m[2mexists[2m > [22m[2mshould return false for non-existent session[22m[39m
[2025-11-19T04:32:16.758Z] INFO: FileSessionStore initialized
  Context: {
  "baseDir": "C:\\Users\\danie\\AppData\\Local\\Temp\\deepthinking-test-066be052-25bb-4fd8-a38d-706552475adc",
  "config": {
    "autoSave": true,
    "autoSaveDelay": 1000,
    "enableCompression": false,
    "maxSessions": 1000,
    "maxSessionAge": 2592000000,
    "enableEncryption": false,
    "serialization": {
      "prettyPrint": false,
      "includeMetadata": true
    }
  }
}
[2025-11-19T04:32:16.758Z] INFO: FileSessionStore closed

[90mstdout[2m | tests/unit/file-store.test.ts[2m > [22m[2mFileSessionStore[2m > [22m[2mgetStats[2m > [22m[2mshould return storage statistics[22m[39m
[2025-11-19T04:32:16.793Z] INFO: FileSessionStore initialized
  Context: {
  "baseDir": "C:\\Users\\danie\\AppData\\Local\\Temp\\deepthinking-test-28dfe63a-55b9-4252-8be2-2f1af8a5cf4c",
  "config": {
    "autoSave": true,
    "autoSaveDelay": 1000,
    "enableCompression": false,
    "maxSessions": 1000,
    "maxSessionAge": 2592000000,
    "enableEncryption": false,
    "serialization": {
      "prettyPrint": false,
      "includeMetadata": true
    }
  }
}

[90mstdout[2m | tests/unit/file-store.test.ts[2m > [22m[2mFileSessionStore[2m > [22m[2mgetStats[2m > [22m[2mshould return storage statistics[22m[39m
[2025-11-19T04:32:16.822Z] INFO: FileSessionStore closed

[90mstdout[2m | tests/unit/file-store.test.ts[2m > [22m[2mFileSessionStore[2m > [22m[2mgetStats[2m > [22m[2mshould calculate total thoughts correctly[22m[39m
[2025-11-19T04:32:16.832Z] INFO: FileSessionStore initialized
  Context: {
  "baseDir": "C:\\Users\\danie\\AppData\\Local\\Temp\\deepthinking-test-771e614a-91fe-4368-8759-c639a044b220",
  "config": {
    "autoSave": true,
    "autoSaveDelay": 1000,
    "enableCompression": false,
    "maxSessions": 1000,
    "maxSessionAge": 2592000000,
    "enableEncryption": false,
    "serialization": {
      "prettyPrint": false,
      "includeMetadata": true
    }
  }
}

[90mstdout[2m | tests/unit/file-store.test.ts[2m > [22m[2mFileSessionStore[2m > [22m[2mgetStats[2m > [22m[2mshould calculate total thoughts correctly[22m[39m
[2025-11-19T04:32:16.886Z] INFO: FileSessionStore closed

[90mstdout[2m | tests/unit/file-store.test.ts[2m > [22m[2mFileSessionStore[2m > [22m[2mgetStats[2m > [22m[2mshould identify storage health status[22m[39m
[2025-11-19T04:32:17.030Z] INFO: FileSessionStore initialized
  Context: {
  "baseDir": "C:\\Users\\danie\\AppData\\Local\\Temp\\deepthinking-test-25697a06-ad99-41c0-805e-800d5ef2e32f",
  "config": {
    "autoSave": true,
    "autoSaveDelay": 1000,
    "enableCompression": false,
    "maxSessions": 1000,
    "maxSessionAge": 2592000000,
    "enableEncryption": false,
    "serialization": {
      "prettyPrint": false,
      "includeMetadata": true
    }
  }
}

[90mstdout[2m | tests/unit/file-store.test.ts[2m > [22m[2mFileSessionStore[2m > [22m[2mgetStats[2m > [22m[2mshould identify storage health status[22m[39m
[2025-11-19T04:32:17.084Z] INFO: FileSessionStore initialized
  Context: {
  "baseDir": "C:\\Users\\danie\\AppData\\Local\\Temp\\deepthinking-test-25697a06-ad99-41c0-805e-800d5ef2e32f",
  "config": {
    "autoSave": true,
    "autoSaveDelay": 1000,
    "enableCompression": false,
    "maxSessions": 10,
    "maxSessionAge": 2592000000,
    "enableEncryption": false,
    "serialization": {
      "prettyPrint": false,
      "includeMetadata": true
    }
  }
}

[90mstdout[2m | tests/unit/file-store.test.ts[2m > [22m[2mFileSessionStore[2m > [22m[2mgetStats[2m > [22m[2mshould identify storage health status[22m[39m
[2025-11-19T04:32:17.562Z] INFO: FileSessionStore closed
[2025-11-19T04:32:17.562Z] INFO: FileSessionStore closed

[90mstdout[2m | tests/unit/file-store.test.ts[2m > [22m[2mFileSessionStore[2m > [22m[2mcleanup[2m > [22m[2mshould clean up old sessions[22m[39m
[2025-11-19T04:32:17.587Z] INFO: FileSessionStore initialized
  Context: {
  "baseDir": "C:\\Users\\danie\\AppData\\Local\\Temp\\deepthinking-test-4b893fd0-81bc-4e44-bd89-a48f03ea1f07",
  "config": {
    "autoSave": true,
    "autoSaveDelay": 1000,
    "enableCompression": false,
    "maxSessions": 1000,
    "maxSessionAge": 2592000000,
    "enableEncryption": false,
    "serialization": {
      "prettyPrint": false,
      "includeMetadata": true
    }
  }
}

[90mstdout[2m | tests/unit/file-store.test.ts[2m > [22m[2mFileSessionStore[2m > [22m[2mcleanup[2m > [22m[2mshould clean up old sessions[22m[39m
[2025-11-19T04:32:17.604Z] INFO: Session deleted
  Context: {
  "sessionId": "eaf562a9-27a5-456c-a2cd-1bacac4153ae"
}
[2025-11-19T04:32:17.605Z] INFO: Cleanup completed
  Context: {
  "cleanedCount": 1,
  "maxAgeMs": 604800000,
  "remaining": 1
}
[2025-11-19T04:32:17.605Z] INFO: FileSessionStore closed

[90mstdout[2m | tests/unit/file-store.test.ts[2m > [22m[2mFileSessionStore[2m > [22m[2mcleanup[2m > [22m[2mshould return 0 when no sessions need cleanup[22m[39m
[2025-11-19T04:32:17.636Z] INFO: FileSessionStore initialized
  Context: {
  "baseDir": "C:\\Users\\danie\\AppData\\Local\\Temp\\deepthinking-test-0e7a11eb-47aa-4e85-bec8-d7d4ea291c9b",
  "config": {
    "autoSave": true,
    "autoSaveDelay": 1000,
    "enableCompression": false,
    "maxSessions": 1000,
    "maxSessionAge": 2592000000,
    "enableEncryption": false,
    "serialization": {
      "prettyPrint": false,
      "includeMetadata": true
    }
  }
}

[90mstdout[2m | tests/unit/file-store.test.ts[2m > [22m[2mFileSessionStore[2m > [22m[2mcleanup[2m > [22m[2mshould return 0 when no sessions need cleanup[22m[39m
[2025-11-19T04:32:17.642Z] INFO: FileSessionStore closed

[90mstdout[2m | tests/unit/file-store.test.ts[2m > [22m[2mFileSessionStore[2m > [22m[2mconcurrent operations[2m > [22m[2mshould handle concurrent saves[22m[39m
[2025-11-19T04:32:17.666Z] INFO: FileSessionStore initialized
  Context: {
  "baseDir": "C:\\Users\\danie\\AppData\\Local\\Temp\\deepthinking-test-48304506-44fe-4474-a403-3223fde11c3a",
  "config": {
    "autoSave": true,
    "autoSaveDelay": 1000,
    "enableCompression": false,
    "maxSessions": 1000,
    "maxSessionAge": 2592000000,
    "enableEncryption": false,
    "serialization": {
      "prettyPrint": false,
      "includeMetadata": true
    }
  }
}

[90mstdout[2m | tests/unit/file-store.test.ts[2m > [22m[2mFileSessionStore[2m > [22m[2mconcurrent operations[2m > [22m[2mshould handle concurrent saves[22m[39m
[2025-11-19T04:32:17.682Z] INFO: FileSessionStore closed

[90mstdout[2m | tests/unit/file-store.test.ts[2m > [22m[2mFileSessionStore[2m > [22m[2mconcurrent operations[2m > [22m[2mshould handle concurrent reads[22m[39m
[2025-11-19T04:32:17.708Z] INFO: FileSessionStore initialized
  Context: {
  "baseDir": "C:\\Users\\danie\\AppData\\Local\\Temp\\deepthinking-test-bca7b77c-c4f7-419a-a465-2a8ca9514ab3",
  "config": {
    "autoSave": true,
    "autoSaveDelay": 1000,
    "enableCompression": false,
    "maxSessions": 1000,
    "maxSessionAge": 2592000000,
    "enableEncryption": false,
    "serialization": {
      "prettyPrint": false,
      "includeMetadata": true
    }
  }
}

[90mstdout[2m | tests/unit/file-store.test.ts[2m > [22m[2mFileSessionStore[2m > [22m[2mconcurrent operations[2m > [22m[2mshould handle concurrent reads[22m[39m
[2025-11-19T04:32:17.719Z] INFO: FileSessionStore closed

[90mstdout[2m | tests/unit/file-store.test.ts[2m > [22m[2mFileSessionStore[2m > [22m[2merror handling[2m > [22m[2mshould handle invalid session data gracefully[22m[39m
[2025-11-19T04:32:17.740Z] INFO: FileSessionStore initialized
  Context: {
  "baseDir": "C:\\Users\\danie\\AppData\\Local\\Temp\\deepthinking-test-c4078c4d-f6d2-485a-9bcf-f91b17aecdb1",
  "config": {
    "autoSave": true,
    "autoSaveDelay": 1000,
    "enableCompression": false,
    "maxSessions": 1000,
    "maxSessionAge": 2592000000,
    "enableEncryption": false,
    "serialization": {
      "prettyPrint": false,
      "includeMetadata": true
    }
  }
}

[90mstderr[2m | tests/unit/file-store.test.ts[2m > [22m[2mFileSessionStore[2m > [22m[2merror handling[2m > [22m[2mshould handle invalid session data gracefully[22m[39m
[2025-11-19T04:32:17.754Z] ERROR: Failed to load session
  Context: {
  "sessionId": "d585f323-f2d6-46f9-9a00-7c2c994344da"
}
  Error: Unexpected token 'i', "invalid json {{{" is not valid JSON
  Stack: SyntaxError: Unexpected token 'i', "invalid json {{{" is not valid JSON
    at JSON.parse (<anonymous>)
    at FileSessionStore.loadSession (C:\mcp-servers\deepthinking-mcp\src\session\storage\file-store.ts:124:27)
    at C:\mcp-servers\deepthinking-mcp\tests\unit\file-store.test.ts:455:22
    at runTest (file:///C:/mcp-servers/deepthinking-mcp/node_modules/@vitest/runner/dist/index.js:781:11)
    at runSuite (file:///C:/mcp-servers/deepthinking-mcp/node_modules/@vitest/runner/dist/index.js:909:15)
    at runSuite (file:///C:/mcp-servers/deepthinking-mcp/node_modules/@vitest/runner/dist/index.js:909:15)
    at runSuite (file:///C:/mcp-servers/deepthinking-mcp/node_modules/@vitest/runner/dist/index.js:909:15)
    at runFiles (file:///C:/mcp-servers/deepthinking-mcp/node_modules/@vitest/runner/dist/index.js:958:5)
    at startTests (file:///C:/mcp-servers/deepthinking-mcp/node_modules/@vitest/runner/dist/index.js:967:3)
    at file:///C:/mcp-servers/deepthinking-mcp/node_modules/vitest/dist/chunks/runtime-runBaseTests.oAvMKtQC.js:116:7

[90mstdout[2m | tests/unit/file-store.test.ts[2m > [22m[2mFileSessionStore[2m > [22m[2merror handling[2m > [22m[2mshould handle invalid session data gracefully[22m[39m
[2025-11-19T04:32:17.785Z] INFO: FileSessionStore closed

[90mstdout[2m | tests/unit/file-store.test.ts[2m > [22m[2mFileSessionStore[2m > [22m[2merror handling[2m > [22m[2mshould handle operations before initialization[22m[39m
[2025-11-19T04:32:17.794Z] INFO: FileSessionStore initialized
  Context: {
  "baseDir": "C:\\Users\\danie\\AppData\\Local\\Temp\\deepthinking-test-1601c4e7-6b97-4e37-9bdc-aa90414afd5e",
  "config": {
    "autoSave": true,
    "autoSaveDelay": 1000,
    "enableCompression": false,
    "maxSessions": 1000,
    "maxSessionAge": 2592000000,
    "enableEncryption": false,
    "serialization": {
      "prettyPrint": false,
      "includeMetadata": true
    }
  }
}

[90mstdout[2m | tests/unit/file-store.test.ts[2m > [22m[2mFileSessionStore[2m > [22m[2merror handling[2m > [22m[2mshould handle operations before initialization[22m[39m
[2025-11-19T04:32:17.796Z] INFO: FileSessionStore initialized
  Context: {
  "baseDir": "C:\\Users\\danie\\AppData\\Local\\Temp\\deepthinking-test-1601c4e7-6b97-4e37-9bdc-aa90414afd5e",
  "config": {
    "autoSave": true,
    "autoSaveDelay": 1000,
    "enableCompression": false,
    "maxSessions": 1000,
    "maxSessionAge": 2592000000,
    "enableEncryption": false,
    "serialization": {
      "prettyPrint": false,
      "includeMetadata": true
    }
  }
}

[90mstdout[2m | tests/unit/file-store.test.ts[2m > [22m[2mFileSessionStore[2m > [22m[2merror handling[2m > [22m[2mshould handle operations before initialization[22m[39m
[2025-11-19T04:32:17.799Z] INFO: FileSessionStore closed
[2025-11-19T04:32:17.800Z] INFO: FileSessionStore closed

 [32m✓[39m tests/unit/file-store.test.ts [2m ([22m[2m27 tests[22m[2m)[22m[33m 3118[2mms[22m[39m
 [32m✓[39m tests/integration/multi-session.test.ts [2m ([22m[2m18 tests[22m[2m)[22m[90m 62[2mms[22m[39m
[90mstdout[2m | tests/integration/multi-session.test.ts[2m > [22m[2mMulti-Session and Concurrent Scenarios[2m > [22m[2mMultiple Session Management[2m > [22m[2mshould create and manage multiple sessions independently[22m[39m
[2025-11-19T04:32:18.000Z] INFO: Session created
  Context: {
  "sessionId": "c7581203-3da8-4124-a407-a4bf87e37838",
  "title": "Session 1",
  "mode": "sequential"
}
[2025-11-19T04:32:18.002Z] INFO: Session created
  Context: {
  "sessionId": "26af3f7b-5a9e-4f79-b8d8-02abea5f843a",
  "title": "Session 2",
  "mode": "shannon"
}
[2025-11-19T04:32:18.002Z] INFO: Session created
  Context: {
  "sessionId": "78ef4655-ccee-4884-86ae-c61c40e260ed",
  "title": "Session 3",
  "mode": "mathematics"
}
[2025-11-19T04:32:18.002Z] INFO: Session created
  Context: {
  "sessionId": "47c6e5c7-0b4e-4edd-b232-2f21b21f8b1b",
  "title": "Session 4",
  "mode": "physics"
}
[2025-11-19T04:32:18.003Z] INFO: Session created
  Context: {
  "sessionId": "829f1340-94aa-45ae-933c-04ed0618959c",
  "title": "Session 5",
  "mode": "hybrid"
}

[90mstdout[2m | tests/integration/multi-session.test.ts[2m > [22m[2mMulti-Session and Concurrent Scenarios[2m > [22m[2mMultiple Session Management[2m > [22m[2mshould maintain session isolation (changes in one do not affect others)[22m[39m
[2025-11-19T04:32:18.011Z] INFO: Session created
  Context: {
  "sessionId": "99398b68-3e48-4d8a-82ae-cad3f49fdfe0",
  "title": "Isolated Session 1",
  "mode": "sequential"
}
[2025-11-19T04:32:18.011Z] INFO: Session created
  Context: {
  "sessionId": "ccff8a10-4322-4710-b931-358b51c9af96",
  "title": "Isolated Session 2",
  "mode": "sequential"
}

[90mstdout[2m | tests/integration/multi-session.test.ts[2m > [22m[2mMulti-Session and Concurrent Scenarios[2m > [22m[2mMultiple Session Management[2m > [22m[2mshould handle mode switching independently across sessions[22m[39m
[2025-11-19T04:32:18.016Z] INFO: Session created
  Context: {
  "sessionId": "a3c47004-ee57-49a0-bebc-53a31925f0c5",
  "title": "S1",
  "mode": "sequential"
}
[2025-11-19T04:32:18.016Z] INFO: Session created
  Context: {
  "sessionId": "1d521bed-8960-4040-a5fc-ad02777c4415",
  "title": "S2",
  "mode": "sequential"
}
[2025-11-19T04:32:18.016Z] INFO: Session created
  Context: {
  "sessionId": "3628cab7-4085-4f1b-b00c-850fb2de610b",
  "title": "S3",
  "mode": "sequential"
}
[2025-11-19T04:32:18.017Z] INFO: Session mode switched
  Context: {
  "sessionId": "a3c47004-ee57-49a0-bebc-53a31925f0c5",
  "oldMode": "sequential",
  "newMode": "mathematics",
  "reason": "Switch to math"
}
[2025-11-19T04:32:18.017Z] INFO: Session mode switched
  Context: {
  "sessionId": "1d521bed-8960-4040-a5fc-ad02777c4415",
  "oldMode": "sequential",
  "newMode": "physics",
  "reason": "Switch to physics"
}

[90mstdout[2m | tests/integration/multi-session.test.ts[2m > [22m[2mMulti-Session and Concurrent Scenarios[2m > [22m[2mMultiple Session Management[2m > [22m[2mshould handle completion status independently across sessions[22m[39m
[2025-11-19T04:32:18.018Z] INFO: Session created
  Context: {
  "sessionId": "62ec2674-4baf-4189-917c-8cb1e53343ff",
  "title": "S1",
  "mode": "sequential"
}
[2025-11-19T04:32:18.019Z] INFO: Session created
  Context: {
  "sessionId": "e61e7557-9564-42b2-a38a-ff1a3ba9ae6c",
  "title": "S2",
  "mode": "sequential"
}
[2025-11-19T04:32:18.019Z] INFO: Session completed
  Context: {
  "sessionId": "62ec2674-4baf-4189-917c-8cb1e53343ff",
  "title": "S1",
  "totalThoughts": 1
}

[90mstdout[2m | tests/integration/multi-session.test.ts[2m > [22m[2mMulti-Session and Concurrent Scenarios[2m > [22m[2mConcurrent Operations on Same Session[2m > [22m[2mshould handle concurrent thought additions to same session[22m[39m
[2025-11-19T04:32:18.021Z] INFO: Session created
  Context: {
  "sessionId": "4fb92206-bbc7-4e9e-9636-c2860ec05592",
  "title": "Concurrent Test",
  "mode": "sequential"
}
[2025-11-19T04:32:18.022Z] INFO: Session completed
  Context: {
  "sessionId": "4fb92206-bbc7-4e9e-9636-c2860ec05592",
  "title": "Concurrent Test",
  "totalThoughts": 3
}

[90mstdout[2m | tests/integration/multi-session.test.ts[2m > [22m[2mMulti-Session and Concurrent Scenarios[2m > [22m[2mConcurrent Operations on Same Session[2m > [22m[2mshould handle concurrent retrieval of same session[22m[39m
[2025-11-19T04:32:18.023Z] INFO: Session created
  Context: {
  "sessionId": "aded6725-ad7f-4a9c-a01e-133ad858b96d",
  "title": "Concurrent Retrieval",
  "mode": "sequential"
}

[90mstdout[2m | tests/integration/multi-session.test.ts[2m > [22m[2mMulti-Session and Concurrent Scenarios[2m > [22m[2mConcurrent Operations on Same Session[2m > [22m[2mshould handle concurrent mode switches on same session[22m[39m
[2025-11-19T04:32:18.024Z] INFO: Session created
  Context: {
  "sessionId": "6a6e2bbe-af8c-4037-a158-deb19b894906",
  "title": "Mode Switch Race",
  "mode": "sequential"
}
[2025-11-19T04:32:18.024Z] INFO: Session mode switched
  Context: {
  "sessionId": "6a6e2bbe-af8c-4037-a158-deb19b894906",
  "oldMode": "sequential",
  "newMode": "mathematics",
  "reason": "Switch 1"
}
[2025-11-19T04:32:18.024Z] INFO: Session mode switched
  Context: {
  "sessionId": "6a6e2bbe-af8c-4037-a158-deb19b894906",
  "oldMode": "mathematics",
  "newMode": "physics",
  "reason": "Switch 2"
}
[2025-11-19T04:32:18.024Z] INFO: Session mode switched
  Context: {
  "sessionId": "6a6e2bbe-af8c-4037-a158-deb19b894906",
  "oldMode": "physics",
  "newMode": "hybrid",
  "reason": "Switch 3"
}

[90mstdout[2m | tests/integration/multi-session.test.ts[2m > [22m[2mMulti-Session and Concurrent Scenarios[2m > [22m[2mConcurrent Operations Across Different Sessions[2m > [22m[2mshould handle concurrent operations on different sessions[22m[39m
[2025-11-19T04:32:18.027Z] INFO: Session created
  Context: {
  "sessionId": "04eaa558-4f9e-49c5-91a1-de15a804f054",
  "title": "S1",
  "mode": "sequential"
}
[2025-11-19T04:32:18.027Z] INFO: Session created
  Context: {
  "sessionId": "386063c5-4779-48e0-a437-3c134307888c",
  "title": "S2",
  "mode": "shannon"
}
[2025-11-19T04:32:18.027Z] INFO: Session created
  Context: {
  "sessionId": "2b7dfbd5-bd5d-470e-a726-b355638570f3",
  "title": "S3",
  "mode": "mathematics"
}
[2025-11-19T04:32:18.027Z] INFO: Session completed
  Context: {
  "sessionId": "04eaa558-4f9e-49c5-91a1-de15a804f054",
  "title": "S1",
  "totalThoughts": 1
}
[2025-11-19T04:32:18.027Z] INFO: Session mode switched
  Context: {
  "sessionId": "386063c5-4779-48e0-a437-3c134307888c",
  "oldMode": "shannon",
  "newMode": "physics",
  "reason": "Switch mode"
}

[90mstdout[2m | tests/integration/multi-session.test.ts[2m > [22m[2mMulti-Session and Concurrent Scenarios[2m > [22m[2mConcurrent Operations Across Different Sessions[2m > [22m[2mshould handle concurrent session creation[22m[39m
[2025-11-19T04:32:18.030Z] INFO: Session created
  Context: {
  "sessionId": "75e11cb8-d399-43ff-96c2-046c78c1d00e",
  "title": "Session 1",
  "mode": "sequential"
}
[2025-11-19T04:32:18.030Z] INFO: Session created
  Context: {
  "sessionId": "a0fe83e0-bf0a-4eca-8f59-e6bbd9387264",
  "title": "Session 2",
  "mode": "sequential"
}
[2025-11-19T04:32:18.030Z] INFO: Session created
  Context: {
  "sessionId": "148001b4-ed75-4a1b-b791-e869348e24ff",
  "title": "Session 3",
  "mode": "sequential"
}
[2025-11-19T04:32:18.030Z] INFO: Session created
  Context: {
  "sessionId": "a279be05-42aa-4cf8-9538-d5a90e0ff1d9",
  "title": "Session 4",
  "mode": "sequential"
}
[2025-11-19T04:32:18.030Z] INFO: Session created
  Context: {
  "sessionId": "7a95d65f-5ece-4cec-89a0-01710738a8a1",
  "title": "Session 5",
  "mode": "sequential"
}
[2025-11-19T04:32:18.030Z] INFO: Session created
  Context: {
  "sessionId": "98e96b38-f4a4-42bc-a168-019e277ab3eb",
  "title": "Session 6",
  "mode": "sequential"
}
[2025-11-19T04:32:18.030Z] INFO: Session created
  Context: {
  "sessionId": "754a8b7f-41c3-45ad-be33-66aeab42036e",
  "title": "Session 7",
  "mode": "sequential"
}
[2025-11-19T04:32:18.030Z] INFO: Session created
  Context: {
  "sessionId": "142eeb6f-9129-4eec-b3fa-a3161c8a2f03",
  "title": "Session 8",
  "mode": "sequential"
}
[2025-11-19T04:32:18.030Z] INFO: Session created
  Context: {
  "sessionId": "9a995551-37f5-4882-b27a-3fd4997a9e7d",
  "title": "Session 9",
  "mode": "sequential"
}
[2025-11-19T04:32:18.030Z] INFO: Session created
  Context: {
  "sessionId": "e59c3858-97e6-470d-abbb-64e3e202549b",
  "title": "Session 10",
  "mode": "sequential"
}
[2025-11-19T04:32:18.030Z] INFO: Session created
  Context: {
  "sessionId": "38453335-c0cd-4598-8902-08c6a1380985",
  "title": "Session 11",
  "mode": "sequential"
}
[2025-11-19T04:32:18.031Z] INFO: Session created
  Context: {
  "sessionId": "25dd5c5c-35c1-4a79-95c9-61c3a0289f9c",
  "title": "Session 12",
  "mode": "sequential"
}
[2025-11-19T04:32:18.031Z] INFO: Session created
  Context: {
  "sessionId": "b9e79dbd-2d86-4810-8948-025574c7c76e",
  "title": "Session 13",
  "mode": "sequential"
}
[2025-11-19T04:32:18.031Z] INFO: Session created
  Context: {
  "sessionId": "383cc7ea-d5c5-4da3-901e-b07da75b0f78",
  "title": "Session 14",
  "mode": "sequential"
}
[2025-11-19T04:32:18.031Z] INFO: Session created
  Context: {
  "sessionId": "a73fdf61-a93a-4f82-aea5-63960f64b2c9",
  "title": "Session 15",
  "mode": "sequential"
}
[2025-11-19T04:32:18.031Z] INFO: Session created
  Context: {
  "sessionId": "6f41daf2-e52a-4bc9-a4c3-866fd6c6bf61",
  "title": "Session 16",
  "mode": "sequential"
}
[2025-11-19T04:32:18.031Z] INFO: Session created
  Context: {
  "sessionId": "6be79dc7-96c0-4c72-a290-767eef5d2aa3",
  "title": "Session 17",
  "mode": "sequential"
}
[2025-11-19T04:32:18.031Z] INFO: Session created
  Context: {
  "sessionId": "c562846b-7fa0-4f64-b2eb-e47a723bedf8",
  "title": "Session 18",
  "mode": "sequential"
}
[2025-11-19T04:32:18.031Z] INFO: Session created
  Context: {
  "sessionId": "3bf9090a-9516-4817-93f8-b5ff89aec3b9",
  "title": "Session 19",
  "mode": "sequential"
}
[2025-11-19T04:32:18.031Z] INFO: Session created
  Context: {
  "sessionId": "22c1c847-3127-429b-b00f-9843b58d9870",
  "title": "Session 20",
  "mode": "sequential"
}

[90mstdout[2m | tests/integration/multi-session.test.ts[2m > [22m[2mMulti-Session and Concurrent Scenarios[2m > [22m[2mConcurrent Operations Across Different Sessions[2m > [22m[2mshould handle concurrent summary generation for different sessions[22m[39m
[2025-11-19T04:32:18.033Z] INFO: Session created
  Context: {
  "sessionId": "cf01732e-56aa-43d7-97c5-880574cddc8b",
  "title": "S1",
  "mode": "sequential"
}
[2025-11-19T04:32:18.033Z] INFO: Session created
  Context: {
  "sessionId": "73b7aabb-2b7b-4695-bc8d-891e228e3423",
  "title": "S2",
  "mode": "sequential"
}
[2025-11-19T04:32:18.034Z] INFO: Session created
  Context: {
  "sessionId": "3ea8525f-b13a-42e8-8d04-e52d745422a5",
  "title": "S3",
  "mode": "sequential"
}
[2025-11-19T04:32:18.034Z] INFO: Session completed
  Context: {
  "sessionId": "cf01732e-56aa-43d7-97c5-880574cddc8b",
  "title": "S1",
  "totalThoughts": 1
}
[2025-11-19T04:32:18.034Z] INFO: Session completed
  Context: {
  "sessionId": "73b7aabb-2b7b-4695-bc8d-891e228e3423",
  "title": "S2",
  "totalThoughts": 1
}
[2025-11-19T04:32:18.034Z] INFO: Session completed
  Context: {
  "sessionId": "3ea8525f-b13a-42e8-8d04-e52d745422a5",
  "title": "S3",
  "totalThoughts": 1
}

[90mstdout[2m | tests/integration/multi-session.test.ts[2m > [22m[2mMulti-Session and Concurrent Scenarios[2m > [22m[2mResource Management with Many Sessions[2m > [22m[2mshould handle creation of many sessions[22m[39m
[2025-11-19T04:32:18.037Z] INFO: Session created
  Context: {
  "sessionId": "58a787ff-cba1-42c4-8d45-eb3b159acc0a",
  "title": "Session 1",
  "mode": "sequential"
}
[2025-11-19T04:32:18.037Z] INFO: Session created
  Context: {
  "sessionId": "1b90bdf8-6d41-4bc0-8ed4-828dcb927b3b",
  "title": "Session 2",
  "mode": "sequential"
}
[2025-11-19T04:32:18.037Z] INFO: Session created
  Context: {
  "sessionId": "0d44bd5e-3b01-4e28-8f88-4f4416dcd49f",
  "title": "Session 3",
  "mode": "sequential"
}
[2025-11-19T04:32:18.037Z] INFO: Session created
  Context: {
  "sessionId": "ada8fc65-d1cc-4219-9429-d1b83192e741",
  "title": "Session 4",
  "mode": "sequential"
}
[2025-11-19T04:32:18.037Z] INFO: Session created
  Context: {
  "sessionId": "96199692-31fa-495b-add6-d85d14e69322",
  "title": "Session 5",
  "mode": "sequential"
}
[2025-11-19T04:32:18.037Z] INFO: Session created
  Context: {
  "sessionId": "82dadb1e-754d-42af-bebe-d9a68f0f8d4a",
  "title": "Session 6",
  "mode": "sequential"
}
[2025-11-19T04:32:18.037Z] INFO: Session created
  Context: {
  "sessionId": "4e2d279d-b730-4268-a4d1-38c8e8b0ff75",
  "title": "Session 7",
  "mode": "sequential"
}
[2025-11-19T04:32:18.037Z] INFO: Session created
  Context: {
  "sessionId": "19736613-966b-4b2d-95e0-076fb5ceffb8",
  "title": "Session 8",
  "mode": "sequential"
}
[2025-11-19T04:32:18.037Z] INFO: Session created
  Context: {
  "sessionId": "bd0d3337-2d8d-4d7d-9fa9-cb5e6a7923cd",
  "title": "Session 9",
  "mode": "sequential"
}
[2025-11-19T04:32:18.038Z] INFO: Session created
  Context: {
  "sessionId": "c71624f4-e447-4aef-85ea-614b65b06f53",
  "title": "Session 10",
  "mode": "sequential"
}
[2025-11-19T04:32:18.038Z] INFO: Session created
  Context: {
  "sessionId": "b2b3fa1e-88be-4c08-a333-c001762ff7e0",
  "title": "Session 11",
  "mode": "sequential"
}
[2025-11-19T04:32:18.038Z] INFO: Session created
  Context: {
  "sessionId": "8d9eac05-9d38-48bb-a91f-78eaf7b468f8",
  "title": "Session 12",
  "mode": "sequential"
}
[2025-11-19T04:32:18.038Z] INFO: Session created
  Context: {
  "sessionId": "ba257a45-275e-4767-8afe-cf2c5a37632d",
  "title": "Session 13",
  "mode": "sequential"
}
[2025-11-19T04:32:18.038Z] INFO: Session created
  Context: {
  "sessionId": "b76b2173-f0e3-4b37-915b-dbbb1ce5e345",
  "title": "Session 14",
  "mode": "sequential"
}
[2025-11-19T04:32:18.038Z] INFO: Session created
  Context: {
  "sessionId": "4d058a98-51b0-4d41-82ca-679be1195c16",
  "title": "Session 15",
  "mode": "sequential"
}
[2025-11-19T04:32:18.038Z] INFO: Session created
  Context: {
  "sessionId": "2db706b6-c1e4-4dc7-88b5-e510a2938bc2",
  "title": "Session 16",
  "mode": "sequential"
}
[2025-11-19T04:32:18.038Z] INFO: Session created
  Context: {
  "sessionId": "bddb75bc-755b-469d-8a95-03996e94a5e7",
  "title": "Session 17",
  "mode": "sequential"
}
[2025-11-19T04:32:18.038Z] INFO: Session created
  Context: {
  "sessionId": "c942f53b-4a21-41f2-bd56-ccc6239e971a",
  "title": "Session 18",
  "mode": "sequential"
}
[2025-11-19T04:32:18.038Z] INFO: Session created
  Context: {
  "sessionId": "3324e93d-6e19-4e51-901b-59e4e605a496",
  "title": "Session 19",
  "mode": "sequential"
}
[2025-11-19T04:32:18.039Z] INFO: Session created
  Context: {
  "sessionId": "e52dd325-656f-4de6-8b41-1f81ce457bf9",
  "title": "Session 20",
  "mode": "sequential"
}
[2025-11-19T04:32:18.039Z] INFO: Session created
  Context: {
  "sessionId": "ad4b60d4-b5a0-446b-9aee-b8cdb3c22a02",
  "title": "Session 21",
  "mode": "sequential"
}
[2025-11-19T04:32:18.039Z] INFO: Session created
  Context: {
  "sessionId": "fcbba4d7-ce4e-4c59-b0a8-4e4aeac442d4",
  "title": "Session 22",
  "mode": "sequential"
}
[2025-11-19T04:32:18.039Z] INFO: Session created
  Context: {
  "sessionId": "efd90ddb-ce5a-4565-9015-dc81994950fb",
  "title": "Session 23",
  "mode": "sequential"
}
[2025-11-19T04:32:18.039Z] INFO: Session created
  Context: {
  "sessionId": "3c3d1b10-5639-4d49-8a40-4c3c9a065c96",
  "title": "Session 24",
  "mode": "sequential"
}
[2025-11-19T04:32:18.039Z] INFO: Session created
  Context: {
  "sessionId": "955ff715-426b-451c-be7e-37717c12b14f",
  "title": "Session 25",
  "mode": "sequential"
}
[2025-11-19T04:32:18.039Z] INFO: Session created
  Context: {
  "sessionId": "f16ef166-5318-4cd0-a1c7-7eef1bf8236d",
  "title": "Session 26",
  "mode": "sequential"
}
[2025-11-19T04:32:18.039Z] INFO: Session created
  Context: {
  "sessionId": "796212a4-3e9a-4f40-9f2b-b7d520deb6c1",
  "title": "Session 27",
  "mode": "sequential"
}
[2025-11-19T04:32:18.039Z] INFO: Session created
  Context: {
  "sessionId": "6859da0b-e70b-4e8d-837f-58a347b2edce",
  "title": "Session 28",
  "mode": "sequential"
}
[2025-11-19T04:32:18.039Z] INFO: Session created
  Context: {
  "sessionId": "a0f1ff14-f739-45f3-ac1b-8ff5c5363043",
  "title": "Session 29",
  "mode": "sequential"
}
[2025-11-19T04:32:18.039Z] INFO: Session created
  Context: {
  "sessionId": "e03e2956-14f7-44b4-b24f-c93a0d543006",
  "title": "Session 30",
  "mode": "sequential"
}
[2025-11-19T04:32:18.039Z] INFO: Session created
  Context: {
  "sessionId": "c65c5baf-8edf-4daf-9dc3-30e54f8bfe69",
  "title": "Session 31",
  "mode": "sequential"
}
[2025-11-19T04:32:18.039Z] INFO: Session created
  Context: {
  "sessionId": "44d1640e-2a51-4418-8f64-9027e75a3b86",
  "title": "Session 32",
  "mode": "sequential"
}
[2025-11-19T04:32:18.040Z] INFO: Session created
  Context: {
  "sessionId": "22a846b7-f398-443b-b92c-292611b4e0ea",
  "title": "Session 33",
  "mode": "sequential"
}
[2025-11-19T04:32:18.040Z] INFO: Session created
  Context: {
  "sessionId": "d1a9f7e6-24bf-44f3-aaaf-4fa15ed807cd",
  "title": "Session 34",
  "mode": "sequential"
}
[2025-11-19T04:32:18.040Z] INFO: Session created
  Context: {
  "sessionId": "d3de0be6-fd59-4b50-a51c-19a5e3922d20",
  "title": "Session 35",
  "mode": "sequential"
}
[2025-11-19T04:32:18.040Z] INFO: Session created
  Context: {
  "sessionId": "45f78614-d6b8-4983-a523-34beb1da461b",
  "title": "Session 36",
  "mode": "sequential"
}
[2025-11-19T04:32:18.040Z] INFO: Session created
  Context: {
  "sessionId": "90bda89a-daa6-4df5-b023-1be47fc4749b",
  "title": "Session 37",
  "mode": "sequential"
}
[2025-11-19T04:32:18.040Z] INFO: Session created
  Context: {
  "sessionId": "552266d4-6b79-4917-a4e6-88ab62f0b959",
  "title": "Session 38",
  "mode": "sequential"
}
[2025-11-19T04:32:18.040Z] INFO: Session created
  Context: {
  "sessionId": "ba519141-598d-4689-8949-42aad6cd1b7e",
  "title": "Session 39",
  "mode": "sequential"
}
[2025-11-19T04:32:18.040Z] INFO: Session created
  Context: {
  "sessionId": "8887fe14-b6ed-4a94-a7fc-2a847df5eaed",
  "title": "Session 40",
  "mode": "sequential"
}
[2025-11-19T04:32:18.040Z] INFO: Session created
  Context: {
  "sessionId": "a26a7ff9-1cef-4855-a548-f2dc461277f1",
  "title": "Session 41",
  "mode": "sequential"
}
[2025-11-19T04:32:18.040Z] INFO: Session created
  Context: {
  "sessionId": "b8e9ad5b-8664-4741-a59b-39f3a20ea3c6",
  "title": "Session 42",
  "mode": "sequential"
}
[2025-11-19T04:32:18.040Z] INFO: Session created
  Context: {
  "sessionId": "074e7a3c-2db7-4edc-87d1-07058d3b86a5",
  "title": "Session 43",
  "mode": "sequential"
}
[2025-11-19T04:32:18.040Z] INFO: Session created
  Context: {
  "sessionId": "2fb18120-5b4c-409a-aeee-e3116efcbed5",
  "title": "Session 44",
  "mode": "sequential"
}
[2025-11-19T04:32:18.041Z] INFO: Session created
  Context: {
  "sessionId": "f98287c0-00e9-41a8-a4f4-613043dd472c",
  "title": "Session 45",
  "mode": "sequential"
}
[2025-11-19T04:32:18.041Z] INFO: Session created
  Context: {
  "sessionId": "fa51365d-8743-4614-8f31-6696f246b046",
  "title": "Session 46",
  "mode": "sequential"
}
[2025-11-19T04:32:18.041Z] INFO: Session created
  Context: {
  "sessionId": "e403d097-cb57-4486-af2a-d9eaba5e6fc0",
  "title": "Session 47",
  "mode": "sequential"
}
[2025-11-19T04:32:18.041Z] INFO: Session created
  Context: {
  "sessionId": "1b8b2257-da10-465b-becf-8a6eaeecfa91",
  "title": "Session 48",
  "mode": "sequential"
}
[2025-11-19T04:32:18.041Z] INFO: Session created
  Context: {
  "sessionId": "858d2b01-c33c-44cd-9ea2-56822c926c32",
  "title": "Session 49",
  "mode": "sequential"
}
[2025-11-19T04:32:18.041Z] INFO: Session created
  Context: {
  "sessionId": "c3a97185-3ab6-483f-86fd-99312b2257a0",
  "title": "Session 50",
  "mode": "sequential"
}

[90mstdout[2m | tests/integration/multi-session.test.ts[2m > [22m[2mMulti-Session and Concurrent Scenarios[2m > [22m[2mResource Management with Many Sessions[2m > [22m[2mshould retrieve sessions efficiently with many active sessions[22m[39m
[2025-11-19T04:32:18.042Z] INFO: Session created
  Context: {
  "sessionId": "e94a0cc7-e8f7-4551-b408-e908819892ec",
  "title": "Session 1",
  "mode": "sequential"
}
[2025-11-19T04:32:18.043Z] INFO: Session created
  Context: {
  "sessionId": "75511b33-7f29-4f9a-9109-a5e024119d09",
  "title": "Session 2",
  "mode": "sequential"
}
[2025-11-19T04:32:18.043Z] INFO: Session created
  Context: {
  "sessionId": "74157890-9ee8-41bd-ae2d-7e860be1f08b",
  "title": "Session 3",
  "mode": "sequential"
}
[2025-11-19T04:32:18.043Z] INFO: Session created
  Context: {
  "sessionId": "c9545b74-7afa-42ac-9bff-5912851aecbc",
  "title": "Session 4",
  "mode": "sequential"
}
[2025-11-19T04:32:18.043Z] INFO: Session created
  Context: {
  "sessionId": "6a7b094d-1f42-4acb-918c-cee9a90aec8e",
  "title": "Session 5",
  "mode": "sequential"
}
[2025-11-19T04:32:18.043Z] INFO: Session created
  Context: {
  "sessionId": "8851e8bd-d6cd-4e0b-933a-002402db087e",
  "title": "Session 6",
  "mode": "sequential"
}
[2025-11-19T04:32:18.043Z] INFO: Session created
  Context: {
  "sessionId": "33df0b55-c4bd-4ac6-9860-fd63534550e0",
  "title": "Session 7",
  "mode": "sequential"
}
[2025-11-19T04:32:18.043Z] INFO: Session created
  Context: {
  "sessionId": "7ea589bb-ff48-4b28-a49d-4f7862cb8cc9",
  "title": "Session 8",
  "mode": "sequential"
}
[2025-11-19T04:32:18.043Z] INFO: Session created
  Context: {
  "sessionId": "359f0e4f-41c8-448c-b03d-46cf84679998",
  "title": "Session 9",
  "mode": "sequential"
}
[2025-11-19T04:32:18.043Z] INFO: Session created
  Context: {
  "sessionId": "21b8d37b-35df-41eb-a11c-cd4a21c53eaf",
  "title": "Session 10",
  "mode": "sequential"
}

[90mstdout[2m | tests/integration/multi-session.test.ts[2m > [22m[2mMulti-Session and Concurrent Scenarios[2m > [22m[2mResource Management with Many Sessions[2m > [22m[2mshould list all sessions when many exist[22m[39m
[2025-11-19T04:32:18.045Z] INFO: Session created
  Context: {
  "sessionId": "271b6b50-b0c8-4d12-bee6-8df19d16d03d",
  "title": "Session 1",
  "mode": "sequential"
}
[2025-11-19T04:32:18.045Z] INFO: Session created
  Context: {
  "sessionId": "4b852c24-01c4-4c8c-802a-5324f8215105",
  "title": "Session 2",
  "mode": "sequential"
}
[2025-11-19T04:32:18.045Z] INFO: Session created
  Context: {
  "sessionId": "7779faad-969c-4d46-9cde-21e206466302",
  "title": "Session 3",
  "mode": "sequential"
}
[2025-11-19T04:32:18.045Z] INFO: Session created
  Context: {
  "sessionId": "284c9885-2422-41d0-b8b0-5ac5f76b1e97",
  "title": "Session 4",
  "mode": "sequential"
}
[2025-11-19T04:32:18.045Z] INFO: Session created
  Context: {
  "sessionId": "2472e961-1401-497d-823d-8d0e806236b0",
  "title": "Session 5",
  "mode": "sequential"
}
[2025-11-19T04:32:18.045Z] INFO: Session created
  Context: {
  "sessionId": "a1c50c3b-ea1f-41f8-8aa3-c68bad2411ad",
  "title": "Session 6",
  "mode": "sequential"
}
[2025-11-19T04:32:18.045Z] INFO: Session created
  Context: {
  "sessionId": "1d577f6b-7c51-4936-9ca3-8f95abbfa182",
  "title": "Session 7",
  "mode": "sequential"
}
[2025-11-19T04:32:18.045Z] INFO: Session created
  Context: {
  "sessionId": "ee3502f4-48df-47f6-9d89-eec778dd3d5e",
  "title": "Session 8",
  "mode": "sequential"
}
[2025-11-19T04:32:18.045Z] INFO: Session created
  Context: {
  "sessionId": "ecca38ed-fc58-4b2b-b241-48062e61abce",
  "title": "Session 9",
  "mode": "sequential"
}
[2025-11-19T04:32:18.045Z] INFO: Session created
  Context: {
  "sessionId": "77ce3143-0a55-4128-a67d-db5616fad1e2",
  "title": "Session 10",
  "mode": "sequential"
}
[2025-11-19T04:32:18.046Z] INFO: Session created
  Context: {
  "sessionId": "5194aff9-c530-4c72-ab56-c1696e1d6721",
  "title": "Session 11",
  "mode": "sequential"
}
[2025-11-19T04:32:18.046Z] INFO: Session created
  Context: {
  "sessionId": "acb5e591-f1a5-4cad-802a-4e9892c7947e",
  "title": "Session 12",
  "mode": "sequential"
}
[2025-11-19T04:32:18.046Z] INFO: Session created
  Context: {
  "sessionId": "26066149-2429-4470-810f-ba2c07cb4177",
  "title": "Session 13",
  "mode": "sequential"
}
[2025-11-19T04:32:18.046Z] INFO: Session created
  Context: {
  "sessionId": "eadc383d-464b-43bc-aa6a-b4067a4e7d31",
  "title": "Session 14",
  "mode": "sequential"
}
[2025-11-19T04:32:18.046Z] INFO: Session created
  Context: {
  "sessionId": "6bdeff04-ce75-4eaa-a208-dee0dc8fb6fc",
  "title": "Session 15",
  "mode": "sequential"
}

[90mstdout[2m | tests/integration/multi-session.test.ts[2m > [22m[2mMulti-Session and Concurrent Scenarios[2m > [22m[2mSession State Consistency[2m > [22m[2mshould maintain consistent thought count across concurrent additions[22m[39m
[2025-11-19T04:32:18.048Z] INFO: Session created
  Context: {
  "sessionId": "3e450fac-4a3c-4d8a-997e-97b4f294b852",
  "title": "Consistency Test",
  "mode": "sequential"
}
[2025-11-19T04:32:18.048Z] INFO: Session completed
  Context: {
  "sessionId": "3e450fac-4a3c-4d8a-997e-97b4f294b852",
  "title": "Consistency Test",
  "totalThoughts": 10
}

[90mstdout[2m | tests/integration/multi-session.test.ts[2m > [22m[2mMulti-Session and Concurrent Scenarios[2m > [22m[2mSession State Consistency[2m > [22m[2mshould maintain correct status after concurrent operations[22m[39m
[2025-11-19T04:32:18.049Z] INFO: Session created
  Context: {
  "sessionId": "1ecb0639-b311-4694-b3bc-21542701bde8",
  "title": "Status Test",
  "mode": "sequential"
}
[2025-11-19T04:32:18.050Z] INFO: Session completed
  Context: {
  "sessionId": "1ecb0639-b311-4694-b3bc-21542701bde8",
  "title": "Status Test",
  "totalThoughts": 1
}

[90mstdout[2m | tests/integration/multi-session.test.ts[2m > [22m[2mMulti-Session and Concurrent Scenarios[2m > [22m[2mSession State Consistency[2m > [22m[2mshould handle concurrent thought additions with proper sequencing[22m[39m
[2025-11-19T04:32:18.051Z] INFO: Session created
  Context: {
  "sessionId": "bcb3d4e2-a17c-416a-80ef-11eca19c280a",
  "title": "Sequence Test",
  "mode": "sequential"
}

[90mstdout[2m | tests/integration/multi-session.test.ts[2m > [22m[2mMulti-Session and Concurrent Scenarios[2m > [22m[2mError Handling in Concurrent Scenarios[2m > [22m[2mshould handle mixed success/failure scenarios gracefully[22m[39m
[2025-11-19T04:32:18.054Z] INFO: Session created
  Context: {
  "sessionId": "6b186b6b-05ae-4b07-971f-d0301e2536f5",
  "title": "Mixed Test",
  "mode": "sequential"
}

[90mstdout[2m | tests/integration/index-handlers.test.ts[2m > [22m[2mIndex.ts Handler Functions[2m > [22m[2mHandler Functions[2m > [22m[2mhandleAddThought()[2m > [22m[2mshould create new session if sessionId not provided[22m[39m
[2025-11-19T04:32:17.697Z] INFO: Session created
  Context: {
  "sessionId": "e49fbfb5-a64d-4282-ae0f-f6abcf4e9dc1",
  "title": "Test Session",
  "mode": "sequential"
}

[90mstdout[2m | tests/integration/index-handlers.test.ts[2m > [22m[2mIndex.ts Handler Functions[2m > [22m[2mHandler Functions[2m > [22m[2mhandleAddThought()[2m > [22m[2mshould add thought to existing session[22m[39m
[2025-11-19T04:32:17.702Z] INFO: Session created
  Context: {
  "sessionId": "85a90a25-7686-464a-bc88-5d24cdb52d55",
  "title": "Test Session",
  "mode": "sequential"
}

[90mstdout[2m | tests/integration/index-handlers.test.ts[2m > [22m[2mIndex.ts Handler Functions[2m > [22m[2mHandler Functions[2m > [22m[2mhandleAddThought()[2m > [22m[2mshould handle all 13 modes in add_thought[22m[39m
[2025-11-19T04:32:17.884Z] INFO: Session created
  Context: {
  "sessionId": "67d22b81-55aa-413d-ad3a-2540793c9941",
  "title": "Test sequential",
  "mode": "sequential"
}
[2025-11-19T04:32:17.885Z] INFO: Session completed
  Context: {
  "sessionId": "67d22b81-55aa-413d-ad3a-2540793c9941",
  "title": "Test sequential",
  "totalThoughts": 1
}
[2025-11-19T04:32:17.886Z] INFO: Session created
  Context: {
  "sessionId": "78b2ff85-d2d2-4ebd-86d8-74a815bde027",
  "title": "Test shannon",
  "mode": "shannon"
}
[2025-11-19T04:32:17.886Z] INFO: Session completed
  Context: {
  "sessionId": "78b2ff85-d2d2-4ebd-86d8-74a815bde027",
  "title": "Test shannon",
  "totalThoughts": 1
}
[2025-11-19T04:32:17.887Z] INFO: Session created
  Context: {
  "sessionId": "c02eb5e0-7ad3-4b5e-ab52-968411f12714",
  "title": "Test mathematics",
  "mode": "mathematics"
}
[2025-11-19T04:32:17.887Z] INFO: Session completed
  Context: {
  "sessionId": "c02eb5e0-7ad3-4b5e-ab52-968411f12714",
  "title": "Test mathematics",
  "totalThoughts": 1
}
[2025-11-19T04:32:17.888Z] INFO: Session created
  Context: {
  "sessionId": "f6103685-21b6-4100-849d-8074dc768e52",
  "title": "Test physics",
  "mode": "physics"
}
[2025-11-19T04:32:17.888Z] INFO: Session completed
  Context: {
  "sessionId": "f6103685-21b6-4100-849d-8074dc768e52",
  "title": "Test physics",
  "totalThoughts": 1
}
[2025-11-19T04:32:17.889Z] INFO: Session created
  Context: {
  "sessionId": "81c73476-e5a1-456c-b1e1-0f1623407c03",
  "title": "Test hybrid",
  "mode": "hybrid"
}
[2025-11-19T04:32:17.889Z] INFO: Session completed
  Context: {
  "sessionId": "81c73476-e5a1-456c-b1e1-0f1623407c03",
  "title": "Test hybrid",
  "totalThoughts": 1
}
[2025-11-19T04:32:17.890Z] INFO: Session created
  Context: {
  "sessionId": "5a0654b3-6e7e-47a9-91b6-c941e14480e1",
  "title": "Test abductive",
  "mode": "abductive"
}
[2025-11-19T04:32:17.890Z] INFO: Session completed
  Context: {
  "sessionId": "5a0654b3-6e7e-47a9-91b6-c941e14480e1",
  "title": "Test abductive",
  "totalThoughts": 1
}
[2025-11-19T04:32:17.891Z] INFO: Session created
  Context: {
  "sessionId": "d5d3650a-e436-4082-8721-fe2f99521aca",
  "title": "Test causal",
  "mode": "causal"
}
[2025-11-19T04:32:17.891Z] INFO: Session completed
  Context: {
  "sessionId": "d5d3650a-e436-4082-8721-fe2f99521aca",
  "title": "Test causal",
  "totalThoughts": 1
}
[2025-11-19T04:32:17.891Z] INFO: Session created
  Context: {
  "sessionId": "c30f510c-08ea-4d3c-bc2c-a7dee6673818",
  "title": "Test bayesian",
  "mode": "bayesian"
}
[2025-11-19T04:32:17.892Z] INFO: Session completed
  Context: {
  "sessionId": "c30f510c-08ea-4d3c-bc2c-a7dee6673818",
  "title": "Test bayesian",
  "totalThoughts": 1
}
[2025-11-19T04:32:17.892Z] INFO: Session created
  Context: {
  "sessionId": "c10b18f7-730a-40ab-9f53-2f8afd4b1647",
  "title": "Test counterfactual",
  "mode": "counterfactual"
}
[2025-11-19T04:32:17.893Z] INFO: Session completed
  Context: {
  "sessionId": "c10b18f7-730a-40ab-9f53-2f8afd4b1647",
  "title": "Test counterfactual",
  "totalThoughts": 1
}
[2025-11-19T04:32:17.893Z] INFO: Session created
  Context: {
  "sessionId": "cdaec4c2-7857-452e-8905-c58845d12586",
  "title": "Test analogical",
  "mode": "analogical"
}
[2025-11-19T04:32:17.893Z] INFO: Session completed
  Context: {
  "sessionId": "cdaec4c2-7857-452e-8905-c58845d12586",
  "title": "Test analogical",
  "totalThoughts": 1
}
[2025-11-19T04:32:17.894Z] INFO: Session created
  Context: {
  "sessionId": "28fd5895-52c5-4646-a973-45320f961cf6",
  "title": "Test temporal",
  "mode": "temporal"
}
[2025-11-19T04:32:17.894Z] INFO: Session completed
  Context: {
  "sessionId": "28fd5895-52c5-4646-a973-45320f961cf6",
  "title": "Test temporal",
  "totalThoughts": 1
}
[2025-11-19T04:32:17.895Z] INFO: Session created
  Context: {
  "sessionId": "cf3f3fc4-ea3c-44f8-8762-12d6741cfd89",
  "title": "Test gametheory",
  "mode": "gametheory"
}
[2025-11-19T04:32:17.895Z] INFO: Session completed
  Context: {
  "sessionId": "cf3f3fc4-ea3c-44f8-8762-12d6741cfd89",
  "title": "Test gametheory",
  "totalThoughts": 1
}
[2025-11-19T04:32:17.895Z] INFO: Session created
  Context: {
  "sessionId": "30b837ec-7fa3-4e5a-a7b0-fbf22ff6dfe3",
  "title": "Test evidential",
  "mode": "evidential"
}
[2025-11-19T04:32:17.896Z] INFO: Session completed
  Context: {
  "sessionId": "30b837ec-7fa3-4e5a-a7b0-fbf22ff6dfe3",
  "title": "Test evidential",
  "totalThoughts": 1
}

[90mstdout[2m | tests/integration/index-handlers.test.ts[2m > [22m[2mIndex.ts Handler Functions[2m > [22m[2mHandler Functions[2m > [22m[2mhandleSummarize()[2m > [22m[2mshould generate summary for session with thoughts[22m[39m
[2025-11-19T04:32:17.903Z] INFO: Session created
  Context: {
  "sessionId": "81259c11-6f3a-45ee-9cf0-98a34e2f9417",
  "title": "Test Session",
  "mode": "sequential"
}

[90mstdout[2m | tests/integration/index-handlers.test.ts[2m > [22m[2mIndex.ts Handler Functions[2m > [22m[2mHandler Functions[2m > [22m[2mhandleSummarize()[2m > [22m[2mshould generate summary for empty session[22m[39m
[2025-11-19T04:32:17.905Z] INFO: Session created
  Context: {
  "sessionId": "8d4ca960-4bdf-49b4-a82e-c39ac8df34fb",
  "title": "Empty Session",
  "mode": "sequential"
}

[90mstdout[2m | tests/integration/index-handlers.test.ts[2m > [22m[2mIndex.ts Handler Functions[2m > [22m[2mHandler Functions[2m > [22m[2mhandleSwitchMode()[2m > [22m[2mshould switch mode successfully[22m[39m
[2025-11-19T04:32:18.039Z] INFO: Session created
  Context: {
  "sessionId": "1b74d5b1-1101-496c-b3e9-c8e53929adfe",
  "title": "Test Session",
  "mode": "sequential"
}
[2025-11-19T04:32:18.039Z] INFO: Session mode switched
  Context: {
  "sessionId": "1b74d5b1-1101-496c-b3e9-c8e53929adfe",
  "oldMode": "sequential",
  "newMode": "shannon",
  "reason": "User requested mode switch"
}

[90mstdout[2m | tests/integration/index-handlers.test.ts[2m > [22m[2mIndex.ts Handler Functions[2m > [22m[2mHandler Functions[2m > [22m[2mhandleSwitchMode()[2m > [22m[2mshould switch between all 13 modes[22m[39m
[2025-11-19T04:32:18.040Z] INFO: Session created
  Context: {
  "sessionId": "082850e6-964d-4518-8ab1-c51f836f419d",
  "title": "Multi-mode Session",
  "mode": "hybrid"
}
[2025-11-19T04:32:18.041Z] INFO: Session mode switched
  Context: {
  "sessionId": "082850e6-964d-4518-8ab1-c51f836f419d",
  "oldMode": "hybrid",
  "newMode": "sequential",
  "reason": "Switching to sequential"
}
[2025-11-19T04:32:18.041Z] INFO: Session mode switched
  Context: {
  "sessionId": "082850e6-964d-4518-8ab1-c51f836f419d",
  "oldMode": "sequential",
  "newMode": "shannon",
  "reason": "Switching to shannon"
}
[2025-11-19T04:32:18.041Z] INFO: Session mode switched
  Context: {
  "sessionId": "082850e6-964d-4518-8ab1-c51f836f419d",
  "oldMode": "shannon",
  "newMode": "mathematics",
  "reason": "Switching to mathematics"
}
[2025-11-19T04:32:18.041Z] INFO: Session mode switched
  Context: {
  "sessionId": "082850e6-964d-4518-8ab1-c51f836f419d",
  "oldMode": "mathematics",
  "newMode": "physics",
  "reason": "Switching to physics"
}
[2025-11-19T04:32:18.041Z] INFO: Session mode switched
  Context: {
  "sessionId": "082850e6-964d-4518-8ab1-c51f836f419d",
  "oldMode": "physics",
  "newMode": "abductive",
  "reason": "Switching to abductive"
}
[2025-11-19T04:32:18.041Z] INFO: Session mode switched
  Context: {
  "sessionId": "082850e6-964d-4518-8ab1-c51f836f419d",
  "oldMode": "abductive",
  "newMode": "causal",
  "reason": "Switching to causal"
}
[2025-11-19T04:32:18.042Z] INFO: Session mode switched
  Context: {
  "sessionId": "082850e6-964d-4518-8ab1-c51f836f419d",
  "oldMode": "causal",
  "newMode": "bayesian",
  "reason": "Switching to bayesian"
}
[2025-11-19T04:32:18.042Z] INFO: Session mode switched
  Context: {
  "sessionId": "082850e6-964d-4518-8ab1-c51f836f419d",
  "oldMode": "bayesian",
  "newMode": "counterfactual",
  "reason": "Switching to counterfactual"
}
[2025-11-19T04:32:18.042Z] INFO: Session mode switched
  Context: {
  "sessionId": "082850e6-964d-4518-8ab1-c51f836f419d",
  "oldMode": "counterfactual",
  "newMode": "analogical",
  "reason": "Switching to analogical"
}
[2025-11-19T04:32:18.042Z] INFO: Session mode switched
  Context: {
  "sessionId": "082850e6-964d-4518-8ab1-c51f836f419d",
  "oldMode": "analogical",
  "newMode": "temporal",
  "reason": "Switching to temporal"
}
[2025-11-19T04:32:18.042Z] INFO: Session mode switched
  Context: {
  "sessionId": "082850e6-964d-4518-8ab1-c51f836f419d",
  "oldMode": "temporal",
  "newMode": "gametheory",
  "reason": "Switching to gametheory"
}
[2025-11-19T04:32:18.043Z] INFO: Session mode switched
  Context: {
  "sessionId": "082850e6-964d-4518-8ab1-c51f836f419d",
  "oldMode": "gametheory",
  "newMode": "evidential",
  "reason": "Switching to evidential"
}
[2025-11-19T04:32:18.043Z] INFO: Session mode switched
  Context: {
  "sessionId": "082850e6-964d-4518-8ab1-c51f836f419d",
  "oldMode": "evidential",
  "newMode": "hybrid",
  "reason": "Switching to hybrid"
}

[90mstdout[2m | tests/integration/index-handlers.test.ts[2m > [22m[2mIndex.ts Handler Functions[2m > [22m[2mHandler Functions[2m > [22m[2mhandleGetSession()[2m > [22m[2mshould retrieve session with all properties[22m[39m
[2025-11-19T04:32:18.044Z] INFO: Session created
  Context: {
  "sessionId": "d9bea348-bea7-433c-a328-8b47a5557956",
  "title": "Test Session",
  "mode": "sequential"
}

[90mstdout[2m | tests/integration/index-handlers.test.ts[2m > [22m[2mIndex.ts Handler Functions[2m > [22m[2mHandler Functions[2m > [22m[2mhandleGetSession()[2m > [22m[2mshould retrieve session with thoughts[22m[39m
[2025-11-19T04:32:18.128Z] INFO: Session created
  Context: {
  "sessionId": "0cab58cc-240d-4c8d-9ff8-dd1901a35914",
  "title": "Session with Thoughts",
  "mode": "sequential"
}
[2025-11-19T04:32:18.129Z] INFO: Session completed
  Context: {
  "sessionId": "0cab58cc-240d-4c8d-9ff8-dd1901a35914",
  "title": "Session with Thoughts",
  "totalThoughts": 1
}

[90mstdout[2m | tests/integration/index-handlers.test.ts[2m > [22m[2mIndex.ts Handler Functions[2m > [22m[2mHandler Functions[2m > [22m[2mhandleExport()[2m > [22m[2mshould export session in JSON format[22m[39m
[2025-11-19T04:32:18.130Z] INFO: Session created
  Context: {
  "sessionId": "e36ea3d0-08a7-4c19-b13b-6f57f7ba8b29",
  "title": "Export Test",
  "mode": "sequential"
}
[2025-11-19T04:32:18.130Z] INFO: Session completed
  Context: {
  "sessionId": "e36ea3d0-08a7-4c19-b13b-6f57f7ba8b29",
  "title": "Export Test",
  "totalThoughts": 1
}

 [32m✓[39m tests/integration/index-handlers.test.ts [2m ([22m[2m33 tests[22m[2m)[22m[33m 789[2mms[22m[39m
 [32m✓[39m tests/unit/bayesian.test.ts [2m ([22m[2m10 tests[22m[2m)[22m[33m 564[2mms[22m[39m
[90mstdout[2m | tests/integration/mcp-protocol.test.ts[2m > [22m[2mMCP Protocol Compliance[2m > [22m[2mMCP Response Format Compliance[2m > [22m[2mshould return MCP-compliant response for successful operation[22m[39m
[2025-11-19T04:32:20.610Z] INFO: Session created
  Context: {
  "sessionId": "e83ab59d-ef8a-46c0-a252-6f46745647be",
  "title": "Test Session",
  "mode": "sequential"
}

 [32m✓[39m tests/integration/mcp-protocol.test.ts [2m ([22m[2m43 tests[22m[2m)[22m[33m 477[2mms[22m[39m
 [32m✓[39m tests/unit/causal.test.ts [2m ([22m[2m10 tests[22m[2m)[22m[90m 38[2mms[22m[39m
 [32m✓[39m tests/integration/session-workflow.test.ts [2m ([22m[2m7 tests[22m[2m)[22m[90m 116[2mms[22m[39m
[90mstdout[2m | tests/integration/session-workflow.test.ts[2m > [22m[2mSession Workflow Integration[2m > [22m[2mshould complete full sequential thinking workflow[22m[39m
[2025-11-19T04:32:22.954Z] INFO: Session created
  Context: {
  "sessionId": "af353ac6-8272-4bb3-b8dc-e7aba79a4e06",
  "title": "Solve Prime Factorization Problem",
  "mode": "sequential"
}
[2025-11-19T04:32:22.990Z] INFO: Session completed
  Context: {
  "sessionId": "af353ac6-8272-4bb3-b8dc-e7aba79a4e06",
  "title": "Solve Prime Factorization Problem",
  "totalThoughts": 5
}

[90mstdout[2m | tests/integration/session-workflow.test.ts[2m > [22m[2mSession Workflow Integration[2m > [22m[2mshould handle mathematics mode with validation[22m[39m
[2025-11-19T04:32:22.995Z] INFO: Session created
  Context: {
  "sessionId": "23527570-85a4-4074-b6ab-0aec3fd92d9d",
  "title": "Prove Fundamental Theorem",
  "mode": "mathematics"
}
[2025-11-19T04:32:22.995Z] INFO: Session completed
  Context: {
  "sessionId": "23527570-85a4-4074-b6ab-0aec3fd92d9d",
  "title": "Prove Fundamental Theorem",
  "totalThoughts": 3
}

[90mstdout[2m | tests/integration/session-workflow.test.ts[2m > [22m[2mSession Workflow Integration[2m > [22m[2mshould handle mode switching mid-session[22m[39m
[2025-11-19T04:32:23.001Z] INFO: Session created
  Context: {
  "sessionId": "6ac6e12f-2bb2-4ce6-a3e6-e3bd41a40ba0",
  "title": "Problem Solving Session",
  "mode": "sequential"
}
[2025-11-19T04:32:23.001Z] INFO: Session mode switched
  Context: {
  "sessionId": "6ac6e12f-2bb2-4ce6-a3e6-e3bd41a40ba0",
  "oldMode": "sequential",
  "newMode": "shannon",
  "reason": "Need more structure"
}
[2025-11-19T04:32:23.027Z] INFO: Session completed
  Context: {
  "sessionId": "6ac6e12f-2bb2-4ce6-a3e6-e3bd41a40ba0",
  "title": "Problem Solving Session",
  "totalThoughts": 3
}

[90mstdout[2m | tests/integration/session-workflow.test.ts[2m > [22m[2mSession Workflow Integration[2m > [22m[2mshould track validation cache statistics[22m[39m
[2025-11-19T04:32:23.052Z] INFO: Session created
  Context: {
  "sessionId": "0c335783-7314-4b8c-8d2c-29ffd9733635",
  "title": "Cache Test Session",
  "mode": "sequential"
}
[2025-11-19T04:32:23.052Z] INFO: Session completed
  Context: {
  "sessionId": "0c335783-7314-4b8c-8d2c-29ffd9733635",
  "title": "Cache Test Session",
  "totalThoughts": 3
}

[90mstdout[2m | tests/integration/session-workflow.test.ts[2m > [22m[2mSession Workflow Integration[2m > [22m[2mshould handle multiple concurrent sessions[22m[39m
[2025-11-19T04:32:23.054Z] INFO: Session created
  Context: {
  "sessionId": "ab16ed78-09a9-44e3-90b8-ab4ea654af5c",
  "title": "Session 1",
  "mode": "sequential"
}
[2025-11-19T04:32:23.054Z] INFO: Session created
  Context: {
  "sessionId": "ff4271ce-4e9e-43cb-ad80-adfd54379cc8",
  "title": "Session 2",
  "mode": "mathematics"
}
[2025-11-19T04:32:23.055Z] INFO: Session created
  Context: {
  "sessionId": "a3e3f3af-c202-4882-a85c-628d5863b18a",
  "title": "Session 3",
  "mode": "shannon"
}
[2025-11-19T04:32:23.055Z] INFO: Session completed
  Context: {
  "sessionId": "ab16ed78-09a9-44e3-90b8-ab4ea654af5c",
  "title": "Session 1",
  "totalThoughts": 1
}
[2025-11-19T04:32:23.055Z] INFO: Session completed
  Context: {
  "sessionId": "ff4271ce-4e9e-43cb-ad80-adfd54379cc8",
  "title": "Session 2",
  "totalThoughts": 1
}
[2025-11-19T04:32:23.055Z] INFO: Session completed
  Context: {
  "sessionId": "a3e3f3af-c202-4882-a85c-628d5863b18a",
  "title": "Session 3",
  "totalThoughts": 1
}

[90mstdout[2m | tests/integration/session-workflow.test.ts[2m > [22m[2mSession Workflow Integration[2m > [22m[2mshould handle session deletion[22m[39m
[2025-11-19T04:32:23.057Z] INFO: Session created
  Context: {
  "sessionId": "6fccd108-1926-4010-8509-2c982d66287b",
  "title": "Temporary Session",
  "mode": "sequential"
}
[2025-11-19T04:32:23.058Z] INFO: Session completed
  Context: {
  "sessionId": "6fccd108-1926-4010-8509-2c982d66287b",
  "title": "Temporary Session",
  "totalThoughts": 1
}
[2025-11-19T04:32:23.058Z] INFO: Session deleted
  Context: {
  "sessionId": "6fccd108-1926-4010-8509-2c982d66287b",
  "title": "Temporary Session",
  "thoughtCount": 1
}

[90mstdout[2m | tests/integration/session-workflow.test.ts[2m > [22m[2mSession Workflow Integration[2m > [22m[2mshould maintain metrics accuracy across workflow[22m[39m
[2025-11-19T04:32:23.060Z] INFO: Session created
  Context: {
  "sessionId": "ebc8e28e-b968-4bcd-b3aa-056a2636603d",
  "title": "Metrics Test",
  "mode": "sequential"
}
[2025-11-19T04:32:23.060Z] INFO: Session completed
  Context: {
  "sessionId": "ebc8e28e-b968-4bcd-b3aa-056a2636603d",
  "title": "Metrics Test",
  "totalThoughts": 5
}

[90mstdout[2m | tests/unit/session-manager.test.ts[2m > [22m[2mSessionManager[2m > [22m[2mcreateSession[2m > [22m[2mshould create a new session with default values[22m[39m
[2025-11-19T04:32:23.268Z] INFO: Session created
  Context: {
  "sessionId": "0fb3f90d-92f0-44fe-aa21-ba2feedea6e3",
  "title": "Untitled Session",
  "mode": "hybrid"
}

[90mstdout[2m | tests/unit/session-manager.test.ts[2m > [22m[2mSessionManager[2m > [22m[2mcreateSession[2m > [22m[2mshould create a session with custom options[22m[39m
[2025-11-19T04:32:23.279Z] INFO: Session created
  Context: {
  "sessionId": "77d8506d-f7ac-46e2-8a75-10868e944cf1",
  "title": "My Problem",
  "mode": "mathematics",
  "domain": "number_theory",
  "author": "Test User"
}

[90mstdout[2m | tests/unit/session-manager.test.ts[2m > [22m[2mSessionManager[2m > [22m[2mcreateSession[2m > [22m[2mshould initialize metrics correctly[22m[39m
[2025-11-19T04:32:23.281Z] INFO: Session created
  Context: {
  "sessionId": "1a49fd00-ce42-44b6-9e07-c1f902bc69ce",
  "title": "Untitled Session",
  "mode": "hybrid"
}

[90mstdout[2m | tests/unit/session-manager.test.ts[2m > [22m[2mSessionManager[2m > [22m[2mgetSession[2m > [22m[2mshould retrieve an existing session[22m[39m
[2025-11-19T04:32:23.284Z] INFO: Session created
  Context: {
  "sessionId": "18cb85e7-fcd1-4587-b550-fd0c888d07c3",
  "title": "Test Session",
  "mode": "hybrid"
}

[90mstdout[2m | tests/unit/session-manager.test.ts[2m > [22m[2mSessionManager[2m > [22m[2maddThought[2m > [22m[2mshould add a sequential thought to session[22m[39m
[2025-11-19T04:32:23.287Z] INFO: Session created
  Context: {
  "sessionId": "77bd8373-6a5c-4316-a966-8d138f008bca",
  "title": "Untitled Session",
  "mode": "sequential"
}

[90mstdout[2m | tests/unit/session-manager.test.ts[2m > [22m[2mSessionManager[2m > [22m[2maddThought[2m > [22m[2mshould mark session as complete when nextThoughtNeeded is false[22m[39m
[2025-11-19T04:32:23.291Z] INFO: Session created
  Context: {
  "sessionId": "94f91d7a-2a82-4fbb-80b7-40ca85ebb34c",
  "title": "Untitled Session",
  "mode": "hybrid"
}
[2025-11-19T04:32:23.292Z] INFO: Session completed
  Context: {
  "sessionId": "94f91d7a-2a82-4fbb-80b7-40ca85ebb34c",
  "title": "Untitled Session",
  "totalThoughts": 1
}

[90mstdout[2m | tests/unit/session-manager.test.ts[2m > [22m[2mSessionManager[2m > [22m[2maddThought[2m > [22m[2mshould track revisions in metrics[22m[39m
[2025-11-19T04:32:23.331Z] INFO: Session created
  Context: {
  "sessionId": "a2f4c29c-4432-41f3-a80e-cbad7b437c5d",
  "title": "Untitled Session",
  "mode": "hybrid"
}

[90mstdout[2m | tests/unit/session-manager.test.ts[2m > [22m[2mSessionManager[2m > [22m[2maddThought[2m > [22m[2mshould calculate average uncertainty for Shannon thoughts[22m[39m
[2025-11-19T04:32:23.333Z] INFO: Session created
  Context: {
  "sessionId": "bae71190-3fdb-4e60-9a16-567be28fc588",
  "title": "Untitled Session",
  "mode": "shannon"
}

[90mstderr[2m | tests/unit/session-manager.test.ts[2m > [22m[2mSessionManager[2m > [22m[2maddThought[2m > [22m[2mshould throw error for non-existent session[22m[39m
[2025-11-19T04:32:23.335Z] ERROR: Session not found
  Context: {
  "sessionId": "00000000-0000-4000-8000-000000000000"
}

[90mstdout[2m | tests/unit/session-manager.test.ts[2m > [22m[2mSessionManager[2m > [22m[2mswitchMode[2m > [22m[2mshould switch session mode[22m[39m
[2025-11-19T04:32:23.341Z] INFO: Session created
  Context: {
  "sessionId": "bd133b4c-c367-4ac7-bb10-8268c5bb623f",
  "title": "Untitled Session",
  "mode": "sequential"
}
[2025-11-19T04:32:23.342Z] INFO: Session mode switched
  Context: {
  "sessionId": "bd133b4c-c367-4ac7-bb10-8268c5bb623f",
  "oldMode": "sequential",
  "newMode": "shannon",
  "reason": "Need systematic approach"
}

[90mstderr[2m | tests/unit/session-manager.test.ts[2m > [22m[2mSessionManager[2m > [22m[2mswitchMode[2m > [22m[2mshould throw error for non-existent session[22m[39m
[2025-11-19T04:32:23.343Z] ERROR: Session not found
  Context: {
  "sessionId": "00000000-0000-4000-8000-000000000000"
}

[90mstdout[2m | tests/unit/session-manager.test.ts[2m > [22m[2mSessionManager[2m > [22m[2mlistSessions[2m > [22m[2mshould list all sessions[22m[39m
[2025-11-19T04:32:23.345Z] INFO: Session created
  Context: {
  "sessionId": "a3f87046-e75b-4eb8-91e4-c113c2b1ead6",
  "title": "Session 1",
  "mode": "hybrid"
}
[2025-11-19T04:32:23.345Z] INFO: Session created
  Context: {
  "sessionId": "b032cc10-71e4-4d35-9c32-98137920ab4c",
  "title": "Session 2",
  "mode": "hybrid"
}
[2025-11-19T04:32:23.346Z] INFO: Session created
  Context: {
  "sessionId": "f6801c5c-231d-4b1e-a317-6002a6568643",
  "title": "Session 3",
  "mode": "hybrid"
}

[90mstdout[2m | tests/unit/session-manager.test.ts[2m > [22m[2mSessionManager[2m > [22m[2mdeleteSession[2m > [22m[2mshould delete a session[22m[39m
[2025-11-19T04:32:23.352Z] INFO: Session created
  Context: {
  "sessionId": "e8e6ea87-30be-4f4a-bf7b-7abcd54690f2",
  "title": "Untitled Session",
  "mode": "hybrid"
}
[2025-11-19T04:32:23.352Z] INFO: Session deleted
  Context: {
  "sessionId": "e8e6ea87-30be-4f4a-bf7b-7abcd54690f2",
  "title": "Untitled Session",
  "thoughtCount": 0
}

[90mstdout[2m | tests/unit/session-manager.test.ts[2m > [22m[2mSessionManager[2m > [22m[2mgenerateSummary[2m > [22m[2mshould generate a summary of session[22m[39m
[2025-11-19T04:32:23.355Z] INFO: Session created
  Context: {
  "sessionId": "8b469d52-2f99-4ba0-b06f-eb44ecdc363d",
  "title": "Test Problem",
  "mode": "hybrid"
}
[2025-11-19T04:32:23.355Z] INFO: Session completed
  Context: {
  "sessionId": "8b469d52-2f99-4ba0-b06f-eb44ecdc363d",
  "title": "Test Problem",
  "totalThoughts": 1
}

 [32m✓[39m tests/unit/session-manager.test.ts [2m ([22m[2m16 tests[22m[2m)[22m[90m 99[2mms[22m[39m
 [32m✓[39m tests/unit/recommendations.test.ts [2m ([22m[2m15 tests[22m[2m)[22m[90m 60[2mms[22m[39m
[90mstdout[2m | tests/benchmarks/metrics-performance.test.ts[2m > [22m[2mMetrics Performance Benchmark[2m > [22m[2mshould show performance improvement with incremental calculation[22m[39m
[2025-11-19T04:32:27.155Z] INFO: Session created
  Context: {
  "sessionId": "04f92dab-cdc4-4560-90c2-79a11b9ae001",
  "title": "Performance Test",
  "mode": "sequential"
}

📊 Benchmark: Adding 1000 thoughts with uncertainty tracking
[2025-11-19T04:32:27.230Z] INFO: Session completed
  Context: {
  "sessionId": "04f92dab-cdc4-4560-90c2-79a11b9ae001",
  "title": "Performance Test",
  "totalThoughts": 1000
}
✅ Total time: 72.23ms
✅ Average time per thought: 0.0722ms
✅ Expected average uncertainty: 0.488087
✅ Actual average uncertainty: 0.488087
✅ Accuracy verified: PASS

🎯 Performance: EXCELLENT

[90mstdout[2m | tests/benchmarks/metrics-performance.test.ts[2m > [22m[2mMetrics Performance Benchmark[2m > [22m[2mshould maintain O(1) complexity regardless of session size[22m[39m

📈 Complexity Analysis: Testing O(1) behavior
[2025-11-19T04:32:27.236Z] INFO: Session created
  Context: {
  "sessionId": "a022b235-e22d-43bc-a8c4-a4e1ed6656b7",
  "title": "Test Session 100",
  "mode": "sequential"
}
[2025-11-19T04:32:27.237Z] INFO: Session completed
  Context: {
  "sessionId": "a022b235-e22d-43bc-a8c4-a4e1ed6656b7",
  "title": "Test Session 100",
  "totalThoughts": 100
}
  Session size 100: 0.0163ms per thought
[2025-11-19T04:32:27.238Z] INFO: Session created
  Context: {
  "sessionId": "72a5524d-4502-4fbc-b285-b25fb1305ed8",
  "title": "Test Session 500",
  "mode": "sequential"
}
[2025-11-19T04:32:27.240Z] INFO: Session completed
  Context: {
  "sessionId": "72a5524d-4502-4fbc-b285-b25fb1305ed8",
  "title": "Test Session 500",
  "totalThoughts": 500
}
  Session size 500: 0.0067ms per thought
[2025-11-19T04:32:27.241Z] INFO: Session created
  Context: {
  "sessionId": "af92116b-41a6-4d94-a7f4-95e19045fd80",
  "title": "Test Session 1000",
  "mode": "sequential"
}
[2025-11-19T04:32:27.247Z] INFO: Session completed
  Context: {
  "sessionId": "af92116b-41a6-4d94-a7f4-95e19045fd80",
  "title": "Test Session 1000",
  "totalThoughts": 1000
}
  Session size 1000: 0.0084ms per thought

  Min: 0.0067ms, Max: 0.0163ms, Overall Ratio: 2.41x
  Ratio (500 vs 1000): 1.25x
  Complexity: O(1) ✅

 [32m✓[39m tests/benchmarks/metrics-performance.test.ts [2m ([22m[2m2 tests[22m[2m)[22m[90m 119[2mms[22m[39m
 [32m✓[39m tests/unit/types.test.ts [2m ([22m[2m14 tests[22m[2m)[22m[90m 138[2mms[22m[39m
 [32m✓[39m tests/unit/counterfactual.test.ts [2m ([22m[2m8 tests[22m[2m)[22m[90m 28[2mms[22m[39m
 [32m✓[39m tests/unit/temporal.test.ts [2m ([22m[2m19 tests[22m[2m)[22m[33m 418[2mms[22m[39m
 [32m✓[39m tests/unit/abductive.test.ts [2m ([22m[2m10 tests[22m[2m)[22m[90m 32[2mms[22m[39m
 [32m✓[39m tests/unit/analogical.test.ts [2m ([22m[2m9 tests[22m[2m)[22m[90m 49[2mms[22m[39m

[2m Test Files [22m [1m[32m17 passed[39m[22m[90m (17)[39m
[2m      Tests [22m [1m[32m280 passed[39m[22m[90m (280)[39m
[2m   Start at [22m 23:32:11
[2m   Duration [22m 30.98s


[1m[7m[32m PASS [39m[27m[22m[32m Waiting for file changes...[39m
       [2mpress [22m[1mh[22m[2m to show help[22m[2m, [22m[2mpress [22m[1mq[22m[2m to quit[22m
[3Jc
[7m[1m[34m RERUN [39m[22m[27m[2m src/validation/validator.ts[22m

 [32m✓[39m tests/unit/temporal.test.ts [2m ([22m[2m19 tests[22m[2m)[22m[90m 64[2mms[22m[39m
 [32m✓[39m tests/unit/bayesian.test.ts [2m ([22m[2m10 tests[22m[2m)[22m[90m 54[2mms[22m[39m
 [32m✓[39m tests/unit/gametheory.test.ts [2m ([22m[2m17 tests[22m[2m)[22m[90m 60[2mms[22m[39m
 [32m✓[39m tests/unit/analogical.test.ts [2m ([22m[2m9 tests[22m[2m)[22m[90m 58[2mms[22m[39m
 [32m✓[39m tests/unit/causal.test.ts [2m ([22m[2m10 tests[22m[2m)[22m[90m 58[2mms[22m[39m
 [32m✓[39m tests/unit/evidential.test.ts [2m ([22m[2m16 tests[22m[2m)[22m[33m 543[2mms[22m[39m
 [32m✓[39m tests/unit/abductive.test.ts [2m ([22m[2m10 tests[22m[2m)[22m[90m 30[2mms[22m[39m
 [33m❯[39m tests/benchmarks/validation-performance.test.ts [2m ([22m[2m3 tests[22m [2m|[22m [31m1 failed[39m[2m)[22m[33m 334[2mms[22m[39m
[31m   [33m❯[31m tests/benchmarks/validation-performance.test.ts[2m > [22mValidation Performance Benchmark[2m > [22mshould handle high cache hit rates efficiently[39m
[31m     → expected 0.2708036331137918 to be greater than 1.4[39m
[90mstdout[2m | tests/benchmarks/validation-performance.test.ts[2m > [22m[2mValidation Performance Benchmark[2m > [22m[2mshould show significant performance improvement for cache hits[22m[39m

📊 Validation Cache Benchmark: Testing cache performance

🔴 First validation (cache miss):
   Time: 3.8185ms
   Valid: true
   Confidence: 0.70

🟢 Second validation (cache hit):
   Time: 0.2667ms
   Valid: true
   Confidence: 0.70

📈 Performance Analysis:
   Cache miss time: 3.8185ms
   Cache hit time: 0.2667ms
   Speedup: 14.32x
   Hit rate: 50.0%

🎯 Result: EXCELLENT (≥10x)

[90mstdout[2m | tests/benchmarks/validation-performance.test.ts[2m > [22m[2mValidation Performance Benchmark[2m > [22m[2mshould maintain O(1) lookup complexity regardless of cache size[22m[39m

📈 Complexity Analysis: Testing O(1) cache lookup
   Cache size 10: 0.0639ms per lookup
   Cache size 50: 0.0579ms per lookup
   Cache size 100: 0.0614ms per lookup

   Min: 0.0579ms, Max: 0.0639ms, Ratio: 1.10x
   Complexity: O(1) ✅

[90mstdout[2m | tests/benchmarks/validation-performance.test.ts[2m > [22m[2mValidation Performance Benchmark[2m > [22m[2mshould handle high cache hit rates efficiently[22m[39m

📊 High-Volume Test: Simulating realistic usage patterns
   Running 100 validations (5 unique thoughts, repeated pattern)...

📈 Results:
   Total validations: 100
   Cache misses: 5 (avg 0.3459ms)
   Cache hits: 95 (avg 1.2774ms)
   Average speedup: 0.27x
   Hit rate: 95.0%
   Cache size: 5/1000

 [32m✓[39m tests/unit/counterfactual.test.ts [2m ([22m[2m8 tests[22m[2m)[22m[90m 30[2mms[22m[39m

[31m⎯⎯⎯⎯⎯⎯⎯[1m[7m Failed Tests 1 [27m[22m⎯⎯⎯⎯⎯⎯⎯[39m

[31m[1m[7m FAIL [27m[22m[39m tests/benchmarks/validation-performance.test.ts[2m > [22mValidation Performance Benchmark[2m > [22mshould handle high cache hit rates efficiently
[31m[1mAssertionError[22m: expected 0.2708036331137918 to be greater than 1.4[39m
[36m [2m❯[22m tests/benchmarks/validation-performance.test.ts:[2m235:21[22m[39m
    [90m233| [39m
    [90m234| [39m    [90m// Verify speedup (adjusted to 1.4x for modular architecture in v3[39m…
    [90m235| [39m    [34mexpect[39m(speedup)[33m.[39m[34mtoBeGreaterThan[39m([34m1.4[39m)[33m;[39m
    [90m   | [39m                    [31m^[39m
    [90m236| [39m
    [90m237| [39m    console[33m.[39m[34mlog[39m([32m`\n🎯 Overall Performance: [39m[36m${[39mspeedup [33m>=[39m [34m5[39m [33m?[39m [32m'EXCELLENT'[0m…

[31m[2m⎯⎯⎯⎯⎯⎯⎯⎯⎯⎯⎯⎯⎯⎯⎯⎯⎯⎯⎯⎯⎯⎯⎯⎯[1/1]⎯[22m[39m

[2m Test Files [22m [1m[31m1 failed[39m[22m[2m | [22m[1m[32m8 passed[39m[22m[90m (9)[39m
[2m      Tests [22m [1m[31m1 failed[39m[22m[2m | [22m[1m[32m101 passed[39m[22m[90m (102)[39m
[2m   Start at [22m 23:36:28
[2m   Duration [22m 14.08s


[1m[7m[31m FAIL [39m[27m[22m[31m Tests failed. Watching for file changes...[39m
       [2mpress [22m[1mh[22m[2m to show help[22m[2m, [22m[2mpress [22m[1mq[22m[2m to quit[22m
[3Jc
[7m[1m[34m RERUN [39m[22m[27m[2m src/validation/validators/modes/counterfactual.ts[22m

 [32m✓[39m tests/unit/gametheory.test.ts [2m ([22m[2m17 tests[22m[2m)[22m[90m 191[2mms[22m[39m
 [32m✓[39m tests/unit/analogical.test.ts [2m ([22m[2m9 tests[22m[2m)[22m[90m 38[2mms[22m[39m
[90mstdout[2m | tests/benchmarks/validation-performance.test.ts[2m > [22m[2mValidation Performance Benchmark[2m > [22m[2mshould show significant performance improvement for cache hits[22m[39m

📊 Validation Cache Benchmark: Testing cache performance

🔴 First validation (cache miss):
   Time: 4.6495ms
   Valid: true
   Confidence: 0.70

🟢 Second validation (cache hit):
   Time: 0.2687ms
   Valid: true
   Confidence: 0.70

📈 Performance Analysis:
   Cache miss time: 4.6495ms
   Cache hit time: 0.2687ms
   Speedup: 17.30x
   Hit rate: 50.0%

🎯 Result: EXCELLENT (≥10x)

[90mstdout[2m | tests/benchmarks/validation-performance.test.ts[2m > [22m[2mValidation Performance Benchmark[2m > [22m[2mshould maintain O(1) lookup complexity regardless of cache size[22m[39m

📈 Complexity Analysis: Testing O(1) cache lookup
   Cache size 10: 0.7390ms per lookup
   Cache size 50: 0.0692ms per lookup
   Cache size 100: 0.0543ms per lookup

   Min: 0.0543ms, Max: 0.7390ms, Ratio: 13.61x
   Complexity: O(n) ❌

[90mstdout[2m | tests/benchmarks/validation-performance.test.ts[2m > [22m[2mValidation Performance Benchmark[2m > [22m[2mshould handle high cache hit rates efficiently[22m[39m

📊 High-Volume Test: Simulating realistic usage patterns
   Running 100 validations (5 unique thoughts, repeated pattern)...

📈 Results:
   Total validations: 100
   Cache misses: 5 (avg 0.3585ms)
   Cache hits: 95 (avg 0.0911ms)
   Average speedup: 3.93x
   Hit rate: 95.0%
   Cache size: 5/1000

🎯 Overall Performance: GOOD

 [33m❯[39m tests/benchmarks/validation-performance.test.ts [2m ([22m[2m3 tests[22m [2m|[22m [31m1 failed[39m[2m)[22m[90m 152[2mms[22m[39m
[31m   [33m❯[31m tests/benchmarks/validation-performance.test.ts[2m > [22mValidation Performance Benchmark[2m > [22mshould maintain O(1) lookup complexity regardless of cache size[39m
[31m     → expected 13.60902395147271 to be less than 4[39m
 [32m✓[39m tests/unit/causal.test.ts [2m ([22m[2m10 tests[22m[2m)[22m[90m 68[2mms[22m[39m
 [32m✓[39m tests/unit/evidential.test.ts [2m ([22m[2m16 tests[22m[2m)[22m[90m 132[2mms[22m[39m
 [32m✓[39m tests/unit/temporal.test.ts [2m ([22m[2m19 tests[22m[2m)[22m[90m 69[2mms[22m[39m
 [32m✓[39m tests/unit/abductive.test.ts [2m ([22m[2m10 tests[22m[2m)[22m[90m 46[2mms[22m[39m
 [32m✓[39m tests/unit/bayesian.test.ts [2m ([22m[2m10 tests[22m[2m)[22m[90m 90[2mms[22m[39m
 [32m✓[39m tests/unit/counterfactual.test.ts [2m ([22m[2m8 tests[22m[2m)[22m[90m 65[2mms[22m[39m

[31m⎯⎯⎯⎯⎯⎯⎯[1m[7m Failed Tests 1 [27m[22m⎯⎯⎯⎯⎯⎯⎯[39m

[31m[1m[7m FAIL [27m[22m[39m tests/benchmarks/validation-performance.test.ts[2m > [22mValidation Performance Benchmark[2m > [22mshould maintain O(1) lookup complexity regardless of cache size
[31m[1mAssertionError[22m: expected 13.60902395147271 to be less than 4[39m
[36m [2m❯[22m tests/benchmarks/validation-performance.test.ts:[2m173:19[22m[39m
    [90m171| [39m
    [90m172| [39m    [90m// If truly O(1), ratio should be close to 1 (allowing for system [39m…
    [90m173| [39m    [34mexpect[39m(ratio)[33m.[39m[34mtoBeLessThan[39m([34m4.0[39m)[33m;[39m
    [90m   | [39m                  [31m^[39m
    [90m174| [39m  })[33m;[39m
    [90m175| [39m

[31m[2m⎯⎯⎯⎯⎯⎯⎯⎯⎯⎯⎯⎯⎯⎯⎯⎯⎯⎯⎯⎯⎯⎯⎯⎯[1/1]⎯[22m[39m

[2m Test Files [22m [1m[31m1 failed[39m[22m[2m | [22m[1m[32m8 passed[39m[22m[90m (9)[39m
[2m      Tests [22m [1m[31m1 failed[39m[22m[2m | [22m[1m[32m101 passed[39m[22m[90m (102)[39m
[2m   Start at [22m 23:41:25
[2m   Duration [22m 18.02s


[1m[7m[31m FAIL [39m[27m[22m[31m Tests failed. Watching for file changes...[39m
       [2mpress [22m[1mh[22m[2m to show help[22m[2m, [22m[2mpress [22m[1mq[22m[2m to quit[22m
[3Jc
[7m[1m[34m RERUN [39m[22m[27m[2m src/validation/validators/modes/counterfactual.ts[22m

 [32m✓[39m tests/unit/temporal.test.ts [2m ([22m[2m19 tests[22m[2m)[22m[90m 45[2mms[22m[39m
 [32m✓[39m tests/benchmarks/validation-performance.test.ts [2m ([22m[2m3 tests[22m[2m)[22m[90m 72[2mms[22m[39m
[90mstdout[2m | tests/benchmarks/validation-performance.test.ts[2m > [22m[2mValidation Performance Benchmark[2m > [22m[2mshould show significant performance improvement for cache hits[22m[39m

📊 Validation Cache Benchmark: Testing cache performance

🔴 First validation (cache miss):
   Time: 3.9087ms
   Valid: true
   Confidence: 0.70

🟢 Second validation (cache hit):
   Time: 0.2329ms
   Valid: true
   Confidence: 0.70

📈 Performance Analysis:
   Cache miss time: 3.9087ms
   Cache hit time: 0.2329ms
   Speedup: 16.78x
   Hit rate: 50.0%

🎯 Result: EXCELLENT (≥10x)

[90mstdout[2m | tests/benchmarks/validation-performance.test.ts[2m > [22m[2mValidation Performance Benchmark[2m > [22m[2mshould maintain O(1) lookup complexity regardless of cache size[22m[39m

📈 Complexity Analysis: Testing O(1) cache lookup
   Cache size 10: 0.0454ms per lookup
   Cache size 50: 0.0847ms per lookup
   Cache size 100: 0.0514ms per lookup

   Min: 0.0454ms, Max: 0.0847ms, Ratio: 1.87x
   Complexity: O(1) ✅

[90mstdout[2m | tests/benchmarks/validation-performance.test.ts[2m > [22m[2mValidation Performance Benchmark[2m > [22m[2mshould handle high cache hit rates efficiently[22m[39m

📊 High-Volume Test: Simulating realistic usage patterns
   Running 100 validations (5 unique thoughts, repeated pattern)...

📈 Results:
   Total validations: 100
   Cache misses: 5 (avg 0.4121ms)
   Cache hits: 95 (avg 0.1238ms)
   Average speedup: 3.33x
   Hit rate: 95.0%
   Cache size: 5/1000

🎯 Overall Performance: GOOD

 [32m✓[39m tests/unit/causal.test.ts [2m ([22m[2m10 tests[22m[2m)[22m[90m 54[2mms[22m[39m
 [32m✓[39m tests/unit/bayesian.test.ts [2m ([22m[2m10 tests[22m[2m)[22m[90m 39[2mms[22m[39m
 [32m✓[39m tests/unit/gametheory.test.ts [2m ([22m[2m17 tests[22m[2m)[22m[33m 422[2mms[22m[39m
 [32m✓[39m tests/unit/evidential.test.ts [2m ([22m[2m16 tests[22m[2m)[22m[90m 173[2mms[22m[39m
 [32m✓[39m tests/unit/counterfactual.test.ts [2m ([22m[2m8 tests[22m[2m)[22m[90m 75[2mms[22m[39m
 [32m✓[39m tests/unit/analogical.test.ts [2m ([22m[2m9 tests[22m[2m)[22m[90m 28[2mms[22m[39m
 [32m✓[39m tests/unit/abductive.test.ts [2m ([22m[2m10 tests[22m[2m)[22m[90m 24[2mms[22m[39m

[2m Test Files [22m [1m[32m9 passed[39m[22m[90m (9)[39m
[2m      Tests [22m [1m[32m102 passed[39m[22m[90m (102)[39m
[2m   Start at [22m 23:43:01
[2m   Duration [22m 11.42s


[1m[7m[32m PASS [39m[27m[22m[32m Waiting for file changes...[39m
       [2mpress [22m[1mh[22m[2m to show help[22m[2m, [22m[2mpress [22m[1mq[22m[2m to quit[22m
[3Jc
[7m[1m[34m RERUN [39m[22m[27m[2m src/validation/validators/modes/sequential.ts[22m

 [32m✓[39m tests/unit/evidential.test.ts [2m ([22m[2m16 tests[22m[2m)[22m[90m 71[2mms[22m[39m
[90mstdout[2m | tests/benchmarks/validation-performance.test.ts[2m > [22m[2mValidation Performance Benchmark[2m > [22m[2mshould show significant performance improvement for cache hits[22m[39m

📊 Validation Cache Benchmark: Testing cache performance

🔴 First validation (cache miss):
   Time: 4.4708ms
   Valid: true
   Confidence: 0.70

🟢 Second validation (cache hit):
   Time: 0.2125ms
   Valid: true
   Confidence: 0.70

📈 Performance Analysis:
   Cache miss time: 4.4708ms
   Cache hit time: 0.2125ms
   Speedup: 21.04x
   Hit rate: 50.0%

🎯 Result: EXCELLENT (≥10x)

[90mstdout[2m | tests/benchmarks/validation-performance.test.ts[2m > [22m[2mValidation Performance Benchmark[2m > [22m[2mshould maintain O(1) lookup complexity regardless of cache size[22m[39m

📈 Complexity Analysis: Testing O(1) cache lookup
   Cache size 10: 0.0521ms per lookup
   Cache size 50: 2.5276ms per lookup
   Cache size 100: 0.0462ms per lookup

   Min: 0.0462ms, Max: 2.5276ms, Ratio: 54.73x
   Complexity: O(n) ❌

[90mstdout[2m | tests/benchmarks/validation-performance.test.ts[2m > [22m[2mValidation Performance Benchmark[2m > [22m[2mshould handle high cache hit rates efficiently[22m[39m

📊 High-Volume Test: Simulating realistic usage patterns
   Running 100 validations (5 unique thoughts, repeated pattern)...

📈 Results:
   Total validations: 100
   Cache misses: 5 (avg 0.3253ms)
   Cache hits: 95 (avg 0.0962ms)
   Average speedup: 3.38x
   Hit rate: 95.0%
   Cache size: 5/1000

🎯 Overall Performance: GOOD

 [33m❯[39m tests/benchmarks/validation-performance.test.ts [2m ([22m[2m3 tests[22m [2m|[22m [31m1 failed[39m[2m)[22m[90m 158[2mms[22m[39m
[31m   [33m❯[31m tests/benchmarks/validation-performance.test.ts[2m > [22mValidation Performance Benchmark[2m > [22mshould maintain O(1) lookup complexity regardless of cache size[39m
[31m     → expected 54.734300598748455 to be less than 4[39m
 [32m✓[39m tests/unit/counterfactual.test.ts [2m ([22m[2m8 tests[22m[2m)[22m[90m 24[2mms[22m[39m
 [32m✓[39m tests/unit/causal.test.ts [2m ([22m[2m10 tests[22m[2m)[22m[90m 144[2mms[22m[39m
 [32m✓[39m tests/unit/temporal.test.ts [2m ([22m[2m19 tests[22m[2m)[22m[90m 172[2mms[22m[39m
 [32m✓[39m tests/unit/gametheory.test.ts [2m ([22m[2m17 tests[22m[2m)[22m[90m 80[2mms[22m[39m
 [32m✓[39m tests/unit/bayesian.test.ts [2m ([22m[2m10 tests[22m[2m)[22m[90m 25[2mms[22m[39m
 [32m✓[39m tests/unit/abductive.test.ts [2m ([22m[2m10 tests[22m[2m)[22m[90m 30[2mms[22m[39m
 [32m✓[39m tests/unit/analogical.test.ts [2m ([22m[2m9 tests[22m[2m)[22m[90m 57[2mms[22m[39m

[31m⎯⎯⎯⎯⎯⎯⎯[1m[7m Failed Tests 1 [27m[22m⎯⎯⎯⎯⎯⎯⎯[39m

[31m[1m[7m FAIL [27m[22m[39m tests/benchmarks/validation-performance.test.ts[2m > [22mValidation Performance Benchmark[2m > [22mshould maintain O(1) lookup complexity regardless of cache size
[31m[1mAssertionError[22m: expected 54.734300598748455 to be less than 4[39m
[36m [2m❯[22m tests/benchmarks/validation-performance.test.ts:[2m173:19[22m[39m
    [90m171| [39m
    [90m172| [39m    [90m// If truly O(1), ratio should be close to 1 (allowing for system [39m…
    [90m173| [39m    [34mexpect[39m(ratio)[33m.[39m[34mtoBeLessThan[39m([34m4.0[39m)[33m;[39m
    [90m   | [39m                  [31m^[39m
    [90m174| [39m  })[33m;[39m
    [90m175| [39m

[31m[2m⎯⎯⎯⎯⎯⎯⎯⎯⎯⎯⎯⎯⎯⎯⎯⎯⎯⎯⎯⎯⎯⎯⎯⎯[1/1]⎯[22m[39m

[2m Test Files [22m [1m[31m1 failed[39m[22m[2m | [22m[1m[32m8 passed[39m[22m[90m (9)[39m
[2m      Tests [22m [1m[31m1 failed[39m[22m[2m | [22m[1m[32m101 passed[39m[22m[90m (102)[39m
[2m   Start at [22m 23:43:24
[2m   Duration [22m 9.92s


[1m[7m[31m FAIL [39m[27m[22m[31m Tests failed. Watching for file changes...[39m
       [2mpress [22m[1mh[22m[2m to show help[22m[2m, [22m[2mpress [22m[1mq[22m[2m to quit[22m
[3Jc
[7m[1m[34m RERUN [39m[22m[27m[2m src/validation/validators/modes/counterfactual.ts[22m

 [32m✓[39m tests/unit/analogical.test.ts [2m ([22m[2m9 tests[22m[2m)[22m[90m 32[2mms[22m[39m
 [32m✓[39m tests/unit/gametheory.test.ts [2m ([22m[2m17 tests[22m[2m)[22m[90m 118[2mms[22m[39m
 [32m✓[39m tests/unit/evidential.test.ts [2m ([22m[2m16 tests[22m[2m)[22m[90m 152[2mms[22m[39m
[90mstdout[2m | tests/benchmarks/validation-performance.test.ts[2m > [22m[2mValidation Performance Benchmark[2m > [22m[2mshould show significant performance improvement for cache hits[22m[39m

📊 Validation Cache Benchmark: Testing cache performance

🔴 First validation (cache miss):
   Time: 45.9972ms
   Valid: true
   Confidence: 0.70

🟢 Second validation (cache hit):
   Time: 0.2097ms
   Valid: true
   Confidence: 0.70

📈 Performance Analysis:
   Cache miss time: 45.9972ms
   Cache hit time: 0.2097ms
   Speedup: 219.35x
   Hit rate: 50.0%

🎯 Result: EXCELLENT (≥10x)

[90mstdout[2m | tests/benchmarks/validation-performance.test.ts[2m > [22m[2mValidation Performance Benchmark[2m > [22m[2mshould maintain O(1) lookup complexity regardless of cache size[22m[39m

📈 Complexity Analysis: Testing O(1) cache lookup
   Cache size 10: 0.0657ms per lookup
   Cache size 50: 0.0984ms per lookup
   Cache size 100: 0.0589ms per lookup

   Min: 0.0589ms, Max: 0.0984ms, Ratio: 1.67x
   Complexity: O(1) ✅

[90mstdout[2m | tests/benchmarks/validation-performance.test.ts[2m > [22m[2mValidation Performance Benchmark[2m > [22m[2mshould handle high cache hit rates efficiently[22m[39m

📊 High-Volume Test: Simulating realistic usage patterns
   Running 100 validations (5 unique thoughts, repeated pattern)...

📈 Results:
   Total validations: 100
   Cache misses: 5 (avg 0.3104ms)
   Cache hits: 95 (avg 0.1069ms)
   Average speedup: 2.90x
   Hit rate: 95.0%
   Cache size: 5/1000

🎯 Overall Performance: ACCEPTABLE

 [32m✓[39m tests/benchmarks/validation-performance.test.ts [2m ([22m[2m3 tests[22m[2m)[22m[90m 136[2mms[22m[39m
 [32m✓[39m tests/unit/causal.test.ts [2m ([22m[2m10 tests[22m[2m)[22m[90m 199[2mms[22m[39m
 [32m✓[39m tests/unit/abductive.test.ts [2m ([22m[2m10 tests[22m[2m)[22m[90m 34[2mms[22m[39m
 [32m✓[39m tests/unit/temporal.test.ts [2m ([22m[2m19 tests[22m[2m)[22m[33m 382[2mms[22m[39m
 [32m✓[39m tests/unit/bayesian.test.ts [2m ([22m[2m10 tests[22m[2m)[22m[90m 34[2mms[22m[39m
 [32m✓[39m tests/unit/counterfactual.test.ts [2m ([22m[2m8 tests[22m[2m)[22m[90m 28[2mms[22m[39m

[2m Test Files [22m [1m[32m9 passed[39m[22m[90m (9)[39m
[2m      Tests [22m [1m[32m102 passed[39m[22m[90m (102)[39m
[2m   Start at [22m 23:48:20
[2m   Duration [22m 16.46s


[1m[7m[32m PASS [39m[27m[22m[32m Waiting for file changes...[39m
       [2mpress [22m[1mh[22m[2m to show help[22m[2m, [22m[2mpress [22m[1mq[22m[2m to quit[22m
[3Jc
[7m[1m[34m RERUN [39m[22m[27m[2m src/validation/validators/modes/shannon.ts[22m

[90mstdout[2m | tests/benchmarks/validation-performance.test.ts[2m > [22m[2mValidation Performance Benchmark[2m > [22m[2mshould show significant performance improvement for cache hits[22m[39m

📊 Validation Cache Benchmark: Testing cache performance

🔴 First validation (cache miss):
   Time: 9.9430ms
   Valid: true
   Confidence: 0.70

🟢 Second validation (cache hit):
   Time: 0.4047ms
   Valid: true
   Confidence: 0.70

📈 Performance Analysis:
   Cache miss time: 9.9430ms
   Cache hit time: 0.4047ms
   Speedup: 24.57x
   Hit rate: 50.0%

🎯 Result: EXCELLENT (≥10x)

[90mstdout[2m | tests/benchmarks/validation-performance.test.ts[2m > [22m[2mValidation Performance Benchmark[2m > [22m[2mshould maintain O(1) lookup complexity regardless of cache size[22m[39m

📈 Complexity Analysis: Testing O(1) cache lookup
   Cache size 10: 0.0890ms per lookup
   Cache size 50: 0.0803ms per lookup
   Cache size 100: 0.0696ms per lookup

   Min: 0.0696ms, Max: 0.0890ms, Ratio: 1.28x
   Complexity: O(1) ✅

[90mstdout[2m | tests/benchmarks/validation-performance.test.ts[2m > [22m[2mValidation Performance Benchmark[2m > [22m[2mshould handle high cache hit rates efficiently[22m[39m

📊 High-Volume Test: Simulating realistic usage patterns
   Running 100 validations (5 unique thoughts, repeated pattern)...

📈 Results:
   Total validations: 100
   Cache misses: 5 (avg 0.3893ms)
   Cache hits: 95 (avg 0.1381ms)
   Average speedup: 2.82x
   Hit rate: 95.0%
   Cache size: 5/1000

🎯 Overall Performance: ACCEPTABLE

 [32m✓[39m tests/benchmarks/validation-performance.test.ts [2m ([22m[2m3 tests[22m[2m)[22m[90m 96[2mms[22m[39m
 [32m✓[39m tests/unit/temporal.test.ts [2m ([22m[2m19 tests[22m[2m)[22m[90m 106[2mms[22m[39m
 [32m✓[39m tests/unit/abductive.test.ts [2m ([22m[2m10 tests[22m[2m)[22m[90m 85[2mms[22m[39m
 [32m✓[39m tests/unit/gametheory.test.ts [2m ([22m[2m17 tests[22m[2m)[22m[90m 112[2mms[22m[39m
 [32m✓[39m tests/unit/evidential.test.ts [2m ([22m[2m16 tests[22m[2m)[22m[90m 104[2mms[22m[39m
 [32m✓[39m tests/unit/causal.test.ts [2m ([22m[2m10 tests[22m[2m)[22m[90m 76[2mms[22m[39m
 [32m✓[39m tests/unit/counterfactual.test.ts [2m ([22m[2m8 tests[22m[2m)[22m[90m 37[2mms[22m[39m
 [32m✓[39m tests/unit/analogical.test.ts [2m ([22m[2m9 tests[22m[2m)[22m[90m 54[2mms[22m[39m
 [32m✓[39m tests/unit/bayesian.test.ts [2m ([22m[2m10 tests[22m[2m)[22m[90m 61[2mms[22m[39m

[2m Test Files [22m [1m[32m9 passed[39m[22m[90m (9)[39m
[2m      Tests [22m [1m[32m102 passed[39m[22m[90m (102)[39m
[2m   Start at [22m 23:50:23
[2m   Duration [22m 17.10s


[1m[7m[32m PASS [39m[27m[22m[32m Waiting for file changes...[39m
       [2mpress [22m[1mh[22m[2m to show help[22m[2m, [22m[2mpress [22m[1mq[22m[2m to quit[22m
[3Jc
[7m[1m[34m RERUN [39m[22m[27m[2m tests/unit/visual.test.ts[22m [34mx8[39m


[31m⎯⎯⎯⎯⎯⎯[1m[7m Unhandled Errors [27m[22m⎯⎯⎯⎯⎯⎯[39m
[31m[1m
Vitest caught 1 unhandled error during the test run.
This might cause false positive tests. Resolve unhandled errors to make sure your tests are not affected.[22m[39m

[31m⎯⎯⎯⎯⎯⎯[1m[7m Unhandled Error [27m[22m⎯⎯⎯⎯⎯⎯⎯[39m
[31m[1mError[22m: ENOENT: no such file or directory, open 'C:\Users\danie\AppData\Local\Temp\Zl-zNaVjhuHsT6tWkPodA\ssr\40b9f1f37d5bd759c353e90078138580f67eb091'[39m
[90m [2m❯[22m readFileSync node:fs:[2m435:20[22m[39m
[90m [2m❯[22m Object.fetchModule node_modules/vitest/dist/vendor/execute.fL3szUAI.js:[2m423:22[22m[39m
[90m [2m❯[22m VitestExecutor.directRequest node_modules/vite-node/dist/client.mjs:[2m250:46[22m[39m
[90m [2m❯[22m VitestExecutor.cachedRequest node_modules/vite-node/dist/client.mjs:[2m189:14[22m[39m
[90m [2m❯[22m VitestExecutor.executeId node_modules/vite-node/dist/client.mjs:[2m165:12[22m[39m
[90m [2m❯[22m createVitestExecutor node_modules/vitest/dist/vendor/execute.fL3szUAI.js:[2m366:3[22m[39m
[90m [2m❯[22m startVitestExecutor node_modules/vitest/dist/vendor/execute.fL3szUAI.js:[2m407:10[22m[39m
[90m [2m❯[22m startViteNode node_modules/vitest/dist/vendor/base.Ybri3C14.js:[2m11:15[22m[39m
[90m [2m❯[22m runBaseTests node_modules/vitest/dist/vendor/base.Ybri3C14.js:[2m26:31[22m[39m

[31m⎯⎯⎯⎯⎯⎯⎯⎯⎯⎯⎯⎯⎯⎯⎯⎯⎯⎯⎯⎯⎯⎯⎯⎯⎯⎯⎯⎯⎯⎯[39m

[2m Test Files [22m [2mno tests[22m
[2m      Tests [22m [2mno tests[22m
[2m     Errors [22m [1m[31m1 error[39m[22m
[2m   Start at [22m 05:12:19
[2m   Duration [22m 0ms


[1m[7m[31m FAIL [39m[27m[22m[31m Tests failed. Watching for file changes...[39m
       [2mpress [22m[1mh[22m[2m to show help[22m[2m, [22m[2mpress [22m[1mq[22m[2m to quit[22m
       [34mrerun x8[39m
[2K[1A[2K[G[3Jc
[7m[1m[34m RERUN [39m[22m[27m[2m tests/unit/visual.test.ts[22m [34mx9[39m


[31m⎯⎯⎯⎯⎯⎯[1m[7m Unhandled Errors [27m[22m⎯⎯⎯⎯⎯⎯[39m
[31m[1m
Vitest caught 1 unhandled error during the test run.
This might cause false positive tests. Resolve unhandled errors to make sure your tests are not affected.[22m[39m

[31m⎯⎯⎯⎯⎯⎯[1m[7m Unhandled Error [27m[22m⎯⎯⎯⎯⎯⎯⎯[39m
[31m[1mError[22m: ENOENT: no such file or directory, open 'C:\Users\danie\AppData\Local\Temp\Zl-zNaVjhuHsT6tWkPodA\ssr\40b9f1f37d5bd759c353e90078138580f67eb091'[39m
[90m [2m❯[22m readFileSync node:fs:[2m435:20[22m[39m
[90m [2m❯[22m Object.fetchModule node_modules/vitest/dist/vendor/execute.fL3szUAI.js:[2m423:22[22m[39m
[90m [2m❯[22m VitestExecutor.directRequest node_modules/vite-node/dist/client.mjs:[2m250:46[22m[39m
[90m [2m❯[22m VitestExecutor.cachedRequest node_modules/vite-node/dist/client.mjs:[2m189:14[22m[39m
[90m [2m❯[22m VitestExecutor.executeId node_modules/vite-node/dist/client.mjs:[2m165:12[22m[39m
[90m [2m❯[22m createVitestExecutor node_modules/vitest/dist/vendor/execute.fL3szUAI.js:[2m366:3[22m[39m
[90m [2m❯[22m startVitestExecutor node_modules/vitest/dist/vendor/execute.fL3szUAI.js:[2m407:10[22m[39m
[90m [2m❯[22m startViteNode node_modules/vitest/dist/vendor/base.Ybri3C14.js:[2m11:15[22m[39m
[90m [2m❯[22m runBaseTests node_modules/vitest/dist/vendor/base.Ybri3C14.js:[2m26:31[22m[39m

[31m⎯⎯⎯⎯⎯⎯⎯⎯⎯⎯⎯⎯⎯⎯⎯⎯⎯⎯⎯⎯⎯⎯⎯⎯⎯⎯⎯⎯⎯⎯[39m

[2m Test Files [22m [2mno tests[22m
[2m      Tests [22m [2mno tests[22m
[2m     Errors [22m [1m[31m1 error[39m[22m
[2m   Start at [22m 05:12:20
[2m   Duration [22m 0ms


[1m[7m[31m FAIL [39m[27m[22m[31m Tests failed. Watching for file changes...[39m
       [2mpress [22m[1mh[22m[2m to show help[22m[2m, [22m[2mpress [22m[1mq[22m[2m to quit[22m
       [34mrerun x9[39m
[2K[1A[2K[G       [90mrerun x9[39m
[2K[1A[2K[G       [2m[90mrerun x9[39m[22m
[2K[1A[2K[G[3Jc
[7m[1m[34m RERUN [39m[22m[27m[2m tests/unit/visual.test.ts[22m [34mx10[39m


[31m⎯⎯⎯⎯⎯⎯[1m[7m Unhandled Errors [27m[22m⎯⎯⎯⎯⎯⎯[39m
[31m[1m
Vitest caught 1 unhandled error during the test run.
This might cause false positive tests. Resolve unhandled errors to make sure your tests are not affected.[22m[39m

[31m⎯⎯⎯⎯⎯⎯[1m[7m Unhandled Error [27m[22m⎯⎯⎯⎯⎯⎯⎯[39m
[31m[1mError[22m: ENOENT: no such file or directory, open 'C:\Users\danie\AppData\Local\Temp\Zl-zNaVjhuHsT6tWkPodA\ssr\40b9f1f37d5bd759c353e90078138580f67eb091'[39m
[90m [2m❯[22m readFileSync node:fs:[2m435:20[22m[39m
[90m [2m❯[22m Object.fetchModule node_modules/vitest/dist/vendor/execute.fL3szUAI.js:[2m423:22[22m[39m
[90m [2m❯[22m VitestExecutor.directRequest node_modules/vite-node/dist/client.mjs:[2m250:46[22m[39m
[90m [2m❯[22m VitestExecutor.cachedRequest node_modules/vite-node/dist/client.mjs:[2m189:14[22m[39m
[90m [2m❯[22m VitestExecutor.executeId node_modules/vite-node/dist/client.mjs:[2m165:12[22m[39m
[90m [2m❯[22m createVitestExecutor node_modules/vitest/dist/vendor/execute.fL3szUAI.js:[2m366:3[22m[39m
[90m [2m❯[22m startVitestExecutor node_modules/vitest/dist/vendor/execute.fL3szUAI.js:[2m407:10[22m[39m
[90m [2m❯[22m startViteNode node_modules/vitest/dist/vendor/base.Ybri3C14.js:[2m11:15[22m[39m
[90m [2m❯[22m runBaseTests node_modules/vitest/dist/vendor/base.Ybri3C14.js:[2m26:31[22m[39m

[31m⎯⎯⎯⎯⎯⎯⎯⎯⎯⎯⎯⎯⎯⎯⎯⎯⎯⎯⎯⎯⎯⎯⎯⎯⎯⎯⎯⎯⎯⎯[39m

[2m Test Files [22m [2mno tests[22m
[2m      Tests [22m [2mno tests[22m
[2m     Errors [22m [1m[31m1 error[39m[22m
[2m   Start at [22m 05:16:14
[2m   Duration [22m 0ms


[1m[7m[31m FAIL [39m[27m[22m[31m Tests failed. Watching for file changes...[39m
       [2mpress [22m[1mh[22m[2m to show help[22m[2m, [22m[2mpress [22m[1mq[22m[2m to quit[22m
       [34mrerun x10[39m
[2K[1A[2K[G[3Jc
[7m[1m[34m RERUN [39m[22m[27m[2m tests/unit/visual.test.ts[22m [34mx11[39m


[31m⎯⎯⎯⎯⎯⎯[1m[7m Unhandled Errors [27m[22m⎯⎯⎯⎯⎯⎯[39m
[31m[1m
Vitest caught 1 unhandled error during the test run.
This might cause false positive tests. Resolve unhandled errors to make sure your tests are not affected.[22m[39m

[31m⎯⎯⎯⎯⎯⎯[1m[7m Unhandled Error [27m[22m⎯⎯⎯⎯⎯⎯⎯[39m
[31m[1mError[22m: ENOENT: no such file or directory, open 'C:\Users\danie\AppData\Local\Temp\Zl-zNaVjhuHsT6tWkPodA\ssr\40b9f1f37d5bd759c353e90078138580f67eb091'[39m
[90m [2m❯[22m readFileSync node:fs:[2m435:20[22m[39m
[90m [2m❯[22m Object.fetchModule node_modules/vitest/dist/vendor/execute.fL3szUAI.js:[2m423:22[22m[39m
[90m [2m❯[22m VitestExecutor.directRequest node_modules/vite-node/dist/client.mjs:[2m250:46[22m[39m
[90m [2m❯[22m VitestExecutor.cachedRequest node_modules/vite-node/dist/client.mjs:[2m189:14[22m[39m
[90m [2m❯[22m VitestExecutor.executeId node_modules/vite-node/dist/client.mjs:[2m165:12[22m[39m
[90m [2m❯[22m createVitestExecutor node_modules/vitest/dist/vendor/execute.fL3szUAI.js:[2m366:3[22m[39m
[90m [2m❯[22m startVitestExecutor node_modules/vitest/dist/vendor/execute.fL3szUAI.js:[2m407:10[22m[39m
[90m [2m❯[22m startViteNode node_modules/vitest/dist/vendor/base.Ybri3C14.js:[2m11:15[22m[39m
[90m [2m❯[22m runBaseTests node_modules/vitest/dist/vendor/base.Ybri3C14.js:[2m26:31[22m[39m

[31m⎯⎯⎯⎯⎯⎯⎯⎯⎯⎯⎯⎯⎯⎯⎯⎯⎯⎯⎯⎯⎯⎯⎯⎯⎯⎯⎯⎯⎯⎯[39m

[2m Test Files [22m [2mno tests[22m
[2m      Tests [22m [2mno tests[22m
[2m     Errors [22m [1m[31m1 error[39m[22m
[2m   Start at [22m 05:16:15
[2m   Duration [22m 0ms


[1m[7m[31m FAIL [39m[27m[22m[31m Tests failed. Watching for file changes...[39m
       [2mpress [22m[1mh[22m[2m to show help[22m[2m, [22m[2mpress [22m[1mq[22m[2m to quit[22m
       [34mrerun x11[39m
[2K[1A[2K[G       [90mrerun x11[39m
[2K[1A[2K[G       [2m[90mrerun x11[39m[22m
[2K[1A[2K[G[3Jc
[7m[1m[34m RERUN [39m[22m[27m[2m tests/unit/visual.test.ts[22m [34mx12[39m


[31m⎯⎯⎯⎯⎯⎯[1m[7m Unhandled Errors [27m[22m⎯⎯⎯⎯⎯⎯[39m
[31m[1m
Vitest caught 1 unhandled error during the test run.
This might cause false positive tests. Resolve unhandled errors to make sure your tests are not affected.[22m[39m

[31m⎯⎯⎯⎯⎯⎯[1m[7m Unhandled Error [27m[22m⎯⎯⎯⎯⎯⎯⎯[39m
[31m[1mError[22m: ENOENT: no such file or directory, open 'C:\Users\danie\AppData\Local\Temp\Zl-zNaVjhuHsT6tWkPodA\ssr\40b9f1f37d5bd759c353e90078138580f67eb091'[39m
[90m [2m❯[22m readFileSync node:fs:[2m435:20[22m[39m
[90m [2m❯[22m Object.fetchModule node_modules/vitest/dist/vendor/execute.fL3szUAI.js:[2m423:22[22m[39m
[90m [2m❯[22m VitestExecutor.directRequest node_modules/vite-node/dist/client.mjs:[2m250:46[22m[39m
[90m [2m❯[22m VitestExecutor.cachedRequest node_modules/vite-node/dist/client.mjs:[2m189:14[22m[39m
[90m [2m❯[22m VitestExecutor.executeId node_modules/vite-node/dist/client.mjs:[2m165:12[22m[39m
[90m [2m❯[22m createVitestExecutor node_modules/vitest/dist/vendor/execute.fL3szUAI.js:[2m366:3[22m[39m
[90m [2m❯[22m startVitestExecutor node_modules/vitest/dist/vendor/execute.fL3szUAI.js:[2m407:10[22m[39m
[90m [2m❯[22m startViteNode node_modules/vitest/dist/vendor/base.Ybri3C14.js:[2m11:15[22m[39m
[90m [2m❯[22m runBaseTests node_modules/vitest/dist/vendor/base.Ybri3C14.js:[2m26:31[22m[39m

[31m⎯⎯⎯⎯⎯⎯⎯⎯⎯⎯⎯⎯⎯⎯⎯⎯⎯⎯⎯⎯⎯⎯⎯⎯⎯⎯⎯⎯⎯⎯[39m

[2m Test Files [22m [2mno tests[22m
[2m      Tests [22m [2mno tests[22m
[2m     Errors [22m [1m[31m1 error[39m[22m
[2m   Start at [22m 05:16:34
[2m   Duration [22m 0ms


[1m[7m[31m FAIL [39m[27m[22m[31m Tests failed. Watching for file changes...[39m
       [2mpress [22m[1mh[22m[2m to show help[22m[2m, [22m[2mpress [22m[1mq[22m[2m to quit[22m
       [34mrerun x12[39m
[2K[1A[2K[G[3Jc
[7m[1m[34m RERUN [39m[22m[27m[2m tests/unit/visual.test.ts[22m [34mx13[39m


[31m⎯⎯⎯⎯⎯⎯[1m[7m Unhandled Errors [27m[22m⎯⎯⎯⎯⎯⎯[39m
[31m[1m
Vitest caught 1 unhandled error during the test run.
This might cause false positive tests. Resolve unhandled errors to make sure your tests are not affected.[22m[39m

[31m⎯⎯⎯⎯⎯⎯[1m[7m Unhandled Error [27m[22m⎯⎯⎯⎯⎯⎯⎯[39m
[31m[1mError[22m: ENOENT: no such file or directory, open 'C:\Users\danie\AppData\Local\Temp\Zl-zNaVjhuHsT6tWkPodA\ssr\40b9f1f37d5bd759c353e90078138580f67eb091'[39m
[90m [2m❯[22m readFileSync node:fs:[2m435:20[22m[39m
[90m [2m❯[22m Object.fetchModule node_modules/vitest/dist/vendor/execute.fL3szUAI.js:[2m423:22[22m[39m
[90m [2m❯[22m VitestExecutor.directRequest node_modules/vite-node/dist/client.mjs:[2m250:46[22m[39m
[90m [2m❯[22m VitestExecutor.cachedRequest node_modules/vite-node/dist/client.mjs:[2m189:14[22m[39m
[90m [2m❯[22m VitestExecutor.executeId node_modules/vite-node/dist/client.mjs:[2m165:12[22m[39m
[90m [2m❯[22m createVitestExecutor node_modules/vitest/dist/vendor/execute.fL3szUAI.js:[2m366:3[22m[39m
[90m [2m❯[22m startVitestExecutor node_modules/vitest/dist/vendor/execute.fL3szUAI.js:[2m407:10[22m[39m
[90m [2m❯[22m startViteNode node_modules/vitest/dist/vendor/base.Ybri3C14.js:[2m11:15[22m[39m
[90m [2m❯[22m runBaseTests node_modules/vitest/dist/vendor/base.Ybri3C14.js:[2m26:31[22m[39m

[31m⎯⎯⎯⎯⎯⎯⎯⎯⎯⎯⎯⎯⎯⎯⎯⎯⎯⎯⎯⎯⎯⎯⎯⎯⎯⎯⎯⎯⎯⎯[39m

[2m Test Files [22m [2mno tests[22m
[2m      Tests [22m [2mno tests[22m
[2m     Errors [22m [1m[31m1 error[39m[22m
[2m   Start at [22m 05:16:35
[2m   Duration [22m 0ms


[1m[7m[31m FAIL [39m[27m[22m[31m Tests failed. Watching for file changes...[39m
       [2mpress [22m[1mh[22m[2m to show help[22m[2m, [22m[2mpress [22m[1mq[22m[2m to quit[22m
       [34mrerun x13[39m
[2K[1A[2K[G       [90mrerun x13[39m
[2K[1A[2K[G       [2m[90mrerun x13[39m[22m
[2K[1A[2K[G[3Jc
[7m[1m[34m RERUN [39m[22m[27m[2m tests/unit/visual.test.ts[22m [34mx14[39m


[31m⎯⎯⎯⎯⎯⎯[1m[7m Unhandled Errors [27m[22m⎯⎯⎯⎯⎯⎯[39m
[31m[1m
Vitest caught 1 unhandled error during the test run.
This might cause false positive tests. Resolve unhandled errors to make sure your tests are not affected.[22m[39m

[31m⎯⎯⎯⎯⎯⎯[1m[7m Unhandled Error [27m[22m⎯⎯⎯⎯⎯⎯⎯[39m
[31m[1mError[22m: ENOENT: no such file or directory, open 'C:\Users\danie\AppData\Local\Temp\Zl-zNaVjhuHsT6tWkPodA\ssr\40b9f1f37d5bd759c353e90078138580f67eb091'[39m
[90m [2m❯[22m readFileSync node:fs:[2m435:20[22m[39m
[90m [2m❯[22m Object.fetchModule node_modules/vitest/dist/vendor/execute.fL3szUAI.js:[2m423:22[22m[39m
[90m [2m❯[22m VitestExecutor.directRequest node_modules/vite-node/dist/client.mjs:[2m250:46[22m[39m
[90m [2m❯[22m VitestExecutor.cachedRequest node_modules/vite-node/dist/client.mjs:[2m189:14[22m[39m
[90m [2m❯[22m VitestExecutor.executeId node_modules/vite-node/dist/client.mjs:[2m165:12[22m[39m
[90m [2m❯[22m createVitestExecutor node_modules/vitest/dist/vendor/execute.fL3szUAI.js:[2m366:3[22m[39m
[90m [2m❯[22m startVitestExecutor node_modules/vitest/dist/vendor/execute.fL3szUAI.js:[2m407:10[22m[39m
[90m [2m❯[22m startViteNode node_modules/vitest/dist/vendor/base.Ybri3C14.js:[2m11:15[22m[39m
[90m [2m❯[22m runBaseTests node_modules/vitest/dist/vendor/base.Ybri3C14.js:[2m26:31[22m[39m

[31m⎯⎯⎯⎯⎯⎯⎯⎯⎯⎯⎯⎯⎯⎯⎯⎯⎯⎯⎯⎯⎯⎯⎯⎯⎯⎯⎯⎯⎯⎯[39m

[2m Test Files [22m [2mno tests[22m
[2m      Tests [22m [2mno tests[22m
[2m     Errors [22m [1m[31m1 error[39m[22m
[2m   Start at [22m 05:16:51
[2m   Duration [22m 0ms


[1m[7m[31m FAIL [39m[27m[22m[31m Tests failed. Watching for file changes...[39m
       [2mpress [22m[1mh[22m[2m to show help[22m[2m, [22m[2mpress [22m[1mq[22m[2m to quit[22m
       [34mrerun x14[39m
[2K[1A[2K[G[3Jc
[7m[1m[34m RERUN [39m[22m[27m[2m tests/unit/visual.test.ts[22m [34mx15[39m


[31m⎯⎯⎯⎯⎯⎯[1m[7m Unhandled Errors [27m[22m⎯⎯⎯⎯⎯⎯[39m
[31m[1m
Vitest caught 1 unhandled error during the test run.
This might cause false positive tests. Resolve unhandled errors to make sure your tests are not affected.[22m[39m

[31m⎯⎯⎯⎯⎯⎯[1m[7m Unhandled Error [27m[22m⎯⎯⎯⎯⎯⎯⎯[39m
[31m[1mError[22m: ENOENT: no such file or directory, open 'C:\Users\danie\AppData\Local\Temp\Zl-zNaVjhuHsT6tWkPodA\ssr\40b9f1f37d5bd759c353e90078138580f67eb091'[39m
[90m [2m❯[22m readFileSync node:fs:[2m435:20[22m[39m
[90m [2m❯[22m Object.fetchModule node_modules/vitest/dist/vendor/execute.fL3szUAI.js:[2m423:22[22m[39m
[90m [2m❯[22m VitestExecutor.directRequest node_modules/vite-node/dist/client.mjs:[2m250:46[22m[39m
[90m [2m❯[22m VitestExecutor.cachedRequest node_modules/vite-node/dist/client.mjs:[2m189:14[22m[39m
[90m [2m❯[22m VitestExecutor.executeId node_modules/vite-node/dist/client.mjs:[2m165:12[22m[39m
[90m [2m❯[22m createVitestExecutor node_modules/vitest/dist/vendor/execute.fL3szUAI.js:[2m366:3[22m[39m
[90m [2m❯[22m startVitestExecutor node_modules/vitest/dist/vendor/execute.fL3szUAI.js:[2m407:10[22m[39m
[90m [2m❯[22m startViteNode node_modules/vitest/dist/vendor/base.Ybri3C14.js:[2m11:15[22m[39m
[90m [2m❯[22m runBaseTests node_modules/vitest/dist/vendor/base.Ybri3C14.js:[2m26:31[22m[39m

[31m⎯⎯⎯⎯⎯⎯⎯⎯⎯⎯⎯⎯⎯⎯⎯⎯⎯⎯⎯⎯⎯⎯⎯⎯⎯⎯⎯⎯⎯⎯[39m

[2m Test Files [22m [2mno tests[22m
[2m      Tests [22m [2mno tests[22m
[2m     Errors [22m [1m[31m1 error[39m[22m
[2m   Start at [22m 05:16:52
[2m   Duration [22m 0ms


[1m[7m[31m FAIL [39m[27m[22m[31m Tests failed. Watching for file changes...[39m
       [2mpress [22m[1mh[22m[2m to show help[22m[2m, [22m[2mpress [22m[1mq[22m[2m to quit[22m
       [34mrerun x15[39m
[2K[1A[2K[G       [90mrerun x15[39m
[2K[1A[2K[G       [2m[90mrerun x15[39m[22m
[2K[1A[2K[G[3Jc
[7m[1m[34m RERUN [39m[22m[27m[2m tests/unit/visual.test.ts[22m [34mx16[39m


[31m⎯⎯⎯⎯⎯⎯[1m[7m Unhandled Errors [27m[22m⎯⎯⎯⎯⎯⎯[39m
[31m[1m
Vitest caught 1 unhandled error during the test run.
This might cause false positive tests. Resolve unhandled errors to make sure your tests are not affected.[22m[39m

[31m⎯⎯⎯⎯⎯⎯[1m[7m Unhandled Error [27m[22m⎯⎯⎯⎯⎯⎯⎯[39m
[31m[1mError[22m: ENOENT: no such file or directory, open 'C:\Users\danie\AppData\Local\Temp\Zl-zNaVjhuHsT6tWkPodA\ssr\40b9f1f37d5bd759c353e90078138580f67eb091'[39m
[90m [2m❯[22m readFileSync node:fs:[2m435:20[22m[39m
[90m [2m❯[22m Object.fetchModule node_modules/vitest/dist/vendor/execute.fL3szUAI.js:[2m423:22[22m[39m
[90m [2m❯[22m VitestExecutor.directRequest node_modules/vite-node/dist/client.mjs:[2m250:46[22m[39m
[90m [2m❯[22m VitestExecutor.cachedRequest node_modules/vite-node/dist/client.mjs:[2m189:14[22m[39m
[90m [2m❯[22m VitestExecutor.executeId node_modules/vite-node/dist/client.mjs:[2m165:12[22m[39m
[90m [2m❯[22m createVitestExecutor node_modules/vitest/dist/vendor/execute.fL3szUAI.js:[2m366:3[22m[39m
[90m [2m❯[22m startVitestExecutor node_modules/vitest/dist/vendor/execute.fL3szUAI.js:[2m407:10[22m[39m
[90m [2m❯[22m startViteNode node_modules/vitest/dist/vendor/base.Ybri3C14.js:[2m11:15[22m[39m
[90m [2m❯[22m runBaseTests node_modules/vitest/dist/vendor/base.Ybri3C14.js:[2m26:31[22m[39m

[31m⎯⎯⎯⎯⎯⎯⎯⎯⎯⎯⎯⎯⎯⎯⎯⎯⎯⎯⎯⎯⎯⎯⎯⎯⎯⎯⎯⎯⎯⎯[39m

[2m Test Files [22m [2mno tests[22m
[2m      Tests [22m [2mno tests[22m
[2m     Errors [22m [1m[31m1 error[39m[22m
[2m   Start at [22m 05:17:30
[2m   Duration [22m 0ms


[1m[7m[31m FAIL [39m[27m[22m[31m Tests failed. Watching for file changes...[39m
       [2mpress [22m[1mh[22m[2m to show help[22m[2m, [22m[2mpress [22m[1mq[22m[2m to quit[22m
       [34mrerun x16[39m
[2K[1A[2K[G       [90mrerun x16[39m
[2K[1A[2K[G       [2m[90mrerun x16[39m[22m
[2K[1A[2K[G